
> b07-yahtzee-optimal@1.0.0 test
> node run.mjs

B07 full seed 1: begin
prepared 462 holds,252 rolls,4368 weighted completions
official mask=7680 computed=29964 copied=14612
official mask=7168 computed=59932 copied=29348
official mask=6656 computed=89900 copied=44084
official mask=6144 computed=119868 copied=58820
official mask=5632 computed=134852 copied=66188
official mask=5120 computed=149836 copied=73556
official mask=4608 computed=164820 copied=80924
official mask=4096 computed=179804 copied=88292
official mask=3584 computed=209772 copied=103028
official mask=3072 computed=239740 copied=117764
official mask=2560 computed=269708 copied=132500
official mask=2048 computed=299676 copied=147236
official mask=1536 computed=314660 copied=154604
official mask=1024 computed=329644 copied=161972
official mask=512 computed=344628 copied=169340
official mask=0 computed=359612 copied=176708
prepared 462 holds,252 rolls,4368 weighted completions
published mask=7680 computed=29964 copied=14612
published mask=7168 computed=59932 copied=29348
published mask=6656 computed=89900 copied=44084
published mask=6144 computed=119868 copied=58820
published mask=5632 computed=134852 copied=66188
published mask=5120 computed=149836 copied=73556
published mask=4608 computed=164820 copied=80924
published mask=4096 computed=179804 copied=88292
published mask=3584 computed=209772 copied=103028
published mask=3072 computed=239740 copied=117764
published mask=2560 computed=269708 copied=132500
published mask=2048 computed=299676 copied=147236
published mask=1536 computed=314660 copied=154604
published mask=1024 computed=329644 copied=161972
published mask=512 computed=344628 copied=169340
published mask=0 computed=359612 copied=176708
seed 1: 5000/50000 exact midgame comparisons
seed 1: 10000/50000 exact midgame comparisons
seed 1: 15000/50000 exact midgame comparisons
seed 1: 20000/50000 exact midgame comparisons
seed 1: 25000/50000 exact midgame comparisons
seed 1: 30000/50000 exact midgame comparisons
seed 1: 35000/50000 exact midgame comparisons
seed 1: 40000/50000 exact midgame comparisons
seed 1: 45000/50000 exact midgame comparisons
seed 1: 50000/50000 exact midgame comparisons
{"passed":true,"seed":1,"boundaries":{"passed":true,"assertions":1056},"fullTables":{"passed":true,"tolerance":1e-10,"modes":[{"mode":"official","statesCompared":536448,"maximumDifference":8.526512829121202e-13,"worstIndex":245800,"primaryStartingValue":254.58772873449593,"independentStartingValue":254.5877287344961},{"mode":"published","statesCompared":536448,"maximumDifference":9.379164112033322e-13,"worstIndex":368677,"primaryStartingValue":254.58960948196315,"independentStartingValue":254.58960948196366}]},"scoring":{"passed":true,"seed":1,"orderedRolls":7776,"categories":13,"modes":2,"scoringCases":202176},"random":{"passed":true,"seed":1,"states":50000,"distinctScorecards":47533,"modes":{"official":25000,"published":25000},"rollLayers":[16667,16667,16666],"orderedHoldChecks":33333,"tolerance":1e-10,"maximumValueDifference":7.389644451905042e-13,"maximumHoldResidual":1.0103917702508625e-11,"holdAlternates":317,"categoryAlternates":0,"alternateMeaning":"Different floating evaluation orders may select different holds within the declared roundoff tolerance; every selected hold was directly evaluated with ordered chance outcomes."}}
{"seed":1,"name":"M01 upper bonus","before":"card.upper+points>=63?35:0","after":"card.upper+points>=63?34:0","strictCompilation":true,"runtimeKilled":true,"gate":"manual, independent boundary and contract checks","failure":"Expected values to be strictly deep-equal:\n+ actual - expected\n... Skipped lines\n\n  {\n    legal: true,\n    next: {\n      ruleMode: 'official',\n      upper: 63,\n...\n    points: 18,\n+   upperBonus: 34,\n-   upperBonus: 35,\n    yahtzeeBonus: 0\n  }\n"}
{"seed":1,"name":"M02 Yahtzee bonus","before":"card.yahtzeeBonus?100:0","after":"card.yahtzeeBonus?99:0","strictCompilation":true,"runtimeKilled":true,"gate":"manual, independent boundary and contract checks","failure":"Extra Yahtzee/Joker legal choices\n+ actual - expected\n... Skipped lines\n\n  {\n    legal: true,\n    next: {\n      ruleMode: 'official',\n      upper: 5,\n...\n    upperBonus: 0,\n+   yahtzeeBonus: 99\n-   yahtzeeBonus: 100\n  }\n"}
{"seed":1,"name":"M03 capped upper","before":"Math.min(63,card.upper+points)","after":"Math.min(62,card.upper+points)","strictCompilation":true,"runtimeKilled":true,"gate":"manual, independent boundary and contract checks","failure":"Expected values to be strictly deep-equal:\n+ actual - expected\n\n  {\n    legal: true,\n    next: {\n      ruleMode: 'official',\n+     upper: 62,\n-     upper: 63,\n      usedMask: 63,\n      yahtzeeBonus: false\n    },\n    points: 18,\n    upperBonus: 35,\n"}
{"seed":1,"name":"M04 full house","before":"case 8:return pair&&triple?25:0","after":"case 8:return pair&&triple?24:0","strictCompilation":true,"runtimeKilled":true,"gate":"manual, independent boundary and contract checks","failure":"Manual scoring and transition\n+ actual - expected\n... Skipped lines\n\n  {\n    legal: true,\n    next: {\n      ruleMode: 'official',\n      upper: 0,\n...\n    },\n+   points: 24,\n-   points: 25,\n    upperBonus: 0,\n    yahtzeeBonus: 0\n  }\n"}
{"seed":1,"name":"M05 small straight","before":"(bits&60)===60?30:0","after":"(bits&60)===60?29:0","strictCompilation":true,"runtimeKilled":true,"gate":"manual, independent boundary and contract checks","failure":"Manual scoring and transition\n+ actual - expected\n... Skipped lines\n\n  {\n    legal: true,\n    next: {\n      ruleMode: 'official',\n      upper: 0,\n...\n    },\n+   points: 29,\n-   points: 30,\n    upperBonus: 0,\n    yahtzeeBonus: 0\n  }\n"}
{"seed":1,"name":"M06 large straight","before":"case 10:return bits===31||bits===62?40:0","after":"case 10:return bits===31||bits===62?39:0","strictCompilation":true,"runtimeKilled":true,"gate":"manual, independent boundary and contract checks","failure":"Manual scoring and transition\n+ actual - expected\n... Skipped lines\n\n  {\n    legal: true,\n    next: {\n      ruleMode: 'official',\n      upper: 0,\n...\n    },\n+   points: 39,\n-   points: 40,\n    upperBonus: 0,\n    yahtzeeBonus: 0\n  }\n"}
{"seed":1,"name":"M07 Yahtzee","before":"case 11:return max===5?50:0","after":"case 11:return max===5?49:0","strictCompilation":true,"runtimeKilled":true,"gate":"manual, independent boundary and contract checks","failure":"Manual scoring and transition\n+ actual - expected\n\n  {\n    legal: true,\n    next: {\n      ruleMode: 'official',\n      upper: 0,\n      usedMask: 2048,\n+     yahtzeeBonus: false\n-     yahtzeeBonus: true\n    },\n+   points: 49,\n-   points: 50,\n    upperBonus: 0,\n    yahtzeeBonus: 0\n  }\n"}
{"seed":1,"name":"M08 upper face multiplier","before":"counts[category]!*(category+1)","after":"counts[category]!*(category+2)","strictCompilation":true,"runtimeKilled":true,"gate":"manual, independent boundary and contract checks","failure":"Manual scoring and transition\n+ actual - expected\n\n  {\n    legal: true,\n    next: {\n      ruleMode: 'official',\n+     upper: 6,\n-     upper: 3,\n      usedMask: 1,\n      yahtzeeBonus: false\n    },\n+   points: 6,\n-   points: 3,\n    upperBonus: 0,\n    yahtzeeBonus: 0\n  }\n"}
{"seed":1,"name":"M09 three of a kind","before":"case 6:return max>=3?sum:0","after":"case 6:return max>=4?sum:0","strictCompilation":true,"runtimeKilled":true,"gate":"manual, independent boundary and contract checks","failure":"Manual scoring and transition\n+ actual - expected\n... Skipped lines\n\n  {\n    legal: true,\n    next: {\n      ruleMode: 'official',\n      upper: 0,\n...\n    },\n+   points: 0,\n-   points: 7,\n    upperBonus: 0,\n    yahtzeeBonus: 0\n  }\n"}
{"seed":1,"name":"M10 four of a kind","before":"case 7:return max>=4?sum:0","after":"case 7:return max>=5?sum:0","strictCompilation":true,"runtimeKilled":true,"gate":"manual, independent boundary and contract checks","failure":"Manual scoring and transition\n+ actual - expected\n... Skipped lines\n\n  {\n    legal: true,\n    next: {\n      ruleMode: 'official',\n      upper: 0,\n...\n    },\n+   points: 0,\n-   points: 25,\n    upperBonus: 0,\n    yahtzeeBonus: 0\n  }\n"}
{"seed":1,"name":"M11 chance","before":"case 12:return sum;","after":"case 12:return sum+1;","strictCompilation":true,"runtimeKilled":true,"gate":"manual, independent boundary and contract checks","failure":"Manual scoring and transition\n+ actual - expected\n... Skipped lines\n\n  {\n    legal: true,\n    next: {\n      ruleMode: 'official',\n      upper: 0,\n...\n    },\n+   points: 8,\n-   points: 7,\n    upperBonus: 0,\n    yahtzeeBonus: 0\n  }\n"}
{"seed":1,"name":"M12 full house conjunction","before":"case 8:return pair&&triple","after":"case 8:return pair||triple","strictCompilation":true,"runtimeKilled":true,"gate":"manual, independent boundary and contract checks","failure":"Manual scoring and transition\n+ actual - expected\n... Skipped lines\n\n  {\n    legal: true,\n    next: {\n      ruleMode: 'official',\n      upper: 0,\n...\n    },\n+   points: 25,\n-   points: 0,\n    upperBonus: 0,\n    yahtzeeBonus: 0\n  }\n"}
{"seed":1,"name":"M13 high small straight","before":"||(bits&60)===60","after":"||(bits&60)===61","strictCompilation":true,"runtimeKilled":true,"gate":"independent seeded objective comparison","failure":"Hold objective 1:4 {\"card\":{\"usedMask\":2153,\"upper\":42,\"yahtzeeBonus\":false,\"ruleMode\":\"published\"},\"dice\":[2,3,6,3,4],\"rollsLeft\":1,\"chosen\":{\"hold\":[3,3],\"expectedValue\":170.23970968735327},\"optimum\":{\"hold\":[3,3],\"expectedValue\":170.38275712293552}}"}
{"seed":1,"name":"M14 high large straight","before":"bits===31||bits===62","after":"bits===31||bits===63","strictCompilation":true,"runtimeKilled":true,"gate":"manual, independent boundary and contract checks","failure":"Manual scoring and transition\n+ actual - expected\n... Skipped lines\n\n  {\n    legal: true,\n    next: {\n      ruleMode: 'official',\n      upper: 0,\n...\n    },\n+   points: 0,\n-   points: 40,\n    upperBonus: 0,\n    yahtzeeBonus: 0\n  }\n"}
{"seed":1,"name":"M15 category maximization","before":"value>best.expectedValue","after":"value<best.expectedValue","strictCompilation":true,"runtimeKilled":true,"gate":"manual, independent boundary and contract checks","failure":"216.51959643767444 != 253.9091948744762"}
{"seed":1,"name":"M16 fair die denominator","before":"values[hand]=total/6","after":"values[hand]=total/7","strictCompilation":true,"runtimeKilled":true,"gate":"manual, independent boundary and contract checks","failure":"Expected values to be strictly deep-equal:\n+ actual - expected\n\n  [\n+   1,\n+   2,\n+   3,\n    4,\n    6\n  ]\n"}
{"seed":1,"name":"M17 hold maximization","before":"values[prior]!>values[hand]!","after":"values[prior]!<values[hand]!","strictCompilation":true,"runtimeKilled":true,"gate":"manual, independent boundary and contract checks","failure":"Expected values to be strictly deep-equal:\n+ actual - expected\n\n  [\n+   1,\n+   2,\n+   3\n-   4,\n-   6\n  ]\n"}
{"seed":1,"name":"M18 hold equality ordering","before":"rank[choices[prior]!]!<rank[choices[hand]!]!","after":"rank[choices[prior]!]!>rank[choices[hand]!]!","strictCompilation":true,"runtimeKilled":true,"gate":"manual, independent boundary and contract checks","failure":"Expected values to be strictly deep-equal:\n+ actual - expected\n\n  [\n    1,\n    2,\n    3,\n    4,\n+   4\n  ]\n"}
{"seed":1,"name":"M19 terminal hold ordering","before":"return {hold:sorted,expectedValue:categoryChoice","after":"return {hold:sorted.slice().reverse(),expectedValue:categoryChoice","strictCompilation":true,"runtimeKilled":true,"gate":"manual, independent boundary and contract checks","failure":"Expected values to be strictly deep-equal:\n+ actual - expected\n\n  [\n+   6,\n+   4,\n+   3,\n+   2,\n    1,\n-   2,\n-   3,\n-   4,\n-   6\n  ]\n"}
{"seed":1,"name":"M20 table mask","before":"const index=card.usedMask+card.upper","after":"const index=(card.usedMask===ALL?0:card.usedMask)+card.upper","strictCompilation":true,"runtimeKilled":true,"gate":"manual, independent boundary and contract checks","failure":"275.087728734496 != 20.5"}
{"seed":1,"name":"M21 filled legality","before":"if(!(legal&(1<<category)))","after":"if(false&&!(legal&(1<<category)))","strictCompilation":true,"runtimeKilled":true,"gate":"manual, independent boundary and contract checks","failure":"Extra Yahtzee/Joker legal choices\n+ actual - expected\n\n  {\n+   legal: true,\n-   legal: false,\n    next: {\n      ruleMode: 'official',\n      upper: 0,\n+     usedMask: 2050,\n-     usedMask: 2048,\n      yahtzeeBonus: false\n    },\n    points: 0,\n    upperBonus: 0,\n    yahtzeeBonus: 0\n"}
{"seed":1,"name":"M22 Yahtzee eligibility","before":"category===11&&points===50","after":"category===11&&points===0","strictCompilation":true,"runtimeKilled":true,"gate":"manual, independent boundary and contract checks","failure":"Manual scoring and transition\n+ actual - expected\n\n  {\n    legal: true,\n    next: {\n      ruleMode: 'official',\n      upper: 0,\n      usedMask: 2048,\n+     yahtzeeBonus: true\n-     yahtzeeBonus: false\n    },\n    points: 0,\n    upperBonus: 0,\n    yahtzeeBonus: 0\n  }\n"}
{"seed":1,"name":"M23 first Yahtzee forced","before":"const extra=face>=0&&Boolean(card.usedMask&YAHTZEE);","after":"const extra=face>=0;","strictCompilation":true,"runtimeKilled":true,"gate":"manual, independent boundary and contract checks","failure":"Manual scoring and transition\n+ actual - expected\n\n  {\n+   legal: false,\n-   legal: true,\n    next: {\n      ruleMode: 'official',\n      upper: 0,\n+     usedMask: 0,\n-     usedMask: 1,\n      yahtzeeBonus: false\n    },\n    points: 0,\n    upperBonus: 0,\n    yahtzeeBonus: 0\n"}
{"seed":1,"name":"M24 already earned upper bonus","before":"upperBonus:category<6&&card.upper<63","after":"upperBonus:category<6&&card.upper<=63","strictCompilation":true,"runtimeKilled":true,"gate":"manual, independent boundary and contract checks","failure":"Expected values to be strictly deep-equal:\n+ actual - expected\n... Skipped lines\n\n  {\n    legal: true,\n    next: {\n      ruleMode: 'official',\n      upper: 63,\n...\n    points: 18,\n+   upperBonus: 35,\n-   upperBonus: 0,\n    yahtzeeBonus: 0\n  }\n"}
{"seed":1,"name":"M25 convention reversal","before":"extra&&card.ruleMode==='official'","after":"extra&&card.ruleMode==='published'","strictCompilation":true,"runtimeKilled":true,"gate":"manual, independent boundary and contract checks","failure":"Extra Yahtzee/Joker legal choices\n+ actual - expected\n\n  {\n+   legal: true,\n-   legal: false,\n    next: {\n      ruleMode: 'official',\n      upper: 0,\n+     usedMask: 2050,\n-     usedMask: 2048,\n      yahtzeeBonus: false\n    },\n    points: 0,\n    upperBonus: 0,\n    yahtzeeBonus: 0\n"}
prepared 462 holds,252 rolls,4368 weighted completions
{"suite":"paired-native-and-actual-TypeScript","passed":true,"mode":"official","seed":1,"simulation":{"passed":true,"mode":"official","seed":1,"games":1000000,"pairedResults":1000000,"holdComparisons":26000000,"categoryComparisons":13000000,"scoreTransitionComparisons":13000000,"decisionComparisons":39000000,"individualDiceDraws":125835535,"distinctVisitedComponents":164147,"referenceComputedComponents":164147,"observationRecordBytes":8572,"maximumDecisionGap":5.684341886080802e-14,"decisionTolerance":1e-10,"alternateHolds":170050,"alternateCategories":0,"expectedValue":254.58772873449593,"independentExpectedValue":254.5877287344961,"mean":254.566784,"sampleVariance":3536.8376827350266,"standardError":0.05947131815198842,"sigma":0.3521821131051014,"minimum":87,"maximum":832},"actualTypeScriptBridge":{"records":164147,"numericChecks":124095132,"policyChecks":124095132,"alternativeCategories":0,"alternativeHolds":0,"maxDifference":0,"tolerance":1e-10,"streamSha256":"48e6734300df29d56b04c0ce463308aed2bdfa1919f904d6669d1a4050c28e79","orderedComponentKeysSha256":"e210d2e980eb3a43d0b9f1064c131de943c74972e90bdca263b8b1a9c0935261","format":"paired","recordBytes":8572,"allPassed":true,"primaryNumericChecks":124095132,"primaryPolicyChecks":124095132,"primaryAlternativeCategories":0,"primaryAlternativeHolds":0,"primaryCrossImplementationAlternatives":257296,"primaryMaxDifference":8.526512829121202e-13,"directRecords":164147,"reusedRecords":0,"auditRecords":0,"distinctComponentProofs":164147,"sourceFingerprint":"b5b01a78b0274c6c8520399ebe72a1ca12233fe1e4d9f2aa0ac03d5a481c0318","directStreamSha256":"48e6734300df29d56b04c0ce463308aed2bdfa1919f904d6669d1a4050c28e79","directOrderedKeysSha256":"e210d2e980eb3a43d0b9f1064c131de943c74972e90bdca263b8b1a9c0935261","reuseRule":"Every8572-byte policy/value record exactly matches a SHA256 proof previously checked against both actual TS bodies during this npm test; first component is directly audited every stream."},"regeneratedBinarySHA256":"6e93512a9b983afa721f6a7f1c51261a3d464f469b6c89a0c21e689efd76cbe1","visitedKeysSHA256":"e210d2e980eb3a43d0b9f1064c131de943c74972e90bdca263b8b1a9c0935261"}
prepared 462 holds,252 rolls,4368 weighted completions
{"suite":"paired-native-and-actual-TypeScript","passed":true,"mode":"published","seed":1,"simulation":{"passed":true,"mode":"published","seed":1,"games":1000000,"pairedResults":1000000,"holdComparisons":26000000,"categoryComparisons":13000000,"scoreTransitionComparisons":13000000,"decisionComparisons":39000000,"individualDiceDraws":125849532,"distinctVisitedComponents":164218,"referenceComputedComponents":164218,"observationRecordBytes":8572,"maximumDecisionGap":5.684341886080802e-14,"decisionTolerance":1e-10,"alternateHolds":174850,"alternateCategories":0,"expectedValue":254.58960948196315,"independentExpectedValue":254.58960948196366,"mean":254.603886,"sampleVariance":3545.6734453724494,"standardError":0.05954555772996378,"sigma":0.2397579027067053,"minimum":70,"maximum":847},"actualTypeScriptBridge":{"records":164218,"numericChecks":124148808,"policyChecks":124148808,"alternativeCategories":0,"alternativeHolds":0,"maxDifference":0,"tolerance":1e-10,"streamSha256":"ab1a1571c4f2433bdb83b50b4ba69e771c3c2c0d01dff6167ff8efd95682ba43","orderedComponentKeysSha256":"332ccd390a7410f3f92e4a280604bf2d1f591be3fc626c38c5e4772f47d79ddc","format":"paired","recordBytes":8572,"allPassed":true,"primaryNumericChecks":124148808,"primaryPolicyChecks":124148808,"primaryAlternativeCategories":0,"primaryAlternativeHolds":0,"primaryCrossImplementationAlternatives":260083,"primaryMaxDifference":8.526512829121202e-13,"directRecords":164218,"reusedRecords":0,"auditRecords":0,"distinctComponentProofs":164218,"sourceFingerprint":"b5b01a78b0274c6c8520399ebe72a1ca12233fe1e4d9f2aa0ac03d5a481c0318","directStreamSha256":"ab1a1571c4f2433bdb83b50b4ba69e771c3c2c0d01dff6167ff8efd95682ba43","directOrderedKeysSha256":"332ccd390a7410f3f92e4a280604bf2d1f591be3fc626c38c5e4772f47d79ddc","reuseRule":"Every8572-byte policy/value record exactly matches a SHA256 proof previously checked against both actual TS bodies during this npm test; first component is directly audited every stream."},"regeneratedBinarySHA256":"2b2f401a4d6588decb2fbdab46eb86989d8ce6faa8f4a677b534306bb93b314c","visitedKeysSHA256":"332ccd390a7410f3f92e4a280604bf2d1f591be3fc626c38c5e4772f47d79ddc"}
B07 full seed 1: PASS all required counts
B07 full seed 2: begin
prepared 462 holds,252 rolls,4368 weighted completions
official mask=7680 computed=29964 copied=14612
official mask=7168 computed=59932 copied=29348
official mask=6656 computed=89900 copied=44084
official mask=6144 computed=119868 copied=58820
official mask=5632 computed=134852 copied=66188
official mask=5120 computed=149836 copied=73556
official mask=4608 computed=164820 copied=80924
official mask=4096 computed=179804 copied=88292
official mask=3584 computed=209772 copied=103028
official mask=3072 computed=239740 copied=117764
official mask=2560 computed=269708 copied=132500
official mask=2048 computed=299676 copied=147236
official mask=1536 computed=314660 copied=154604
official mask=1024 computed=329644 copied=161972
official mask=512 computed=344628 copied=169340
official mask=0 computed=359612 copied=176708
prepared 462 holds,252 rolls,4368 weighted completions
published mask=7680 computed=29964 copied=14612
published mask=7168 computed=59932 copied=29348
published mask=6656 computed=89900 copied=44084
published mask=6144 computed=119868 copied=58820
published mask=5632 computed=134852 copied=66188
published mask=5120 computed=149836 copied=73556
published mask=4608 computed=164820 copied=80924
published mask=4096 computed=179804 copied=88292
published mask=3584 computed=209772 copied=103028
published mask=3072 computed=239740 copied=117764
published mask=2560 computed=269708 copied=132500
published mask=2048 computed=299676 copied=147236
published mask=1536 computed=314660 copied=154604
published mask=1024 computed=329644 copied=161972
published mask=512 computed=344628 copied=169340
published mask=0 computed=359612 copied=176708
seed 2: 5000/50000 exact midgame comparisons
seed 2: 10000/50000 exact midgame comparisons
seed 2: 15000/50000 exact midgame comparisons
seed 2: 20000/50000 exact midgame comparisons
seed 2: 25000/50000 exact midgame comparisons
seed 2: 30000/50000 exact midgame comparisons
seed 2: 35000/50000 exact midgame comparisons
seed 2: 40000/50000 exact midgame comparisons
seed 2: 45000/50000 exact midgame comparisons
seed 2: 50000/50000 exact midgame comparisons
{"passed":true,"seed":2,"boundaries":{"passed":true,"assertions":1056},"fullTables":{"passed":true,"tolerance":1e-10,"modes":[{"mode":"official","statesCompared":536448,"maximumDifference":8.526512829121202e-13,"worstIndex":245800,"primaryStartingValue":254.58772873449593,"independentStartingValue":254.5877287344961},{"mode":"published","statesCompared":536448,"maximumDifference":9.379164112033322e-13,"worstIndex":368677,"primaryStartingValue":254.58960948196315,"independentStartingValue":254.58960948196366}]},"scoring":{"passed":true,"seed":2,"orderedRolls":7776,"categories":13,"modes":2,"scoringCases":202176},"random":{"passed":true,"seed":2,"states":50000,"distinctScorecards":47496,"modes":{"official":25000,"published":25000},"rollLayers":[16667,16667,16666],"orderedHoldChecks":33333,"tolerance":1e-10,"maximumValueDifference":7.958078640513122e-13,"maximumHoldResidual":2.2396307031158358e-11,"holdAlternates":283,"categoryAlternates":0,"alternateMeaning":"Different floating evaluation orders may select different holds within the declared roundoff tolerance; every selected hold was directly evaluated with ordered chance outcomes."}}
{"seed":2,"name":"M01 upper bonus","before":"card.upper+points>=63?35:0","after":"card.upper+points>=63?34:0","strictCompilation":true,"runtimeKilled":true,"gate":"manual, independent boundary and contract checks","failure":"Expected values to be strictly deep-equal:\n+ actual - expected\n... Skipped lines\n\n  {\n    legal: true,\n    next: {\n      ruleMode: 'official',\n      upper: 63,\n...\n    points: 18,\n+   upperBonus: 34,\n-   upperBonus: 35,\n    yahtzeeBonus: 0\n  }\n"}
{"seed":2,"name":"M02 Yahtzee bonus","before":"card.yahtzeeBonus?100:0","after":"card.yahtzeeBonus?99:0","strictCompilation":true,"runtimeKilled":true,"gate":"manual, independent boundary and contract checks","failure":"Extra Yahtzee/Joker legal choices\n+ actual - expected\n... Skipped lines\n\n  {\n    legal: true,\n    next: {\n      ruleMode: 'official',\n      upper: 5,\n...\n    upperBonus: 0,\n+   yahtzeeBonus: 99\n-   yahtzeeBonus: 100\n  }\n"}
{"seed":2,"name":"M03 capped upper","before":"Math.min(63,card.upper+points)","after":"Math.min(62,card.upper+points)","strictCompilation":true,"runtimeKilled":true,"gate":"manual, independent boundary and contract checks","failure":"Expected values to be strictly deep-equal:\n+ actual - expected\n\n  {\n    legal: true,\n    next: {\n      ruleMode: 'official',\n+     upper: 62,\n-     upper: 63,\n      usedMask: 63,\n      yahtzeeBonus: false\n    },\n    points: 18,\n    upperBonus: 35,\n"}
{"seed":2,"name":"M04 full house","before":"case 8:return pair&&triple?25:0","after":"case 8:return pair&&triple?24:0","strictCompilation":true,"runtimeKilled":true,"gate":"manual, independent boundary and contract checks","failure":"Manual scoring and transition\n+ actual - expected\n... Skipped lines\n\n  {\n    legal: true,\n    next: {\n      ruleMode: 'official',\n      upper: 0,\n...\n    },\n+   points: 24,\n-   points: 25,\n    upperBonus: 0,\n    yahtzeeBonus: 0\n  }\n"}
{"seed":2,"name":"M05 small straight","before":"(bits&60)===60?30:0","after":"(bits&60)===60?29:0","strictCompilation":true,"runtimeKilled":true,"gate":"manual, independent boundary and contract checks","failure":"Manual scoring and transition\n+ actual - expected\n... Skipped lines\n\n  {\n    legal: true,\n    next: {\n      ruleMode: 'official',\n      upper: 0,\n...\n    },\n+   points: 29,\n-   points: 30,\n    upperBonus: 0,\n    yahtzeeBonus: 0\n  }\n"}
{"seed":2,"name":"M06 large straight","before":"case 10:return bits===31||bits===62?40:0","after":"case 10:return bits===31||bits===62?39:0","strictCompilation":true,"runtimeKilled":true,"gate":"manual, independent boundary and contract checks","failure":"Manual scoring and transition\n+ actual - expected\n... Skipped lines\n\n  {\n    legal: true,\n    next: {\n      ruleMode: 'official',\n      upper: 0,\n...\n    },\n+   points: 39,\n-   points: 40,\n    upperBonus: 0,\n    yahtzeeBonus: 0\n  }\n"}
{"seed":2,"name":"M07 Yahtzee","before":"case 11:return max===5?50:0","after":"case 11:return max===5?49:0","strictCompilation":true,"runtimeKilled":true,"gate":"manual, independent boundary and contract checks","failure":"Manual scoring and transition\n+ actual - expected\n\n  {\n    legal: true,\n    next: {\n      ruleMode: 'official',\n      upper: 0,\n      usedMask: 2048,\n+     yahtzeeBonus: false\n-     yahtzeeBonus: true\n    },\n+   points: 49,\n-   points: 50,\n    upperBonus: 0,\n    yahtzeeBonus: 0\n  }\n"}
{"seed":2,"name":"M08 upper face multiplier","before":"counts[category]!*(category+1)","after":"counts[category]!*(category+2)","strictCompilation":true,"runtimeKilled":true,"gate":"manual, independent boundary and contract checks","failure":"Manual scoring and transition\n+ actual - expected\n\n  {\n    legal: true,\n    next: {\n      ruleMode: 'official',\n+     upper: 6,\n-     upper: 3,\n      usedMask: 1,\n      yahtzeeBonus: false\n    },\n+   points: 6,\n-   points: 3,\n    upperBonus: 0,\n    yahtzeeBonus: 0\n  }\n"}
{"seed":2,"name":"M09 three of a kind","before":"case 6:return max>=3?sum:0","after":"case 6:return max>=4?sum:0","strictCompilation":true,"runtimeKilled":true,"gate":"manual, independent boundary and contract checks","failure":"Manual scoring and transition\n+ actual - expected\n... Skipped lines\n\n  {\n    legal: true,\n    next: {\n      ruleMode: 'official',\n      upper: 0,\n...\n    },\n+   points: 0,\n-   points: 7,\n    upperBonus: 0,\n    yahtzeeBonus: 0\n  }\n"}
{"seed":2,"name":"M10 four of a kind","before":"case 7:return max>=4?sum:0","after":"case 7:return max>=5?sum:0","strictCompilation":true,"runtimeKilled":true,"gate":"manual, independent boundary and contract checks","failure":"Manual scoring and transition\n+ actual - expected\n... Skipped lines\n\n  {\n    legal: true,\n    next: {\n      ruleMode: 'official',\n      upper: 0,\n...\n    },\n+   points: 0,\n-   points: 25,\n    upperBonus: 0,\n    yahtzeeBonus: 0\n  }\n"}
{"seed":2,"name":"M11 chance","before":"case 12:return sum;","after":"case 12:return sum+1;","strictCompilation":true,"runtimeKilled":true,"gate":"manual, independent boundary and contract checks","failure":"Manual scoring and transition\n+ actual - expected\n... Skipped lines\n\n  {\n    legal: true,\n    next: {\n      ruleMode: 'official',\n      upper: 0,\n...\n    },\n+   points: 8,\n-   points: 7,\n    upperBonus: 0,\n    yahtzeeBonus: 0\n  }\n"}
{"seed":2,"name":"M12 full house conjunction","before":"case 8:return pair&&triple","after":"case 8:return pair||triple","strictCompilation":true,"runtimeKilled":true,"gate":"manual, independent boundary and contract checks","failure":"Manual scoring and transition\n+ actual - expected\n... Skipped lines\n\n  {\n    legal: true,\n    next: {\n      ruleMode: 'official',\n      upper: 0,\n...\n    },\n+   points: 25,\n-   points: 0,\n    upperBonus: 0,\n    yahtzeeBonus: 0\n  }\n"}
{"seed":2,"name":"M13 high small straight","before":"||(bits&60)===60","after":"||(bits&60)===61","strictCompilation":true,"runtimeKilled":true,"gate":"independent seeded objective comparison","failure":"Category objective 2:7"}
{"seed":2,"name":"M14 high large straight","before":"bits===31||bits===62","after":"bits===31||bits===63","strictCompilation":true,"runtimeKilled":true,"gate":"manual, independent boundary and contract checks","failure":"Manual scoring and transition\n+ actual - expected\n... Skipped lines\n\n  {\n    legal: true,\n    next: {\n      ruleMode: 'official',\n      upper: 0,\n...\n    },\n+   points: 0,\n-   points: 40,\n    upperBonus: 0,\n    yahtzeeBonus: 0\n  }\n"}
{"seed":2,"name":"M15 category maximization","before":"value>best.expectedValue","after":"value<best.expectedValue","strictCompilation":true,"runtimeKilled":true,"gate":"manual, independent boundary and contract checks","failure":"216.51959643767444 != 253.9091948744762"}
{"seed":2,"name":"M16 fair die denominator","before":"values[hand]=total/6","after":"values[hand]=total/7","strictCompilation":true,"runtimeKilled":true,"gate":"manual, independent boundary and contract checks","failure":"Expected values to be strictly deep-equal:\n+ actual - expected\n\n  [\n+   1,\n+   2,\n+   3,\n    4,\n    6\n  ]\n"}
{"seed":2,"name":"M17 hold maximization","before":"values[prior]!>values[hand]!","after":"values[prior]!<values[hand]!","strictCompilation":true,"runtimeKilled":true,"gate":"manual, independent boundary and contract checks","failure":"Expected values to be strictly deep-equal:\n+ actual - expected\n\n  [\n+   1,\n+   2,\n+   3\n-   4,\n-   6\n  ]\n"}
{"seed":2,"name":"M18 hold equality ordering","before":"rank[choices[prior]!]!<rank[choices[hand]!]!","after":"rank[choices[prior]!]!>rank[choices[hand]!]!","strictCompilation":true,"runtimeKilled":true,"gate":"manual, independent boundary and contract checks","failure":"Expected values to be strictly deep-equal:\n+ actual - expected\n\n  [\n    1,\n    2,\n    3,\n    4,\n+   4\n  ]\n"}
{"seed":2,"name":"M19 terminal hold ordering","before":"return {hold:sorted,expectedValue:categoryChoice","after":"return {hold:sorted.slice().reverse(),expectedValue:categoryChoice","strictCompilation":true,"runtimeKilled":true,"gate":"manual, independent boundary and contract checks","failure":"Expected values to be strictly deep-equal:\n+ actual - expected\n\n  [\n+   6,\n+   4,\n+   3,\n+   2,\n    1,\n-   2,\n-   3,\n-   4,\n-   6\n  ]\n"}
{"seed":2,"name":"M20 table mask","before":"const index=card.usedMask+card.upper","after":"const index=(card.usedMask===ALL?0:card.usedMask)+card.upper","strictCompilation":true,"runtimeKilled":true,"gate":"manual, independent boundary and contract checks","failure":"275.087728734496 != 20.5"}
{"seed":2,"name":"M21 filled legality","before":"if(!(legal&(1<<category)))","after":"if(false&&!(legal&(1<<category)))","strictCompilation":true,"runtimeKilled":true,"gate":"manual, independent boundary and contract checks","failure":"Extra Yahtzee/Joker legal choices\n+ actual - expected\n\n  {\n+   legal: true,\n-   legal: false,\n    next: {\n      ruleMode: 'official',\n      upper: 0,\n+     usedMask: 2050,\n-     usedMask: 2048,\n      yahtzeeBonus: false\n    },\n    points: 0,\n    upperBonus: 0,\n    yahtzeeBonus: 0\n"}
{"seed":2,"name":"M22 Yahtzee eligibility","before":"category===11&&points===50","after":"category===11&&points===0","strictCompilation":true,"runtimeKilled":true,"gate":"manual, independent boundary and contract checks","failure":"Manual scoring and transition\n+ actual - expected\n\n  {\n    legal: true,\n    next: {\n      ruleMode: 'official',\n      upper: 0,\n      usedMask: 2048,\n+     yahtzeeBonus: true\n-     yahtzeeBonus: false\n    },\n    points: 0,\n    upperBonus: 0,\n    yahtzeeBonus: 0\n  }\n"}
{"seed":2,"name":"M23 first Yahtzee forced","before":"const extra=face>=0&&Boolean(card.usedMask&YAHTZEE);","after":"const extra=face>=0;","strictCompilation":true,"runtimeKilled":true,"gate":"manual, independent boundary and contract checks","failure":"Manual scoring and transition\n+ actual - expected\n\n  {\n+   legal: false,\n-   legal: true,\n    next: {\n      ruleMode: 'official',\n      upper: 0,\n+     usedMask: 0,\n-     usedMask: 1,\n      yahtzeeBonus: false\n    },\n    points: 0,\n    upperBonus: 0,\n    yahtzeeBonus: 0\n"}
{"seed":2,"name":"M24 already earned upper bonus","before":"upperBonus:category<6&&card.upper<63","after":"upperBonus:category<6&&card.upper<=63","strictCompilation":true,"runtimeKilled":true,"gate":"manual, independent boundary and contract checks","failure":"Expected values to be strictly deep-equal:\n+ actual - expected\n... Skipped lines\n\n  {\n    legal: true,\n    next: {\n      ruleMode: 'official',\n      upper: 63,\n...\n    points: 18,\n+   upperBonus: 35,\n-   upperBonus: 0,\n    yahtzeeBonus: 0\n  }\n"}
{"seed":2,"name":"M25 convention reversal","before":"extra&&card.ruleMode==='official'","after":"extra&&card.ruleMode==='published'","strictCompilation":true,"runtimeKilled":true,"gate":"manual, independent boundary and contract checks","failure":"Extra Yahtzee/Joker legal choices\n+ actual - expected\n\n  {\n+   legal: true,\n-   legal: false,\n    next: {\n      ruleMode: 'official',\n      upper: 0,\n+     usedMask: 2050,\n-     usedMask: 2048,\n      yahtzeeBonus: false\n    },\n    points: 0,\n    upperBonus: 0,\n    yahtzeeBonus: 0\n"}
prepared 462 holds,252 rolls,4368 weighted completions
{"suite":"paired-native-and-actual-TypeScript","passed":true,"mode":"official","seed":2,"simulation":{"passed":true,"mode":"official","seed":2,"games":1000000,"pairedResults":1000000,"holdComparisons":26000000,"categoryComparisons":13000000,"scoreTransitionComparisons":13000000,"decisionComparisons":39000000,"individualDiceDraws":125841696,"distinctVisitedComponents":164403,"referenceComputedComponents":164403,"observationRecordBytes":8572,"maximumDecisionGap":5.684341886080802e-14,"decisionTolerance":1e-10,"alternateHolds":170133,"alternateCategories":0,"expectedValue":254.58772873449593,"independentExpectedValue":254.5877287344961,"mean":254.579815,"sampleVariance":3554.0055035712785,"standardError":0.05961548040208414,"sigma":0.1327463008358578,"minimum":85,"maximum":845},"actualTypeScriptBridge":{"records":164403,"numericChecks":9012276,"policyChecks":9012276,"alternativeCategories":0,"alternativeHolds":0,"maxDifference":0,"tolerance":1e-10,"streamSha256":"fee26c010a7797d06798e10ec7c1cdeaf30ac8e6a9e8d8a3cca0433fd7157f09","orderedComponentKeysSha256":"28115e8c19b94d6f99016aad1f12599e1b6964959735094c4dd90455fe143669","format":"paired","recordBytes":8572,"allPassed":true,"primaryNumericChecks":9012276,"primaryPolicyChecks":9012276,"primaryAlternativeCategories":0,"primaryAlternativeHolds":0,"primaryCrossImplementationAlternatives":21490,"primaryMaxDifference":6.821210263296962e-13,"directRecords":11921,"reusedRecords":152482,"auditRecords":1,"distinctComponentProofs":176067,"sourceFingerprint":"b5b01a78b0274c6c8520399ebe72a1ca12233fe1e4d9f2aa0ac03d5a481c0318","directStreamSha256":"93e3fe46daa877cdfa674040546d58c995807be954fc18ad05cab40d7c5e01ab","directOrderedKeysSha256":"b9ada866e2c0607d4373ba9ed5dee55ccd546da84fba235b840260b2e214bf18","reuseRule":"Every8572-byte policy/value record exactly matches a SHA256 proof previously checked against both actual TS bodies during this npm test; first component is directly audited every stream."},"regeneratedBinarySHA256":"6e93512a9b983afa721f6a7f1c51261a3d464f469b6c89a0c21e689efd76cbe1","visitedKeysSHA256":"28115e8c19b94d6f99016aad1f12599e1b6964959735094c4dd90455fe143669"}
prepared 462 holds,252 rolls,4368 weighted completions
{"suite":"paired-native-and-actual-TypeScript","passed":true,"mode":"published","seed":2,"simulation":{"passed":true,"mode":"published","seed":2,"games":1000000,"pairedResults":1000000,"holdComparisons":26000000,"categoryComparisons":13000000,"scoreTransitionComparisons":13000000,"decisionComparisons":39000000,"individualDiceDraws":125834384,"distinctVisitedComponents":164510,"referenceComputedComponents":164510,"observationRecordBytes":8572,"maximumDecisionGap":5.684341886080802e-14,"decisionTolerance":1e-10,"alternateHolds":174469,"alternateCategories":0,"expectedValue":254.58960948196315,"independentExpectedValue":254.58960948196366,"mean":254.575741,"sampleVariance":3547.9104872114062,"standardError":0.05956433905627936,"sigma":0.2328319625951727,"minimum":89,"maximum":944},"actualTypeScriptBridge":{"records":164510,"numericChecks":8961624,"policyChecks":8961624,"alternativeCategories":0,"alternativeHolds":0,"maxDifference":0,"tolerance":1e-10,"streamSha256":"cbcf46c90428d2a046bf66990e3dd075907815d3f7f901be4ce5f229f8670a4f","orderedComponentKeysSha256":"a0db78606b9e4ce6e04cb2c73c56ecefa345f102395d8df5a3c153e6ce0af729","format":"paired","recordBytes":8572,"allPassed":true,"primaryNumericChecks":8961624,"primaryPolicyChecks":8961624,"primaryAlternativeCategories":0,"primaryAlternativeHolds":0,"primaryCrossImplementationAlternatives":21274,"primaryMaxDifference":7.958078640513122e-13,"directRecords":11854,"reusedRecords":152656,"auditRecords":1,"distinctComponentProofs":176071,"sourceFingerprint":"b5b01a78b0274c6c8520399ebe72a1ca12233fe1e4d9f2aa0ac03d5a481c0318","directStreamSha256":"c0121b9cfe49d882200e3dc344e391753b67be55688e4aa21ed8e814cada3267","directOrderedKeysSha256":"c1258a12d7e013ebcfffceec72a26a298aef8931d09bffd2052f72ed5ba6587e","reuseRule":"Every8572-byte policy/value record exactly matches a SHA256 proof previously checked against both actual TS bodies during this npm test; first component is directly audited every stream."},"regeneratedBinarySHA256":"2b2f401a4d6588decb2fbdab46eb86989d8ce6faa8f4a677b534306bb93b314c","visitedKeysSHA256":"a0db78606b9e4ce6e04cb2c73c56ecefa345f102395d8df5a3c153e6ce0af729"}
B07 full seed 2: PASS all required counts
B07 full seed 3: begin
prepared 462 holds,252 rolls,4368 weighted completions
official mask=7680 computed=29964 copied=14612
official mask=7168 computed=59932 copied=29348
official mask=6656 computed=89900 copied=44084
official mask=6144 computed=119868 copied=58820
official mask=5632 computed=134852 copied=66188
official mask=5120 computed=149836 copied=73556
official mask=4608 computed=164820 copied=80924
official mask=4096 computed=179804 copied=88292
official mask=3584 computed=209772 copied=103028
official mask=3072 computed=239740 copied=117764
official mask=2560 computed=269708 copied=132500
official mask=2048 computed=299676 copied=147236
official mask=1536 computed=314660 copied=154604
official mask=1024 computed=329644 copied=161972
official mask=512 computed=344628 copied=169340
official mask=0 computed=359612 copied=176708
prepared 462 holds,252 rolls,4368 weighted completions
published mask=7680 computed=29964 copied=14612
published mask=7168 computed=59932 copied=29348
published mask=6656 computed=89900 copied=44084
published mask=6144 computed=119868 copied=58820
published mask=5632 computed=134852 copied=66188
published mask=5120 computed=149836 copied=73556
published mask=4608 computed=164820 copied=80924
published mask=4096 computed=179804 copied=88292
published mask=3584 computed=209772 copied=103028
published mask=3072 computed=239740 copied=117764
published mask=2560 computed=269708 copied=132500
published mask=2048 computed=299676 copied=147236
published mask=1536 computed=314660 copied=154604
published mask=1024 computed=329644 copied=161972
published mask=512 computed=344628 copied=169340
published mask=0 computed=359612 copied=176708
seed 3: 5000/50000 exact midgame comparisons
seed 3: 10000/50000 exact midgame comparisons
seed 3: 15000/50000 exact midgame comparisons
seed 3: 20000/50000 exact midgame comparisons
seed 3: 25000/50000 exact midgame comparisons
seed 3: 30000/50000 exact midgame comparisons
seed 3: 35000/50000 exact midgame comparisons
seed 3: 40000/50000 exact midgame comparisons
seed 3: 45000/50000 exact midgame comparisons
seed 3: 50000/50000 exact midgame comparisons
{"passed":true,"seed":3,"boundaries":{"passed":true,"assertions":1056},"fullTables":{"passed":true,"tolerance":1e-10,"modes":[{"mode":"official","statesCompared":536448,"maximumDifference":8.526512829121202e-13,"worstIndex":245800,"primaryStartingValue":254.58772873449593,"independentStartingValue":254.5877287344961},{"mode":"published","statesCompared":536448,"maximumDifference":9.379164112033322e-13,"worstIndex":368677,"primaryStartingValue":254.58960948196315,"independentStartingValue":254.58960948196366}]},"scoring":{"passed":true,"seed":3,"orderedRolls":7776,"categories":13,"modes":2,"scoringCases":202176},"random":{"passed":true,"seed":3,"states":50000,"distinctScorecards":47560,"modes":{"official":25000,"published":25000},"rollLayers":[16667,16667,16666],"orderedHoldChecks":33333,"tolerance":1e-10,"maximumValueDifference":7.673861546209082e-13,"maximumHoldResidual":1.3855583347321954e-11,"holdAlternates":307,"categoryAlternates":0,"alternateMeaning":"Different floating evaluation orders may select different holds within the declared roundoff tolerance; every selected hold was directly evaluated with ordered chance outcomes."}}
{"seed":3,"name":"M01 upper bonus","before":"card.upper+points>=63?35:0","after":"card.upper+points>=63?34:0","strictCompilation":true,"runtimeKilled":true,"gate":"manual, independent boundary and contract checks","failure":"Expected values to be strictly deep-equal:\n+ actual - expected\n... Skipped lines\n\n  {\n    legal: true,\n    next: {\n      ruleMode: 'official',\n      upper: 63,\n...\n    points: 18,\n+   upperBonus: 34,\n-   upperBonus: 35,\n    yahtzeeBonus: 0\n  }\n"}
{"seed":3,"name":"M02 Yahtzee bonus","before":"card.yahtzeeBonus?100:0","after":"card.yahtzeeBonus?99:0","strictCompilation":true,"runtimeKilled":true,"gate":"manual, independent boundary and contract checks","failure":"Extra Yahtzee/Joker legal choices\n+ actual - expected\n... Skipped lines\n\n  {\n    legal: true,\n    next: {\n      ruleMode: 'official',\n      upper: 5,\n...\n    upperBonus: 0,\n+   yahtzeeBonus: 99\n-   yahtzeeBonus: 100\n  }\n"}
{"seed":3,"name":"M03 capped upper","before":"Math.min(63,card.upper+points)","after":"Math.min(62,card.upper+points)","strictCompilation":true,"runtimeKilled":true,"gate":"manual, independent boundary and contract checks","failure":"Expected values to be strictly deep-equal:\n+ actual - expected\n\n  {\n    legal: true,\n    next: {\n      ruleMode: 'official',\n+     upper: 62,\n-     upper: 63,\n      usedMask: 63,\n      yahtzeeBonus: false\n    },\n    points: 18,\n    upperBonus: 35,\n"}
{"seed":3,"name":"M04 full house","before":"case 8:return pair&&triple?25:0","after":"case 8:return pair&&triple?24:0","strictCompilation":true,"runtimeKilled":true,"gate":"manual, independent boundary and contract checks","failure":"Manual scoring and transition\n+ actual - expected\n... Skipped lines\n\n  {\n    legal: true,\n    next: {\n      ruleMode: 'official',\n      upper: 0,\n...\n    },\n+   points: 24,\n-   points: 25,\n    upperBonus: 0,\n    yahtzeeBonus: 0\n  }\n"}
{"seed":3,"name":"M05 small straight","before":"(bits&60)===60?30:0","after":"(bits&60)===60?29:0","strictCompilation":true,"runtimeKilled":true,"gate":"manual, independent boundary and contract checks","failure":"Manual scoring and transition\n+ actual - expected\n... Skipped lines\n\n  {\n    legal: true,\n    next: {\n      ruleMode: 'official',\n      upper: 0,\n...\n    },\n+   points: 29,\n-   points: 30,\n    upperBonus: 0,\n    yahtzeeBonus: 0\n  }\n"}
{"seed":3,"name":"M06 large straight","before":"case 10:return bits===31||bits===62?40:0","after":"case 10:return bits===31||bits===62?39:0","strictCompilation":true,"runtimeKilled":true,"gate":"manual, independent boundary and contract checks","failure":"Manual scoring and transition\n+ actual - expected\n... Skipped lines\n\n  {\n    legal: true,\n    next: {\n      ruleMode: 'official',\n      upper: 0,\n...\n    },\n+   points: 39,\n-   points: 40,\n    upperBonus: 0,\n    yahtzeeBonus: 0\n  }\n"}
{"seed":3,"name":"M07 Yahtzee","before":"case 11:return max===5?50:0","after":"case 11:return max===5?49:0","strictCompilation":true,"runtimeKilled":true,"gate":"manual, independent boundary and contract checks","failure":"Manual scoring and transition\n+ actual - expected\n\n  {\n    legal: true,\n    next: {\n      ruleMode: 'official',\n      upper: 0,\n      usedMask: 2048,\n+     yahtzeeBonus: false\n-     yahtzeeBonus: true\n    },\n+   points: 49,\n-   points: 50,\n    upperBonus: 0,\n    yahtzeeBonus: 0\n  }\n"}
{"seed":3,"name":"M08 upper face multiplier","before":"counts[category]!*(category+1)","after":"counts[category]!*(category+2)","strictCompilation":true,"runtimeKilled":true,"gate":"manual, independent boundary and contract checks","failure":"Manual scoring and transition\n+ actual - expected\n\n  {\n    legal: true,\n    next: {\n      ruleMode: 'official',\n+     upper: 6,\n-     upper: 3,\n      usedMask: 1,\n      yahtzeeBonus: false\n    },\n+   points: 6,\n-   points: 3,\n    upperBonus: 0,\n    yahtzeeBonus: 0\n  }\n"}
{"seed":3,"name":"M09 three of a kind","before":"case 6:return max>=3?sum:0","after":"case 6:return max>=4?sum:0","strictCompilation":true,"runtimeKilled":true,"gate":"manual, independent boundary and contract checks","failure":"Manual scoring and transition\n+ actual - expected\n... Skipped lines\n\n  {\n    legal: true,\n    next: {\n      ruleMode: 'official',\n      upper: 0,\n...\n    },\n+   points: 0,\n-   points: 7,\n    upperBonus: 0,\n    yahtzeeBonus: 0\n  }\n"}
{"seed":3,"name":"M10 four of a kind","before":"case 7:return max>=4?sum:0","after":"case 7:return max>=5?sum:0","strictCompilation":true,"runtimeKilled":true,"gate":"manual, independent boundary and contract checks","failure":"Manual scoring and transition\n+ actual - expected\n... Skipped lines\n\n  {\n    legal: true,\n    next: {\n      ruleMode: 'official',\n      upper: 0,\n...\n    },\n+   points: 0,\n-   points: 25,\n    upperBonus: 0,\n    yahtzeeBonus: 0\n  }\n"}
{"seed":3,"name":"M11 chance","before":"case 12:return sum;","after":"case 12:return sum+1;","strictCompilation":true,"runtimeKilled":true,"gate":"manual, independent boundary and contract checks","failure":"Manual scoring and transition\n+ actual - expected\n... Skipped lines\n\n  {\n    legal: true,\n    next: {\n      ruleMode: 'official',\n      upper: 0,\n...\n    },\n+   points: 8,\n-   points: 7,\n    upperBonus: 0,\n    yahtzeeBonus: 0\n  }\n"}
{"seed":3,"name":"M12 full house conjunction","before":"case 8:return pair&&triple","after":"case 8:return pair||triple","strictCompilation":true,"runtimeKilled":true,"gate":"manual, independent boundary and contract checks","failure":"Manual scoring and transition\n+ actual - expected\n... Skipped lines\n\n  {\n    legal: true,\n    next: {\n      ruleMode: 'official',\n      upper: 0,\n...\n    },\n+   points: 25,\n-   points: 0,\n    upperBonus: 0,\n    yahtzeeBonus: 0\n  }\n"}
{"seed":3,"name":"M13 high small straight","before":"||(bits&60)===60","after":"||(bits&60)===61","strictCompilation":true,"runtimeKilled":true,"gate":"independent seeded objective comparison","failure":"Hold objective 3:2 {\"card\":{\"usedMask\":7478,\"upper\":11,\"yahtzeeBonus\":true,\"ruleMode\":\"published\"},\"dice\":[2,2,4,2,3],\"rollsLeft\":2,\"chosen\":{\"hold\":[2,2,2],\"expectedValue\":92.95815502719417},\"optimum\":{\"hold\":[2,2,2],\"expectedValue\":92.99273679510392}}"}
{"seed":3,"name":"M14 high large straight","before":"bits===31||bits===62","after":"bits===31||bits===63","strictCompilation":true,"runtimeKilled":true,"gate":"manual, independent boundary and contract checks","failure":"Manual scoring and transition\n+ actual - expected\n... Skipped lines\n\n  {\n    legal: true,\n    next: {\n      ruleMode: 'official',\n      upper: 0,\n...\n    },\n+   points: 0,\n-   points: 40,\n    upperBonus: 0,\n    yahtzeeBonus: 0\n  }\n"}
{"seed":3,"name":"M15 category maximization","before":"value>best.expectedValue","after":"value<best.expectedValue","strictCompilation":true,"runtimeKilled":true,"gate":"manual, independent boundary and contract checks","failure":"216.51959643767444 != 253.9091948744762"}
{"seed":3,"name":"M16 fair die denominator","before":"values[hand]=total/6","after":"values[hand]=total/7","strictCompilation":true,"runtimeKilled":true,"gate":"manual, independent boundary and contract checks","failure":"Expected values to be strictly deep-equal:\n+ actual - expected\n\n  [\n+   1,\n+   2,\n+   3,\n    4,\n    6\n  ]\n"}
{"seed":3,"name":"M17 hold maximization","before":"values[prior]!>values[hand]!","after":"values[prior]!<values[hand]!","strictCompilation":true,"runtimeKilled":true,"gate":"manual, independent boundary and contract checks","failure":"Expected values to be strictly deep-equal:\n+ actual - expected\n\n  [\n+   1,\n+   2,\n+   3\n-   4,\n-   6\n  ]\n"}
{"seed":3,"name":"M18 hold equality ordering","before":"rank[choices[prior]!]!<rank[choices[hand]!]!","after":"rank[choices[prior]!]!>rank[choices[hand]!]!","strictCompilation":true,"runtimeKilled":true,"gate":"manual, independent boundary and contract checks","failure":"Expected values to be strictly deep-equal:\n+ actual - expected\n\n  [\n    1,\n    2,\n    3,\n    4,\n+   4\n  ]\n"}
{"seed":3,"name":"M19 terminal hold ordering","before":"return {hold:sorted,expectedValue:categoryChoice","after":"return {hold:sorted.slice().reverse(),expectedValue:categoryChoice","strictCompilation":true,"runtimeKilled":true,"gate":"manual, independent boundary and contract checks","failure":"Expected values to be strictly deep-equal:\n+ actual - expected\n\n  [\n+   6,\n+   4,\n+   3,\n+   2,\n    1,\n-   2,\n-   3,\n-   4,\n-   6\n  ]\n"}
{"seed":3,"name":"M20 table mask","before":"const index=card.usedMask+card.upper","after":"const index=(card.usedMask===ALL?0:card.usedMask)+card.upper","strictCompilation":true,"runtimeKilled":true,"gate":"manual, independent boundary and contract checks","failure":"275.087728734496 != 20.5"}
{"seed":3,"name":"M21 filled legality","before":"if(!(legal&(1<<category)))","after":"if(false&&!(legal&(1<<category)))","strictCompilation":true,"runtimeKilled":true,"gate":"manual, independent boundary and contract checks","failure":"Extra Yahtzee/Joker legal choices\n+ actual - expected\n\n  {\n+   legal: true,\n-   legal: false,\n    next: {\n      ruleMode: 'official',\n      upper: 0,\n+     usedMask: 2050,\n-     usedMask: 2048,\n      yahtzeeBonus: false\n    },\n    points: 0,\n    upperBonus: 0,\n    yahtzeeBonus: 0\n"}
{"seed":3,"name":"M22 Yahtzee eligibility","before":"category===11&&points===50","after":"category===11&&points===0","strictCompilation":true,"runtimeKilled":true,"gate":"manual, independent boundary and contract checks","failure":"Manual scoring and transition\n+ actual - expected\n\n  {\n    legal: true,\n    next: {\n      ruleMode: 'official',\n      upper: 0,\n      usedMask: 2048,\n+     yahtzeeBonus: true\n-     yahtzeeBonus: false\n    },\n    points: 0,\n    upperBonus: 0,\n    yahtzeeBonus: 0\n  }\n"}
{"seed":3,"name":"M23 first Yahtzee forced","before":"const extra=face>=0&&Boolean(card.usedMask&YAHTZEE);","after":"const extra=face>=0;","strictCompilation":true,"runtimeKilled":true,"gate":"manual, independent boundary and contract checks","failure":"Manual scoring and transition\n+ actual - expected\n\n  {\n+   legal: false,\n-   legal: true,\n    next: {\n      ruleMode: 'official',\n      upper: 0,\n+     usedMask: 0,\n-     usedMask: 1,\n      yahtzeeBonus: false\n    },\n    points: 0,\n    upperBonus: 0,\n    yahtzeeBonus: 0\n"}
{"seed":3,"name":"M24 already earned upper bonus","before":"upperBonus:category<6&&card.upper<63","after":"upperBonus:category<6&&card.upper<=63","strictCompilation":true,"runtimeKilled":true,"gate":"manual, independent boundary and contract checks","failure":"Expected values to be strictly deep-equal:\n+ actual - expected\n... Skipped lines\n\n  {\n    legal: true,\n    next: {\n      ruleMode: 'official',\n      upper: 63,\n...\n    points: 18,\n+   upperBonus: 35,\n-   upperBonus: 0,\n    yahtzeeBonus: 0\n  }\n"}
{"seed":3,"name":"M25 convention reversal","before":"extra&&card.ruleMode==='official'","after":"extra&&card.ruleMode==='published'","strictCompilation":true,"runtimeKilled":true,"gate":"manual, independent boundary and contract checks","failure":"Extra Yahtzee/Joker legal choices\n+ actual - expected\n\n  {\n+   legal: true,\n-   legal: false,\n    next: {\n      ruleMode: 'official',\n      upper: 0,\n+     usedMask: 2050,\n-     usedMask: 2048,\n      yahtzeeBonus: false\n    },\n    points: 0,\n    upperBonus: 0,\n    yahtzeeBonus: 0\n"}
prepared 462 holds,252 rolls,4368 weighted completions
{"suite":"paired-native-and-actual-TypeScript","passed":true,"mode":"official","seed":3,"simulation":{"passed":true,"mode":"official","seed":3,"games":1000000,"pairedResults":1000000,"holdComparisons":26000000,"categoryComparisons":13000000,"scoreTransitionComparisons":13000000,"decisionComparisons":39000000,"individualDiceDraws":125829535,"distinctVisitedComponents":164364,"referenceComputedComponents":164364,"observationRecordBytes":8572,"maximumDecisionGap":5.684341886080802e-14,"decisionTolerance":1e-10,"alternateHolds":170653,"alternateCategories":0,"expectedValue":254.58772873449593,"independentExpectedValue":254.5877287344961,"mean":254.577033,"sampleVariance":3550.8771807940916,"standardError":0.059589237122101936,"sigma":0.17949104590832957,"minimum":81,"maximum":925},"actualTypeScriptBridge":{"records":164364,"numericChecks":4601772,"policyChecks":4601772,"alternativeCategories":0,"alternativeHolds":0,"maxDifference":0,"tolerance":1e-10,"streamSha256":"faf42ce98f8f6fb650d10458ecf4ba131b41d53e462f7db8028a5d9a1abc6ad4","orderedComponentKeysSha256":"acf6c9017bec03b401a5bd4b75e56b3c2e728d2c68ebecb208f8ed607423b962","format":"paired","recordBytes":8572,"allPassed":true,"primaryNumericChecks":4601772,"primaryPolicyChecks":4601772,"primaryAlternativeCategories":0,"primaryAlternativeHolds":0,"primaryCrossImplementationAlternatives":11149,"primaryMaxDifference":6.821210263296962e-13,"directRecords":6087,"reusedRecords":158277,"auditRecords":1,"distinctComponentProofs":182153,"sourceFingerprint":"b5b01a78b0274c6c8520399ebe72a1ca12233fe1e4d9f2aa0ac03d5a481c0318","directStreamSha256":"86cae139cbe6c4934d10562a9c5c9c90299fed8c43a4898574d72f9007612e20","directOrderedKeysSha256":"1bdf171162f38dbf9d89a4968050ef3b68dfc5419e63330b10060b56acba7895","reuseRule":"Every8572-byte policy/value record exactly matches a SHA256 proof previously checked against both actual TS bodies during this npm test; first component is directly audited every stream."},"regeneratedBinarySHA256":"6e93512a9b983afa721f6a7f1c51261a3d464f469b6c89a0c21e689efd76cbe1","visitedKeysSHA256":"acf6c9017bec03b401a5bd4b75e56b3c2e728d2c68ebecb208f8ed607423b962"}
prepared 462 holds,252 rolls,4368 weighted completions
{"suite":"paired-native-and-actual-TypeScript","passed":true,"mode":"published","seed":3,"simulation":{"passed":true,"mode":"published","seed":3,"games":1000000,"pairedResults":1000000,"holdComparisons":26000000,"categoryComparisons":13000000,"scoreTransitionComparisons":13000000,"decisionComparisons":39000000,"individualDiceDraws":125836799,"distinctVisitedComponents":164241,"referenceComputedComponents":164241,"observationRecordBytes":8572,"maximumDecisionGap":5.684341886080802e-14,"decisionTolerance":1e-10,"alternateHolds":175300,"alternateCategories":0,"expectedValue":254.58960948196315,"independentExpectedValue":254.58960948196366,"mean":254.485353,"sampleVariance":3534.569240034631,"standardError":0.059452243355777847,"sigma":1.75361729143255,"minimum":91,"maximum":835},"actualTypeScriptBridge":{"records":164241,"numericChecks":4619916,"policyChecks":4619916,"alternativeCategories":0,"alternativeHolds":0,"maxDifference":0,"tolerance":1e-10,"streamSha256":"d79d21605f8a06410e848c5f2fb676ee2dc9ad9724d55fcb5d9e49ed76064dc4","orderedComponentKeysSha256":"0c95c0e7054f38dfdae73d87180cd118931df7b0c9f6c3fbee3a0dfa61abf0c7","format":"paired","recordBytes":8572,"allPassed":true,"primaryNumericChecks":4619916,"primaryPolicyChecks":4619916,"primaryAlternativeCategories":0,"primaryAlternativeHolds":0,"primaryCrossImplementationAlternatives":11418,"primaryMaxDifference":7.958078640513122e-13,"directRecords":6111,"reusedRecords":158130,"auditRecords":1,"distinctComponentProofs":182181,"sourceFingerprint":"b5b01a78b0274c6c8520399ebe72a1ca12233fe1e4d9f2aa0ac03d5a481c0318","directStreamSha256":"127ac10d02192d07d4c96af24cdc3912ed138a1bab2badaed2336ad50df04f7e","directOrderedKeysSha256":"247e027d6f43f4a9813b8a5d211833f3b91c4f2db38badff0344efce51d72d4a","reuseRule":"Every8572-byte policy/value record exactly matches a SHA256 proof previously checked against both actual TS bodies during this npm test; first component is directly audited every stream."},"regeneratedBinarySHA256":"2b2f401a4d6588decb2fbdab46eb86989d8ce6faa8f4a677b534306bb93b314c","visitedKeysSHA256":"0c95c0e7054f38dfdae73d87180cd118931df7b0c9f6c3fbee3a0dfa61abf0c7"}
B07 full seed 3: PASS all required counts
{"passed":true,"totals":{"midgameStates":150000,"scoringCases":606528,"strictCompiledMutants":75,"runtimeKilledMutants":75,"fullPairedGames":6000000,"nativeDecisionComparisons":234000000,"nativeScoringTransitionComparisons":78000000,"visitedComponentVectors":985883,"directActualTypeScriptComponents":364338,"reusedVerifiedComponentVectors":621545},"runtime":{"node":"v22.16.0","typescript":"5.8.3","cpp":"g++ (Debian 14.2.0-19) 14.2.0"}}
