{
  "accepted": true,
  "source": "5f35ba66a2169b4126c8ae312efa8c1635b3f5e3",
  "workflowRun": 37815695050,
  "job": 113443634624,
  "artifact": 11566339013,
  "archiveBytes": 678280,
  "archiveSHA256": "bffe5a090cdf7b0ef33a89fb5fca2358c05c8a70ff020a51b5c37f2fe35067f3",
  "fullSafeUniqueZipMembers": 148,
  "nativeSourceInputs": 72,
  "manifestEntries": 67,
  "authoredSealCounts": [
    4,
    4,
    3
  ],
  "runtimeSourceFingerprints": 22,
  "nativeJSONObjects": 159,
  "fullCompiledMutationModules": 135,
  "totals": {
    "exactTransitionCells": 86400,
    "stationaryStates": 720,
    "publishedSquares": 720,
    "matchedPublishedSquares": 717,
    "documentedPublishedGaps": 3,
    "requiredButlerComparisons": 480,
    "roiScenarios": 1044,
    "simulationRolls": 600000000,
    "simulationSquares": 240,
    "strictCompiledMutants": 75,
    "runtimeKilledMutants": 75,
    "partyboxRoiRows": 1044,
    "partyboxSimulationRolls": 120000000,
    "partyboxSimulatedStatistics": 288,
    "partyboxStrictCompiledMutants": 60,
    "partyboxRuntimeKilledMutants": 60
  },
  "fullNativeLogBytes": 59084,
  "fullNativeLogSHA256": "1c32a97abe8864d5d1d4d350a3eb7a13f9101597484bc6548d3ee21d61965662",
  "coreSimulationSixCells": [
    {
      "seed": 1,
      "strategy": "leave ASAP",
      "maxSigma": 1.9794398220894414
    },
    {
      "seed": 1,
      "strategy": "stay max",
      "maxSigma": 2.389731545521216
    },
    {
      "seed": 2,
      "strategy": "leave ASAP",
      "maxSigma": 2.5024991114465203
    },
    {
      "seed": 2,
      "strategy": "stay max",
      "maxSigma": 1.570822181594039
    },
    {
      "seed": 3,
      "strategy": "leave ASAP",
      "maxSigma": 2.1157739420388237
    },
    {
      "seed": 3,
      "strategy": "stay max",
      "maxSigma": 2.136073308429187
    }
  ],
  "portSimulationSixCells": [
    {
      "seed": 1,
      "plan": "leave ASAP",
      "maxZ": 2.085734959976426
    },
    {
      "seed": 1,
      "plan": "stay max",
      "maxZ": 2.8008544795145047
    },
    {
      "seed": 2,
      "plan": "leave ASAP",
      "maxZ": 2.6056064069429135
    },
    {
      "seed": 2,
      "plan": "stay max",
      "maxZ": 3.0766524414234975
    },
    {
      "seed": 3,
      "plan": "leave ASAP",
      "maxZ": 2.541858636158746
    },
    {
      "seed": 3,
      "plan": "stay max",
      "maxZ": 3.6393343978616346
    }
  ],
  "completedUTC": "2026-10-09T09:02:10Z",
  "scope": "Exact original5f35 full native workflow and entire genuine archive accepted at full720M/135 counts. Source unchanged. Standalone and own-path review defects remain separate."
}
