2026-10-08T17:19:46.7090123Z Current runner version: '2.337.0'
2026-10-08T17:19:46.7117005Z ##[group]Runner Image Provisioner
2026-10-08T17:19:46.7117958Z Hosted Compute Agent
2026-10-08T17:19:46.7118952Z Version: 20261002.596
2026-10-08T17:19:46.7119691Z Commit: c3d12f3313a95f25162a1503be624f3b0617f8c0
2026-10-08T17:19:46.7120529Z Build Date: 2026-10-02T22:28:27Z
2026-10-08T17:19:46.7121453Z Worker ID: {504220f7-52e4-4bb8-95b3-4df46a0ea45e}
2026-10-08T17:19:46.7122287Z Region: eastus
2026-10-08T17:19:46.7122964Z Cloud: Azure
2026-10-08T17:19:46.7123615Z ##[endgroup]
2026-10-08T17:19:46.7125370Z ##[group]Operating System
2026-10-08T17:19:46.7126131Z Ubuntu
2026-10-08T17:19:46.7126773Z 24.04.5
2026-10-08T17:19:46.7127474Z LTS
2026-10-08T17:19:46.7128072Z ##[endgroup]
2026-10-08T17:19:46.7128703Z ##[group]Runner Image
2026-10-08T17:19:46.7129517Z Image: ubuntu-24.04
2026-10-08T17:19:46.7130219Z Version: 20261004.327.1
2026-10-08T17:19:46.7131933Z Included Software: https://github.com/actions/runner-images/blob/ubuntu24/20261004.327/images/ubuntu/Ubuntu2404-Readme.md
2026-10-08T17:19:46.7133850Z Image Release: https://github.com/actions/runner-images/releases/tag/ubuntu24%2F20261004.327
2026-10-08T17:19:46.7135261Z ##[endgroup]
2026-10-08T17:19:46.7136651Z ##[group]GITHUB_TOKEN Permissions
2026-10-08T17:19:46.7138663Z Contents: read
2026-10-08T17:19:46.7139327Z Metadata: read
2026-10-08T17:19:46.7140074Z ##[endgroup]
2026-10-08T17:19:46.7142396Z Secret source: Actions
2026-10-08T17:19:46.7143551Z Cache mode: write
2026-10-08T17:19:46.7144330Z Prepare workflow directory
2026-10-08T17:19:46.7608702Z Prepare all required actions
2026-10-08T17:19:46.7663674Z Getting action download info
2026-10-08T17:19:46.9468241Z Download action repository 'actions/checkout@v4' (SHA:11d5960a326750d5838078e36cf38b85af677262)
2026-10-08T17:19:47.1053989Z Download action repository 'actions/setup-node@v4' (SHA:49933ea5288caeca8642d1e84afbd3f7d6820020)
2026-10-08T17:19:47.3066698Z Download action repository 'actions/upload-artifact@v4' (SHA:ea165f8d65b6e75b540449e92b4886f43607fa02)
2026-10-08T17:19:47.6446225Z Complete job name: verify
2026-10-08T17:19:47.7158363Z ##[group]Run actions/checkout@v4
2026-10-08T17:19:47.7159072Z with:
2026-10-08T17:19:47.7159474Z   repository: luisitin/partybox-gpt-drops
2026-10-08T17:19:47.7162766Z   token: ***
2026-10-08T17:19:47.7163145Z   ssh-strict: true
2026-10-08T17:19:47.7163522Z   ssh-user: git
2026-10-08T17:19:47.7163905Z   persist-credentials: true
2026-10-08T17:19:47.7164333Z   clean: true
2026-10-08T17:19:47.7164838Z   sparse-checkout-cone-mode: true
2026-10-08T17:19:47.7165278Z   fetch-depth: 1
2026-10-08T17:19:47.7165737Z   fetch-tags: false
2026-10-08T17:19:47.7166119Z   show-progress: true
2026-10-08T17:19:47.7166502Z   lfs: false
2026-10-08T17:19:47.7166869Z   submodules: false
2026-10-08T17:19:47.7167282Z   set-safe-directory: true
2026-10-08T17:19:47.7167721Z   allow-unsafe-pr-checkout: false
2026-10-08T17:19:47.7168336Z ##[endgroup]
2026-10-08T17:19:47.8098155Z Syncing repository: luisitin/partybox-gpt-drops
2026-10-08T17:19:47.8100499Z ##[group]Getting Git version info
2026-10-08T17:19:47.8101708Z Working directory is '/home/runner/work/partybox-gpt-drops/partybox-gpt-drops'
2026-10-08T17:19:47.8103318Z [command]/usr/bin/git version
2026-10-08T17:19:47.8133984Z git version 2.55.0
2026-10-08T17:19:47.8157625Z ##[endgroup]
2026-10-08T17:19:47.8163521Z Temporarily overriding HOME='/home/runner/work/_temp/74d0e96a-4c93-4628-a015-dc6b54f9daa0' before making global git config changes
2026-10-08T17:19:47.8165923Z Adding repository directory to the temporary git global config as a safe directory
2026-10-08T17:19:47.8167881Z [command]/usr/bin/git config --global --add safe.directory /home/runner/work/partybox-gpt-drops/partybox-gpt-drops
2026-10-08T17:19:47.8212488Z Deleting the contents of '/home/runner/work/partybox-gpt-drops/partybox-gpt-drops'
2026-10-08T17:19:47.8217841Z ##[group]Initializing the repository
2026-10-08T17:19:47.8222054Z [command]/usr/bin/git init /home/runner/work/partybox-gpt-drops/partybox-gpt-drops
2026-10-08T17:19:47.8315761Z hint: Using 'master' as the name for the initial branch. This default branch name
2026-10-08T17:19:47.8317405Z hint: will change to "main" in Git 3.0. To configure the initial branch name
2026-10-08T17:19:47.8318908Z hint: to use in all of your new repositories, which will suppress this warning,
2026-10-08T17:19:47.8320039Z hint: call:
2026-10-08T17:19:47.8321165Z hint:
2026-10-08T17:19:47.8321849Z hint: 	git config --global init.defaultBranch <name>
2026-10-08T17:19:47.8322542Z hint:
2026-10-08T17:19:47.8323172Z hint: Names commonly chosen instead of 'master' are 'main', 'trunk' and
2026-10-08T17:19:47.8324166Z hint: 'development'. The just-created branch can be renamed via this command:
2026-10-08T17:19:47.8325181Z hint:
2026-10-08T17:19:47.8325681Z hint: 	git branch -m <name>
2026-10-08T17:19:47.8326341Z hint:
2026-10-08T17:19:47.8327145Z hint: Disable this message with "git config set advice.defaultBranchName false"
2026-10-08T17:19:47.8328390Z Initialized empty Git repository in /home/runner/work/partybox-gpt-drops/partybox-gpt-drops/.git/
2026-10-08T17:19:47.8330490Z [command]/usr/bin/git remote add origin https://github.com/luisitin/partybox-gpt-drops
2026-10-08T17:19:47.8369062Z ##[endgroup]
2026-10-08T17:19:47.8369748Z ##[group]Disabling automatic garbage collection
2026-10-08T17:19:47.8372389Z [command]/usr/bin/git config --local gc.auto 0
2026-10-08T17:19:47.8400391Z ##[endgroup]
2026-10-08T17:19:47.8401022Z ##[group]Setting up auth
2026-10-08T17:19:47.8406494Z [command]/usr/bin/git config --local --name-only --get-regexp core\.sshCommand
2026-10-08T17:19:47.8435400Z [command]/usr/bin/git submodule foreach --recursive sh -c "git config --local --name-only --get-regexp 'core\.sshCommand' && git config --local --unset-all 'core.sshCommand' || :"
2026-10-08T17:19:47.8731061Z [command]/usr/bin/git config --local --name-only --get-regexp http\.https\:\/\/github\.com\/\.extraheader
2026-10-08T17:19:47.8767077Z [command]/usr/bin/git submodule foreach --recursive sh -c "git config --local --name-only --get-regexp 'http\.https\:\/\/github\.com\/\.extraheader' && git config --local --unset-all 'http.https://github.com/.extraheader' || :"
2026-10-08T17:19:47.8965827Z [command]/usr/bin/git config --local --name-only --get-regexp ^includeIf\.gitdir:
2026-10-08T17:19:47.8996731Z [command]/usr/bin/git submodule foreach --recursive git config --local --show-origin --name-only --get-regexp remote.origin.url
2026-10-08T17:19:47.9188723Z [command]/usr/bin/git config --local http.https://github.com/.extraheader AUTHORIZATION: basic ***
2026-10-08T17:19:47.9223020Z ##[endgroup]
2026-10-08T17:19:47.9223772Z ##[group]Fetching the repository
2026-10-08T17:19:47.9231136Z [command]/usr/bin/git -c protocol.version=2 fetch --no-tags --prune --no-recurse-submodules --depth=1 origin +865d69fc13d4051d814e4c9e3750e12ba24ad243:refs/remotes/pull/14/merge
2026-10-08T17:19:48.5360454Z From https://github.com/luisitin/partybox-gpt-drops
2026-10-08T17:19:48.5362209Z  * [new ref]         865d69fc13d4051d814e4c9e3750e12ba24ad243 -> pull/14/merge
2026-10-08T17:19:48.5365721Z ##[endgroup]
2026-10-08T17:19:48.5366754Z ##[group]Determining the checkout info
2026-10-08T17:19:48.5367857Z ##[endgroup]
2026-10-08T17:19:48.5370688Z [command]/usr/bin/git sparse-checkout disable
2026-10-08T17:19:48.5416347Z [command]/usr/bin/git config --local --unset-all extensions.worktreeConfig
2026-10-08T17:19:48.5452693Z ##[group]Checking out the ref
2026-10-08T17:19:48.5455404Z [command]/usr/bin/git checkout --progress --force refs/remotes/pull/14/merge
2026-10-08T17:19:48.5562398Z Note: switching to 'refs/remotes/pull/14/merge'.
2026-10-08T17:19:48.5563490Z 
2026-10-08T17:19:48.5564231Z You are in 'detached HEAD' state. You can look around, make experimental
2026-10-08T17:19:48.5565759Z changes and commit them, and you can discard any commits you make in this
2026-10-08T17:19:48.5567113Z state without impacting any branches by switching back to a branch.
2026-10-08T17:19:48.5568201Z 
2026-10-08T17:19:48.5569038Z If you want to create a new branch to retain commits you create, you may
2026-10-08T17:19:48.5571311Z do so (now or later) by using -c with the switch command. Example:
2026-10-08T17:19:48.5572327Z 
2026-10-08T17:19:48.5572782Z   git switch -c <new-branch-name>
2026-10-08T17:19:48.5573471Z 
2026-10-08T17:19:48.5574007Z Or undo this operation with:
2026-10-08T17:19:48.5575057Z 
2026-10-08T17:19:48.5575631Z   git switch -
2026-10-08T17:19:48.5576353Z 
2026-10-08T17:19:48.5577294Z Turn off this advice by setting config variable advice.detachedHead to false
2026-10-08T17:19:48.5578704Z 
2026-10-08T17:19:48.5580255Z HEAD is now at 865d69f Merge 5f35ba66a2169b4126c8ae312efa8c1635b3f5e3 into b7ee73dc5c1818112531f3667c283874fe1e578e
2026-10-08T17:19:48.5585028Z ##[endgroup]
2026-10-08T17:19:48.5609793Z [command]/usr/bin/git log -1 --format=%H
2026-10-08T17:19:48.5633801Z 865d69fc13d4051d814e4c9e3750e12ba24ad243
2026-10-08T17:19:48.6006156Z ##[group]Run actions/setup-node@v4
2026-10-08T17:19:48.6007078Z with:
2026-10-08T17:19:48.6007758Z   node-version: 22.16.0
2026-10-08T17:19:48.6008592Z   always-auth: false
2026-10-08T17:19:48.6009349Z   check-latest: false
2026-10-08T17:19:48.6016610Z   token: ***
2026-10-08T17:19:48.6017313Z ##[endgroup]
2026-10-08T17:19:48.7131640Z Attempting to download 22.16.0...
2026-10-08T17:19:48.7217580Z (node:2072) [DEP0040] DeprecationWarning: The `punycode` module is deprecated. Please use a userland alternative instead.
2026-10-08T17:19:48.7221204Z (Use `node --trace-deprecation ...` to show where the warning was created)
2026-10-08T17:19:49.2221452Z Acquiring 22.16.0 - x64 from https://github.com/actions/node-versions/releases/download/22.16.0-15177438473/node-22.16.0-linux-x64.tar.gz
2026-10-08T17:19:49.5160525Z Extracting ...
2026-10-08T17:19:49.5257623Z [command]/usr/bin/tar xz --strip 1 --warning=no-unknown-keyword --overwrite -C /home/runner/work/_temp/aa0e329b-fdc2-4576-b94d-251e4403e3cd -f /home/runner/work/_temp/e29726a9-37af-4a98-9dcb-50b660c10501
2026-10-08T17:19:50.5232530Z Adding to the cache ...
2026-10-08T17:19:52.6324293Z ##[group]Environment details
2026-10-08T17:19:52.8256612Z node: v22.16.0
2026-10-08T17:19:52.8256959Z npm: 10.9.2
2026-10-08T17:19:52.8257195Z yarn: 1.22.22
2026-10-08T17:19:52.8257973Z ##[endgroup]
2026-10-08T17:19:52.8408169Z ##[group]Run npm ci --ignore-scripts --no-audit --no-fund
2026-10-08T17:19:52.8408582Z [36;1mnpm ci --ignore-scripts --no-audit --no-fund[0m
2026-10-08T17:19:52.8607927Z shell: /usr/bin/bash -e {0}
2026-10-08T17:19:52.8608190Z ##[endgroup]
2026-10-08T17:19:53.4016216Z 
2026-10-08T17:19:53.4020898Z added 1 package in 493ms
2026-10-08T17:19:53.4369391Z ##[group]Run npm test
2026-10-08T17:19:53.4369638Z [36;1mnpm test[0m
2026-10-08T17:19:53.4428918Z shell: /usr/bin/bash -e {0}
2026-10-08T17:19:53.4429150Z ##[endgroup]
2026-10-08T17:19:53.5223666Z 
2026-10-08T17:19:53.5224393Z > b08-monopoly-markov@1.0.0 test
2026-10-08T17:19:53.5225139Z > node run.mjs
2026-10-08T17:19:53.5225314Z 
2026-10-08T17:19:53.5508920Z RUN node hashes.mjs
2026-10-08T17:19:53.5775437Z SHA256: 67 files verified
2026-10-08T17:19:53.5804175Z RUN node node_modules/typescript/bin/tsc -p tsconfig.json
2026-10-08T17:19:54.2358489Z RUN node export.mjs
2026-10-08T17:19:54.2851080Z {"suite":"computed-outputs","passed":true,"strategies":2,"squares":80,"roiRows":348}
2026-10-08T17:19:54.2882218Z RUN node partybox-export.mjs
2026-10-08T17:19:54.3360110Z {"suite":"partybox-generated","passed":true,"mode":"checked","files":["boardOdds.ts","preview/hottest-squares.html"]}
2026-10-08T17:19:54.3457589Z RUN node test.mjs 1
2026-10-08T17:19:54.4968802Z {"suite":"exact-and-published","seed":1,"passed":true,"assertions":37981,"exactTransitionCells":28800,"stationaryStates":240,"publishedSquares":240,"ownershipScenarios":348,"observations":[{"strategy":"leave ASAP","maxStateDifference":9.194034422677078e-16,"iterations":197,"residual":3.469446951953614e-17,"turnStartMass":0.8427269589619967,"rollsPerTurn":1.186623958525926,"tableComparisons":[{"id":"butler-per-roll","squares":40,"maxDifference":4.782849026552238e-9,"tolerance":0.0001},{"id":"butler-end-turn","squares":40,"maxDifference":4.964513661276371e-10,"tolerance":0.0001},{"id":"collins-per-roll","squares":40,"maxDifference":0.0000011468197552155779,"tolerance":0.0001,"matchedSquares":40,"documentedGaps":[],"conflictRecord":null}]},{"strategy":"stay max","maxStateDifference":8.847089727481716e-16,"iterations":255,"residual":2.7755575615628914e-17,"turnStartMass":0.8577091677010615,"rollsPerTurn":1.165896364009171,"tableComparisons":[{"id":"butler-per-roll","squares":40,"maxDifference":6.87574422397752e-9,"tolerance":0.0001},{"id":"butler-end-turn","squares":40,"maxDifference":4.994465015173422e-10,"tolerance":0.0001},{"id":"collins-per-roll","squares":40,"maxDifference":0.0006835468757442065,"tolerance":0.0001,"matchedSquares":39,"documentedGaps":[{"position":10,"difference":-0.0006835468757442065}],"conflictRecord":"CONFLICTS.md"}]}]}
2026-10-08T17:19:54.5013655Z RUN node simulate.mjs 1
2026-10-08T17:19:54.8629346Z simulation seed=1 strategy=leave ASAP rolls=10000000
2026-10-08T17:19:55.1857425Z simulation seed=1 strategy=leave ASAP rolls=20000000
2026-10-08T17:19:55.4991533Z simulation seed=1 strategy=leave ASAP rolls=30000000
2026-10-08T17:19:55.8126239Z simulation seed=1 strategy=leave ASAP rolls=40000000
2026-10-08T17:19:56.1264038Z simulation seed=1 strategy=leave ASAP rolls=50000000
2026-10-08T17:19:56.4479046Z simulation seed=1 strategy=leave ASAP rolls=60000000
2026-10-08T17:19:56.7772480Z simulation seed=1 strategy=leave ASAP rolls=70000000
2026-10-08T17:19:57.0956373Z simulation seed=1 strategy=leave ASAP rolls=80000000
2026-10-08T17:19:57.4087109Z simulation seed=1 strategy=leave ASAP rolls=90000000
2026-10-08T17:19:57.7223160Z simulation seed=1 strategy=leave ASAP rolls=100000000
2026-10-08T17:19:57.7441460Z {"suite":"simulation","strategy":"leave ASAP","seed":1,"rolls":100000000,"passed":true,"maxSigma":1.9794398220894414,"poissonResidual":1.5379335085874474e-15}
2026-10-08T17:19:58.0700282Z simulation seed=1 strategy=stay max rolls=10000000
2026-10-08T17:19:58.3826518Z simulation seed=1 strategy=stay max rolls=20000000
2026-10-08T17:19:58.6957785Z simulation seed=1 strategy=stay max rolls=30000000
2026-10-08T17:19:59.0100000Z simulation seed=1 strategy=stay max rolls=40000000
2026-10-08T17:19:59.3228548Z simulation seed=1 strategy=stay max rolls=50000000
2026-10-08T17:19:59.6355646Z simulation seed=1 strategy=stay max rolls=60000000
2026-10-08T17:19:59.9484742Z simulation seed=1 strategy=stay max rolls=70000000
2026-10-08T17:20:00.2664017Z simulation seed=1 strategy=stay max rolls=80000000
2026-10-08T17:20:00.5889754Z simulation seed=1 strategy=stay max rolls=90000000
2026-10-08T17:20:00.9126590Z simulation seed=1 strategy=stay max rolls=100000000
2026-10-08T17:20:00.9316664Z {"suite":"simulation","strategy":"stay max","seed":1,"rolls":100000000,"passed":true,"maxSigma":2.389731545521216,"poissonResidual":2.8171909249863347e-15}
2026-10-08T17:20:00.9352047Z RUN node mutate.mjs 1
2026-10-08T17:20:01.7131352Z {"suite":"mutation","seed":1,"name":"M01 denominator","strictCompilation":true,"runtimeKilled":true,"failure":"Exact common denominator\n\n9217 !== 9216\n"}
2026-10-08T17:20:02.0276556Z {"suite":"mutation","seed":1,"name":"M02 early triple-double jail","strictCompilation":true,"runtimeKilled":true,"failure":"Invalid free state"}
2026-10-08T17:20:02.2420245Z {"suite":"mutation","seed":1,"name":"M03 reversed doubles","strictCompilation":true,"runtimeKilled":true,"failure":"Blind transition leave ASAP/0/0\n\n16 !== 96\n"}
2026-10-08T17:20:02.4636883Z {"suite":"mutation","seed":1,"name":"M04 premature third jail attempt","strictCompilation":true,"runtimeKilled":true,"failure":"Blind transition stay max/118/0\n\n112 !== 16\n"}
2026-10-08T17:20:02.6455030Z {"suite":"mutation","seed":1,"name":"M05 jail doubles extra roll","strictCompilation":true,"runtimeKilled":true,"failure":"Blind transition stay max/117/0\n\n0 !== 16\n"}
2026-10-08T17:20:02.8007161Z {"suite":"mutation","seed":1,"name":"M06 ASAP inherited jail streak","strictCompilation":true,"runtimeKilled":true,"failure":"Blind transition leave ASAP/117/1\n\n0 !== 16\n"}
2026-10-08T17:20:02.9531060Z {"suite":"mutation","seed":1,"name":"M07 ordinary streak reset","strictCompilation":true,"runtimeKilled":true,"failure":"Blind transition leave ASAP/0/0\n\n0 !== 96\n"}
2026-10-08T17:20:03.0996674Z {"suite":"mutation","seed":1,"name":"M08 movement off by one","strictCompilation":true,"runtimeKilled":true,"failure":"Blind transition leave ASAP/0/0\n\n64 !== 96\n"}
2026-10-08T17:20:03.2690459Z {"suite":"mutation","seed":1,"name":"M09 GoToJail relocation","strictCompilation":true,"runtimeKilled":true,"failure":"Invalid free state"}
2026-10-08T17:20:03.4404169Z {"suite":"mutation","seed":1,"name":"M10 CC jail card visiting","strictCompilation":true,"runtimeKilled":true,"failure":"Blind transition leave ASAP/0/31\n\n272 !== 256\n"}
2026-10-08T17:20:03.5836004Z {"suite":"mutation","seed":1,"name":"M11 Chance jail card visiting","strictCompilation":true,"runtimeKilled":true,"failure":"Blind transition leave ASAP/0/30\n\n608 !== 512\n"}
2026-10-08T17:20:03.7137225Z {"suite":"mutation","seed":1,"name":"M12 CC card multiplicity","strictCompilation":true,"runtimeKilled":true,"failure":"Transition row mass invariant"}
2026-10-08T17:20:03.8466694Z {"suite":"mutation","seed":1,"name":"M13 Chance stay multiplicity","strictCompilation":true,"runtimeKilled":true,"failure":"Transition row mass invariant"}
2026-10-08T17:20:03.9682624Z {"suite":"mutation","seed":1,"name":"M14 missing second railroad card","strictCompilation":true,"runtimeKilled":true,"failure":"Transition row mass invariant"}
2026-10-08T17:20:04.0906742Z {"suite":"mutation","seed":1,"name":"M15 nearest railroad mapping","strictCompilation":true,"runtimeKilled":true,"failure":"Blind transition leave ASAP/0/15\n\n1312 !== 1120\n"}
2026-10-08T17:20:04.2294402Z {"suite":"mutation","seed":1,"name":"M16 nearest utility mapping","strictCompilation":true,"runtimeKilled":true,"failure":"Blind transition leave ASAP/0/36\n\n0 !== 96\n"}
2026-10-08T17:20:04.3718340Z {"suite":"mutation","seed":1,"name":"M17 back-three card","strictCompilation":true,"runtimeKilled":true,"failure":"Blind transition leave ASAP/0/12\n\n512 !== 608\n"}
2026-10-08T17:20:04.4839110Z {"suite":"mutation","seed":1,"name":"M18 jail does not reset streak","strictCompilation":true,"runtimeKilled":true,"failure":"Blind transition leave ASAP/0/30\n\n608 !== 512\n"}
2026-10-08T17:20:04.6286867Z {"suite":"mutation","seed":1,"name":"M19 end-turn filter","strictCompilation":true,"runtimeKilled":true,"failure":"Blind turn landing: 0.022518443650798692 != 0.031357958722416555"}
2026-10-08T17:20:04.7522230Z {"suite":"mutation","seed":1,"name":"M20 Marvin Gardens rent edition","strictCompilation":true,"runtimeKilled":true,"failure":"Official street rents\n+ actual - expected\n\n  [\n+   22,\n-   24,\n    120,\n    360,\n    850,\n    1025,\n    1200\n"}
2026-10-08T17:20:04.9022266Z {"suite":"mutation","seed":1,"name":"M21 missing full-set rent doubling","strictCompilation":true,"runtimeKilled":true,"failure":"Blind ROI ordinaryRent\n\n2 !== 4\n"}
2026-10-08T17:20:05.0600841Z {"suite":"mutation","seed":1,"name":"M22 hotel construction investment","strictCompilation":true,"runtimeKilled":true,"failure":"Blind ROI investment\n\n260 !== 310\n"}
2026-10-08T17:20:05.2129222Z {"suite":"mutation","seed":1,"name":"M23 railroad premium missing","strictCompilation":true,"runtimeKilled":true,"failure":"Blind ROI expectedRentPerRoll: 0.7407758002128082 != 0.8130152464211912"}
2026-10-08T17:20:05.3848492Z {"suite":"mutation","seed":1,"name":"M24 utility Chance premium","strictCompilation":true,"runtimeKilled":true,"failure":"Blind ROI expectedRentPerRoll: 0.8099534939406092 != 0.8503649878708002"}
2026-10-08T17:20:05.5807292Z {"suite":"mutation","seed":1,"name":"M25 per-turn rent conversion","strictCompilation":true,"runtimeKilled":true,"failure":"Blind ROI expectedRentPerOpponentTurn: 0.03592338284004056 != 0.05058286826589295"}
2026-10-08T17:20:05.6122275Z RUN node partybox.mjs 1
2026-10-08T17:20:06.0520437Z {"suite":"partybox-exact","seed":1,"passed":true,"assertions":24023,"fuzzCases":20000}
2026-10-08T17:20:06.8129047Z {"suite":"partybox-simulation","plan":"leave ASAP","seed":1,"rolls":20000000,"statistics":48,"passed":true,"maxZ":2.085734959976426,"rollsPerTurn":{"exact":1.186623958525926,"simulated":1.186753669160491}}
2026-10-08T17:20:07.5811735Z {"suite":"partybox-simulation","plan":"stay max","seed":1,"rolls":20000000,"statistics":48,"passed":true,"maxZ":2.8008544795145047,"rollsPerTurn":{"exact":1.165896364009171,"simulated":1.1658971356938708}}
2026-10-08T17:20:07.9947262Z {"suite":"partybox-mutation","seed":1,"name":"P01 per-turn conversion dropped","strictCompilation":true,"runtimeKilled":true,"failure":"leave ASAP ROI rent 1/unimproved without color set/1: 0.04262754674929125 != 0.05058286826589295"}
2026-10-08T17:20:08.2517642Z {"suite":"partybox-mutation","seed":1,"name":"P02 railroad card premium dropped","strictCompilation":true,"runtimeKilled":true,"failure":"leave ASAP ROI rent 5/1 railroad owned/1: 0.879022312428733 != 0.964743370050246"}
2026-10-08T17:20:08.4263261Z {"suite":"partybox-mutation","seed":1,"name":"P03 full-group doubling dropped","strictCompilation":true,"runtimeKilled":true,"failure":"leave ASAP ROI rent 1/complete color set/2: 0.05058286826589295 != 0.1011657365317859"}
2026-10-08T17:20:08.5696357Z {"suite":"partybox-mutation","seed":1,"name":"P04 houses without the group earn","strictCompilation":true,"runtimeKilled":true,"failure":"leave ASAP houses without the group 1: 2.2762290719651825 !== 0"}
2026-10-08T17:20:08.6998651Z {"suite":"partybox-mutation","seed":1,"name":"P05 card pays the owned multiplier","strictCompilation":true,"runtimeKilled":true,"failure":"leave ASAP ROI rent 12/1 utility owned/1: 0.865203727406931 != 1.0090634680991"}
2026-10-08T17:20:08.8290385Z {"suite":"partybox-mutation","seed":1,"name":"P06 fresh dice mean 6","strictCompilation":true,"runtimeKilled":true,"failure":"leave ASAP ROI rent 12/1 utility owned/1: 0.8649115440849428 != 1.0090634680991"}
2026-10-08T17:20:08.9456598Z {"suite":"partybox-mutation","seed":1,"name":"P07 card rent dropped on movement dice","strictCompilation":true,"runtimeKilled":true,"failure":"leave ASAP movement utility 12/1: 0.7558641262068909 != 0.9956303606938393"}
2026-10-08T17:20:09.0651299Z {"suite":"partybox-mutation","seed":1,"name":"P08 railroad rent off by one","strictCompilation":true,"runtimeKilled":true,"failure":"leave ASAP ROI rent 5/1 railroad owned/1: 1.929486740100492 != 0.964743370050246"}
2026-10-08T17:20:09.1847618Z {"suite":"partybox-mutation","seed":1,"name":"P09 hotel invested as four houses","strictCompilation":true,"runtimeKilled":true,"failure":"leave ASAP ROI 1/hotel with color set/2: 0.024318686666294685 != 0.020396317849150383"}
2026-10-08T17:20:09.3167544Z {"suite":"partybox-mutation","seed":1,"name":"P10 coldest first","strictCompilation":true,"runtimeKilled":true,"failure":"leave ASAP hottest order"}
2026-10-08T17:20:09.4665280Z {"suite":"partybox-mutation","seed":1,"name":"P11 hottest per roll and turn swapped","strictCompilation":true,"runtimeKilled":true,"failure":"leave ASAP jail, Illinois-position 24, GO lead"}
2026-10-08T17:20:09.5673991Z {"suite":"partybox-mutation","seed":1,"name":"P12 share per roll and turn swapped","strictCompilation":true,"runtimeKilled":true,"failure":"leave ASAP share per roll 0: 0.03135795872241765 !== 0.030961230334104268"}
2026-10-08T17:20:09.6629290Z {"suite":"partybox-mutation","seed":1,"name":"P13 share counts duplicates","strictCompilation":true,"runtimeKilled":true,"failure":"leave ASAP duplicates count once: 0.14690756922297585 != 0.08813171190903636"}
2026-10-08T17:20:09.7787610Z {"suite":"partybox-mutation","seed":1,"name":"P14 multi-step build priced as one","strictCompilation":true,"runtimeKilled":true,"failure":"leave ASAP build gain 1/0->2: 0.013151545749132167 != 0.006575772874566083"}
2026-10-08T17:20:09.8867380Z {"suite":"partybox-mutation","seed":1,"name":"P15 default plan differs per site","strictCompilation":true,"runtimeKilled":true,"failure":"default options rent 1: 0.24849650880814814 !== 0.2529143413294648"}
2026-10-08T17:20:09.9828658Z {"suite":"partybox-mutation","seed":1,"name":"P16 default utility dice fresh","strictCompilation":true,"runtimeKilled":true,"failure":"leave ASAP movement utility 12/1: 1.0090634680991 != 0.9956303606938393"}
2026-10-08T17:20:10.0816965Z {"suite":"partybox-mutation","seed":1,"name":"P17 one generated digit","strictCompilation":true,"runtimeKilled":true,"failure":"leave ASAP per-roll 24: 0.0318576628665499 !== 0.0318576628665498"}
2026-10-08T17:20:10.1846282Z {"suite":"partybox-mutation","seed":1,"name":"P18 negative rent allowed","strictCompilation":true,"runtimeKilled":true,"failure":"Totality case 509: [-0.12829791230357976,0,0,0,0]"}
2026-10-08T17:20:10.2743158Z {"suite":"partybox-mutation","seed":1,"name":"P19 hottest count rounds up","strictCompilation":true,"runtimeKilled":true,"failure":"leave ASAP hottest count 2.7: 3 !== 2"}
2026-10-08T17:20:10.3758725Z {"suite":"partybox-mutation","seed":1,"name":"P20 hottest default plan","strictCompilation":true,"runtimeKilled":true,"failure":"default hottest plan and per"}
2026-10-08T17:20:10.3760262Z {"suite":"partybox","seed":1,"passed":true,"assertions":24023,"simulatedRolls":40000000,"mutants":20,"killed":20}
2026-10-08T17:20:10.4029034Z RUN node test.mjs 2
2026-10-08T17:20:10.5363784Z {"suite":"exact-and-published","seed":2,"passed":true,"assertions":37981,"exactTransitionCells":28800,"stationaryStates":240,"publishedSquares":240,"ownershipScenarios":348,"observations":[{"strategy":"leave ASAP","maxStateDifference":9.194034422677078e-16,"iterations":197,"residual":3.469446951953614e-17,"turnStartMass":0.8427269589619967,"rollsPerTurn":1.186623958525926,"tableComparisons":[{"id":"butler-per-roll","squares":40,"maxDifference":4.782849026552238e-9,"tolerance":0.0001},{"id":"butler-end-turn","squares":40,"maxDifference":4.964513661276371e-10,"tolerance":0.0001},{"id":"collins-per-roll","squares":40,"maxDifference":0.0000011468197552155779,"tolerance":0.0001,"matchedSquares":40,"documentedGaps":[],"conflictRecord":null}]},{"strategy":"stay max","maxStateDifference":8.847089727481716e-16,"iterations":255,"residual":2.7755575615628914e-17,"turnStartMass":0.8577091677010615,"rollsPerTurn":1.165896364009171,"tableComparisons":[{"id":"butler-per-roll","squares":40,"maxDifference":6.87574422397752e-9,"tolerance":0.0001},{"id":"butler-end-turn","squares":40,"maxDifference":4.994465015173422e-10,"tolerance":0.0001},{"id":"collins-per-roll","squares":40,"maxDifference":0.0006835468757442065,"tolerance":0.0001,"matchedSquares":39,"documentedGaps":[{"position":10,"difference":-0.0006835468757442065}],"conflictRecord":"CONFLICTS.md"}]}]}
2026-10-08T17:20:10.5416090Z RUN node simulate.mjs 2
2026-10-08T17:20:10.9024052Z simulation seed=2 strategy=leave ASAP rolls=10000000
2026-10-08T17:20:11.2240604Z simulation seed=2 strategy=leave ASAP rolls=20000000
2026-10-08T17:20:11.5421714Z simulation seed=2 strategy=leave ASAP rolls=30000000
2026-10-08T17:20:11.8590245Z simulation seed=2 strategy=leave ASAP rolls=40000000
2026-10-08T17:20:12.1755743Z simulation seed=2 strategy=leave ASAP rolls=50000000
2026-10-08T17:20:12.4923890Z simulation seed=2 strategy=leave ASAP rolls=60000000
2026-10-08T17:20:12.8106179Z simulation seed=2 strategy=leave ASAP rolls=70000000
2026-10-08T17:20:13.1272675Z simulation seed=2 strategy=leave ASAP rolls=80000000
2026-10-08T17:20:13.4442734Z simulation seed=2 strategy=leave ASAP rolls=90000000
2026-10-08T17:20:13.7610043Z simulation seed=2 strategy=leave ASAP rolls=100000000
2026-10-08T17:20:13.7828598Z {"suite":"simulation","strategy":"leave ASAP","seed":2,"rolls":100000000,"passed":true,"maxSigma":2.5024991114465203,"poissonResidual":1.5379335085874474e-15}
2026-10-08T17:20:14.1080776Z simulation seed=2 strategy=stay max rolls=10000000
2026-10-08T17:20:14.4208339Z simulation seed=2 strategy=stay max rolls=20000000
2026-10-08T17:20:14.7334578Z simulation seed=2 strategy=stay max rolls=30000000
2026-10-08T17:20:15.0459551Z simulation seed=2 strategy=stay max rolls=40000000
2026-10-08T17:20:15.3583634Z simulation seed=2 strategy=stay max rolls=50000000
2026-10-08T17:20:15.6710844Z simulation seed=2 strategy=stay max rolls=60000000
2026-10-08T17:20:15.9836871Z simulation seed=2 strategy=stay max rolls=70000000
2026-10-08T17:20:16.2960014Z simulation seed=2 strategy=stay max rolls=80000000
2026-10-08T17:20:16.6085136Z simulation seed=2 strategy=stay max rolls=90000000
2026-10-08T17:20:16.9219324Z simulation seed=2 strategy=stay max rolls=100000000
2026-10-08T17:20:16.9367692Z {"suite":"simulation","strategy":"stay max","seed":2,"rolls":100000000,"passed":true,"maxSigma":1.570822181594039,"poissonResidual":2.8171909249863347e-15}
2026-10-08T17:20:16.9401460Z RUN node mutate.mjs 2
2026-10-08T17:20:17.7228956Z {"suite":"mutation","seed":2,"name":"M01 denominator","strictCompilation":true,"runtimeKilled":true,"failure":"Exact common denominator\n\n9217 !== 9216\n"}
2026-10-08T17:20:18.0307125Z {"suite":"mutation","seed":2,"name":"M02 early triple-double jail","strictCompilation":true,"runtimeKilled":true,"failure":"Invalid free state"}
2026-10-08T17:20:18.2380155Z {"suite":"mutation","seed":2,"name":"M03 reversed doubles","strictCompilation":true,"runtimeKilled":true,"failure":"Blind transition leave ASAP/0/0\n\n16 !== 96\n"}
2026-10-08T17:20:18.4495080Z {"suite":"mutation","seed":2,"name":"M04 premature third jail attempt","strictCompilation":true,"runtimeKilled":true,"failure":"Blind transition stay max/118/0\n\n112 !== 16\n"}
2026-10-08T17:20:18.6259037Z {"suite":"mutation","seed":2,"name":"M05 jail doubles extra roll","strictCompilation":true,"runtimeKilled":true,"failure":"Blind transition stay max/117/0\n\n0 !== 16\n"}
2026-10-08T17:20:18.7669840Z {"suite":"mutation","seed":2,"name":"M06 ASAP inherited jail streak","strictCompilation":true,"runtimeKilled":true,"failure":"Blind transition leave ASAP/117/1\n\n0 !== 16\n"}
2026-10-08T17:20:18.8995036Z {"suite":"mutation","seed":2,"name":"M07 ordinary streak reset","strictCompilation":true,"runtimeKilled":true,"failure":"Blind transition leave ASAP/0/0\n\n0 !== 96\n"}
2026-10-08T17:20:19.0327332Z {"suite":"mutation","seed":2,"name":"M08 movement off by one","strictCompilation":true,"runtimeKilled":true,"failure":"Blind transition leave ASAP/0/0\n\n64 !== 96\n"}
2026-10-08T17:20:19.1827698Z {"suite":"mutation","seed":2,"name":"M09 GoToJail relocation","strictCompilation":true,"runtimeKilled":true,"failure":"Invalid free state"}
2026-10-08T17:20:19.3569428Z {"suite":"mutation","seed":2,"name":"M10 CC jail card visiting","strictCompilation":true,"runtimeKilled":true,"failure":"Blind transition leave ASAP/0/31\n\n272 !== 256\n"}
2026-10-08T17:20:19.5016959Z {"suite":"mutation","seed":2,"name":"M11 Chance jail card visiting","strictCompilation":true,"runtimeKilled":true,"failure":"Blind transition leave ASAP/0/30\n\n608 !== 512\n"}
2026-10-08T17:20:19.6209136Z {"suite":"mutation","seed":2,"name":"M12 CC card multiplicity","strictCompilation":true,"runtimeKilled":true,"failure":"Transition row mass invariant"}
2026-10-08T17:20:19.7348172Z {"suite":"mutation","seed":2,"name":"M13 Chance stay multiplicity","strictCompilation":true,"runtimeKilled":true,"failure":"Transition row mass invariant"}
2026-10-08T17:20:19.8514800Z {"suite":"mutation","seed":2,"name":"M14 missing second railroad card","strictCompilation":true,"runtimeKilled":true,"failure":"Transition row mass invariant"}
2026-10-08T17:20:19.9638722Z {"suite":"mutation","seed":2,"name":"M15 nearest railroad mapping","strictCompilation":true,"runtimeKilled":true,"failure":"Blind transition leave ASAP/0/15\n\n1312 !== 1120\n"}
2026-10-08T17:20:20.0758872Z {"suite":"mutation","seed":2,"name":"M16 nearest utility mapping","strictCompilation":true,"runtimeKilled":true,"failure":"Blind transition leave ASAP/0/36\n\n0 !== 96\n"}
2026-10-08T17:20:20.1934452Z {"suite":"mutation","seed":2,"name":"M17 back-three card","strictCompilation":true,"runtimeKilled":true,"failure":"Blind transition leave ASAP/0/12\n\n512 !== 608\n"}
2026-10-08T17:20:20.3022121Z {"suite":"mutation","seed":2,"name":"M18 jail does not reset streak","strictCompilation":true,"runtimeKilled":true,"failure":"Blind transition leave ASAP/0/30\n\n608 !== 512\n"}
2026-10-08T17:20:20.4388215Z {"suite":"mutation","seed":2,"name":"M19 end-turn filter","strictCompilation":true,"runtimeKilled":true,"failure":"Blind turn landing: 0.022518443650798692 != 0.031357958722416555"}
2026-10-08T17:20:20.5544212Z {"suite":"mutation","seed":2,"name":"M20 Marvin Gardens rent edition","strictCompilation":true,"runtimeKilled":true,"failure":"Official street rents\n+ actual - expected\n\n  [\n+   22,\n-   24,\n    120,\n    360,\n    850,\n    1025,\n    1200\n"}
2026-10-08T17:20:20.7111813Z {"suite":"mutation","seed":2,"name":"M21 missing full-set rent doubling","strictCompilation":true,"runtimeKilled":true,"failure":"Blind ROI ordinaryRent\n\n2 !== 4\n"}
2026-10-08T17:20:20.8451039Z {"suite":"mutation","seed":2,"name":"M22 hotel construction investment","strictCompilation":true,"runtimeKilled":true,"failure":"Blind ROI investment\n\n260 !== 310\n"}
2026-10-08T17:20:20.9777513Z {"suite":"mutation","seed":2,"name":"M23 railroad premium missing","strictCompilation":true,"runtimeKilled":true,"failure":"Blind ROI expectedRentPerRoll: 0.7407758002128082 != 0.8130152464211912"}
2026-10-08T17:20:21.1283432Z {"suite":"mutation","seed":2,"name":"M24 utility Chance premium","strictCompilation":true,"runtimeKilled":true,"failure":"Blind ROI expectedRentPerRoll: 0.8099534939406092 != 0.8503649878708002"}
2026-10-08T17:20:21.2994758Z {"suite":"mutation","seed":2,"name":"M25 per-turn rent conversion","strictCompilation":true,"runtimeKilled":true,"failure":"Blind ROI expectedRentPerOpponentTurn: 0.03592338284004056 != 0.05058286826589295"}
2026-10-08T17:20:21.3318467Z RUN node partybox.mjs 2
2026-10-08T17:20:21.7463558Z {"suite":"partybox-exact","seed":2,"passed":true,"assertions":24023,"fuzzCases":20000}
2026-10-08T17:20:22.5072107Z {"suite":"partybox-simulation","plan":"leave ASAP","seed":2,"rolls":20000000,"statistics":48,"passed":true,"maxZ":2.6056064069429135,"rollsPerTurn":{"exact":1.186623958525926,"simulated":1.1866950832671306}}
2026-10-08T17:20:23.2697129Z {"suite":"partybox-simulation","plan":"stay max","seed":2,"rolls":20000000,"statistics":48,"passed":true,"maxZ":3.0766524414234975,"rollsPerTurn":{"exact":1.165896364009171,"simulated":1.1658539110434811}}
2026-10-08T17:20:23.6824329Z {"suite":"partybox-mutation","seed":2,"name":"P01 per-turn conversion dropped","strictCompilation":true,"runtimeKilled":true,"failure":"leave ASAP ROI rent 1/unimproved without color set/1: 0.04262754674929125 != 0.05058286826589295"}
2026-10-08T17:20:23.9396514Z {"suite":"partybox-mutation","seed":2,"name":"P02 railroad card premium dropped","strictCompilation":true,"runtimeKilled":true,"failure":"leave ASAP ROI rent 5/1 railroad owned/1: 0.879022312428733 != 0.964743370050246"}
2026-10-08T17:20:24.1180590Z {"suite":"partybox-mutation","seed":2,"name":"P03 full-group doubling dropped","strictCompilation":true,"runtimeKilled":true,"failure":"leave ASAP ROI rent 1/complete color set/2: 0.05058286826589295 != 0.1011657365317859"}
2026-10-08T17:20:24.2642711Z {"suite":"partybox-mutation","seed":2,"name":"P04 houses without the group earn","strictCompilation":true,"runtimeKilled":true,"failure":"leave ASAP houses without the group 1: 2.2762290719651825 !== 0"}
2026-10-08T17:20:24.3870040Z {"suite":"partybox-mutation","seed":2,"name":"P05 card pays the owned multiplier","strictCompilation":true,"runtimeKilled":true,"failure":"leave ASAP ROI rent 12/1 utility owned/1: 0.865203727406931 != 1.0090634680991"}
2026-10-08T17:20:24.5106816Z {"suite":"partybox-mutation","seed":2,"name":"P06 fresh dice mean 6","strictCompilation":true,"runtimeKilled":true,"failure":"leave ASAP ROI rent 12/1 utility owned/1: 0.8649115440849428 != 1.0090634680991"}
2026-10-08T17:20:24.6210220Z {"suite":"partybox-mutation","seed":2,"name":"P07 card rent dropped on movement dice","strictCompilation":true,"runtimeKilled":true,"failure":"leave ASAP movement utility 12/1: 0.7558641262068909 != 0.9956303606938393"}
2026-10-08T17:20:24.7624842Z {"suite":"partybox-mutation","seed":2,"name":"P08 railroad rent off by one","strictCompilation":true,"runtimeKilled":true,"failure":"leave ASAP ROI rent 5/1 railroad owned/1: 1.929486740100492 != 0.964743370050246"}
2026-10-08T17:20:24.8796720Z {"suite":"partybox-mutation","seed":2,"name":"P09 hotel invested as four houses","strictCompilation":true,"runtimeKilled":true,"failure":"leave ASAP ROI 1/hotel with color set/2: 0.024318686666294685 != 0.020396317849150383"}
2026-10-08T17:20:24.9998256Z {"suite":"partybox-mutation","seed":2,"name":"P10 coldest first","strictCompilation":true,"runtimeKilled":true,"failure":"leave ASAP hottest order"}
2026-10-08T17:20:25.1436041Z {"suite":"partybox-mutation","seed":2,"name":"P11 hottest per roll and turn swapped","strictCompilation":true,"runtimeKilled":true,"failure":"leave ASAP jail, Illinois-position 24, GO lead"}
2026-10-08T17:20:25.2460025Z {"suite":"partybox-mutation","seed":2,"name":"P12 share per roll and turn swapped","strictCompilation":true,"runtimeKilled":true,"failure":"leave ASAP share per roll 0: 0.03135795872241765 !== 0.030961230334104268"}
2026-10-08T17:20:25.3460668Z {"suite":"partybox-mutation","seed":2,"name":"P13 share counts duplicates","strictCompilation":true,"runtimeKilled":true,"failure":"leave ASAP duplicates count once: 0.14690756922297585 != 0.08813171190903636"}
2026-10-08T17:20:25.4544451Z {"suite":"partybox-mutation","seed":2,"name":"P14 multi-step build priced as one","strictCompilation":true,"runtimeKilled":true,"failure":"leave ASAP build gain 1/0->2: 0.013151545749132167 != 0.006575772874566083"}
2026-10-08T17:20:25.5656857Z {"suite":"partybox-mutation","seed":2,"name":"P15 default plan differs per site","strictCompilation":true,"runtimeKilled":true,"failure":"default options rent 1: 0.24849650880814814 !== 0.2529143413294648"}
2026-10-08T17:20:25.6577251Z {"suite":"partybox-mutation","seed":2,"name":"P16 default utility dice fresh","strictCompilation":true,"runtimeKilled":true,"failure":"leave ASAP movement utility 12/1: 1.0090634680991 != 0.9956303606938393"}
2026-10-08T17:20:25.7541050Z {"suite":"partybox-mutation","seed":2,"name":"P17 one generated digit","strictCompilation":true,"runtimeKilled":true,"failure":"leave ASAP per-roll 24: 0.0318576628665499 !== 0.0318576628665498"}
2026-10-08T17:20:25.8559794Z {"suite":"partybox-mutation","seed":2,"name":"P18 negative rent allowed","strictCompilation":true,"runtimeKilled":true,"failure":"Totality case 634: [-0.4831756452911868,-0.002196252933141758,220,0,0]"}
2026-10-08T17:20:25.9444355Z {"suite":"partybox-mutation","seed":2,"name":"P19 hottest count rounds up","strictCompilation":true,"runtimeKilled":true,"failure":"leave ASAP hottest count 2.7: 3 !== 2"}
2026-10-08T17:20:26.0431281Z {"suite":"partybox-mutation","seed":2,"name":"P20 hottest default plan","strictCompilation":true,"runtimeKilled":true,"failure":"default hottest plan and per"}
2026-10-08T17:20:26.0433550Z {"suite":"partybox","seed":2,"passed":true,"assertions":24023,"simulatedRolls":40000000,"mutants":20,"killed":20}
2026-10-08T17:20:26.0706660Z RUN node test.mjs 3
2026-10-08T17:20:26.2145479Z {"suite":"exact-and-published","seed":3,"passed":true,"assertions":37981,"exactTransitionCells":28800,"stationaryStates":240,"publishedSquares":240,"ownershipScenarios":348,"observations":[{"strategy":"leave ASAP","maxStateDifference":9.194034422677078e-16,"iterations":197,"residual":3.469446951953614e-17,"turnStartMass":0.8427269589619967,"rollsPerTurn":1.186623958525926,"tableComparisons":[{"id":"butler-per-roll","squares":40,"maxDifference":4.782849026552238e-9,"tolerance":0.0001},{"id":"butler-end-turn","squares":40,"maxDifference":4.964513661276371e-10,"tolerance":0.0001},{"id":"collins-per-roll","squares":40,"maxDifference":0.0000011468197552155779,"tolerance":0.0001,"matchedSquares":40,"documentedGaps":[],"conflictRecord":null}]},{"strategy":"stay max","maxStateDifference":8.847089727481716e-16,"iterations":255,"residual":2.7755575615628914e-17,"turnStartMass":0.8577091677010615,"rollsPerTurn":1.165896364009171,"tableComparisons":[{"id":"butler-per-roll","squares":40,"maxDifference":6.87574422397752e-9,"tolerance":0.0001},{"id":"butler-end-turn","squares":40,"maxDifference":4.994465015173422e-10,"tolerance":0.0001},{"id":"collins-per-roll","squares":40,"maxDifference":0.0006835468757442065,"tolerance":0.0001,"matchedSquares":39,"documentedGaps":[{"position":10,"difference":-0.0006835468757442065}],"conflictRecord":"CONFLICTS.md"}]}]}
2026-10-08T17:20:26.2179017Z RUN node simulate.mjs 3
2026-10-08T17:20:26.5769188Z simulation seed=3 strategy=leave ASAP rolls=10000000
2026-10-08T17:20:26.8960345Z simulation seed=3 strategy=leave ASAP rolls=20000000
2026-10-08T17:20:27.2089406Z simulation seed=3 strategy=leave ASAP rolls=30000000
2026-10-08T17:20:27.5217269Z simulation seed=3 strategy=leave ASAP rolls=40000000
2026-10-08T17:20:27.8352914Z simulation seed=3 strategy=leave ASAP rolls=50000000
2026-10-08T17:20:28.1480732Z simulation seed=3 strategy=leave ASAP rolls=60000000
2026-10-08T17:20:28.4612776Z simulation seed=3 strategy=leave ASAP rolls=70000000
2026-10-08T17:20:28.7746908Z simulation seed=3 strategy=leave ASAP rolls=80000000
2026-10-08T17:20:29.0878727Z simulation seed=3 strategy=leave ASAP rolls=90000000
2026-10-08T17:20:29.4009152Z simulation seed=3 strategy=leave ASAP rolls=100000000
2026-10-08T17:20:29.4223539Z {"suite":"simulation","strategy":"leave ASAP","seed":3,"rolls":100000000,"passed":true,"maxSigma":2.1157739420388237,"poissonResidual":1.5379335085874474e-15}
2026-10-08T17:20:29.7501893Z simulation seed=3 strategy=stay max rolls=10000000
2026-10-08T17:20:30.0683298Z simulation seed=3 strategy=stay max rolls=20000000
2026-10-08T17:20:30.3878294Z simulation seed=3 strategy=stay max rolls=30000000
2026-10-08T17:20:30.7059001Z simulation seed=3 strategy=stay max rolls=40000000
2026-10-08T17:20:31.0240569Z simulation seed=3 strategy=stay max rolls=50000000
2026-10-08T17:20:31.3421255Z simulation seed=3 strategy=stay max rolls=60000000
2026-10-08T17:20:31.6599251Z simulation seed=3 strategy=stay max rolls=70000000
2026-10-08T17:20:31.9782004Z simulation seed=3 strategy=stay max rolls=80000000
2026-10-08T17:20:32.2962896Z simulation seed=3 strategy=stay max rolls=90000000
2026-10-08T17:20:32.6145213Z simulation seed=3 strategy=stay max rolls=100000000
2026-10-08T17:20:32.6226280Z {"suite":"simulation","strategy":"stay max","seed":3,"rolls":100000000,"passed":true,"maxSigma":2.136073308429187,"poissonResidual":2.8171909249863347e-15}
2026-10-08T17:20:32.6291475Z RUN node mutate.mjs 3
2026-10-08T17:20:33.3998002Z {"suite":"mutation","seed":3,"name":"M01 denominator","strictCompilation":true,"runtimeKilled":true,"failure":"Exact common denominator\n\n9217 !== 9216\n"}
2026-10-08T17:20:33.7183031Z {"suite":"mutation","seed":3,"name":"M02 early triple-double jail","strictCompilation":true,"runtimeKilled":true,"failure":"Invalid free state"}
2026-10-08T17:20:33.9316769Z {"suite":"mutation","seed":3,"name":"M03 reversed doubles","strictCompilation":true,"runtimeKilled":true,"failure":"Blind transition leave ASAP/0/0\n\n16 !== 96\n"}
2026-10-08T17:20:34.1517368Z {"suite":"mutation","seed":3,"name":"M04 premature third jail attempt","strictCompilation":true,"runtimeKilled":true,"failure":"Blind transition stay max/118/0\n\n112 !== 16\n"}
2026-10-08T17:20:34.3303003Z {"suite":"mutation","seed":3,"name":"M05 jail doubles extra roll","strictCompilation":true,"runtimeKilled":true,"failure":"Blind transition stay max/117/0\n\n0 !== 16\n"}
2026-10-08T17:20:34.4743162Z {"suite":"mutation","seed":3,"name":"M06 ASAP inherited jail streak","strictCompilation":true,"runtimeKilled":true,"failure":"Blind transition leave ASAP/117/1\n\n0 !== 16\n"}
2026-10-08T17:20:34.6066209Z {"suite":"mutation","seed":3,"name":"M07 ordinary streak reset","strictCompilation":true,"runtimeKilled":true,"failure":"Blind transition leave ASAP/0/0\n\n0 !== 96\n"}
2026-10-08T17:20:34.7414786Z {"suite":"mutation","seed":3,"name":"M08 movement off by one","strictCompilation":true,"runtimeKilled":true,"failure":"Blind transition leave ASAP/0/0\n\n64 !== 96\n"}
2026-10-08T17:20:34.8927029Z {"suite":"mutation","seed":3,"name":"M09 GoToJail relocation","strictCompilation":true,"runtimeKilled":true,"failure":"Invalid free state"}
2026-10-08T17:20:35.0666664Z {"suite":"mutation","seed":3,"name":"M10 CC jail card visiting","strictCompilation":true,"runtimeKilled":true,"failure":"Blind transition leave ASAP/0/31\n\n272 !== 256\n"}
2026-10-08T17:20:35.2036807Z {"suite":"mutation","seed":3,"name":"M11 Chance jail card visiting","strictCompilation":true,"runtimeKilled":true,"failure":"Blind transition leave ASAP/0/30\n\n608 !== 512\n"}
2026-10-08T17:20:35.3254532Z {"suite":"mutation","seed":3,"name":"M12 CC card multiplicity","strictCompilation":true,"runtimeKilled":true,"failure":"Transition row mass invariant"}
2026-10-08T17:20:35.4397569Z {"suite":"mutation","seed":3,"name":"M13 Chance stay multiplicity","strictCompilation":true,"runtimeKilled":true,"failure":"Transition row mass invariant"}
2026-10-08T17:20:35.5549533Z {"suite":"mutation","seed":3,"name":"M14 missing second railroad card","strictCompilation":true,"runtimeKilled":true,"failure":"Transition row mass invariant"}
2026-10-08T17:20:35.6667540Z {"suite":"mutation","seed":3,"name":"M15 nearest railroad mapping","strictCompilation":true,"runtimeKilled":true,"failure":"Blind transition leave ASAP/0/15\n\n1312 !== 1120\n"}
2026-10-08T17:20:35.7733420Z {"suite":"mutation","seed":3,"name":"M16 nearest utility mapping","strictCompilation":true,"runtimeKilled":true,"failure":"Blind transition leave ASAP/0/36\n\n0 !== 96\n"}
2026-10-08T17:20:35.8947722Z {"suite":"mutation","seed":3,"name":"M17 back-three card","strictCompilation":true,"runtimeKilled":true,"failure":"Blind transition leave ASAP/0/12\n\n512 !== 608\n"}
2026-10-08T17:20:36.0041311Z {"suite":"mutation","seed":3,"name":"M18 jail does not reset streak","strictCompilation":true,"runtimeKilled":true,"failure":"Blind transition leave ASAP/0/30\n\n608 !== 512\n"}
2026-10-08T17:20:36.1421576Z {"suite":"mutation","seed":3,"name":"M19 end-turn filter","strictCompilation":true,"runtimeKilled":true,"failure":"Blind turn landing: 0.022518443650798692 != 0.031357958722416555"}
2026-10-08T17:20:36.2551830Z {"suite":"mutation","seed":3,"name":"M20 Marvin Gardens rent edition","strictCompilation":true,"runtimeKilled":true,"failure":"Official street rents\n+ actual - expected\n\n  [\n+   22,\n-   24,\n    120,\n    360,\n    850,\n    1025,\n    1200\n"}
2026-10-08T17:20:36.3976159Z {"suite":"mutation","seed":3,"name":"M21 missing full-set rent doubling","strictCompilation":true,"runtimeKilled":true,"failure":"Blind ROI ordinaryRent\n\n2 !== 4\n"}
2026-10-08T17:20:36.5500658Z {"suite":"mutation","seed":3,"name":"M22 hotel construction investment","strictCompilation":true,"runtimeKilled":true,"failure":"Blind ROI investment\n\n260 !== 310\n"}
2026-10-08T17:20:36.7075956Z {"suite":"mutation","seed":3,"name":"M23 railroad premium missing","strictCompilation":true,"runtimeKilled":true,"failure":"Blind ROI expectedRentPerRoll: 0.7407758002128082 != 0.8130152464211912"}
2026-10-08T17:20:36.8644349Z {"suite":"mutation","seed":3,"name":"M24 utility Chance premium","strictCompilation":true,"runtimeKilled":true,"failure":"Blind ROI expectedRentPerRoll: 0.8099534939406092 != 0.8503649878708002"}
2026-10-08T17:20:37.0366855Z {"suite":"mutation","seed":3,"name":"M25 per-turn rent conversion","strictCompilation":true,"runtimeKilled":true,"failure":"Blind ROI expectedRentPerOpponentTurn: 0.03592338284004056 != 0.05058286826589295"}
2026-10-08T17:20:37.0669112Z RUN node partybox.mjs 3
2026-10-08T17:20:37.4725934Z {"suite":"partybox-exact","seed":3,"passed":true,"assertions":24023,"fuzzCases":20000}
2026-10-08T17:20:38.2339700Z {"suite":"partybox-simulation","plan":"leave ASAP","seed":3,"rolls":20000000,"statistics":48,"passed":true,"maxZ":2.541858636158746,"rollsPerTurn":{"exact":1.186623958525926,"simulated":1.1865675803632558}}
2026-10-08T17:20:38.9953422Z {"suite":"partybox-simulation","plan":"stay max","seed":3,"rolls":20000000,"statistics":48,"passed":true,"maxZ":3.6393343978616346,"rollsPerTurn":{"exact":1.165896364009171,"simulated":1.165896659933419}}
2026-10-08T17:20:39.4116984Z {"suite":"partybox-mutation","seed":3,"name":"P01 per-turn conversion dropped","strictCompilation":true,"runtimeKilled":true,"failure":"leave ASAP ROI rent 1/unimproved without color set/1: 0.04262754674929125 != 0.05058286826589295"}
2026-10-08T17:20:39.6581528Z {"suite":"partybox-mutation","seed":3,"name":"P02 railroad card premium dropped","strictCompilation":true,"runtimeKilled":true,"failure":"leave ASAP ROI rent 5/1 railroad owned/1: 0.879022312428733 != 0.964743370050246"}
2026-10-08T17:20:39.8361446Z {"suite":"partybox-mutation","seed":3,"name":"P03 full-group doubling dropped","strictCompilation":true,"runtimeKilled":true,"failure":"leave ASAP ROI rent 1/complete color set/2: 0.05058286826589295 != 0.1011657365317859"}
2026-10-08T17:20:39.9820703Z {"suite":"partybox-mutation","seed":3,"name":"P04 houses without the group earn","strictCompilation":true,"runtimeKilled":true,"failure":"leave ASAP houses without the group 1: 2.2762290719651825 !== 0"}
2026-10-08T17:20:40.1106274Z {"suite":"partybox-mutation","seed":3,"name":"P05 card pays the owned multiplier","strictCompilation":true,"runtimeKilled":true,"failure":"leave ASAP ROI rent 12/1 utility owned/1: 0.865203727406931 != 1.0090634680991"}
2026-10-08T17:20:40.2329160Z {"suite":"partybox-mutation","seed":3,"name":"P06 fresh dice mean 6","strictCompilation":true,"runtimeKilled":true,"failure":"leave ASAP ROI rent 12/1 utility owned/1: 0.8649115440849428 != 1.0090634680991"}
2026-10-08T17:20:40.3470220Z {"suite":"partybox-mutation","seed":3,"name":"P07 card rent dropped on movement dice","strictCompilation":true,"runtimeKilled":true,"failure":"leave ASAP movement utility 12/1: 0.7558641262068909 != 0.9956303606938393"}
2026-10-08T17:20:40.4626714Z {"suite":"partybox-mutation","seed":3,"name":"P08 railroad rent off by one","strictCompilation":true,"runtimeKilled":true,"failure":"leave ASAP ROI rent 5/1 railroad owned/1: 1.929486740100492 != 0.964743370050246"}
2026-10-08T17:20:40.5786307Z {"suite":"partybox-mutation","seed":3,"name":"P09 hotel invested as four houses","strictCompilation":true,"runtimeKilled":true,"failure":"leave ASAP ROI 1/hotel with color set/2: 0.024318686666294685 != 0.020396317849150383"}
2026-10-08T17:20:40.7055710Z {"suite":"partybox-mutation","seed":3,"name":"P10 coldest first","strictCompilation":true,"runtimeKilled":true,"failure":"leave ASAP hottest order"}
2026-10-08T17:20:40.8423748Z {"suite":"partybox-mutation","seed":3,"name":"P11 hottest per roll and turn swapped","strictCompilation":true,"runtimeKilled":true,"failure":"leave ASAP jail, Illinois-position 24, GO lead"}
2026-10-08T17:20:40.9403986Z {"suite":"partybox-mutation","seed":3,"name":"P12 share per roll and turn swapped","strictCompilation":true,"runtimeKilled":true,"failure":"leave ASAP share per roll 0: 0.03135795872241765 !== 0.030961230334104268"}
2026-10-08T17:20:41.0401420Z {"suite":"partybox-mutation","seed":3,"name":"P13 share counts duplicates","strictCompilation":true,"runtimeKilled":true,"failure":"leave ASAP duplicates count once: 0.14690756922297585 != 0.08813171190903636"}
2026-10-08T17:20:41.1466067Z {"suite":"partybox-mutation","seed":3,"name":"P14 multi-step build priced as one","strictCompilation":true,"runtimeKilled":true,"failure":"leave ASAP build gain 1/0->2: 0.013151545749132167 != 0.006575772874566083"}
2026-10-08T17:20:41.2556289Z {"suite":"partybox-mutation","seed":3,"name":"P15 default plan differs per site","strictCompilation":true,"runtimeKilled":true,"failure":"default options rent 1: 0.24849650880814814 !== 0.2529143413294648"}
2026-10-08T17:20:41.3592590Z {"suite":"partybox-mutation","seed":3,"name":"P16 default utility dice fresh","strictCompilation":true,"runtimeKilled":true,"failure":"leave ASAP movement utility 12/1: 1.0090634680991 != 0.9956303606938393"}
2026-10-08T17:20:41.5026709Z {"suite":"partybox-mutation","seed":3,"name":"P17 one generated digit","strictCompilation":true,"runtimeKilled":true,"failure":"leave ASAP per-roll 24: 0.0318576628665499 !== 0.0318576628665498"}
2026-10-08T17:20:41.6215178Z {"suite":"partybox-mutation","seed":3,"name":"P18 negative rent allowed","strictCompilation":true,"runtimeKilled":true,"failure":"Totality case 842: [-0.7312239152004588,0,0,0,0]"}
2026-10-08T17:20:41.7229921Z {"suite":"partybox-mutation","seed":3,"name":"P19 hottest count rounds up","strictCompilation":true,"runtimeKilled":true,"failure":"leave ASAP hottest count 2.7: 3 !== 2"}
2026-10-08T17:20:41.8254018Z {"suite":"partybox-mutation","seed":3,"name":"P20 hottest default plan","strictCompilation":true,"runtimeKilled":true,"failure":"default hottest plan and per"}
2026-10-08T17:20:41.8256622Z {"suite":"partybox","seed":3,"passed":true,"assertions":24023,"simulatedRolls":40000000,"mutants":20,"killed":20}
2026-10-08T17:20:41.8500932Z RUN node hashes.mjs
2026-10-08T17:20:41.8765233Z SHA256: 67 files verified
2026-10-08T17:20:41.8812157Z {"suite":"complete","passed":true,"node":"v22.16.0","typescript":"5.8.3","seeds":[1,2,3],"totals":{"exactTransitionCells":86400,"stationaryStates":720,"publishedSquares":720,"matchedPublishedSquares":717,"documentedPublishedGaps":3,"requiredButlerComparisons":480,"roiScenarios":1044,"simulationRolls":600000000,"simulationSquares":240,"strictCompiledMutants":75,"runtimeKilledMutants":75,"partyboxRoiRows":1044,"partyboxSimulationRolls":120000000,"partyboxSimulatedStatistics":288,"partyboxStrictCompiledMutants":60,"partyboxRuntimeKilledMutants":60}}
2026-10-08T17:20:41.8963887Z ##[group]Run actions/upload-artifact@v4
2026-10-08T17:20:41.8964128Z with:
2026-10-08T17:20:41.8964295Z   name: B08-verification
2026-10-08T17:20:41.8964521Z   path: jobs/B08-monopoly-markov/.verification/
2026-10-08T17:20:41.8965050Z   include-hidden-files: true
2026-10-08T17:20:41.8965249Z   if-no-files-found: warn
2026-10-08T17:20:41.8965441Z   compression-level: 6
2026-10-08T17:20:41.8965616Z   overwrite: false
2026-10-08T17:20:41.8965783Z ##[endgroup]
2026-10-08T17:20:42.0294969Z (node:2337) [DEP0040] DeprecationWarning: The `punycode` module is deprecated. Please use a userland alternative instead.
2026-10-08T17:20:42.0296054Z (Use `node --trace-deprecation ...` to show where the warning was created)
2026-10-08T17:20:42.0476334Z With the provided path, there will be 148 files uploaded
2026-10-08T17:20:42.0480790Z Artifact name is valid!
2026-10-08T17:20:42.0481243Z Root directory input is valid!
2026-10-08T17:20:42.2927316Z Beginning upload of artifact content to blob storage
2026-10-08T17:20:42.4114829Z (node:2337) [DEP0169] DeprecationWarning: `url.parse()` behavior is not standardized and prone to errors that have security implications. Use the WHATWG URL API instead. CVEs are not issued for `url.parse()` vulnerabilities.
2026-10-08T17:20:42.4688644Z Uploaded bytes 678280
2026-10-08T17:20:42.4820770Z Finished uploading artifact content to blob storage!
2026-10-08T17:20:42.4821417Z SHA256 digest of uploaded artifact zip is bffe5a090cdf7b0ef33a89fb5fca2358c05c8a70ff020a51b5c37f2fe35067f3
2026-10-08T17:20:42.4822604Z Finalizing artifact upload
2026-10-08T17:20:42.7015630Z Artifact B08-verification.zip successfully finalized. Artifact ID 11566339013
2026-10-08T17:20:42.7016695Z Artifact B08-verification has been successfully uploaded! Final size is 678280 bytes. Artifact ID is 11566339013
2026-10-08T17:20:42.7017887Z Artifact download URL: https://github.com/luisitin/partybox-gpt-drops/actions/runs/37815695050/artifacts/11566339013
2026-10-08T17:20:42.7177337Z Post job cleanup.
2026-10-08T17:20:42.8154212Z (node:2351) [DEP0040] DeprecationWarning: The `punycode` module is deprecated. Please use a userland alternative instead.
2026-10-08T17:20:42.8155017Z (Use `node --trace-deprecation ...` to show where the warning was created)
2026-10-08T17:20:42.8304878Z Post job cleanup.
2026-10-08T17:20:42.8979233Z [command]/usr/bin/git version
2026-10-08T17:20:42.9014108Z git version 2.55.0
2026-10-08T17:20:42.9045904Z Temporarily overriding HOME='/home/runner/work/_temp/864252a4-5fd7-4c89-8649-f2b04409e091' before making global git config changes
2026-10-08T17:20:42.9046967Z Adding repository directory to the temporary git global config as a safe directory
2026-10-08T17:20:42.9049903Z [command]/usr/bin/git config --global --add safe.directory /home/runner/work/partybox-gpt-drops/partybox-gpt-drops
2026-10-08T17:20:42.9081573Z [command]/usr/bin/git config --local --name-only --get-regexp core\.sshCommand
2026-10-08T17:20:42.9109239Z [command]/usr/bin/git submodule foreach --recursive sh -c "git config --local --name-only --get-regexp 'core\.sshCommand' && git config --local --unset-all 'core.sshCommand' || :"
2026-10-08T17:20:42.9360724Z [command]/usr/bin/git config --local --name-only --get-regexp http\.https\:\/\/github\.com\/\.extraheader
2026-10-08T17:20:42.9395270Z http.https://github.com/.extraheader
2026-10-08T17:20:42.9406738Z [command]/usr/bin/git config --local --unset-all http.https://github.com/.extraheader
2026-10-08T17:20:42.9432144Z [command]/usr/bin/git submodule foreach --recursive sh -c "git config --local --name-only --get-regexp 'http\.https\:\/\/github\.com\/\.extraheader' && git config --local --unset-all 'http.https://github.com/.extraheader' || :"
2026-10-08T17:20:42.9699046Z [command]/usr/bin/git config --local --name-only --get-regexp ^includeIf\.gitdir:
2026-10-08T17:20:42.9739278Z [command]/usr/bin/git submodule foreach --recursive git config --local --show-origin --name-only --get-regexp remote.origin.url
2026-10-08T17:20:43.0137839Z Cleaning up orphan processes
2026-10-08T17:20:43.0430668Z ##[warning]Node.js 20 is deprecated. The following actions target Node.js 20 but are being forced to run on Node.js 24: actions/checkout@v4, actions/setup-node@v4, actions/upload-artifact@v4. For more information see: https://github.blog/changelog/2025-09-19-deprecation-of-node-20-on-github-actions-runners/
