2026-10-09T07:57:27.3469636Z Current runner version: '2.337.0'
2026-10-09T07:57:27.3484122Z ##[group]Runner Image Provisioner
2026-10-09T07:57:27.3484704Z Hosted Compute Agent
2026-10-09T07:57:27.3485045Z Version: 20261002.596
2026-10-09T07:57:27.3485464Z Commit: c3d12f3313a95f25162a1503be624f3b0617f8c0
2026-10-09T07:57:27.3485871Z Build Date: 2026-10-02T22:28:27Z
2026-10-09T07:57:27.3486278Z Worker ID: {910102f6-1a24-4e03-90b0-eef07c61587b}
2026-10-09T07:57:27.3486716Z Region: westus2
2026-10-09T07:57:27.3487038Z Cloud: Azure
2026-10-09T07:57:27.3487373Z ##[endgroup]
2026-10-09T07:57:27.3488072Z ##[group]Operating System
2026-10-09T07:57:27.3488449Z Ubuntu
2026-10-09T07:57:27.3488806Z 24.04.5
2026-10-09T07:57:27.3489105Z LTS
2026-10-09T07:57:27.3489393Z ##[endgroup]
2026-10-09T07:57:27.3489782Z ##[group]Runner Image
2026-10-09T07:57:27.3490152Z Image: ubuntu-24.04
2026-10-09T07:57:27.3490517Z Version: 20261004.327.1
2026-10-09T07:57:27.3491389Z Included Software: https://github.com/actions/runner-images/blob/ubuntu24/20261004.327/images/ubuntu/Ubuntu2404-Readme.md
2026-10-09T07:57:27.3492301Z Image Release: https://github.com/actions/runner-images/releases/tag/ubuntu24%2F20261004.327
2026-10-09T07:57:27.3492865Z ##[endgroup]
2026-10-09T07:57:27.3493508Z ##[group]GITHUB_TOKEN Permissions
2026-10-09T07:57:27.3494643Z Contents: read
2026-10-09T07:57:27.3495020Z Metadata: read
2026-10-09T07:57:27.3495373Z ##[endgroup]
2026-10-09T07:57:27.3496518Z Secret source: Actions
2026-10-09T07:57:27.3497119Z Cache mode: write
2026-10-09T07:57:27.3497487Z Prepare workflow directory
2026-10-09T07:57:27.4537738Z Prepare all required actions
2026-10-09T07:57:27.4566979Z Getting action download info
2026-10-09T07:57:27.8058951Z Download action repository 'actions/checkout@v4' (SHA:11d5960a326750d5838078e36cf38b85af677262)
2026-10-09T07:57:28.3509314Z Download action repository 'actions/setup-node@v4' (SHA:49933ea5288caeca8642d1e84afbd3f7d6820020)
2026-10-09T07:57:28.9157104Z Download action repository 'actions/upload-artifact@v4' (SHA:ea165f8d65b6e75b540449e92b4886f43607fa02)
2026-10-09T07:57:29.4703365Z Complete job name: verify
2026-10-09T07:57:29.5238420Z ##[group]Run actions/checkout@v4
2026-10-09T07:57:29.5239164Z with:
2026-10-09T07:57:29.5239717Z   repository: luisitin/partybox-gpt-drops
2026-10-09T07:57:29.5244688Z   token: ***
2026-10-09T07:57:29.5245203Z   ssh-strict: true
2026-10-09T07:57:29.5245771Z   ssh-user: git
2026-10-09T07:57:29.5246325Z   persist-credentials: true
2026-10-09T07:57:29.5246914Z   clean: true
2026-10-09T07:57:29.5247466Z   sparse-checkout-cone-mode: true
2026-10-09T07:57:29.5248112Z   fetch-depth: 1
2026-10-09T07:57:29.5248635Z   fetch-tags: false
2026-10-09T07:57:29.5249180Z   show-progress: true
2026-10-09T07:57:29.5249719Z   lfs: false
2026-10-09T07:57:29.5250226Z   submodules: false
2026-10-09T07:57:29.5250770Z   set-safe-directory: true
2026-10-09T07:57:29.5251464Z   allow-unsafe-pr-checkout: false
2026-10-09T07:57:29.5252179Z ##[endgroup]
2026-10-09T07:57:29.5902569Z Syncing repository: luisitin/partybox-gpt-drops
2026-10-09T07:57:29.5904908Z ##[group]Getting Git version info
2026-10-09T07:57:29.5906377Z Working directory is '/home/runner/work/partybox-gpt-drops/partybox-gpt-drops'
2026-10-09T07:57:29.5908422Z [command]/usr/bin/git version
2026-10-09T07:57:29.5946121Z git version 2.55.0
2026-10-09T07:57:29.5961092Z ##[endgroup]
2026-10-09T07:57:29.5976485Z Temporarily overriding HOME='/home/runner/work/_temp/cce042b8-4e19-4f89-a1be-b0eb66afba68' before making global git config changes
2026-10-09T07:57:29.5980797Z Adding repository directory to the temporary git global config as a safe directory
2026-10-09T07:57:29.5983559Z [command]/usr/bin/git config --global --add safe.directory /home/runner/work/partybox-gpt-drops/partybox-gpt-drops
2026-10-09T07:57:29.6027724Z Deleting the contents of '/home/runner/work/partybox-gpt-drops/partybox-gpt-drops'
2026-10-09T07:57:29.6031358Z ##[group]Initializing the repository
2026-10-09T07:57:29.6034142Z [command]/usr/bin/git init /home/runner/work/partybox-gpt-drops/partybox-gpt-drops
2026-10-09T07:57:29.6140586Z hint: Using 'master' as the name for the initial branch. This default branch name
2026-10-09T07:57:29.6142516Z hint: will change to "main" in Git 3.0. To configure the initial branch name
2026-10-09T07:57:29.6144223Z hint: to use in all of your new repositories, which will suppress this warning,
2026-10-09T07:57:29.6145893Z hint: call:
2026-10-09T07:57:29.6146568Z hint:
2026-10-09T07:57:29.6147477Z hint: 	git config --global init.defaultBranch <name>
2026-10-09T07:57:29.6148566Z hint:
2026-10-09T07:57:29.6149642Z hint: Names commonly chosen instead of 'master' are 'main', 'trunk' and
2026-10-09T07:57:29.6151415Z hint: 'development'. The just-created branch can be renamed via this command:
2026-10-09T07:57:29.6152724Z hint:
2026-10-09T07:57:29.6153462Z hint: 	git branch -m <name>
2026-10-09T07:57:29.6154300Z hint:
2026-10-09T07:57:29.6155430Z hint: Disable this message with "git config set advice.defaultBranchName false"
2026-10-09T07:57:29.6157651Z Initialized empty Git repository in /home/runner/work/partybox-gpt-drops/partybox-gpt-drops/.git/
2026-10-09T07:57:29.6160508Z [command]/usr/bin/git remote add origin https://github.com/luisitin/partybox-gpt-drops
2026-10-09T07:57:29.6200016Z ##[endgroup]
2026-10-09T07:57:29.6201506Z ##[group]Disabling automatic garbage collection
2026-10-09T07:57:29.6203123Z [command]/usr/bin/git config --local gc.auto 0
2026-10-09T07:57:29.6238330Z ##[endgroup]
2026-10-09T07:57:29.6239621Z ##[group]Setting up auth
2026-10-09T07:57:29.6243029Z [command]/usr/bin/git config --local --name-only --get-regexp core\.sshCommand
2026-10-09T07:57:29.6270847Z [command]/usr/bin/git submodule foreach --recursive sh -c "git config --local --name-only --get-regexp 'core\.sshCommand' && git config --local --unset-all 'core.sshCommand' || :"
2026-10-09T07:57:29.6559624Z [command]/usr/bin/git config --local --name-only --get-regexp http\.https\:\/\/github\.com\/\.extraheader
2026-10-09T07:57:29.6590463Z [command]/usr/bin/git submodule foreach --recursive sh -c "git config --local --name-only --get-regexp 'http\.https\:\/\/github\.com\/\.extraheader' && git config --local --unset-all 'http.https://github.com/.extraheader' || :"
2026-10-09T07:57:29.6757629Z [command]/usr/bin/git config --local --name-only --get-regexp ^includeIf\.gitdir:
2026-10-09T07:57:29.6785142Z [command]/usr/bin/git submodule foreach --recursive git config --local --show-origin --name-only --get-regexp remote.origin.url
2026-10-09T07:57:29.6957318Z [command]/usr/bin/git config --local http.https://github.com/.extraheader AUTHORIZATION: basic ***
2026-10-09T07:57:29.6990003Z ##[endgroup]
2026-10-09T07:57:29.6990878Z ##[group]Fetching the repository
2026-10-09T07:57:29.6996225Z [command]/usr/bin/git -c protocol.version=2 fetch --no-tags --prune --no-recurse-submodules --depth=1 origin +ae7539a43627580fe69ebc96a0ad8990efff5810:refs/remotes/pull/24/merge
2026-10-09T07:57:30.8344117Z From https://github.com/luisitin/partybox-gpt-drops
2026-10-09T07:57:30.8344773Z  * [new ref]         ae7539a43627580fe69ebc96a0ad8990efff5810 -> pull/24/merge
2026-10-09T07:57:30.8348216Z ##[endgroup]
2026-10-09T07:57:30.8348560Z ##[group]Determining the checkout info
2026-10-09T07:57:30.8350340Z ##[endgroup]
2026-10-09T07:57:30.8355803Z [command]/usr/bin/git sparse-checkout disable
2026-10-09T07:57:30.8399920Z [command]/usr/bin/git config --local --unset-all extensions.worktreeConfig
2026-10-09T07:57:30.8453874Z ##[group]Checking out the ref
2026-10-09T07:57:30.8454143Z [command]/usr/bin/git checkout --progress --force refs/remotes/pull/24/merge
2026-10-09T07:57:31.0415409Z Note: switching to 'refs/remotes/pull/24/merge'.
2026-10-09T07:57:31.0415675Z 
2026-10-09T07:57:31.0415830Z You are in 'detached HEAD' state. You can look around, make experimental
2026-10-09T07:57:31.0416089Z changes and commit them, and you can discard any commits you make in this
2026-10-09T07:57:31.0416346Z state without impacting any branches by switching back to a branch.
2026-10-09T07:57:31.0416526Z 
2026-10-09T07:57:31.0416646Z If you want to create a new branch to retain commits you create, you may
2026-10-09T07:57:31.0417317Z do so (now or later) by using -c with the switch command. Example:
2026-10-09T07:57:31.0417465Z 
2026-10-09T07:57:31.0417533Z   git switch -c <new-branch-name>
2026-10-09T07:57:31.0417629Z 
2026-10-09T07:57:31.0417697Z Or undo this operation with:
2026-10-09T07:57:31.0417796Z 
2026-10-09T07:57:31.0417848Z   git switch -
2026-10-09T07:57:31.0417927Z 
2026-10-09T07:57:31.0418044Z Turn off this advice by setting config variable advice.detachedHead to false
2026-10-09T07:57:31.0418208Z 
2026-10-09T07:57:31.0418393Z HEAD is now at ae7539a Merge 9c14f8525a2c7eda2acd50974b3781d1e0d74e0b into 90378abaaa7cbc3f4a61b58087c1ea4a9f4a8b26
2026-10-09T07:57:31.0434315Z ##[endgroup]
2026-10-09T07:57:31.0472504Z [command]/usr/bin/git log -1 --format=%H
2026-10-09T07:57:31.0494025Z ae7539a43627580fe69ebc96a0ad8990efff5810
2026-10-09T07:57:31.0735324Z ##[group]Run actions/setup-node@v4
2026-10-09T07:57:31.0735481Z with:
2026-10-09T07:57:31.0735600Z   node-version: 22.16.0
2026-10-09T07:57:31.0735726Z   cache: npm
2026-10-09T07:57:31.0735897Z   cache-dependency-path: jobs/B07-yahtzee-optimal/package-lock.json
2026-10-09T07:57:31.0736101Z   always-auth: false
2026-10-09T07:57:31.0736221Z   check-latest: false
2026-10-09T07:57:31.0737592Z   token: ***
2026-10-09T07:57:31.0737704Z ##[endgroup]
2026-10-09T07:57:31.1570142Z Attempting to download 22.16.0...
2026-10-09T07:57:31.1635350Z (node:2076) [DEP0040] DeprecationWarning: The `punycode` module is deprecated. Please use a userland alternative instead.
2026-10-09T07:57:31.1635947Z (Use `node --trace-deprecation ...` to show where the warning was created)
2026-10-09T07:57:31.6536218Z Acquiring 22.16.0 - x64 from https://github.com/actions/node-versions/releases/download/22.16.0-15177438473/node-22.16.0-linux-x64.tar.gz
2026-10-09T07:57:32.0536932Z Extracting ...
2026-10-09T07:57:32.0618040Z [command]/usr/bin/tar xz --strip 1 --warning=no-unknown-keyword --overwrite -C /home/runner/work/_temp/016f5c1d-2ad0-4d5c-9de2-6aaf9c60db18 -f /home/runner/work/_temp/b07ae067-7a6b-462c-be04-4d7691398d03
2026-10-09T07:57:32.9184770Z Adding to the cache ...
2026-10-09T07:57:34.5517910Z ##[group]Environment details
2026-10-09T07:57:34.6843320Z node: v22.16.0
2026-10-09T07:57:34.6843545Z npm: 10.9.2
2026-10-09T07:57:34.6843646Z yarn: 1.22.22
2026-10-09T07:57:34.6844048Z ##[endgroup]
2026-10-09T07:57:34.6854663Z [command]/opt/hostedtoolcache/node/22.16.0/x64/bin/npm config get cache
2026-10-09T07:57:34.7399921Z /home/runner/.npm
2026-10-09T07:57:35.0070003Z npm cache is not found
2026-10-09T07:57:35.0200024Z ##[group]Run npm ci
2026-10-09T07:57:35.0200185Z [36;1mnpm ci[0m
2026-10-09T07:57:35.0200294Z [36;1mnpm test[0m
2026-10-09T07:57:35.0413060Z shell: /usr/bin/bash -e {0}
2026-10-09T07:57:35.0413203Z env:
2026-10-09T07:57:35.0413307Z   OMP_NUM_THREADS: 2
2026-10-09T07:57:35.0413422Z ##[endgroup]
2026-10-09T07:57:35.4605429Z 
2026-10-09T07:57:35.4610777Z added 1 package, and audited 2 packages in 383ms
2026-10-09T07:57:35.4610975Z 
2026-10-09T07:57:35.4611095Z found 0 vulnerabilities
2026-10-09T07:57:35.5471004Z 
2026-10-09T07:57:35.5471646Z > b07-yahtzee-optimal@1.0.0 test
2026-10-09T07:57:35.5471853Z > node run.mjs
2026-10-09T07:57:35.5471922Z 
2026-10-09T07:57:50.3001809Z seed 1: 5000/10000 exact midgame comparisons
2026-10-09T07:57:52.5874769Z seed 1: 10000/10000 exact midgame comparisons
2026-10-09T07:57:55.0517851Z seed 2: 5000/10000 exact midgame comparisons
2026-10-09T07:57:57.3824370Z seed 2: 10000/10000 exact midgame comparisons
2026-10-09T07:57:59.8733522Z seed 3: 5000/10000 exact midgame comparisons
2026-10-09T07:58:02.0884034Z seed 3: 10000/10000 exact midgame comparisons
2026-10-09T07:58:25.2097252Z {"partyboxPort":"PASS","tables":{"valid":1072896,"invalid":1024256},"suites":3,"differential":16644,"adapterGames":["official/1:255.99 (0.39 SE)","published/1:256.54 (0.55 SE)","official/2:256.36 (0.50 SE)","published/2:253.85 (-0.20 SE)","official/3:254.42 (-0.05 SE)","published/3:254.98 (0.12 SE)"],"mutantsKilled":16,"seconds":42}
2026-10-09T07:58:25.3361149Z {"reportSessionSelfcheck":{"passed":true,"assertions":47,"successfulInvocations":2,"failedInvocations":4,"records":[{"name":"first actual invocation","code":0,"passed":true},{"name":"second actual invocation","code":0,"passed":true},{"name":"failed actual child","code":7,"signal":null,"passed":false},{"name":"terminated actual child","code":143,"signal":"SIGTERM","passed":false},{"name":"thrown exception","passed":false},{"name":"actual missing executable","passed":false}],"syntheticReportTransportOnly":true,"description":"Actual child exits, SIGTERM, exception and ENOENT exercise the production report-session helper; no solver semantic count is claimed by these fixtures."}}
2026-10-09T07:58:25.3390932Z B07 full seed 1: begin
2026-10-09T07:58:26.4755091Z {"standalonePrimaryGeneration":"PASS","mode":"official","expectedValue":254.58772873449593,"canonicalComponents":359616,"validStates":536448,"tableEntries":1048576,"seed":1,"regeneratedSHA256":"6e93512a9b983afa721f6a7f1c51261a3d464f469b6c89a0c21e689efd76cbe1","generatorSHA256":"4148ffd21aeb266a7f02420cd8b91118ecc5a97e01cca527d8a4ed2bd763c633","logSHA256":"017c09517e083b43acf6bf37632ed7c56011f07e88d096be49390d7289abac45"}
2026-10-09T07:58:27.6214668Z {"standalonePrimaryGeneration":"PASS","mode":"published","expectedValue":254.58960948196315,"canonicalComponents":359616,"validStates":536448,"tableEntries":1048576,"seed":1,"regeneratedSHA256":"2b2f401a4d6588decb2fbdab46eb86989d8ce6faa8f4a677b534306bb93b314c","generatorSHA256":"4148ffd21aeb266a7f02420cd8b91118ecc5a97e01cca527d8a4ed2bd763c633","logSHA256":"a8f982b9c17749654b8605f2c21ad42c62520e4bdd21ed3986de3626982a3c8c"}
2026-10-09T07:58:27.6388010Z prepared 462 holds,252 rolls,4368 weighted completions
2026-10-09T07:58:27.8862712Z official mask=7680 computed=29964 copied=14612
2026-10-09T07:58:28.1414162Z official mask=7168 computed=59932 copied=29348
2026-10-09T07:58:28.3972193Z official mask=6656 computed=89900 copied=44084
2026-10-09T07:58:28.6604042Z official mask=6144 computed=119868 copied=58820
2026-10-09T07:58:28.7920732Z official mask=5632 computed=134852 copied=66188
2026-10-09T07:58:28.9296382Z official mask=5120 computed=149836 copied=73556
2026-10-09T07:58:29.0674125Z official mask=4608 computed=164820 copied=80924
2026-10-09T07:58:29.2124926Z official mask=4096 computed=179804 copied=88292
2026-10-09T07:58:29.4657339Z official mask=3584 computed=209772 copied=103028
2026-10-09T07:58:29.7290118Z official mask=3072 computed=239740 copied=117764
2026-10-09T07:58:29.9922757Z official mask=2560 computed=269708 copied=132500
2026-10-09T07:58:30.2673417Z official mask=2048 computed=299676 copied=147236
2026-10-09T07:58:30.4089705Z official mask=1536 computed=314660 copied=154604
2026-10-09T07:58:30.5535438Z official mask=1024 computed=329644 copied=161972
2026-10-09T07:58:30.6976060Z official mask=512 computed=344628 copied=169340
2026-10-09T07:58:30.8475342Z official mask=0 computed=359612 copied=176708
2026-10-09T07:58:30.8679398Z prepared 462 holds,252 rolls,4368 weighted completions
2026-10-09T07:58:31.1157732Z published mask=7680 computed=29964 copied=14612
2026-10-09T07:58:31.3706334Z published mask=7168 computed=59932 copied=29348
2026-10-09T07:58:31.6255957Z published mask=6656 computed=89900 copied=44084
2026-10-09T07:58:31.8901059Z published mask=6144 computed=119868 copied=58820
2026-10-09T07:58:32.0232189Z published mask=5632 computed=134852 copied=66188
2026-10-09T07:58:32.1616139Z published mask=5120 computed=149836 copied=73556
2026-10-09T07:58:32.3002569Z published mask=4608 computed=164820 copied=80924
2026-10-09T07:58:32.4479807Z published mask=4096 computed=179804 copied=88292
2026-10-09T07:58:32.7022258Z published mask=3584 computed=209772 copied=103028
2026-10-09T07:58:32.9659112Z published mask=3072 computed=239740 copied=117764
2026-10-09T07:58:33.2302486Z published mask=2560 computed=269708 copied=132500
2026-10-09T07:58:33.5079641Z published mask=2048 computed=299676 copied=147236
2026-10-09T07:58:33.6459425Z published mask=1536 computed=314660 copied=154604
2026-10-09T07:58:33.7907828Z published mask=1024 computed=329644 copied=161972
2026-10-09T07:58:33.9375963Z published mask=512 computed=344628 copied=169340
2026-10-09T07:58:34.0949846Z published mask=0 computed=359612 copied=176708
2026-10-09T07:58:35.1378747Z {"passed":true,"assertions":16,"syntheticProtocolOnly":true,"description":"Fresh/direct/audit/reused/new record counts, exact-byte corruption, duplicate/order/partial rejection and source fingerprint mismatch. No semantic strategy success is claimed by synthetic vectors."}
2026-10-09T07:58:37.8869162Z seed 1: 5000/50000 exact midgame comparisons
2026-10-09T07:58:40.0547604Z seed 1: 10000/50000 exact midgame comparisons
2026-10-09T07:58:42.2130383Z seed 1: 15000/50000 exact midgame comparisons
2026-10-09T07:58:44.3552332Z seed 1: 20000/50000 exact midgame comparisons
2026-10-09T07:58:46.4772872Z seed 1: 25000/50000 exact midgame comparisons
2026-10-09T07:58:48.6413491Z seed 1: 30000/50000 exact midgame comparisons
2026-10-09T07:58:50.7944104Z seed 1: 35000/50000 exact midgame comparisons
2026-10-09T07:58:52.8989091Z seed 1: 40000/50000 exact midgame comparisons
2026-10-09T07:58:55.0743907Z seed 1: 45000/50000 exact midgame comparisons
2026-10-09T07:58:57.2377889Z seed 1: 50000/50000 exact midgame comparisons
2026-10-09T07:58:57.2387430Z {"passed":true,"seed":1,"boundaries":{"passed":true,"assertions":1056},"fullTables":{"passed":true,"tolerance":1e-10,"modes":[{"mode":"official","statesCompared":536448,"maximumDifference":8.526512829121202e-13,"worstIndex":245800,"primaryStartingValue":254.58772873449593,"independentStartingValue":254.5877287344961},{"mode":"published","statesCompared":536448,"maximumDifference":9.379164112033322e-13,"worstIndex":368677,"primaryStartingValue":254.58960948196315,"independentStartingValue":254.58960948196366}],"actionSupersetInvariant":{"passed":true,"monotonicPairs":536448,"minimumGap":0,"maximumGap":0.15396235930569446,"worstIndex":6477,"tolerance":1e-10}},"scoring":{"passed":true,"seed":1,"orderedRolls":7776,"categories":13,"modes":2,"scoringCases":202176},"random":{"passed":true,"seed":1,"states":50000,"distinctScorecards":47533,"modes":{"official":25000,"published":25000},"rollLayers":[16667,16667,16666],"orderedHoldChecks":33333,"tolerance":1e-10,"maximumValueDifference":7.389644451905042e-13,"maximumHoldResidual":1.0103917702508625e-11,"holdAlternates":317,"categoryAlternates":0,"alternateMeaning":"Different floating evaluation orders may select different holds within the declared roundoff tolerance; every selected hold was directly evaluated with ordered chance outcomes."}}
2026-10-09T07:58:57.9224202Z {"seed":1,"name":"M01 upper bonus","before":"card.upper+points>=63?35:0","after":"card.upper+points>=63?34:0","strictCompilation":true,"runtimeKilled":true,"gate":"manual, independent boundary and contract checks","failure":"Expected values to be strictly deep-equal:\n+ actual - expected\n... Skipped lines\n\n  {\n    legal: true,\n    next: {\n      ruleMode: 'official',\n      upper: 63,\n...\n    points: 18,\n+   upperBonus: 34,\n-   upperBonus: 35,\n    yahtzeeBonus: 0\n  }\n"}
2026-10-09T07:58:58.1709631Z {"seed":1,"name":"M02 Yahtzee bonus","before":"card.yahtzeeBonus?100:0","after":"card.yahtzeeBonus?99:0","strictCompilation":true,"runtimeKilled":true,"gate":"manual, independent boundary and contract checks","failure":"Extra Yahtzee/Joker legal choices\n+ actual - expected\n... Skipped lines\n\n  {\n    legal: true,\n    next: {\n      ruleMode: 'official',\n      upper: 5,\n...\n    upperBonus: 0,\n+   yahtzeeBonus: 99\n-   yahtzeeBonus: 100\n  }\n"}
2026-10-09T07:58:58.3300313Z {"seed":1,"name":"M03 capped upper","before":"Math.min(63,card.upper+points)","after":"Math.min(62,card.upper+points)","strictCompilation":true,"runtimeKilled":true,"gate":"manual, independent boundary and contract checks","failure":"Expected values to be strictly deep-equal:\n+ actual - expected\n\n  {\n    legal: true,\n    next: {\n      ruleMode: 'official',\n+     upper: 62,\n-     upper: 63,\n      usedMask: 63,\n      yahtzeeBonus: false\n    },\n    points: 18,\n    upperBonus: 35,\n"}
2026-10-09T07:58:58.4564010Z {"seed":1,"name":"M04 full house","before":"case 8:return pair&&triple?25:0","after":"case 8:return pair&&triple?24:0","strictCompilation":true,"runtimeKilled":true,"gate":"manual, independent boundary and contract checks","failure":"Manual scoring and transition\n+ actual - expected\n... Skipped lines\n\n  {\n    legal: true,\n    next: {\n      ruleMode: 'official',\n      upper: 0,\n...\n    },\n+   points: 24,\n-   points: 25,\n    upperBonus: 0,\n    yahtzeeBonus: 0\n  }\n"}
2026-10-09T07:58:58.5764435Z {"seed":1,"name":"M05 small straight","before":"(bits&60)===60?30:0","after":"(bits&60)===60?29:0","strictCompilation":true,"runtimeKilled":true,"gate":"manual, independent boundary and contract checks","failure":"Manual scoring and transition\n+ actual - expected\n... Skipped lines\n\n  {\n    legal: true,\n    next: {\n      ruleMode: 'official',\n      upper: 0,\n...\n    },\n+   points: 29,\n-   points: 30,\n    upperBonus: 0,\n    yahtzeeBonus: 0\n  }\n"}
2026-10-09T07:58:58.6813775Z {"seed":1,"name":"M06 large straight","before":"case 10:return bits===31||bits===62?40:0","after":"case 10:return bits===31||bits===62?39:0","strictCompilation":true,"runtimeKilled":true,"gate":"manual, independent boundary and contract checks","failure":"Manual scoring and transition\n+ actual - expected\n... Skipped lines\n\n  {\n    legal: true,\n    next: {\n      ruleMode: 'official',\n      upper: 0,\n...\n    },\n+   points: 39,\n-   points: 40,\n    upperBonus: 0,\n    yahtzeeBonus: 0\n  }\n"}
2026-10-09T07:58:58.7721569Z {"seed":1,"name":"M07 Yahtzee","before":"case 11:return max===5?50:0","after":"case 11:return max===5?49:0","strictCompilation":true,"runtimeKilled":true,"gate":"manual, independent boundary and contract checks","failure":"Manual scoring and transition\n+ actual - expected\n\n  {\n    legal: true,\n    next: {\n      ruleMode: 'official',\n      upper: 0,\n      usedMask: 2048,\n+     yahtzeeBonus: false\n-     yahtzeeBonus: true\n    },\n+   points: 49,\n-   points: 50,\n    upperBonus: 0,\n    yahtzeeBonus: 0\n  }\n"}
2026-10-09T07:58:58.8733596Z {"seed":1,"name":"M08 upper face multiplier","before":"counts[category]!*(category+1)","after":"counts[category]!*(category+2)","strictCompilation":true,"runtimeKilled":true,"gate":"manual, independent boundary and contract checks","failure":"Manual scoring and transition\n+ actual - expected\n\n  {\n    legal: true,\n    next: {\n      ruleMode: 'official',\n+     upper: 6,\n-     upper: 3,\n      usedMask: 1,\n      yahtzeeBonus: false\n    },\n+   points: 6,\n-   points: 3,\n    upperBonus: 0,\n    yahtzeeBonus: 0\n  }\n"}
2026-10-09T07:58:58.9758781Z {"seed":1,"name":"M09 three of a kind","before":"case 6:return max>=3?sum:0","after":"case 6:return max>=4?sum:0","strictCompilation":true,"runtimeKilled":true,"gate":"manual, independent boundary and contract checks","failure":"Manual scoring and transition\n+ actual - expected\n... Skipped lines\n\n  {\n    legal: true,\n    next: {\n      ruleMode: 'official',\n      upper: 0,\n...\n    },\n+   points: 0,\n-   points: 7,\n    upperBonus: 0,\n    yahtzeeBonus: 0\n  }\n"}
2026-10-09T07:58:59.0711149Z {"seed":1,"name":"M10 four of a kind","before":"case 7:return max>=4?sum:0","after":"case 7:return max>=5?sum:0","strictCompilation":true,"runtimeKilled":true,"gate":"manual, independent boundary and contract checks","failure":"Manual scoring and transition\n+ actual - expected\n... Skipped lines\n\n  {\n    legal: true,\n    next: {\n      ruleMode: 'official',\n      upper: 0,\n...\n    },\n+   points: 0,\n-   points: 25,\n    upperBonus: 0,\n    yahtzeeBonus: 0\n  }\n"}
2026-10-09T07:58:59.1620762Z {"seed":1,"name":"M11 chance","before":"case 12:return sum;","after":"case 12:return sum+1;","strictCompilation":true,"runtimeKilled":true,"gate":"manual, independent boundary and contract checks","failure":"Manual scoring and transition\n+ actual - expected\n... Skipped lines\n\n  {\n    legal: true,\n    next: {\n      ruleMode: 'official',\n      upper: 0,\n...\n    },\n+   points: 8,\n-   points: 7,\n    upperBonus: 0,\n    yahtzeeBonus: 0\n  }\n"}
2026-10-09T07:58:59.2492856Z {"seed":1,"name":"M12 full house conjunction","before":"case 8:return pair&&triple","after":"case 8:return pair||triple","strictCompilation":true,"runtimeKilled":true,"gate":"manual, independent boundary and contract checks","failure":"Manual scoring and transition\n+ actual - expected\n... Skipped lines\n\n  {\n    legal: true,\n    next: {\n      ruleMode: 'official',\n      upper: 0,\n...\n    },\n+   points: 25,\n-   points: 0,\n    upperBonus: 0,\n    yahtzeeBonus: 0\n  }\n"}
2026-10-09T07:58:59.3603956Z {"seed":1,"name":"M13 high small straight","before":"||(bits&60)===60","after":"||(bits&60)===61","strictCompilation":true,"runtimeKilled":true,"gate":"independent seeded objective comparison","failure":"Hold objective 1:4 {\"card\":{\"usedMask\":2153,\"upper\":42,\"yahtzeeBonus\":false,\"ruleMode\":\"published\"},\"dice\":[2,3,6,3,4],\"rollsLeft\":1,\"chosen\":{\"hold\":[3,3],\"expectedValue\":170.23970968735327},\"optimum\":{\"hold\":[3,3],\"expectedValue\":170.38275712293552}}"}
2026-10-09T07:58:59.4430769Z {"seed":1,"name":"M14 high large straight","before":"bits===31||bits===62","after":"bits===31||bits===63","strictCompilation":true,"runtimeKilled":true,"gate":"manual, independent boundary and contract checks","failure":"Manual scoring and transition\n+ actual - expected\n... Skipped lines\n\n  {\n    legal: true,\n    next: {\n      ruleMode: 'official',\n      upper: 0,\n...\n    },\n+   points: 0,\n-   points: 40,\n    upperBonus: 0,\n    yahtzeeBonus: 0\n  }\n"}
2026-10-09T07:58:59.5339332Z {"seed":1,"name":"M15 category maximization","before":"value>best.expectedValue","after":"value<best.expectedValue","strictCompilation":true,"runtimeKilled":true,"gate":"manual, independent boundary and contract checks","failure":"216.51959643767444 != 253.9091948744762"}
2026-10-09T07:58:59.6208084Z {"seed":1,"name":"M16 fair die denominator","before":"values[hand]=total/6","after":"values[hand]=total/7","strictCompilation":true,"runtimeKilled":true,"gate":"manual, independent boundary and contract checks","failure":"Expected values to be strictly deep-equal:\n+ actual - expected\n\n  [\n+   1,\n+   2,\n+   3,\n    4,\n    6\n  ]\n"}
2026-10-09T07:58:59.7035122Z {"seed":1,"name":"M17 hold maximization","before":"values[prior]!>values[hand]!","after":"values[prior]!<values[hand]!","strictCompilation":true,"runtimeKilled":true,"gate":"manual, independent boundary and contract checks","failure":"Expected values to be strictly deep-equal:\n+ actual - expected\n\n  [\n+   1,\n+   2,\n+   3\n-   4,\n-   6\n  ]\n"}
2026-10-09T07:58:59.7922834Z {"seed":1,"name":"M18 hold equality ordering","before":"rank[choices[prior]!]!<rank[choices[hand]!]!","after":"rank[choices[prior]!]!>rank[choices[hand]!]!","strictCompilation":true,"runtimeKilled":true,"gate":"manual, independent boundary and contract checks","failure":"Expected values to be strictly deep-equal:\n+ actual - expected\n\n  [\n    1,\n    2,\n    3,\n    4,\n+   4\n  ]\n"}
2026-10-09T07:58:59.8773927Z {"seed":1,"name":"M19 terminal hold ordering","before":"return {hold:sorted,expectedValue:categoryChoice","after":"return {hold:sorted.slice().reverse(),expectedValue:categoryChoice","strictCompilation":true,"runtimeKilled":true,"gate":"manual, independent boundary and contract checks","failure":"Expected values to be strictly deep-equal:\n+ actual - expected\n\n  [\n+   6,\n+   4,\n+   3,\n+   2,\n    1,\n-   2,\n-   3,\n-   4,\n-   6\n  ]\n"}
2026-10-09T07:58:59.9647165Z {"seed":1,"name":"M20 table mask","before":"const index=card.usedMask+card.upper","after":"const index=(card.usedMask===ALL?0:card.usedMask)+card.upper","strictCompilation":true,"runtimeKilled":true,"gate":"manual, independent boundary and contract checks","failure":"275.087728734496 != 20.5"}
2026-10-09T07:59:00.0477130Z {"seed":1,"name":"M21 filled legality","before":"if(!(legal&(1<<category)))","after":"if(false&&!(legal&(1<<category)))","strictCompilation":true,"runtimeKilled":true,"gate":"manual, independent boundary and contract checks","failure":"Extra Yahtzee/Joker legal choices\n+ actual - expected\n\n  {\n+   legal: true,\n-   legal: false,\n    next: {\n      ruleMode: 'official',\n      upper: 0,\n+     usedMask: 2050,\n-     usedMask: 2048,\n      yahtzeeBonus: false\n    },\n    points: 0,\n    upperBonus: 0,\n    yahtzeeBonus: 0\n"}
2026-10-09T07:59:00.1334077Z {"seed":1,"name":"M22 Yahtzee eligibility","before":"category===11&&points===50","after":"category===11&&points===0","strictCompilation":true,"runtimeKilled":true,"gate":"manual, independent boundary and contract checks","failure":"Manual scoring and transition\n+ actual - expected\n\n  {\n    legal: true,\n    next: {\n      ruleMode: 'official',\n      upper: 0,\n      usedMask: 2048,\n+     yahtzeeBonus: true\n-     yahtzeeBonus: false\n    },\n    points: 0,\n    upperBonus: 0,\n    yahtzeeBonus: 0\n  }\n"}
2026-10-09T07:59:00.2574187Z {"seed":1,"name":"M23 first Yahtzee forced","before":"const extra=face>=0&&Boolean(card.usedMask&YAHTZEE);","after":"const extra=face>=0;","strictCompilation":true,"runtimeKilled":true,"gate":"manual, independent boundary and contract checks","failure":"Manual scoring and transition\n+ actual - expected\n\n  {\n+   legal: false,\n-   legal: true,\n    next: {\n      ruleMode: 'official',\n      upper: 0,\n+     usedMask: 0,\n-     usedMask: 1,\n      yahtzeeBonus: false\n    },\n    points: 0,\n    upperBonus: 0,\n    yahtzeeBonus: 0\n"}
2026-10-09T07:59:00.3556613Z {"seed":1,"name":"M24 already earned upper bonus","before":"upperBonus:category<6&&card.upper<63","after":"upperBonus:category<6&&card.upper<=63","strictCompilation":true,"runtimeKilled":true,"gate":"manual, independent boundary and contract checks","failure":"Expected values to be strictly deep-equal:\n+ actual - expected\n... Skipped lines\n\n  {\n    legal: true,\n    next: {\n      ruleMode: 'official',\n      upper: 63,\n...\n    points: 18,\n+   upperBonus: 35,\n-   upperBonus: 0,\n    yahtzeeBonus: 0\n  }\n"}
2026-10-09T07:59:00.4421463Z {"seed":1,"name":"M25 convention reversal","before":"extra&&card.ruleMode==='official'","after":"extra&&card.ruleMode==='published'","strictCompilation":true,"runtimeKilled":true,"gate":"manual, independent boundary and contract checks","failure":"Extra Yahtzee/Joker legal choices\n+ actual - expected\n\n  {\n+   legal: true,\n-   legal: false,\n    next: {\n      ruleMode: 'official',\n      upper: 0,\n+     usedMask: 2050,\n-     usedMask: 2048,\n      yahtzeeBonus: false\n    },\n    points: 0,\n    upperBonus: 0,\n    yahtzeeBonus: 0\n"}
2026-10-09T07:59:02.4084132Z prepared 462 holds,252 rolls,4368 weighted completions
2026-10-09T08:00:37.5563693Z {"suite":"paired-native-and-actual-TypeScript","passed":true,"mode":"official","seed":1,"simulation":{"passed":true,"mode":"official","seed":1,"games":1000000,"pairedResults":1000000,"holdComparisons":26000000,"categoryComparisons":13000000,"scoreTransitionComparisons":13000000,"decisionComparisons":39000000,"individualDiceDraws":125835535,"distinctVisitedComponents":164147,"referenceComputedComponents":164147,"observationRecordBytes":8572,"maximumDecisionGap":5.684341886080802e-14,"decisionTolerance":1e-10,"alternateHolds":170050,"alternateCategories":0,"expectedValue":254.58772873449593,"independentExpectedValue":254.5877287344961,"mean":254.566784,"sampleVariance":3536.8376827350266,"standardError":0.05947131815198842,"sigma":0.3521821131051014,"minimum":87,"maximum":832},"actualTypeScriptBridge":{"records":164147,"numericChecks":124095132,"policyChecks":124095132,"alternativeCategories":0,"alternativeHolds":0,"maxDifference":0,"tolerance":1e-10,"streamSha256":"48e6734300df29d56b04c0ce463308aed2bdfa1919f904d6669d1a4050c28e79","orderedComponentKeysSha256":"e210d2e980eb3a43d0b9f1064c131de943c74972e90bdca263b8b1a9c0935261","format":"paired","recordBytes":8572,"allPassed":true,"primaryNumericChecks":124095132,"primaryPolicyChecks":124095132,"primaryAlternativeCategories":0,"primaryAlternativeHolds":0,"primaryCrossImplementationAlternatives":257296,"primaryMaxDifference":8.526512829121202e-13,"directRecords":164147,"reusedRecords":0,"auditRecords":0,"distinctComponentProofs":164147,"sourceFingerprint":"0929098e4fc18398bec3e13a670b101fbf570288e3180e375a47ea1a7ccaa499","directStreamSha256":"48e6734300df29d56b04c0ce463308aed2bdfa1919f904d6669d1a4050c28e79","directOrderedKeysSha256":"e210d2e980eb3a43d0b9f1064c131de943c74972e90bdca263b8b1a9c0935261","reuseRule":"Every8572-byte policy/value record exactly matches a SHA256 proof previously checked against both actual TS bodies during this npm test; first component is directly audited every stream."},"regeneratedBinarySHA256":"6e93512a9b983afa721f6a7f1c51261a3d464f469b6c89a0c21e689efd76cbe1","visitedKeysSHA256":"e210d2e980eb3a43d0b9f1064c131de943c74972e90bdca263b8b1a9c0935261"}
2026-10-09T08:00:39.5248002Z prepared 462 holds,252 rolls,4368 weighted completions
2026-10-09T08:02:14.3802346Z {"suite":"paired-native-and-actual-TypeScript","passed":true,"mode":"published","seed":1,"simulation":{"passed":true,"mode":"published","seed":1,"games":1000000,"pairedResults":1000000,"holdComparisons":26000000,"categoryComparisons":13000000,"scoreTransitionComparisons":13000000,"decisionComparisons":39000000,"individualDiceDraws":125849532,"distinctVisitedComponents":164218,"referenceComputedComponents":164218,"observationRecordBytes":8572,"maximumDecisionGap":5.684341886080802e-14,"decisionTolerance":1e-10,"alternateHolds":174850,"alternateCategories":0,"expectedValue":254.58960948196315,"independentExpectedValue":254.58960948196366,"mean":254.603886,"sampleVariance":3545.6734453724494,"standardError":0.05954555772996378,"sigma":0.2397579027067053,"minimum":70,"maximum":847},"actualTypeScriptBridge":{"records":164218,"numericChecks":124148808,"policyChecks":124148808,"alternativeCategories":0,"alternativeHolds":0,"maxDifference":0,"tolerance":1e-10,"streamSha256":"ab1a1571c4f2433bdb83b50b4ba69e771c3c2c0d01dff6167ff8efd95682ba43","orderedComponentKeysSha256":"332ccd390a7410f3f92e4a280604bf2d1f591be3fc626c38c5e4772f47d79ddc","format":"paired","recordBytes":8572,"allPassed":true,"primaryNumericChecks":124148808,"primaryPolicyChecks":124148808,"primaryAlternativeCategories":0,"primaryAlternativeHolds":0,"primaryCrossImplementationAlternatives":260083,"primaryMaxDifference":8.526512829121202e-13,"directRecords":164218,"reusedRecords":0,"auditRecords":0,"distinctComponentProofs":164218,"sourceFingerprint":"0929098e4fc18398bec3e13a670b101fbf570288e3180e375a47ea1a7ccaa499","directStreamSha256":"ab1a1571c4f2433bdb83b50b4ba69e771c3c2c0d01dff6167ff8efd95682ba43","directOrderedKeysSha256":"332ccd390a7410f3f92e4a280604bf2d1f591be3fc626c38c5e4772f47d79ddc","reuseRule":"Every8572-byte policy/value record exactly matches a SHA256 proof previously checked against both actual TS bodies during this npm test; first component is directly audited every stream."},"regeneratedBinarySHA256":"2b2f401a4d6588decb2fbdab46eb86989d8ce6faa8f4a677b534306bb93b314c","visitedKeysSHA256":"332ccd390a7410f3f92e4a280604bf2d1f591be3fc626c38c5e4772f47d79ddc"}
2026-10-09T08:02:14.4557416Z B07 full seed 1: PASS all required counts
2026-10-09T08:02:14.4557696Z B07 full seed 2: begin
2026-10-09T08:02:15.6041177Z {"standalonePrimaryGeneration":"PASS","mode":"official","expectedValue":254.58772873449593,"canonicalComponents":359616,"validStates":536448,"tableEntries":1048576,"seed":2,"regeneratedSHA256":"6e93512a9b983afa721f6a7f1c51261a3d464f469b6c89a0c21e689efd76cbe1","generatorSHA256":"4148ffd21aeb266a7f02420cd8b91118ecc5a97e01cca527d8a4ed2bd763c633","logSHA256":"017c09517e083b43acf6bf37632ed7c56011f07e88d096be49390d7289abac45"}
2026-10-09T08:02:16.7658409Z {"standalonePrimaryGeneration":"PASS","mode":"published","expectedValue":254.58960948196315,"canonicalComponents":359616,"validStates":536448,"tableEntries":1048576,"seed":2,"regeneratedSHA256":"2b2f401a4d6588decb2fbdab46eb86989d8ce6faa8f4a677b534306bb93b314c","generatorSHA256":"4148ffd21aeb266a7f02420cd8b91118ecc5a97e01cca527d8a4ed2bd763c633","logSHA256":"a8f982b9c17749654b8605f2c21ad42c62520e4bdd21ed3986de3626982a3c8c"}
2026-10-09T08:02:16.7682264Z prepared 462 holds,252 rolls,4368 weighted completions
2026-10-09T08:02:17.0155334Z official mask=7680 computed=29964 copied=14612
2026-10-09T08:02:17.2734807Z official mask=7168 computed=59932 copied=29348
2026-10-09T08:02:17.5298510Z official mask=6656 computed=89900 copied=44084
2026-10-09T08:02:17.7969488Z official mask=6144 computed=119868 copied=58820
2026-10-09T08:02:17.9306672Z official mask=5632 computed=134852 copied=66188
2026-10-09T08:02:18.0713348Z official mask=5120 computed=149836 copied=73556
2026-10-09T08:02:18.2125626Z official mask=4608 computed=164820 copied=80924
2026-10-09T08:02:18.3616632Z official mask=4096 computed=179804 copied=88292
2026-10-09T08:02:18.6162910Z official mask=3584 computed=209772 copied=103028
2026-10-09T08:02:18.8806861Z official mask=3072 computed=239740 copied=117764
2026-10-09T08:02:19.1460041Z official mask=2560 computed=269708 copied=132500
2026-10-09T08:02:19.4229698Z official mask=2048 computed=299676 copied=147236
2026-10-09T08:02:19.5630791Z official mask=1536 computed=314660 copied=154604
2026-10-09T08:02:19.7098038Z official mask=1024 computed=329644 copied=161972
2026-10-09T08:02:19.8566614Z official mask=512 computed=344628 copied=169340
2026-10-09T08:02:20.0116843Z official mask=0 computed=359612 copied=176708
2026-10-09T08:02:20.0454933Z prepared 462 holds,252 rolls,4368 weighted completions
2026-10-09T08:02:20.2910379Z published mask=7680 computed=29964 copied=14612
2026-10-09T08:02:20.5459577Z published mask=7168 computed=59932 copied=29348
2026-10-09T08:02:20.8014223Z published mask=6656 computed=89900 copied=44084
2026-10-09T08:02:21.0656159Z published mask=6144 computed=119868 copied=58820
2026-10-09T08:02:21.1981834Z published mask=5632 computed=134852 copied=66188
2026-10-09T08:02:21.3364711Z published mask=5120 computed=149836 copied=73556
2026-10-09T08:02:21.4755180Z published mask=4608 computed=164820 copied=80924
2026-10-09T08:02:21.6202682Z published mask=4096 computed=179804 copied=88292
2026-10-09T08:02:21.8734861Z published mask=3584 computed=209772 copied=103028
2026-10-09T08:02:22.1395915Z published mask=3072 computed=239740 copied=117764
2026-10-09T08:02:22.4112475Z published mask=2560 computed=269708 copied=132500
2026-10-09T08:02:22.6919761Z published mask=2048 computed=299676 copied=147236
2026-10-09T08:02:22.8323925Z published mask=1536 computed=314660 copied=154604
2026-10-09T08:02:22.9803111Z published mask=1024 computed=329644 copied=161972
2026-10-09T08:02:23.1288398Z published mask=512 computed=344628 copied=169340
2026-10-09T08:02:23.2817350Z published mask=0 computed=359612 copied=176708
2026-10-09T08:02:24.2626740Z {"passed":true,"assertions":16,"syntheticProtocolOnly":true,"description":"Fresh/direct/audit/reused/new record counts, exact-byte corruption, duplicate/order/partial rejection and source fingerprint mismatch. No semantic strategy success is claimed by synthetic vectors."}
2026-10-09T08:02:26.9730973Z seed 2: 5000/50000 exact midgame comparisons
2026-10-09T08:02:29.1281740Z seed 2: 10000/50000 exact midgame comparisons
2026-10-09T08:02:31.3062388Z seed 2: 15000/50000 exact midgame comparisons
2026-10-09T08:02:33.4582645Z seed 2: 20000/50000 exact midgame comparisons
2026-10-09T08:02:35.5873186Z seed 2: 25000/50000 exact midgame comparisons
2026-10-09T08:02:37.7977011Z seed 2: 30000/50000 exact midgame comparisons
2026-10-09T08:02:39.9367567Z seed 2: 35000/50000 exact midgame comparisons
2026-10-09T08:02:42.1420121Z seed 2: 40000/50000 exact midgame comparisons
2026-10-09T08:02:44.3321706Z seed 2: 45000/50000 exact midgame comparisons
2026-10-09T08:02:46.4893938Z seed 2: 50000/50000 exact midgame comparisons
2026-10-09T08:02:46.4903555Z {"passed":true,"seed":2,"boundaries":{"passed":true,"assertions":1056},"fullTables":{"passed":true,"tolerance":1e-10,"modes":[{"mode":"official","statesCompared":536448,"maximumDifference":8.526512829121202e-13,"worstIndex":245800,"primaryStartingValue":254.58772873449593,"independentStartingValue":254.5877287344961},{"mode":"published","statesCompared":536448,"maximumDifference":9.379164112033322e-13,"worstIndex":368677,"primaryStartingValue":254.58960948196315,"independentStartingValue":254.58960948196366}],"actionSupersetInvariant":{"passed":true,"monotonicPairs":536448,"minimumGap":0,"maximumGap":0.15396235930569446,"worstIndex":6477,"tolerance":1e-10}},"scoring":{"passed":true,"seed":2,"orderedRolls":7776,"categories":13,"modes":2,"scoringCases":202176},"random":{"passed":true,"seed":2,"states":50000,"distinctScorecards":47496,"modes":{"official":25000,"published":25000},"rollLayers":[16667,16667,16666],"orderedHoldChecks":33333,"tolerance":1e-10,"maximumValueDifference":7.958078640513122e-13,"maximumHoldResidual":2.2396307031158358e-11,"holdAlternates":283,"categoryAlternates":0,"alternateMeaning":"Different floating evaluation orders may select different holds within the declared roundoff tolerance; every selected hold was directly evaluated with ordered chance outcomes."}}
2026-10-09T08:02:47.1946024Z {"seed":2,"name":"M01 upper bonus","before":"card.upper+points>=63?35:0","after":"card.upper+points>=63?34:0","strictCompilation":true,"runtimeKilled":true,"gate":"manual, independent boundary and contract checks","failure":"Expected values to be strictly deep-equal:\n+ actual - expected\n... Skipped lines\n\n  {\n    legal: true,\n    next: {\n      ruleMode: 'official',\n      upper: 63,\n...\n    points: 18,\n+   upperBonus: 34,\n-   upperBonus: 35,\n    yahtzeeBonus: 0\n  }\n"}
2026-10-09T08:02:47.4368360Z {"seed":2,"name":"M02 Yahtzee bonus","before":"card.yahtzeeBonus?100:0","after":"card.yahtzeeBonus?99:0","strictCompilation":true,"runtimeKilled":true,"gate":"manual, independent boundary and contract checks","failure":"Extra Yahtzee/Joker legal choices\n+ actual - expected\n... Skipped lines\n\n  {\n    legal: true,\n    next: {\n      ruleMode: 'official',\n      upper: 5,\n...\n    upperBonus: 0,\n+   yahtzeeBonus: 99\n-   yahtzeeBonus: 100\n  }\n"}
2026-10-09T08:02:47.6090654Z {"seed":2,"name":"M03 capped upper","before":"Math.min(63,card.upper+points)","after":"Math.min(62,card.upper+points)","strictCompilation":true,"runtimeKilled":true,"gate":"manual, independent boundary and contract checks","failure":"Expected values to be strictly deep-equal:\n+ actual - expected\n\n  {\n    legal: true,\n    next: {\n      ruleMode: 'official',\n+     upper: 62,\n-     upper: 63,\n      usedMask: 63,\n      yahtzeeBonus: false\n    },\n    points: 18,\n    upperBonus: 35,\n"}
2026-10-09T08:02:47.7304374Z {"seed":2,"name":"M04 full house","before":"case 8:return pair&&triple?25:0","after":"case 8:return pair&&triple?24:0","strictCompilation":true,"runtimeKilled":true,"gate":"manual, independent boundary and contract checks","failure":"Manual scoring and transition\n+ actual - expected\n... Skipped lines\n\n  {\n    legal: true,\n    next: {\n      ruleMode: 'official',\n      upper: 0,\n...\n    },\n+   points: 24,\n-   points: 25,\n    upperBonus: 0,\n    yahtzeeBonus: 0\n  }\n"}
2026-10-09T08:02:47.8437693Z {"seed":2,"name":"M05 small straight","before":"(bits&60)===60?30:0","after":"(bits&60)===60?29:0","strictCompilation":true,"runtimeKilled":true,"gate":"manual, independent boundary and contract checks","failure":"Manual scoring and transition\n+ actual - expected\n... Skipped lines\n\n  {\n    legal: true,\n    next: {\n      ruleMode: 'official',\n      upper: 0,\n...\n    },\n+   points: 29,\n-   points: 30,\n    upperBonus: 0,\n    yahtzeeBonus: 0\n  }\n"}
2026-10-09T08:02:47.9543863Z {"seed":2,"name":"M06 large straight","before":"case 10:return bits===31||bits===62?40:0","after":"case 10:return bits===31||bits===62?39:0","strictCompilation":true,"runtimeKilled":true,"gate":"manual, independent boundary and contract checks","failure":"Manual scoring and transition\n+ actual - expected\n... Skipped lines\n\n  {\n    legal: true,\n    next: {\n      ruleMode: 'official',\n      upper: 0,\n...\n    },\n+   points: 39,\n-   points: 40,\n    upperBonus: 0,\n    yahtzeeBonus: 0\n  }\n"}
2026-10-09T08:02:48.0501866Z {"seed":2,"name":"M07 Yahtzee","before":"case 11:return max===5?50:0","after":"case 11:return max===5?49:0","strictCompilation":true,"runtimeKilled":true,"gate":"manual, independent boundary and contract checks","failure":"Manual scoring and transition\n+ actual - expected\n\n  {\n    legal: true,\n    next: {\n      ruleMode: 'official',\n      upper: 0,\n      usedMask: 2048,\n+     yahtzeeBonus: false\n-     yahtzeeBonus: true\n    },\n+   points: 49,\n-   points: 50,\n    upperBonus: 0,\n    yahtzeeBonus: 0\n  }\n"}
2026-10-09T08:02:48.1483728Z {"seed":2,"name":"M08 upper face multiplier","before":"counts[category]!*(category+1)","after":"counts[category]!*(category+2)","strictCompilation":true,"runtimeKilled":true,"gate":"manual, independent boundary and contract checks","failure":"Manual scoring and transition\n+ actual - expected\n\n  {\n    legal: true,\n    next: {\n      ruleMode: 'official',\n+     upper: 6,\n-     upper: 3,\n      usedMask: 1,\n      yahtzeeBonus: false\n    },\n+   points: 6,\n-   points: 3,\n    upperBonus: 0,\n    yahtzeeBonus: 0\n  }\n"}
2026-10-09T08:02:48.2519812Z {"seed":2,"name":"M09 three of a kind","before":"case 6:return max>=3?sum:0","after":"case 6:return max>=4?sum:0","strictCompilation":true,"runtimeKilled":true,"gate":"manual, independent boundary and contract checks","failure":"Manual scoring and transition\n+ actual - expected\n... Skipped lines\n\n  {\n    legal: true,\n    next: {\n      ruleMode: 'official',\n      upper: 0,\n...\n    },\n+   points: 0,\n-   points: 7,\n    upperBonus: 0,\n    yahtzeeBonus: 0\n  }\n"}
2026-10-09T08:02:48.3447466Z {"seed":2,"name":"M10 four of a kind","before":"case 7:return max>=4?sum:0","after":"case 7:return max>=5?sum:0","strictCompilation":true,"runtimeKilled":true,"gate":"manual, independent boundary and contract checks","failure":"Manual scoring and transition\n+ actual - expected\n... Skipped lines\n\n  {\n    legal: true,\n    next: {\n      ruleMode: 'official',\n      upper: 0,\n...\n    },\n+   points: 0,\n-   points: 25,\n    upperBonus: 0,\n    yahtzeeBonus: 0\n  }\n"}
2026-10-09T08:02:48.4323792Z {"seed":2,"name":"M11 chance","before":"case 12:return sum;","after":"case 12:return sum+1;","strictCompilation":true,"runtimeKilled":true,"gate":"manual, independent boundary and contract checks","failure":"Manual scoring and transition\n+ actual - expected\n... Skipped lines\n\n  {\n    legal: true,\n    next: {\n      ruleMode: 'official',\n      upper: 0,\n...\n    },\n+   points: 8,\n-   points: 7,\n    upperBonus: 0,\n    yahtzeeBonus: 0\n  }\n"}
2026-10-09T08:02:48.5255561Z {"seed":2,"name":"M12 full house conjunction","before":"case 8:return pair&&triple","after":"case 8:return pair||triple","strictCompilation":true,"runtimeKilled":true,"gate":"manual, independent boundary and contract checks","failure":"Manual scoring and transition\n+ actual - expected\n... Skipped lines\n\n  {\n    legal: true,\n    next: {\n      ruleMode: 'official',\n      upper: 0,\n...\n    },\n+   points: 25,\n-   points: 0,\n    upperBonus: 0,\n    yahtzeeBonus: 0\n  }\n"}
2026-10-09T08:02:48.6408802Z {"seed":2,"name":"M13 high small straight","before":"||(bits&60)===60","after":"||(bits&60)===61","strictCompilation":true,"runtimeKilled":true,"gate":"independent seeded objective comparison","failure":"Category objective 2:7"}
2026-10-09T08:02:48.7214866Z {"seed":2,"name":"M14 high large straight","before":"bits===31||bits===62","after":"bits===31||bits===63","strictCompilation":true,"runtimeKilled":true,"gate":"manual, independent boundary and contract checks","failure":"Manual scoring and transition\n+ actual - expected\n... Skipped lines\n\n  {\n    legal: true,\n    next: {\n      ruleMode: 'official',\n      upper: 0,\n...\n    },\n+   points: 0,\n-   points: 40,\n    upperBonus: 0,\n    yahtzeeBonus: 0\n  }\n"}
2026-10-09T08:02:48.8121648Z {"seed":2,"name":"M15 category maximization","before":"value>best.expectedValue","after":"value<best.expectedValue","strictCompilation":true,"runtimeKilled":true,"gate":"manual, independent boundary and contract checks","failure":"216.51959643767444 != 253.9091948744762"}
2026-10-09T08:02:48.8977907Z {"seed":2,"name":"M16 fair die denominator","before":"values[hand]=total/6","after":"values[hand]=total/7","strictCompilation":true,"runtimeKilled":true,"gate":"manual, independent boundary and contract checks","failure":"Expected values to be strictly deep-equal:\n+ actual - expected\n\n  [\n+   1,\n+   2,\n+   3,\n    4,\n    6\n  ]\n"}
2026-10-09T08:02:48.9803423Z {"seed":2,"name":"M17 hold maximization","before":"values[prior]!>values[hand]!","after":"values[prior]!<values[hand]!","strictCompilation":true,"runtimeKilled":true,"gate":"manual, independent boundary and contract checks","failure":"Expected values to be strictly deep-equal:\n+ actual - expected\n\n  [\n+   1,\n+   2,\n+   3\n-   4,\n-   6\n  ]\n"}
2026-10-09T08:02:49.0685858Z {"seed":2,"name":"M18 hold equality ordering","before":"rank[choices[prior]!]!<rank[choices[hand]!]!","after":"rank[choices[prior]!]!>rank[choices[hand]!]!","strictCompilation":true,"runtimeKilled":true,"gate":"manual, independent boundary and contract checks","failure":"Expected values to be strictly deep-equal:\n+ actual - expected\n\n  [\n    1,\n    2,\n    3,\n    4,\n+   4\n  ]\n"}
2026-10-09T08:02:49.1526217Z {"seed":2,"name":"M19 terminal hold ordering","before":"return {hold:sorted,expectedValue:categoryChoice","after":"return {hold:sorted.slice().reverse(),expectedValue:categoryChoice","strictCompilation":true,"runtimeKilled":true,"gate":"manual, independent boundary and contract checks","failure":"Expected values to be strictly deep-equal:\n+ actual - expected\n\n  [\n+   6,\n+   4,\n+   3,\n+   2,\n    1,\n-   2,\n-   3,\n-   4,\n-   6\n  ]\n"}
2026-10-09T08:02:49.2355209Z {"seed":2,"name":"M20 table mask","before":"const index=card.usedMask+card.upper","after":"const index=(card.usedMask===ALL?0:card.usedMask)+card.upper","strictCompilation":true,"runtimeKilled":true,"gate":"manual, independent boundary and contract checks","failure":"275.087728734496 != 20.5"}
2026-10-09T08:02:49.3196004Z {"seed":2,"name":"M21 filled legality","before":"if(!(legal&(1<<category)))","after":"if(false&&!(legal&(1<<category)))","strictCompilation":true,"runtimeKilled":true,"gate":"manual, independent boundary and contract checks","failure":"Extra Yahtzee/Joker legal choices\n+ actual - expected\n\n  {\n+   legal: true,\n-   legal: false,\n    next: {\n      ruleMode: 'official',\n      upper: 0,\n+     usedMask: 2050,\n-     usedMask: 2048,\n      yahtzeeBonus: false\n    },\n    points: 0,\n    upperBonus: 0,\n    yahtzeeBonus: 0\n"}
2026-10-09T08:02:49.4005165Z {"seed":2,"name":"M22 Yahtzee eligibility","before":"category===11&&points===50","after":"category===11&&points===0","strictCompilation":true,"runtimeKilled":true,"gate":"manual, independent boundary and contract checks","failure":"Manual scoring and transition\n+ actual - expected\n\n  {\n    legal: true,\n    next: {\n      ruleMode: 'official',\n      upper: 0,\n      usedMask: 2048,\n+     yahtzeeBonus: true\n-     yahtzeeBonus: false\n    },\n    points: 0,\n    upperBonus: 0,\n    yahtzeeBonus: 0\n  }\n"}
2026-10-09T08:02:49.4772565Z {"seed":2,"name":"M23 first Yahtzee forced","before":"const extra=face>=0&&Boolean(card.usedMask&YAHTZEE);","after":"const extra=face>=0;","strictCompilation":true,"runtimeKilled":true,"gate":"manual, independent boundary and contract checks","failure":"Manual scoring and transition\n+ actual - expected\n\n  {\n+   legal: false,\n-   legal: true,\n    next: {\n      ruleMode: 'official',\n      upper: 0,\n+     usedMask: 0,\n-     usedMask: 1,\n      yahtzeeBonus: false\n    },\n    points: 0,\n    upperBonus: 0,\n    yahtzeeBonus: 0\n"}
2026-10-09T08:02:49.5714577Z {"seed":2,"name":"M24 already earned upper bonus","before":"upperBonus:category<6&&card.upper<63","after":"upperBonus:category<6&&card.upper<=63","strictCompilation":true,"runtimeKilled":true,"gate":"manual, independent boundary and contract checks","failure":"Expected values to be strictly deep-equal:\n+ actual - expected\n... Skipped lines\n\n  {\n    legal: true,\n    next: {\n      ruleMode: 'official',\n      upper: 63,\n...\n    points: 18,\n+   upperBonus: 35,\n-   upperBonus: 0,\n    yahtzeeBonus: 0\n  }\n"}
2026-10-09T08:02:49.7406418Z {"seed":2,"name":"M25 convention reversal","before":"extra&&card.ruleMode==='official'","after":"extra&&card.ruleMode==='published'","strictCompilation":true,"runtimeKilled":true,"gate":"manual, independent boundary and contract checks","failure":"Extra Yahtzee/Joker legal choices\n+ actual - expected\n\n  {\n+   legal: true,\n-   legal: false,\n    next: {\n      ruleMode: 'official',\n      upper: 0,\n+     usedMask: 2050,\n-     usedMask: 2048,\n      yahtzeeBonus: false\n    },\n    points: 0,\n    upperBonus: 0,\n    yahtzeeBonus: 0\n"}
2026-10-09T08:02:51.7405203Z prepared 462 holds,252 rolls,4368 weighted completions
2026-10-09T08:03:13.8900819Z {"suite":"paired-native-and-actual-TypeScript","passed":true,"mode":"official","seed":2,"simulation":{"passed":true,"mode":"official","seed":2,"games":1000000,"pairedResults":1000000,"holdComparisons":26000000,"categoryComparisons":13000000,"scoreTransitionComparisons":13000000,"decisionComparisons":39000000,"individualDiceDraws":125841696,"distinctVisitedComponents":164403,"referenceComputedComponents":164403,"observationRecordBytes":8572,"maximumDecisionGap":5.684341886080802e-14,"decisionTolerance":1e-10,"alternateHolds":170133,"alternateCategories":0,"expectedValue":254.58772873449593,"independentExpectedValue":254.5877287344961,"mean":254.579815,"sampleVariance":3554.0055035712785,"standardError":0.05961548040208414,"sigma":0.1327463008358578,"minimum":85,"maximum":845},"actualTypeScriptBridge":{"records":164403,"numericChecks":9012276,"policyChecks":9012276,"alternativeCategories":0,"alternativeHolds":0,"maxDifference":0,"tolerance":1e-10,"streamSha256":"fee26c010a7797d06798e10ec7c1cdeaf30ac8e6a9e8d8a3cca0433fd7157f09","orderedComponentKeysSha256":"28115e8c19b94d6f99016aad1f12599e1b6964959735094c4dd90455fe143669","format":"paired","recordBytes":8572,"allPassed":true,"primaryNumericChecks":9012276,"primaryPolicyChecks":9012276,"primaryAlternativeCategories":0,"primaryAlternativeHolds":0,"primaryCrossImplementationAlternatives":21490,"primaryMaxDifference":6.821210263296962e-13,"directRecords":11921,"reusedRecords":152482,"auditRecords":1,"distinctComponentProofs":176067,"sourceFingerprint":"0929098e4fc18398bec3e13a670b101fbf570288e3180e375a47ea1a7ccaa499","directStreamSha256":"93e3fe46daa877cdfa674040546d58c995807be954fc18ad05cab40d7c5e01ab","directOrderedKeysSha256":"b9ada866e2c0607d4373ba9ed5dee55ccd546da84fba235b840260b2e214bf18","reuseRule":"Every8572-byte policy/value record exactly matches a SHA256 proof previously checked against both actual TS bodies during this npm test; first component is directly audited every stream."},"regeneratedBinarySHA256":"6e93512a9b983afa721f6a7f1c51261a3d464f469b6c89a0c21e689efd76cbe1","visitedKeysSHA256":"28115e8c19b94d6f99016aad1f12599e1b6964959735094c4dd90455fe143669"}
2026-10-09T08:03:15.8935315Z prepared 462 holds,252 rolls,4368 weighted completions
2026-10-09T08:03:38.8848034Z {"suite":"paired-native-and-actual-TypeScript","passed":true,"mode":"published","seed":2,"simulation":{"passed":true,"mode":"published","seed":2,"games":1000000,"pairedResults":1000000,"holdComparisons":26000000,"categoryComparisons":13000000,"scoreTransitionComparisons":13000000,"decisionComparisons":39000000,"individualDiceDraws":125834384,"distinctVisitedComponents":164510,"referenceComputedComponents":164510,"observationRecordBytes":8572,"maximumDecisionGap":5.684341886080802e-14,"decisionTolerance":1e-10,"alternateHolds":174469,"alternateCategories":0,"expectedValue":254.58960948196315,"independentExpectedValue":254.58960948196366,"mean":254.575741,"sampleVariance":3547.9104872114062,"standardError":0.05956433905627936,"sigma":0.2328319625951727,"minimum":89,"maximum":944},"actualTypeScriptBridge":{"records":164510,"numericChecks":8961624,"policyChecks":8961624,"alternativeCategories":0,"alternativeHolds":0,"maxDifference":0,"tolerance":1e-10,"streamSha256":"cbcf46c90428d2a046bf66990e3dd075907815d3f7f901be4ce5f229f8670a4f","orderedComponentKeysSha256":"a0db78606b9e4ce6e04cb2c73c56ecefa345f102395d8df5a3c153e6ce0af729","format":"paired","recordBytes":8572,"allPassed":true,"primaryNumericChecks":8961624,"primaryPolicyChecks":8961624,"primaryAlternativeCategories":0,"primaryAlternativeHolds":0,"primaryCrossImplementationAlternatives":21274,"primaryMaxDifference":7.958078640513122e-13,"directRecords":11854,"reusedRecords":152656,"auditRecords":1,"distinctComponentProofs":176071,"sourceFingerprint":"0929098e4fc18398bec3e13a670b101fbf570288e3180e375a47ea1a7ccaa499","directStreamSha256":"c0121b9cfe49d882200e3dc344e391753b67be55688e4aa21ed8e814cada3267","directOrderedKeysSha256":"c1258a12d7e013ebcfffceec72a26a298aef8931d09bffd2052f72ed5ba6587e","reuseRule":"Every8572-byte policy/value record exactly matches a SHA256 proof previously checked against both actual TS bodies during this npm test; first component is directly audited every stream."},"regeneratedBinarySHA256":"2b2f401a4d6588decb2fbdab46eb86989d8ce6faa8f4a677b534306bb93b314c","visitedKeysSHA256":"a0db78606b9e4ce6e04cb2c73c56ecefa345f102395d8df5a3c153e6ce0af729"}
2026-10-09T08:03:38.9493618Z B07 full seed 2: PASS all required counts
2026-10-09T08:03:38.9493942Z B07 full seed 3: begin
2026-10-09T08:03:40.0936960Z {"standalonePrimaryGeneration":"PASS","mode":"official","expectedValue":254.58772873449593,"canonicalComponents":359616,"validStates":536448,"tableEntries":1048576,"seed":3,"regeneratedSHA256":"6e93512a9b983afa721f6a7f1c51261a3d464f469b6c89a0c21e689efd76cbe1","generatorSHA256":"4148ffd21aeb266a7f02420cd8b91118ecc5a97e01cca527d8a4ed2bd763c633","logSHA256":"017c09517e083b43acf6bf37632ed7c56011f07e88d096be49390d7289abac45"}
2026-10-09T08:03:41.2306052Z {"standalonePrimaryGeneration":"PASS","mode":"published","expectedValue":254.58960948196315,"canonicalComponents":359616,"validStates":536448,"tableEntries":1048576,"seed":3,"regeneratedSHA256":"2b2f401a4d6588decb2fbdab46eb86989d8ce6faa8f4a677b534306bb93b314c","generatorSHA256":"4148ffd21aeb266a7f02420cd8b91118ecc5a97e01cca527d8a4ed2bd763c633","logSHA256":"a8f982b9c17749654b8605f2c21ad42c62520e4bdd21ed3986de3626982a3c8c"}
2026-10-09T08:03:41.2341031Z prepared 462 holds,252 rolls,4368 weighted completions
2026-10-09T08:03:41.4832940Z official mask=7680 computed=29964 copied=14612
2026-10-09T08:03:41.7386443Z official mask=7168 computed=59932 copied=29348
2026-10-09T08:03:41.9945387Z official mask=6656 computed=89900 copied=44084
2026-10-09T08:03:42.2603324Z official mask=6144 computed=119868 copied=58820
2026-10-09T08:03:42.3941805Z official mask=5632 computed=134852 copied=66188
2026-10-09T08:03:42.5332317Z official mask=5120 computed=149836 copied=73556
2026-10-09T08:03:42.6728359Z official mask=4608 computed=164820 copied=80924
2026-10-09T08:03:42.8176045Z official mask=4096 computed=179804 copied=88292
2026-10-09T08:03:43.0723255Z official mask=3584 computed=209772 copied=103028
2026-10-09T08:03:43.3357017Z official mask=3072 computed=239740 copied=117764
2026-10-09T08:03:43.5994688Z official mask=2560 computed=269708 copied=132500
2026-10-09T08:03:43.8740764Z official mask=2048 computed=299676 copied=147236
2026-10-09T08:03:44.0127995Z official mask=1536 computed=314660 copied=154604
2026-10-09T08:03:44.1569007Z official mask=1024 computed=329644 copied=161972
2026-10-09T08:03:44.3028984Z official mask=512 computed=344628 copied=169340
2026-10-09T08:03:44.4523936Z official mask=0 computed=359612 copied=176708
2026-10-09T08:03:44.4878318Z prepared 462 holds,252 rolls,4368 weighted completions
2026-10-09T08:03:44.7326945Z published mask=7680 computed=29964 copied=14612
2026-10-09T08:03:44.9863093Z published mask=7168 computed=59932 copied=29348
2026-10-09T08:03:45.2405372Z published mask=6656 computed=89900 copied=44084
2026-10-09T08:03:45.5050042Z published mask=6144 computed=119868 copied=58820
2026-10-09T08:03:45.6368202Z published mask=5632 computed=134852 copied=66188
2026-10-09T08:03:45.7744107Z published mask=5120 computed=149836 copied=73556
2026-10-09T08:03:45.9119617Z published mask=4608 computed=164820 copied=80924
2026-10-09T08:03:46.0556061Z published mask=4096 computed=179804 copied=88292
2026-10-09T08:03:46.3106677Z published mask=3584 computed=209772 copied=103028
2026-10-09T08:03:46.5839679Z published mask=3072 computed=239740 copied=117764
2026-10-09T08:03:46.8484089Z published mask=2560 computed=269708 copied=132500
2026-10-09T08:03:47.1217465Z published mask=2048 computed=299676 copied=147236
2026-10-09T08:03:47.2588821Z published mask=1536 computed=314660 copied=154604
2026-10-09T08:03:47.4017619Z published mask=1024 computed=329644 copied=161972
2026-10-09T08:03:47.5452369Z published mask=512 computed=344628 copied=169340
2026-10-09T08:03:47.6986069Z published mask=0 computed=359612 copied=176708
2026-10-09T08:03:48.7554744Z {"passed":true,"assertions":16,"syntheticProtocolOnly":true,"description":"Fresh/direct/audit/reused/new record counts, exact-byte corruption, duplicate/order/partial rejection and source fingerprint mismatch. No semantic strategy success is claimed by synthetic vectors."}
2026-10-09T08:03:51.4268046Z seed 3: 5000/50000 exact midgame comparisons
2026-10-09T08:03:53.5610010Z seed 3: 10000/50000 exact midgame comparisons
2026-10-09T08:03:55.7111166Z seed 3: 15000/50000 exact midgame comparisons
2026-10-09T08:03:57.8474809Z seed 3: 20000/50000 exact midgame comparisons
2026-10-09T08:03:59.9903709Z seed 3: 25000/50000 exact midgame comparisons
2026-10-09T08:04:02.1654575Z seed 3: 30000/50000 exact midgame comparisons
2026-10-09T08:04:04.3474978Z seed 3: 35000/50000 exact midgame comparisons
2026-10-09T08:04:06.4977502Z seed 3: 40000/50000 exact midgame comparisons
2026-10-09T08:04:08.6566579Z seed 3: 45000/50000 exact midgame comparisons
2026-10-09T08:04:10.7985088Z seed 3: 50000/50000 exact midgame comparisons
2026-10-09T08:04:10.7996057Z {"passed":true,"seed":3,"boundaries":{"passed":true,"assertions":1056},"fullTables":{"passed":true,"tolerance":1e-10,"modes":[{"mode":"official","statesCompared":536448,"maximumDifference":8.526512829121202e-13,"worstIndex":245800,"primaryStartingValue":254.58772873449593,"independentStartingValue":254.5877287344961},{"mode":"published","statesCompared":536448,"maximumDifference":9.379164112033322e-13,"worstIndex":368677,"primaryStartingValue":254.58960948196315,"independentStartingValue":254.58960948196366}],"actionSupersetInvariant":{"passed":true,"monotonicPairs":536448,"minimumGap":0,"maximumGap":0.15396235930569446,"worstIndex":6477,"tolerance":1e-10}},"scoring":{"passed":true,"seed":3,"orderedRolls":7776,"categories":13,"modes":2,"scoringCases":202176},"random":{"passed":true,"seed":3,"states":50000,"distinctScorecards":47560,"modes":{"official":25000,"published":25000},"rollLayers":[16667,16667,16666],"orderedHoldChecks":33333,"tolerance":1e-10,"maximumValueDifference":7.673861546209082e-13,"maximumHoldResidual":1.3855583347321954e-11,"holdAlternates":307,"categoryAlternates":0,"alternateMeaning":"Different floating evaluation orders may select different holds within the declared roundoff tolerance; every selected hold was directly evaluated with ordered chance outcomes."}}
2026-10-09T08:04:11.4934052Z {"seed":3,"name":"M01 upper bonus","before":"card.upper+points>=63?35:0","after":"card.upper+points>=63?34:0","strictCompilation":true,"runtimeKilled":true,"gate":"manual, independent boundary and contract checks","failure":"Expected values to be strictly deep-equal:\n+ actual - expected\n... Skipped lines\n\n  {\n    legal: true,\n    next: {\n      ruleMode: 'official',\n      upper: 63,\n...\n    points: 18,\n+   upperBonus: 34,\n-   upperBonus: 35,\n    yahtzeeBonus: 0\n  }\n"}
2026-10-09T08:04:11.7426782Z {"seed":3,"name":"M02 Yahtzee bonus","before":"card.yahtzeeBonus?100:0","after":"card.yahtzeeBonus?99:0","strictCompilation":true,"runtimeKilled":true,"gate":"manual, independent boundary and contract checks","failure":"Extra Yahtzee/Joker legal choices\n+ actual - expected\n... Skipped lines\n\n  {\n    legal: true,\n    next: {\n      ruleMode: 'official',\n      upper: 5,\n...\n    upperBonus: 0,\n+   yahtzeeBonus: 99\n-   yahtzeeBonus: 100\n  }\n"}
2026-10-09T08:04:11.9174044Z {"seed":3,"name":"M03 capped upper","before":"Math.min(63,card.upper+points)","after":"Math.min(62,card.upper+points)","strictCompilation":true,"runtimeKilled":true,"gate":"manual, independent boundary and contract checks","failure":"Expected values to be strictly deep-equal:\n+ actual - expected\n\n  {\n    legal: true,\n    next: {\n      ruleMode: 'official',\n+     upper: 62,\n-     upper: 63,\n      usedMask: 63,\n      yahtzeeBonus: false\n    },\n    points: 18,\n    upperBonus: 35,\n"}
2026-10-09T08:04:12.0391114Z {"seed":3,"name":"M04 full house","before":"case 8:return pair&&triple?25:0","after":"case 8:return pair&&triple?24:0","strictCompilation":true,"runtimeKilled":true,"gate":"manual, independent boundary and contract checks","failure":"Manual scoring and transition\n+ actual - expected\n... Skipped lines\n\n  {\n    legal: true,\n    next: {\n      ruleMode: 'official',\n      upper: 0,\n...\n    },\n+   points: 24,\n-   points: 25,\n    upperBonus: 0,\n    yahtzeeBonus: 0\n  }\n"}
2026-10-09T08:04:12.1533783Z {"seed":3,"name":"M05 small straight","before":"(bits&60)===60?30:0","after":"(bits&60)===60?29:0","strictCompilation":true,"runtimeKilled":true,"gate":"manual, independent boundary and contract checks","failure":"Manual scoring and transition\n+ actual - expected\n... Skipped lines\n\n  {\n    legal: true,\n    next: {\n      ruleMode: 'official',\n      upper: 0,\n...\n    },\n+   points: 29,\n-   points: 30,\n    upperBonus: 0,\n    yahtzeeBonus: 0\n  }\n"}
2026-10-09T08:04:12.2591111Z {"seed":3,"name":"M06 large straight","before":"case 10:return bits===31||bits===62?40:0","after":"case 10:return bits===31||bits===62?39:0","strictCompilation":true,"runtimeKilled":true,"gate":"manual, independent boundary and contract checks","failure":"Manual scoring and transition\n+ actual - expected\n... Skipped lines\n\n  {\n    legal: true,\n    next: {\n      ruleMode: 'official',\n      upper: 0,\n...\n    },\n+   points: 39,\n-   points: 40,\n    upperBonus: 0,\n    yahtzeeBonus: 0\n  }\n"}
2026-10-09T08:04:12.3543650Z {"seed":3,"name":"M07 Yahtzee","before":"case 11:return max===5?50:0","after":"case 11:return max===5?49:0","strictCompilation":true,"runtimeKilled":true,"gate":"manual, independent boundary and contract checks","failure":"Manual scoring and transition\n+ actual - expected\n\n  {\n    legal: true,\n    next: {\n      ruleMode: 'official',\n      upper: 0,\n      usedMask: 2048,\n+     yahtzeeBonus: false\n-     yahtzeeBonus: true\n    },\n+   points: 49,\n-   points: 50,\n    upperBonus: 0,\n    yahtzeeBonus: 0\n  }\n"}
2026-10-09T08:04:12.4535587Z {"seed":3,"name":"M08 upper face multiplier","before":"counts[category]!*(category+1)","after":"counts[category]!*(category+2)","strictCompilation":true,"runtimeKilled":true,"gate":"manual, independent boundary and contract checks","failure":"Manual scoring and transition\n+ actual - expected\n\n  {\n    legal: true,\n    next: {\n      ruleMode: 'official',\n+     upper: 6,\n-     upper: 3,\n      usedMask: 1,\n      yahtzeeBonus: false\n    },\n+   points: 6,\n-   points: 3,\n    upperBonus: 0,\n    yahtzeeBonus: 0\n  }\n"}
2026-10-09T08:04:12.5560334Z {"seed":3,"name":"M09 three of a kind","before":"case 6:return max>=3?sum:0","after":"case 6:return max>=4?sum:0","strictCompilation":true,"runtimeKilled":true,"gate":"manual, independent boundary and contract checks","failure":"Manual scoring and transition\n+ actual - expected\n... Skipped lines\n\n  {\n    legal: true,\n    next: {\n      ruleMode: 'official',\n      upper: 0,\n...\n    },\n+   points: 0,\n-   points: 7,\n    upperBonus: 0,\n    yahtzeeBonus: 0\n  }\n"}
2026-10-09T08:04:12.6488715Z {"seed":3,"name":"M10 four of a kind","before":"case 7:return max>=4?sum:0","after":"case 7:return max>=5?sum:0","strictCompilation":true,"runtimeKilled":true,"gate":"manual, independent boundary and contract checks","failure":"Manual scoring and transition\n+ actual - expected\n... Skipped lines\n\n  {\n    legal: true,\n    next: {\n      ruleMode: 'official',\n      upper: 0,\n...\n    },\n+   points: 0,\n-   points: 25,\n    upperBonus: 0,\n    yahtzeeBonus: 0\n  }\n"}
2026-10-09T08:04:12.7362449Z {"seed":3,"name":"M11 chance","before":"case 12:return sum;","after":"case 12:return sum+1;","strictCompilation":true,"runtimeKilled":true,"gate":"manual, independent boundary and contract checks","failure":"Manual scoring and transition\n+ actual - expected\n... Skipped lines\n\n  {\n    legal: true,\n    next: {\n      ruleMode: 'official',\n      upper: 0,\n...\n    },\n+   points: 8,\n-   points: 7,\n    upperBonus: 0,\n    yahtzeeBonus: 0\n  }\n"}
2026-10-09T08:04:12.8259518Z {"seed":3,"name":"M12 full house conjunction","before":"case 8:return pair&&triple","after":"case 8:return pair||triple","strictCompilation":true,"runtimeKilled":true,"gate":"manual, independent boundary and contract checks","failure":"Manual scoring and transition\n+ actual - expected\n... Skipped lines\n\n  {\n    legal: true,\n    next: {\n      ruleMode: 'official',\n      upper: 0,\n...\n    },\n+   points: 25,\n-   points: 0,\n    upperBonus: 0,\n    yahtzeeBonus: 0\n  }\n"}
2026-10-09T08:04:12.9304516Z {"seed":3,"name":"M13 high small straight","before":"||(bits&60)===60","after":"||(bits&60)===61","strictCompilation":true,"runtimeKilled":true,"gate":"independent seeded objective comparison","failure":"Hold objective 3:2 {\"card\":{\"usedMask\":7478,\"upper\":11,\"yahtzeeBonus\":true,\"ruleMode\":\"published\"},\"dice\":[2,2,4,2,3],\"rollsLeft\":2,\"chosen\":{\"hold\":[2,2,2],\"expectedValue\":92.95815502719417},\"optimum\":{\"hold\":[2,2,2],\"expectedValue\":92.99273679510392}}"}
2026-10-09T08:04:13.0126849Z {"seed":3,"name":"M14 high large straight","before":"bits===31||bits===62","after":"bits===31||bits===63","strictCompilation":true,"runtimeKilled":true,"gate":"manual, independent boundary and contract checks","failure":"Manual scoring and transition\n+ actual - expected\n... Skipped lines\n\n  {\n    legal: true,\n    next: {\n      ruleMode: 'official',\n      upper: 0,\n...\n    },\n+   points: 0,\n-   points: 40,\n    upperBonus: 0,\n    yahtzeeBonus: 0\n  }\n"}
2026-10-09T08:04:13.1012461Z {"seed":3,"name":"M15 category maximization","before":"value>best.expectedValue","after":"value<best.expectedValue","strictCompilation":true,"runtimeKilled":true,"gate":"manual, independent boundary and contract checks","failure":"216.51959643767444 != 253.9091948744762"}
2026-10-09T08:04:13.1860813Z {"seed":3,"name":"M16 fair die denominator","before":"values[hand]=total/6","after":"values[hand]=total/7","strictCompilation":true,"runtimeKilled":true,"gate":"manual, independent boundary and contract checks","failure":"Expected values to be strictly deep-equal:\n+ actual - expected\n\n  [\n+   1,\n+   2,\n+   3,\n    4,\n    6\n  ]\n"}
2026-10-09T08:04:13.2712445Z {"seed":3,"name":"M17 hold maximization","before":"values[prior]!>values[hand]!","after":"values[prior]!<values[hand]!","strictCompilation":true,"runtimeKilled":true,"gate":"manual, independent boundary and contract checks","failure":"Expected values to be strictly deep-equal:\n+ actual - expected\n\n  [\n+   1,\n+   2,\n+   3\n-   4,\n-   6\n  ]\n"}
2026-10-09T08:04:13.3585839Z {"seed":3,"name":"M18 hold equality ordering","before":"rank[choices[prior]!]!<rank[choices[hand]!]!","after":"rank[choices[prior]!]!>rank[choices[hand]!]!","strictCompilation":true,"runtimeKilled":true,"gate":"manual, independent boundary and contract checks","failure":"Expected values to be strictly deep-equal:\n+ actual - expected\n\n  [\n    1,\n    2,\n    3,\n    4,\n+   4\n  ]\n"}
2026-10-09T08:04:13.4433957Z {"seed":3,"name":"M19 terminal hold ordering","before":"return {hold:sorted,expectedValue:categoryChoice","after":"return {hold:sorted.slice().reverse(),expectedValue:categoryChoice","strictCompilation":true,"runtimeKilled":true,"gate":"manual, independent boundary and contract checks","failure":"Expected values to be strictly deep-equal:\n+ actual - expected\n\n  [\n+   6,\n+   4,\n+   3,\n+   2,\n    1,\n-   2,\n-   3,\n-   4,\n-   6\n  ]\n"}
2026-10-09T08:04:13.5283479Z {"seed":3,"name":"M20 table mask","before":"const index=card.usedMask+card.upper","after":"const index=(card.usedMask===ALL?0:card.usedMask)+card.upper","strictCompilation":true,"runtimeKilled":true,"gate":"manual, independent boundary and contract checks","failure":"275.087728734496 != 20.5"}
2026-10-09T08:04:13.6152576Z {"seed":3,"name":"M21 filled legality","before":"if(!(legal&(1<<category)))","after":"if(false&&!(legal&(1<<category)))","strictCompilation":true,"runtimeKilled":true,"gate":"manual, independent boundary and contract checks","failure":"Extra Yahtzee/Joker legal choices\n+ actual - expected\n\n  {\n+   legal: true,\n-   legal: false,\n    next: {\n      ruleMode: 'official',\n      upper: 0,\n+     usedMask: 2050,\n-     usedMask: 2048,\n      yahtzeeBonus: false\n    },\n    points: 0,\n    upperBonus: 0,\n    yahtzeeBonus: 0\n"}
2026-10-09T08:04:13.6943866Z {"seed":3,"name":"M22 Yahtzee eligibility","before":"category===11&&points===50","after":"category===11&&points===0","strictCompilation":true,"runtimeKilled":true,"gate":"manual, independent boundary and contract checks","failure":"Manual scoring and transition\n+ actual - expected\n\n  {\n    legal: true,\n    next: {\n      ruleMode: 'official',\n      upper: 0,\n      usedMask: 2048,\n+     yahtzeeBonus: true\n-     yahtzeeBonus: false\n    },\n    points: 0,\n    upperBonus: 0,\n    yahtzeeBonus: 0\n  }\n"}
2026-10-09T08:04:13.7776868Z {"seed":3,"name":"M23 first Yahtzee forced","before":"const extra=face>=0&&Boolean(card.usedMask&YAHTZEE);","after":"const extra=face>=0;","strictCompilation":true,"runtimeKilled":true,"gate":"manual, independent boundary and contract checks","failure":"Manual scoring and transition\n+ actual - expected\n\n  {\n+   legal: false,\n-   legal: true,\n    next: {\n      ruleMode: 'official',\n      upper: 0,\n+     usedMask: 0,\n-     usedMask: 1,\n      yahtzeeBonus: false\n    },\n    points: 0,\n    upperBonus: 0,\n    yahtzeeBonus: 0\n"}
2026-10-09T08:04:13.8941743Z {"seed":3,"name":"M24 already earned upper bonus","before":"upperBonus:category<6&&card.upper<63","after":"upperBonus:category<6&&card.upper<=63","strictCompilation":true,"runtimeKilled":true,"gate":"manual, independent boundary and contract checks","failure":"Expected values to be strictly deep-equal:\n+ actual - expected\n... Skipped lines\n\n  {\n    legal: true,\n    next: {\n      ruleMode: 'official',\n      upper: 63,\n...\n    points: 18,\n+   upperBonus: 35,\n-   upperBonus: 0,\n    yahtzeeBonus: 0\n  }\n"}
2026-10-09T08:04:13.9796352Z {"seed":3,"name":"M25 convention reversal","before":"extra&&card.ruleMode==='official'","after":"extra&&card.ruleMode==='published'","strictCompilation":true,"runtimeKilled":true,"gate":"manual, independent boundary and contract checks","failure":"Extra Yahtzee/Joker legal choices\n+ actual - expected\n\n  {\n+   legal: true,\n-   legal: false,\n    next: {\n      ruleMode: 'official',\n      upper: 0,\n+     usedMask: 2050,\n-     usedMask: 2048,\n      yahtzeeBonus: false\n    },\n    points: 0,\n    upperBonus: 0,\n    yahtzeeBonus: 0\n"}
2026-10-09T08:04:15.9842840Z prepared 462 holds,252 rolls,4368 weighted completions
2026-10-09T08:04:35.9339468Z {"suite":"paired-native-and-actual-TypeScript","passed":true,"mode":"official","seed":3,"simulation":{"passed":true,"mode":"official","seed":3,"games":1000000,"pairedResults":1000000,"holdComparisons":26000000,"categoryComparisons":13000000,"scoreTransitionComparisons":13000000,"decisionComparisons":39000000,"individualDiceDraws":125829535,"distinctVisitedComponents":164364,"referenceComputedComponents":164364,"observationRecordBytes":8572,"maximumDecisionGap":5.684341886080802e-14,"decisionTolerance":1e-10,"alternateHolds":170653,"alternateCategories":0,"expectedValue":254.58772873449593,"independentExpectedValue":254.5877287344961,"mean":254.577033,"sampleVariance":3550.8771807940916,"standardError":0.059589237122101936,"sigma":0.17949104590832957,"minimum":81,"maximum":925},"actualTypeScriptBridge":{"records":164364,"numericChecks":4601772,"policyChecks":4601772,"alternativeCategories":0,"alternativeHolds":0,"maxDifference":0,"tolerance":1e-10,"streamSha256":"faf42ce98f8f6fb650d10458ecf4ba131b41d53e462f7db8028a5d9a1abc6ad4","orderedComponentKeysSha256":"acf6c9017bec03b401a5bd4b75e56b3c2e728d2c68ebecb208f8ed607423b962","format":"paired","recordBytes":8572,"allPassed":true,"primaryNumericChecks":4601772,"primaryPolicyChecks":4601772,"primaryAlternativeCategories":0,"primaryAlternativeHolds":0,"primaryCrossImplementationAlternatives":11149,"primaryMaxDifference":6.821210263296962e-13,"directRecords":6087,"reusedRecords":158277,"auditRecords":1,"distinctComponentProofs":182153,"sourceFingerprint":"0929098e4fc18398bec3e13a670b101fbf570288e3180e375a47ea1a7ccaa499","directStreamSha256":"86cae139cbe6c4934d10562a9c5c9c90299fed8c43a4898574d72f9007612e20","directOrderedKeysSha256":"1bdf171162f38dbf9d89a4968050ef3b68dfc5419e63330b10060b56acba7895","reuseRule":"Every8572-byte policy/value record exactly matches a SHA256 proof previously checked against both actual TS bodies during this npm test; first component is directly audited every stream."},"regeneratedBinarySHA256":"6e93512a9b983afa721f6a7f1c51261a3d464f469b6c89a0c21e689efd76cbe1","visitedKeysSHA256":"acf6c9017bec03b401a5bd4b75e56b3c2e728d2c68ebecb208f8ed607423b962"}
2026-10-09T08:04:37.9177790Z prepared 462 holds,252 rolls,4368 weighted completions
2026-10-09T08:04:58.1620393Z {"suite":"paired-native-and-actual-TypeScript","passed":true,"mode":"published","seed":3,"simulation":{"passed":true,"mode":"published","seed":3,"games":1000000,"pairedResults":1000000,"holdComparisons":26000000,"categoryComparisons":13000000,"scoreTransitionComparisons":13000000,"decisionComparisons":39000000,"individualDiceDraws":125836799,"distinctVisitedComponents":164241,"referenceComputedComponents":164241,"observationRecordBytes":8572,"maximumDecisionGap":5.684341886080802e-14,"decisionTolerance":1e-10,"alternateHolds":175300,"alternateCategories":0,"expectedValue":254.58960948196315,"independentExpectedValue":254.58960948196366,"mean":254.485353,"sampleVariance":3534.569240034631,"standardError":0.059452243355777847,"sigma":1.75361729143255,"minimum":91,"maximum":835},"actualTypeScriptBridge":{"records":164241,"numericChecks":4619916,"policyChecks":4619916,"alternativeCategories":0,"alternativeHolds":0,"maxDifference":0,"tolerance":1e-10,"streamSha256":"d79d21605f8a06410e848c5f2fb676ee2dc9ad9724d55fcb5d9e49ed76064dc4","orderedComponentKeysSha256":"0c95c0e7054f38dfdae73d87180cd118931df7b0c9f6c3fbee3a0dfa61abf0c7","format":"paired","recordBytes":8572,"allPassed":true,"primaryNumericChecks":4619916,"primaryPolicyChecks":4619916,"primaryAlternativeCategories":0,"primaryAlternativeHolds":0,"primaryCrossImplementationAlternatives":11418,"primaryMaxDifference":7.958078640513122e-13,"directRecords":6111,"reusedRecords":158130,"auditRecords":1,"distinctComponentProofs":182181,"sourceFingerprint":"0929098e4fc18398bec3e13a670b101fbf570288e3180e375a47ea1a7ccaa499","directStreamSha256":"127ac10d02192d07d4c96af24cdc3912ed138a1bab2badaed2336ad50df04f7e","directOrderedKeysSha256":"247e027d6f43f4a9813b8a5d211833f3b91c4f2db38badff0344efce51d72d4a","reuseRule":"Every8572-byte policy/value record exactly matches a SHA256 proof previously checked against both actual TS bodies during this npm test; first component is directly audited every stream."},"regeneratedBinarySHA256":"2b2f401a4d6588decb2fbdab46eb86989d8ce6faa8f4a677b534306bb93b314c","visitedKeysSHA256":"0c95c0e7054f38dfdae73d87180cd118931df7b0c9f6c3fbee3a0dfa61abf0c7"}
2026-10-09T08:04:58.2283049Z B07 full seed 3: PASS all required counts
2026-10-09T08:04:58.2433452Z {"passed":true,"totals":{"midgameStates":150000,"scoringCases":606528,"strictCompiledMutants":75,"runtimeKilledMutants":75,"fullPairedGames":6000000,"nativeDecisionComparisons":234000000,"nativeScoringTransitionComparisons":78000000,"visitedComponentVectors":985883,"directActualTypeScriptComponents":364338,"reusedVerifiedComponentVectors":621545},"runtime":{"node":"v22.16.0","typescript":"5.8.3","cpp":"g++ (Ubuntu 13.3.0-6ubuntu2~24.04.1) 13.3.0"}}
2026-10-09T08:04:58.3496361Z {"reportRestoration":"PASS","reports":".verification/full-run-reports/latest","result":{"code":0,"signal":null}}
2026-10-09T08:04:58.3615965Z ##[group]Run actions/upload-artifact@v4
2026-10-09T08:04:58.3616114Z with:
2026-10-09T08:04:58.3616228Z   name: B07-full-verification-reports
2026-10-09T08:04:58.3616421Z   path: jobs/B07-yahtzee-optimal/.verification/full-run-reports/latest/
2026-10-09T08:04:58.3616617Z   if-no-files-found: warn
2026-10-09T08:04:58.3616738Z   compression-level: 6
2026-10-09T08:04:58.3616851Z   overwrite: false
2026-10-09T08:04:58.3616965Z   include-hidden-files: false
2026-10-09T08:04:58.3617089Z ##[endgroup]
2026-10-09T08:04:58.4554301Z (node:2597) [DEP0040] DeprecationWarning: The `punycode` module is deprecated. Please use a userland alternative instead.
2026-10-09T08:04:58.4554726Z (Use `node --trace-deprecation ...` to show where the warning was created)
2026-10-09T08:04:58.4654533Z With the provided path, there will be 80 files uploaded
2026-10-09T08:04:58.4655045Z Artifact name is valid!
2026-10-09T08:04:58.4655288Z Root directory input is valid!
2026-10-09T08:04:58.8696380Z Beginning upload of artifact content to blob storage
2026-10-09T08:04:59.0448825Z (node:2597) [DEP0169] DeprecationWarning: `url.parse()` behavior is not standardized and prone to errors that have security implications. Use the WHATWG URL API instead. CVEs are not issued for `url.parse()` vulnerabilities.
2026-10-09T08:04:59.9417974Z Uploaded bytes 5058453
2026-10-09T08:05:00.0189084Z Finished uploading artifact content to blob storage!
2026-10-09T08:05:00.0189905Z SHA256 digest of uploaded artifact zip is 1c71e460976527b2024ac4911cf9a58c3c7963678bdb6626da9464d74ddb7bc4
2026-10-09T08:05:00.0191406Z Finalizing artifact upload
2026-10-09T08:05:00.3286445Z Artifact B07-full-verification-reports.zip successfully finalized. Artifact ID 11603280899
2026-10-09T08:05:00.3286996Z Artifact B07-full-verification-reports has been successfully uploaded! Final size is 5058453 bytes. Artifact ID is 11603280899
2026-10-09T08:05:00.3291710Z Artifact download URL: https://github.com/luisitin/partybox-gpt-drops/actions/runs/37902011418/artifacts/11603280899
2026-10-09T08:05:00.3445041Z Post job cleanup.
2026-10-09T08:05:00.4143586Z (node:2611) [DEP0040] DeprecationWarning: The `punycode` module is deprecated. Please use a userland alternative instead.
2026-10-09T08:05:00.4144256Z (Use `node --trace-deprecation ...` to show where the warning was created)
2026-10-09T08:05:00.4315897Z [command]/usr/bin/tar --posix -cf cache.tzst --exclude cache.tzst -P -C /home/runner/work/partybox-gpt-drops/partybox-gpt-drops --files-from manifest.txt --use-compress-program zstdmt
2026-10-09T08:05:00.7070885Z (node:2611) [DEP0169] DeprecationWarning: `url.parse()` behavior is not standardized and prone to errors that have security implications. Use the WHATWG URL API instead. CVEs are not issued for `url.parse()` vulnerabilities.
2026-10-09T08:05:01.6507243Z Sent 4254372 of 4254372 (100.0%), 4.3 MBs/sec
2026-10-09T08:05:01.9616975Z Cache saved with the key: node-cache-Linux-x64-npm-6dafa92bf61ad34505513340e45834f82a83a77ff64c9d193b158b177cfc9fd6
2026-10-09T08:05:01.9753726Z Post job cleanup.
2026-10-09T08:05:02.0264634Z [command]/usr/bin/git version
2026-10-09T08:05:02.0294819Z git version 2.55.0
2026-10-09T08:05:02.0319044Z Temporarily overriding HOME='/home/runner/work/_temp/d297f771-25a1-4fa3-9b90-6ef936ae84a3' before making global git config changes
2026-10-09T08:05:02.0319776Z Adding repository directory to the temporary git global config as a safe directory
2026-10-09T08:05:02.0322863Z [command]/usr/bin/git config --global --add safe.directory /home/runner/work/partybox-gpt-drops/partybox-gpt-drops
2026-10-09T08:05:02.0350856Z [command]/usr/bin/git config --local --name-only --get-regexp core\.sshCommand
2026-10-09T08:05:02.0375514Z [command]/usr/bin/git submodule foreach --recursive sh -c "git config --local --name-only --get-regexp 'core\.sshCommand' && git config --local --unset-all 'core.sshCommand' || :"
2026-10-09T08:05:02.0559815Z [command]/usr/bin/git config --local --name-only --get-regexp http\.https\:\/\/github\.com\/\.extraheader
2026-10-09T08:05:02.0583643Z http.https://github.com/.extraheader
2026-10-09T08:05:02.0590534Z [command]/usr/bin/git config --local --unset-all http.https://github.com/.extraheader
2026-10-09T08:05:02.0621675Z [command]/usr/bin/git submodule foreach --recursive sh -c "git config --local --name-only --get-regexp 'http\.https\:\/\/github\.com\/\.extraheader' && git config --local --unset-all 'http.https://github.com/.extraheader' || :"
2026-10-09T08:05:02.0801765Z [command]/usr/bin/git config --local --name-only --get-regexp ^includeIf\.gitdir:
2026-10-09T08:05:02.0832183Z [command]/usr/bin/git submodule foreach --recursive git config --local --show-origin --name-only --get-regexp remote.origin.url
2026-10-09T08:05:02.1100404Z Cleaning up orphan processes
2026-10-09T08:05:02.1288808Z ##[warning]Node.js 20 is deprecated. The following actions target Node.js 20 but are being forced to run on Node.js 24: actions/checkout@v4, actions/setup-node@v4, actions/upload-artifact@v4. For more information see: https://github.blog/changelog/2025-09-19-deprecation-of-node-20-on-github-actions-runners/
