{
  "acceptedUTC": "2026-10-09T12:07:08.627423+00:00",
  "originalHead": "7985b82423a9419bbbfcdc6c1dfb12b816bc461e",
  "run": 37675775829,
  "job": 112978767591,
  "artifact": 11506704793,
  "archiveBytes": 5385,
  "archiveSha256": "ba8f481a977e3ab0f46542f35301f194e3f3e966e74e95bc2c2b77214646b3f6",
  "nativeLogBytes": 38937,
  "nativeLogSha256": "87005174996cef36e16c1288dde5be99acff3e481c80d826714649e4d5276b79",
  "nativeSourceBlobHashesChecked": 168,
  "manifestPayloadsChecked": 163,
  "deliveredFileSizesIndependentlyObserved": 164,
  "allSafeZIPEntriesFullyReadCRC": 2,
  "actualHostedScanPairs": 4498500,
  "actualHostedFinalScanPairs": 719400,
  "actualHostedSegmentsChecked": 12,
  "actualFlagRatiosIndependentlyRecomputed": 57,
  "originalSingleDirectionFlagsRetained": 55,
  "selectedFlagsAllResolved": 4,
  "candidateSchemasChecked": 3000,
  "finalSchemasChecked": 1200,
  "allFirstPassSealsChecked": 30,
  "independentGradeCasesChecked": 3000,
  "bothGradeQualified": 1978,
  "agreementExactCount": 1343,
  "agreementThresholdCount": 2217,
  "combinedCanonicalBuckets": 630,
  "combinedMax": 3,
  "researchScopeStillUnverified": true,
  "scope": "Whole genuine original evidence is accepted for its actual editorial/structural scans only; original tests omit the delivery size gate and do not establish global reranking, semantic uniqueness or factual cue research. Original Ready13/source remains protected."
}
