2026-10-09T00:12:15.0460863Z Current runner version: '2.337.0'
2026-10-09T00:12:15.0488704Z ##[group]Runner Image Provisioner
2026-10-09T00:12:15.0489780Z Hosted Compute Agent
2026-10-09T00:12:15.0490418Z Version: 20261002.596
2026-10-09T00:12:15.0491257Z Commit: c3d12f3313a95f25162a1503be624f3b0617f8c0
2026-10-09T00:12:15.0492101Z Build Date: 2026-10-02T22:28:27Z
2026-10-09T00:12:15.0492866Z Worker ID: {8ea98d0e-4ada-4652-b646-37dc7922e9e2}
2026-10-09T00:12:15.0493632Z Region: westcentralus
2026-10-09T00:12:15.0494309Z Cloud: Azure
2026-10-09T00:12:15.0494879Z ##[endgroup]
2026-10-09T00:12:15.0496324Z ##[group]Operating System
2026-10-09T00:12:15.0497045Z Ubuntu
2026-10-09T00:12:15.0497653Z 24.04.5
2026-10-09T00:12:15.0498261Z LTS
2026-10-09T00:12:15.0498813Z ##[endgroup]
2026-10-09T00:12:15.0499430Z ##[group]Runner Image
2026-10-09T00:12:15.0500093Z Image: ubuntu-24.04
2026-10-09T00:12:15.0501062Z Version: 20261004.327.1
2026-10-09T00:12:15.0502666Z Included Software: https://github.com/actions/runner-images/blob/ubuntu24/20261004.327/images/ubuntu/Ubuntu2404-Readme.md
2026-10-09T00:12:15.0504316Z Image Release: https://github.com/actions/runner-images/releases/tag/ubuntu24%2F20261004.327
2026-10-09T00:12:15.0505379Z ##[endgroup]
2026-10-09T00:12:15.0506611Z ##[group]GITHUB_TOKEN Permissions
2026-10-09T00:12:15.0508596Z Contents: read
2026-10-09T00:12:15.0509210Z Metadata: read
2026-10-09T00:12:15.0509888Z ##[endgroup]
2026-10-09T00:12:15.0512224Z Secret source: Actions
2026-10-09T00:12:15.0513401Z Cache mode: write
2026-10-09T00:12:15.0514120Z Prepare workflow directory
2026-10-09T00:12:15.0922604Z Prepare all required actions
2026-10-09T00:12:15.0971356Z Getting action download info
2026-10-09T00:12:15.4226011Z Download action repository 'actions/checkout@v4' (SHA:11d5960a326750d5838078e36cf38b85af677262)
2026-10-09T00:12:15.5319138Z Download action repository 'actions/setup-node@v4' (SHA:49933ea5288caeca8642d1e84afbd3f7d6820020)
2026-10-09T00:12:15.6211226Z Download action repository 'actions/setup-python@v5' (SHA:a26af69be951a213d495a4c3e4e4022e16d87065)
2026-10-09T00:12:15.7080633Z Download action repository 'actions/upload-artifact@v4' (SHA:ea165f8d65b6e75b540449e92b4886f43607fa02)
2026-10-09T00:12:15.9135306Z Complete job name: verify
2026-10-09T00:12:15.9889617Z ##[group]Run actions/checkout@v4
2026-10-09T00:12:15.9890443Z with:
2026-10-09T00:12:15.9891097Z   repository: luisitin/partybox-gpt-drops
2026-10-09T00:12:15.9895224Z   token: ***
2026-10-09T00:12:15.9895679Z   ssh-strict: true
2026-10-09T00:12:15.9896123Z   ssh-user: git
2026-10-09T00:12:15.9896565Z   persist-credentials: true
2026-10-09T00:12:15.9897051Z   clean: true
2026-10-09T00:12:15.9897494Z   sparse-checkout-cone-mode: true
2026-10-09T00:12:15.9898013Z   fetch-depth: 1
2026-10-09T00:12:15.9898442Z   fetch-tags: false
2026-10-09T00:12:15.9898884Z   show-progress: true
2026-10-09T00:12:15.9899325Z   lfs: false
2026-10-09T00:12:15.9899730Z   submodules: false
2026-10-09T00:12:15.9900176Z   set-safe-directory: true
2026-10-09T00:12:15.9900678Z   allow-unsafe-pr-checkout: false
2026-10-09T00:12:15.9901677Z ##[endgroup]
2026-10-09T00:12:16.0983712Z Syncing repository: luisitin/partybox-gpt-drops
2026-10-09T00:12:16.0986059Z ##[group]Getting Git version info
2026-10-09T00:12:16.0987158Z Working directory is '/home/runner/work/partybox-gpt-drops/partybox-gpt-drops'
2026-10-09T00:12:16.0988467Z [command]/usr/bin/git version
2026-10-09T00:12:16.1028925Z git version 2.55.0
2026-10-09T00:12:16.1049823Z ##[endgroup]
2026-10-09T00:12:16.1066617Z Temporarily overriding HOME='/home/runner/work/_temp/0d731c9d-2733-4d02-b4dc-816f0e231444' before making global git config changes
2026-10-09T00:12:16.1069200Z Adding repository directory to the temporary git global config as a safe directory
2026-10-09T00:12:16.1074756Z [command]/usr/bin/git config --global --add safe.directory /home/runner/work/partybox-gpt-drops/partybox-gpt-drops
2026-10-09T00:12:16.1120418Z Deleting the contents of '/home/runner/work/partybox-gpt-drops/partybox-gpt-drops'
2026-10-09T00:12:16.1127052Z ##[group]Initializing the repository
2026-10-09T00:12:16.1132641Z [command]/usr/bin/git init /home/runner/work/partybox-gpt-drops/partybox-gpt-drops
2026-10-09T00:12:16.1214904Z hint: Using 'master' as the name for the initial branch. This default branch name
2026-10-09T00:12:16.1216830Z hint: will change to "main" in Git 3.0. To configure the initial branch name
2026-10-09T00:12:16.1218578Z hint: to use in all of your new repositories, which will suppress this warning,
2026-10-09T00:12:16.1220176Z hint: call:
2026-10-09T00:12:16.1221121Z hint:
2026-10-09T00:12:16.1222091Z hint: 	git config --global init.defaultBranch <name>
2026-10-09T00:12:16.1223212Z hint:
2026-10-09T00:12:16.1224616Z hint: Names commonly chosen instead of 'master' are 'main', 'trunk' and
2026-10-09T00:12:16.1226248Z hint: 'development'. The just-created branch can be renamed via this command:
2026-10-09T00:12:16.1228039Z hint:
2026-10-09T00:12:16.1228876Z hint: 	git branch -m <name>
2026-10-09T00:12:16.1229775Z hint:
2026-10-09T00:12:16.1231481Z hint: Disable this message with "git config set advice.defaultBranchName false"
2026-10-09T00:12:16.1233441Z Initialized empty Git repository in /home/runner/work/partybox-gpt-drops/partybox-gpt-drops/.git/
2026-10-09T00:12:16.1239359Z [command]/usr/bin/git remote add origin https://github.com/luisitin/partybox-gpt-drops
2026-10-09T00:12:16.1277010Z ##[endgroup]
2026-10-09T00:12:16.1278366Z ##[group]Disabling automatic garbage collection
2026-10-09T00:12:16.1283217Z [command]/usr/bin/git config --local gc.auto 0
2026-10-09T00:12:16.1318830Z ##[endgroup]
2026-10-09T00:12:16.1320188Z ##[group]Setting up auth
2026-10-09T00:12:16.1326492Z [command]/usr/bin/git config --local --name-only --get-regexp core\.sshCommand
2026-10-09T00:12:16.1368305Z [command]/usr/bin/git submodule foreach --recursive sh -c "git config --local --name-only --get-regexp 'core\.sshCommand' && git config --local --unset-all 'core.sshCommand' || :"
2026-10-09T00:12:16.1727185Z [command]/usr/bin/git config --local --name-only --get-regexp http\.https\:\/\/github\.com\/\.extraheader
2026-10-09T00:12:16.1784099Z [command]/usr/bin/git submodule foreach --recursive sh -c "git config --local --name-only --get-regexp 'http\.https\:\/\/github\.com\/\.extraheader' && git config --local --unset-all 'http.https://github.com/.extraheader' || :"
2026-10-09T00:12:16.2042753Z [command]/usr/bin/git config --local --name-only --get-regexp ^includeIf\.gitdir:
2026-10-09T00:12:16.2083786Z [command]/usr/bin/git submodule foreach --recursive git config --local --show-origin --name-only --get-regexp remote.origin.url
2026-10-09T00:12:16.2338398Z [command]/usr/bin/git config --local http.https://github.com/.extraheader AUTHORIZATION: basic ***
2026-10-09T00:12:16.2381768Z ##[endgroup]
2026-10-09T00:12:16.2382721Z ##[group]Fetching the repository
2026-10-09T00:12:16.2391349Z [command]/usr/bin/git -c protocol.version=2 fetch --no-tags --prune --no-recurse-submodules --depth=1 origin +793ff91a7e8ec2b8e14be51cd79b8dedec50adb5:refs/remotes/pull/8/merge
2026-10-09T00:12:16.7300627Z From https://github.com/luisitin/partybox-gpt-drops
2026-10-09T00:12:16.7302968Z  * [new ref]         793ff91a7e8ec2b8e14be51cd79b8dedec50adb5 -> pull/8/merge
2026-10-09T00:12:16.7308107Z ##[endgroup]
2026-10-09T00:12:16.7309827Z ##[group]Determining the checkout info
2026-10-09T00:12:16.7311720Z ##[endgroup]
2026-10-09T00:12:16.7315565Z [command]/usr/bin/git sparse-checkout disable
2026-10-09T00:12:16.7374439Z [command]/usr/bin/git config --local --unset-all extensions.worktreeConfig
2026-10-09T00:12:16.7411670Z ##[group]Checking out the ref
2026-10-09T00:12:16.7413042Z [command]/usr/bin/git checkout --progress --force refs/remotes/pull/8/merge
2026-10-09T00:12:16.7527659Z Note: switching to 'refs/remotes/pull/8/merge'.
2026-10-09T00:12:16.7528740Z 
2026-10-09T00:12:16.7529466Z You are in 'detached HEAD' state. You can look around, make experimental
2026-10-09T00:12:16.7531453Z changes and commit them, and you can discard any commits you make in this
2026-10-09T00:12:16.7533217Z state without impacting any branches by switching back to a branch.
2026-10-09T00:12:16.7534543Z 
2026-10-09T00:12:16.7535240Z If you want to create a new branch to retain commits you create, you may
2026-10-09T00:12:16.7537108Z do so (now or later) by using -c with the switch command. Example:
2026-10-09T00:12:16.7538020Z 
2026-10-09T00:12:16.7538412Z   git switch -c <new-branch-name>
2026-10-09T00:12:16.7539038Z 
2026-10-09T00:12:16.7539470Z Or undo this operation with:
2026-10-09T00:12:16.7540216Z 
2026-10-09T00:12:16.7540833Z   git switch -
2026-10-09T00:12:16.7541512Z 
2026-10-09T00:12:16.7542449Z Turn off this advice by setting config variable advice.detachedHead to false
2026-10-09T00:12:16.7543759Z 
2026-10-09T00:12:16.7545226Z HEAD is now at 793ff91 Merge fdc4dedc2809cf68f64ec3706692c7c48d3a3fc0 into 67790e6fd00c8690f5d87ed2d223f70c95e8e27d
2026-10-09T00:12:16.7550160Z ##[endgroup]
2026-10-09T00:12:16.7584357Z [command]/usr/bin/git log -1 --format=%H
2026-10-09T00:12:16.7612338Z 793ff91a7e8ec2b8e14be51cd79b8dedec50adb5
2026-10-09T00:12:16.8003739Z ##[group]Run actions/setup-node@v4
2026-10-09T00:12:16.8004946Z with:
2026-10-09T00:12:16.8005827Z   node-version: 22
2026-10-09T00:12:16.8006795Z   always-auth: false
2026-10-09T00:12:16.8007783Z   check-latest: false
2026-10-09T00:12:16.8018223Z   token: ***
2026-10-09T00:12:16.8019129Z ##[endgroup]
2026-10-09T00:12:16.9480254Z Found in cache @ /opt/hostedtoolcache/node/22.23.3/x64
2026-10-09T00:12:16.9483805Z (node:2495) [DEP0040] DeprecationWarning: The `punycode` module is deprecated. Please use a userland alternative instead.
2026-10-09T00:12:16.9487443Z (Use `node --trace-deprecation ...` to show where the warning was created)
2026-10-09T00:12:16.9490899Z ##[group]Environment details
2026-10-09T00:12:17.2855445Z node: v22.23.3
2026-10-09T00:12:17.2856104Z npm: 10.9.9
2026-10-09T00:12:17.2856468Z yarn: 1.22.22
2026-10-09T00:12:17.2857613Z ##[endgroup]
2026-10-09T00:12:17.3053639Z ##[group]Run actions/setup-python@v5
2026-10-09T00:12:17.3054011Z with:
2026-10-09T00:12:17.3054289Z   python-version: 3.12
2026-10-09T00:12:17.3054607Z   check-latest: false
2026-10-09T00:12:17.3057274Z   token: ***
2026-10-09T00:12:17.3057560Z   update-environment: true
2026-10-09T00:12:17.3057892Z   allow-prereleases: false
2026-10-09T00:12:17.3058194Z   freethreaded: false
2026-10-09T00:12:17.3058480Z ##[endgroup]
2026-10-09T00:12:17.4379677Z ##[group]Installed versions
2026-10-09T00:12:17.4472516Z (node:2527) [DEP0040] DeprecationWarning: The `punycode` module is deprecated. Please use a userland alternative instead.
2026-10-09T00:12:17.4474157Z (Use `node --trace-deprecation ...` to show where the warning was created)
2026-10-09T00:12:17.4475178Z Successfully set up CPython (3.12.15)
2026-10-09T00:12:17.4476111Z ##[endgroup]
2026-10-09T00:12:17.4639161Z ##[group]Run python -m pip install -r requirements-dev.txt
2026-10-09T00:12:17.4639799Z [36;1mpython -m pip install -r requirements-dev.txt[0m
2026-10-09T00:12:17.4910478Z shell: /usr/bin/bash -e {0}
2026-10-09T00:12:17.4911058Z env:
2026-10-09T00:12:17.4911449Z   pythonLocation: /opt/hostedtoolcache/Python/3.12.15/x64
2026-10-09T00:12:17.4912006Z   PKG_CONFIG_PATH: /opt/hostedtoolcache/Python/3.12.15/x64/lib/pkgconfig
2026-10-09T00:12:17.4912520Z   Python_ROOT_DIR: /opt/hostedtoolcache/Python/3.12.15/x64
2026-10-09T00:12:17.4912983Z   Python2_ROOT_DIR: /opt/hostedtoolcache/Python/3.12.15/x64
2026-10-09T00:12:17.4913512Z   Python3_ROOT_DIR: /opt/hostedtoolcache/Python/3.12.15/x64
2026-10-09T00:12:17.4913963Z   LD_LIBRARY_PATH: /opt/hostedtoolcache/Python/3.12.15/x64/lib
2026-10-09T00:12:17.4914371Z ##[endgroup]
2026-10-09T00:12:18.3019857Z Collecting jsonschema==4.26.0 (from -r requirements-dev.txt (line 1))
2026-10-09T00:12:18.3971165Z   Downloading jsonschema-4.26.0-py3-none-any.whl.metadata (7.6 kB)
2026-10-09T00:12:18.4295822Z Collecting attrs>=22.2.0 (from jsonschema==4.26.0->-r requirements-dev.txt (line 1))
2026-10-09T00:12:18.4488681Z   Downloading attrs-26.1.0-py3-none-any.whl.metadata (8.8 kB)
2026-10-09T00:12:18.4797577Z Collecting jsonschema-specifications>=2023.03.6 (from jsonschema==4.26.0->-r requirements-dev.txt (line 1))
2026-10-09T00:12:18.4990173Z   Downloading jsonschema_specifications-2025.9.1-py3-none-any.whl.metadata (2.9 kB)
2026-10-09T00:12:18.5366374Z Collecting referencing>=0.28.4 (from jsonschema==4.26.0->-r requirements-dev.txt (line 1))
2026-10-09T00:12:18.5556159Z   Downloading referencing-0.37.0-py3-none-any.whl.metadata (2.8 kB)
2026-10-09T00:12:18.8743035Z Collecting rpds-py>=0.25.0 (from jsonschema==4.26.0->-r requirements-dev.txt (line 1))
2026-10-09T00:12:18.8941457Z   Downloading rpds_py-2026.9.1-cp312-cp312-manylinux_2_17_x86_64.manylinux2014_x86_64.whl.metadata (4.1 kB)
2026-10-09T00:12:18.9299352Z Collecting typing-extensions>=4.4.0 (from referencing>=0.28.4->jsonschema==4.26.0->-r requirements-dev.txt (line 1))
2026-10-09T00:12:18.9498992Z   Downloading typing_extensions-4.16.0-py3-none-any.whl.metadata (3.3 kB)
2026-10-09T00:12:18.9731580Z Downloading jsonschema-4.26.0-py3-none-any.whl (90 kB)
2026-10-09T00:12:19.0187992Z Downloading attrs-26.1.0-py3-none-any.whl (67 kB)
2026-10-09T00:12:19.0424780Z Downloading jsonschema_specifications-2025.9.1-py3-none-any.whl (18 kB)
2026-10-09T00:12:19.0637391Z Downloading referencing-0.37.0-py3-none-any.whl (26 kB)
2026-10-09T00:12:19.0845896Z Downloading rpds_py-2026.9.1-cp312-cp312-manylinux_2_17_x86_64.manylinux2014_x86_64.whl (371 kB)
2026-10-09T00:12:19.1483258Z Downloading typing_extensions-4.16.0-py3-none-any.whl (45 kB)
2026-10-09T00:12:19.1971989Z Installing collected packages: typing-extensions, rpds-py, attrs, referencing, jsonschema-specifications, jsonschema
2026-10-09T00:12:19.3896242Z 
2026-10-09T00:12:19.3909248Z Successfully installed attrs-26.1.0 jsonschema-4.26.0 jsonschema-specifications-2025.9.1 referencing-0.37.0 rpds-py-2026.9.1 typing-extensions-4.16.0
2026-10-09T00:12:19.4488064Z ##[group]Run npm ci --ignore-scripts --no-audit --no-fund
2026-10-09T00:12:19.4488511Z [36;1mnpm ci --ignore-scripts --no-audit --no-fund[0m
2026-10-09T00:12:19.4568801Z shell: /usr/bin/bash -e {0}
2026-10-09T00:12:19.4569087Z env:
2026-10-09T00:12:19.4569377Z   pythonLocation: /opt/hostedtoolcache/Python/3.12.15/x64
2026-10-09T00:12:19.4569835Z   PKG_CONFIG_PATH: /opt/hostedtoolcache/Python/3.12.15/x64/lib/pkgconfig
2026-10-09T00:12:19.4570269Z   Python_ROOT_DIR: /opt/hostedtoolcache/Python/3.12.15/x64
2026-10-09T00:12:19.4570653Z   Python2_ROOT_DIR: /opt/hostedtoolcache/Python/3.12.15/x64
2026-10-09T00:12:19.4571458Z   Python3_ROOT_DIR: /opt/hostedtoolcache/Python/3.12.15/x64
2026-10-09T00:12:19.4571873Z   LD_LIBRARY_PATH: /opt/hostedtoolcache/Python/3.12.15/x64/lib
2026-10-09T00:12:19.4572232Z ##[endgroup]
2026-10-09T00:12:20.3622966Z 
2026-10-09T00:12:20.3623542Z added 1 package in 844ms
2026-10-09T00:12:20.4051512Z ##[group]Run npm test
2026-10-09T00:12:20.4051782Z [36;1mnpm test[0m
2026-10-09T00:12:20.4120429Z shell: /usr/bin/bash -e {0}
2026-10-09T00:12:20.4120881Z env:
2026-10-09T00:12:20.4121167Z   pythonLocation: /opt/hostedtoolcache/Python/3.12.15/x64
2026-10-09T00:12:20.4121617Z   PKG_CONFIG_PATH: /opt/hostedtoolcache/Python/3.12.15/x64/lib/pkgconfig
2026-10-09T00:12:20.4122073Z   Python_ROOT_DIR: /opt/hostedtoolcache/Python/3.12.15/x64
2026-10-09T00:12:20.4122459Z   Python2_ROOT_DIR: /opt/hostedtoolcache/Python/3.12.15/x64
2026-10-09T00:12:20.4122839Z   Python3_ROOT_DIR: /opt/hostedtoolcache/Python/3.12.15/x64
2026-10-09T00:12:20.4123216Z   LD_LIBRARY_PATH: /opt/hostedtoolcache/Python/3.12.15/x64/lib
2026-10-09T00:12:20.4123623Z ##[endgroup]
2026-10-09T00:12:20.5418159Z 
2026-10-09T00:12:20.5418546Z > b01-jamboree-dice@1.0.0 test
2026-10-09T00:12:20.5418999Z > node tests/run.mjs
2026-10-09T00:12:20.5419203Z 
2026-10-09T00:12:20.5944355Z PASS seed=1 artifact-integrity cases=87
2026-10-09T00:12:22.2593609Z PASS seed=1 typescript-strict cases=4
2026-10-09T00:12:24.3605024Z PASS seed=1 native-sampler-compile cases=1
2026-10-09T00:12:24.5886835Z dice.json: VALID
2026-10-09T00:12:24.5887241Z odds.json: VALID
2026-10-09T00:12:24.5887844Z Draft 2020-12: schema valid; documents=2; errors=0; seed=1
2026-10-09T00:12:24.5888852Z PASS seed=1 json-schema cases=2
2026-10-09T00:12:24.8712692Z PASS seed=1 semantic-references cases=114
2026-10-09T00:12:24.8925430Z PASS seed=1 research-source-recheck cases=149
2026-10-09T00:12:25.1948781Z PASS seed=1 exhaustive-A-B cases=85777
2026-10-09T00:12:25.6189473Z PASS seed=1 blind-independent-odds cases=85777
2026-10-09T00:12:26.8321901Z PASS seed=1 blind-author-selfcheck cases=41
2026-10-09T00:12:26.8368437Z PASS seed=1 exact-invariants cases=612
2026-10-09T00:12:26.8414286Z PASS seed=1 lookup-boundaries cases=2194
2026-10-09T00:12:26.8501346Z PASS seed=1 literal-goldens cases=19
2026-10-09T00:12:26.8508249Z PASS seed=1 seeded-rng cases=1009
2026-10-09T00:12:27.1445158Z PASS seed=1 mutation-testing cases=25
2026-10-09T00:12:27.4318172Z PASS seed=1 native-sampler-equivalence cases=1053
2026-10-09T00:12:27.4854759Z MC seed=1 normal trials=10000000 PASS
2026-10-09T00:12:27.5880193Z MC seed=1 double trials=10000000 PASS
2026-10-09T00:12:27.7411538Z MC seed=1 triple trials=10000000 PASS
2026-10-09T00:12:27.8437399Z MC seed=1 payday-double trials=10000000 PASS
2026-10-09T00:12:27.9970381Z MC seed=1 payday-triple trials=10000000 PASS
2026-10-09T00:12:28.2184416Z MC seed=1 turbo trials=10000000 PASS
2026-10-09T00:12:28.3209371Z MC seed=1 together trials=10000000 PASS
2026-10-09T00:12:28.3738138Z MC seed=1 creepy trials=10000000 PASS
2026-10-09T00:12:28.4266319Z MC seed=1 mushroom trials=10000000 PASS
2026-10-09T00:12:28.4793748Z MC seed=1 mario-extra trials=10000000 PASS
2026-10-09T00:12:28.5319907Z MC seed=1 custom-1 trials=10000000 PASS
2026-10-09T00:12:28.5845748Z MC seed=1 custom-2 trials=10000000 PASS
2026-10-09T00:12:28.6384115Z MC seed=1 custom-3 trials=10000000 PASS
2026-10-09T00:12:28.6913939Z MC seed=1 custom-4 trials=10000000 PASS
2026-10-09T00:12:28.7441935Z MC seed=1 custom-5 trials=10000000 PASS
2026-10-09T00:12:28.7969311Z MC seed=1 custom-6 trials=10000000 PASS
2026-10-09T00:12:28.8496624Z MC seed=1 custom-7 trials=10000000 PASS
2026-10-09T00:12:28.9025207Z MC seed=1 custom-8 trials=10000000 PASS
2026-10-09T00:12:28.9573523Z MC seed=1 custom-9 trials=10000000 PASS
2026-10-09T00:12:29.0101629Z MC seed=1 custom-10 trials=10000000 PASS
2026-10-09T00:12:29.1126087Z MC seed=1 mario-normal trials=10000000 PASS
2026-10-09T00:12:29.2656742Z MC seed=1 mario-double trials=10000000 PASS
2026-10-09T00:12:29.4780511Z MC seed=1 mario-triple trials=10000000 PASS
2026-10-09T00:12:29.6308133Z MC seed=1 mario-payday-double trials=10000000 PASS
2026-10-09T00:12:29.8430597Z MC seed=1 mario-payday-triple trials=10000000 PASS
2026-10-09T00:12:30.2426879Z MC seed=1 mario-turbo trials=10000000 PASS
2026-10-09T00:12:30.3450036Z MC seed=1 mario-creepy trials=10000000 PASS
2026-10-09T00:12:30.4474529Z MC seed=1 mario-mushroom trials=10000000 PASS
2026-10-09T00:12:30.5499412Z MC seed=1 together-reported-bonus trials=10000000 PASS
2026-10-09T00:12:30.5513248Z PASS seed=1 monte-carlo cases=1196
2026-10-09T00:12:30.5540133Z PASS seed=2 artifact-integrity cases=87
2026-10-09T00:12:32.0522875Z PASS seed=2 typescript-strict cases=4
2026-10-09T00:12:32.4063095Z PASS seed=2 native-sampler-compile cases=1
2026-10-09T00:12:32.6307469Z dice.json: VALID
2026-10-09T00:12:32.6308261Z odds.json: VALID
2026-10-09T00:12:32.6308865Z Draft 2020-12: schema valid; documents=2; errors=0; seed=2
2026-10-09T00:12:32.6309497Z PASS seed=2 json-schema cases=2
2026-10-09T00:12:32.9135357Z PASS seed=2 semantic-references cases=114
2026-10-09T00:12:32.9289554Z PASS seed=2 research-source-recheck cases=149
2026-10-09T00:12:33.3010232Z PASS seed=2 exhaustive-A-B cases=85777
2026-10-09T00:12:33.8032583Z PASS seed=2 blind-independent-odds cases=85777
2026-10-09T00:12:35.0186263Z PASS seed=2 blind-author-selfcheck cases=41
2026-10-09T00:12:35.0217162Z PASS seed=2 exact-invariants cases=612
2026-10-09T00:12:35.0261632Z PASS seed=2 lookup-boundaries cases=2194
2026-10-09T00:12:35.0295550Z PASS seed=2 literal-goldens cases=19
2026-10-09T00:12:35.0299527Z PASS seed=2 seeded-rng cases=1009
2026-10-09T00:12:35.2596819Z PASS seed=2 mutation-testing cases=25
2026-10-09T00:12:35.5384636Z PASS seed=2 native-sampler-equivalence cases=1053
2026-10-09T00:12:35.5908891Z MC seed=2 normal trials=10000000 PASS
2026-10-09T00:12:35.6931200Z MC seed=2 double trials=10000000 PASS
2026-10-09T00:12:35.8462570Z MC seed=2 triple trials=10000000 PASS
2026-10-09T00:12:35.9488300Z MC seed=2 payday-double trials=10000000 PASS
2026-10-09T00:12:36.1029549Z MC seed=2 payday-triple trials=10000000 PASS
2026-10-09T00:12:36.3241496Z MC seed=2 turbo trials=10000000 PASS
2026-10-09T00:12:36.4266334Z MC seed=2 together trials=10000000 PASS
2026-10-09T00:12:36.4797119Z MC seed=2 creepy trials=10000000 PASS
2026-10-09T00:12:36.5326525Z MC seed=2 mushroom trials=10000000 PASS
2026-10-09T00:12:36.5853944Z MC seed=2 mario-extra trials=10000000 PASS
2026-10-09T00:12:36.6381979Z MC seed=2 custom-1 trials=10000000 PASS
2026-10-09T00:12:36.6910501Z MC seed=2 custom-2 trials=10000000 PASS
2026-10-09T00:12:36.7438329Z MC seed=2 custom-3 trials=10000000 PASS
2026-10-09T00:12:36.7966367Z MC seed=2 custom-4 trials=10000000 PASS
2026-10-09T00:12:36.8494227Z MC seed=2 custom-5 trials=10000000 PASS
2026-10-09T00:12:36.9021423Z MC seed=2 custom-6 trials=10000000 PASS
2026-10-09T00:12:36.9550344Z MC seed=2 custom-7 trials=10000000 PASS
2026-10-09T00:12:37.0078919Z MC seed=2 custom-8 trials=10000000 PASS
2026-10-09T00:12:37.0608569Z MC seed=2 custom-9 trials=10000000 PASS
2026-10-09T00:12:37.1137366Z MC seed=2 custom-10 trials=10000000 PASS
2026-10-09T00:12:37.2158941Z MC seed=2 mario-normal trials=10000000 PASS
2026-10-09T00:12:37.3682830Z MC seed=2 mario-double trials=10000000 PASS
2026-10-09T00:12:37.5805402Z MC seed=2 mario-triple trials=10000000 PASS
2026-10-09T00:12:37.7331051Z MC seed=2 mario-payday-double trials=10000000 PASS
2026-10-09T00:12:37.9454923Z MC seed=2 mario-payday-triple trials=10000000 PASS
2026-10-09T00:12:38.3317366Z MC seed=2 mario-turbo trials=10000000 PASS
2026-10-09T00:12:38.4340976Z MC seed=2 mario-creepy trials=10000000 PASS
2026-10-09T00:12:38.5366373Z MC seed=2 mario-mushroom trials=10000000 PASS
2026-10-09T00:12:38.6392281Z MC seed=2 together-reported-bonus trials=10000000 PASS
2026-10-09T00:12:38.6406534Z PASS seed=2 monte-carlo cases=1196
2026-10-09T00:12:38.6433462Z PASS seed=3 artifact-integrity cases=87
2026-10-09T00:12:40.3237200Z PASS seed=3 typescript-strict cases=4
2026-10-09T00:12:40.6899950Z PASS seed=3 native-sampler-compile cases=1
2026-10-09T00:12:40.9185454Z dice.json: VALID
2026-10-09T00:12:40.9185765Z odds.json: VALID
2026-10-09T00:12:40.9186176Z Draft 2020-12: schema valid; documents=2; errors=0; seed=3
2026-10-09T00:12:40.9186807Z PASS seed=3 json-schema cases=2
2026-10-09T00:12:41.2165631Z PASS seed=3 semantic-references cases=114
2026-10-09T00:12:41.2404425Z PASS seed=3 research-source-recheck cases=149
2026-10-09T00:12:41.5964657Z PASS seed=3 exhaustive-A-B cases=85777
2026-10-09T00:12:42.1025200Z PASS seed=3 blind-independent-odds cases=85777
2026-10-09T00:12:43.5039419Z PASS seed=3 blind-author-selfcheck cases=41
2026-10-09T00:12:43.5067710Z PASS seed=3 exact-invariants cases=612
2026-10-09T00:12:43.5096659Z PASS seed=3 lookup-boundaries cases=2194
2026-10-09T00:12:43.5125183Z PASS seed=3 literal-goldens cases=19
2026-10-09T00:12:43.5126668Z PASS seed=3 seeded-rng cases=1009
2026-10-09T00:12:43.7342715Z PASS seed=3 mutation-testing cases=25
2026-10-09T00:12:44.0115620Z PASS seed=3 native-sampler-equivalence cases=1053
2026-10-09T00:12:44.0641182Z MC seed=3 normal trials=10000000 PASS
2026-10-09T00:12:44.1665127Z MC seed=3 double trials=10000000 PASS
2026-10-09T00:12:44.3199483Z MC seed=3 triple trials=10000000 PASS
2026-10-09T00:12:44.4225710Z MC seed=3 payday-double trials=10000000 PASS
2026-10-09T00:12:44.5762598Z MC seed=3 payday-triple trials=10000000 PASS
2026-10-09T00:12:44.7981673Z MC seed=3 turbo trials=10000000 PASS
2026-10-09T00:12:44.9006772Z MC seed=3 together trials=10000000 PASS
2026-10-09T00:12:44.9537159Z MC seed=3 creepy trials=10000000 PASS
2026-10-09T00:12:45.0066028Z MC seed=3 mushroom trials=10000000 PASS
2026-10-09T00:12:45.0598070Z MC seed=3 mario-extra trials=10000000 PASS
2026-10-09T00:12:45.1126888Z MC seed=3 custom-1 trials=10000000 PASS
2026-10-09T00:12:45.1654877Z MC seed=3 custom-2 trials=10000000 PASS
2026-10-09T00:12:45.2183591Z MC seed=3 custom-3 trials=10000000 PASS
2026-10-09T00:12:45.2713824Z MC seed=3 custom-4 trials=10000000 PASS
2026-10-09T00:12:45.3241880Z MC seed=3 custom-5 trials=10000000 PASS
2026-10-09T00:12:45.3769334Z MC seed=3 custom-6 trials=10000000 PASS
2026-10-09T00:12:45.4297080Z MC seed=3 custom-7 trials=10000000 PASS
2026-10-09T00:12:45.4824667Z MC seed=3 custom-8 trials=10000000 PASS
2026-10-09T00:12:45.5353384Z MC seed=3 custom-9 trials=10000000 PASS
2026-10-09T00:12:45.5879930Z MC seed=3 custom-10 trials=10000000 PASS
2026-10-09T00:12:45.6901326Z MC seed=3 mario-normal trials=10000000 PASS
2026-10-09T00:12:45.8431157Z MC seed=3 mario-double trials=10000000 PASS
2026-10-09T00:12:46.0560046Z MC seed=3 mario-triple trials=10000000 PASS
2026-10-09T00:12:46.2091918Z MC seed=3 mario-payday-double trials=10000000 PASS
2026-10-09T00:12:46.4217673Z MC seed=3 mario-payday-triple trials=10000000 PASS
2026-10-09T00:12:46.8086335Z MC seed=3 mario-turbo trials=10000000 PASS
2026-10-09T00:12:46.9109881Z MC seed=3 mario-creepy trials=10000000 PASS
2026-10-09T00:12:47.0134601Z MC seed=3 mario-mushroom trials=10000000 PASS
2026-10-09T00:12:47.1274083Z MC seed=3 together-reported-bonus trials=10000000 PASS
2026-10-09T00:12:47.1287519Z PASS seed=3 monte-carlo cases=1196
2026-10-09T00:12:47.1290074Z SUITES 48/48 PASS; failures=0
2026-10-09T00:12:47.1554496Z ##[group]Run actions/upload-artifact@v4
2026-10-09T00:12:47.1554791Z with:
2026-10-09T00:12:47.1555003Z   name: B01-test-reports
2026-10-09T00:12:47.1555270Z   path: jobs/B01-jamboree-dice/.test-output/
2026-10-09T00:12:47.1555574Z   include-hidden-files: true
2026-10-09T00:12:47.1555824Z   if-no-files-found: warn
2026-10-09T00:12:47.1556058Z   compression-level: 6
2026-10-09T00:12:47.1556278Z   overwrite: false
2026-10-09T00:12:47.1556479Z env:
2026-10-09T00:12:47.1556768Z   pythonLocation: /opt/hostedtoolcache/Python/3.12.15/x64
2026-10-09T00:12:47.1557209Z   PKG_CONFIG_PATH: /opt/hostedtoolcache/Python/3.12.15/x64/lib/pkgconfig
2026-10-09T00:12:47.1557632Z   Python_ROOT_DIR: /opt/hostedtoolcache/Python/3.12.15/x64
2026-10-09T00:12:47.1558007Z   Python2_ROOT_DIR: /opt/hostedtoolcache/Python/3.12.15/x64
2026-10-09T00:12:47.1558393Z   Python3_ROOT_DIR: /opt/hostedtoolcache/Python/3.12.15/x64
2026-10-09T00:12:47.1558799Z   LD_LIBRARY_PATH: /opt/hostedtoolcache/Python/3.12.15/x64/lib
2026-10-09T00:12:47.1559137Z ##[endgroup]
2026-10-09T00:12:47.3251271Z (node:2861) [DEP0040] DeprecationWarning: The `punycode` module is deprecated. Please use a userland alternative instead.
2026-10-09T00:12:47.3252670Z (Use `node --trace-deprecation ...` to show where the warning was created)
2026-10-09T00:12:47.3353361Z With the provided path, there will be 16 files uploaded
2026-10-09T00:12:47.3354336Z Artifact name is valid!
2026-10-09T00:12:47.3354796Z Root directory input is valid!
2026-10-09T00:12:47.6777730Z Beginning upload of artifact content to blob storage
2026-10-09T00:12:47.7216366Z (node:2861) [DEP0169] DeprecationWarning: `url.parse()` behavior is not standardized and prone to errors that have security implications. Use the WHATWG URL API instead. CVEs are not issued for `url.parse()` vulnerabilities.
2026-10-09T00:12:48.0051704Z Uploaded bytes 69243
2026-10-09T00:12:48.0621573Z Finished uploading artifact content to blob storage!
2026-10-09T00:12:48.0622781Z SHA256 digest of uploaded artifact zip is 013e597cd7c6abb5197d1e3ac7e8d005d4378bb11e2149dd0db2aae0fdc40740
2026-10-09T00:12:48.0623970Z Finalizing artifact upload
2026-10-09T00:12:48.3142702Z Artifact B01-test-reports.zip successfully finalized. Artifact ID 11587402175
2026-10-09T00:12:48.3143599Z Artifact B01-test-reports has been successfully uploaded! Final size is 69243 bytes. Artifact ID is 11587402175
2026-10-09T00:12:48.3151162Z Artifact download URL: https://github.com/luisitin/partybox-gpt-drops/actions/runs/37863550931/artifacts/11587402175
2026-10-09T00:12:48.3332032Z Post job cleanup.
2026-10-09T00:12:48.4545395Z (node:2873) [DEP0040] DeprecationWarning: The `punycode` module is deprecated. Please use a userland alternative instead.
2026-10-09T00:12:48.4546794Z (Use `node --trace-deprecation ...` to show where the warning was created)
2026-10-09T00:12:48.4712865Z Post job cleanup.
2026-10-09T00:12:48.6012608Z (node:2881) [DEP0040] DeprecationWarning: The `punycode` module is deprecated. Please use a userland alternative instead.
2026-10-09T00:12:48.6013938Z (Use `node --trace-deprecation ...` to show where the warning was created)
2026-10-09T00:12:48.6262331Z Post job cleanup.
2026-10-09T00:12:48.7133592Z [command]/usr/bin/git version
2026-10-09T00:12:48.7176538Z git version 2.55.0
2026-10-09T00:12:48.7214177Z Temporarily overriding HOME='/home/runner/work/_temp/f705cdfa-09ea-4f73-8c6a-2f69289fff8e' before making global git config changes
2026-10-09T00:12:48.7215848Z Adding repository directory to the temporary git global config as a safe directory
2026-10-09T00:12:48.7219584Z [command]/usr/bin/git config --global --add safe.directory /home/runner/work/partybox-gpt-drops/partybox-gpt-drops
2026-10-09T00:12:48.7265519Z [command]/usr/bin/git config --local --name-only --get-regexp core\.sshCommand
2026-10-09T00:12:48.7312018Z [command]/usr/bin/git submodule foreach --recursive sh -c "git config --local --name-only --get-regexp 'core\.sshCommand' && git config --local --unset-all 'core.sshCommand' || :"
2026-10-09T00:12:48.7621833Z [command]/usr/bin/git config --local --name-only --get-regexp http\.https\:\/\/github\.com\/\.extraheader
2026-10-09T00:12:48.7653603Z http.https://github.com/.extraheader
2026-10-09T00:12:48.7670294Z [command]/usr/bin/git config --local --unset-all http.https://github.com/.extraheader
2026-10-09T00:12:48.7707267Z [command]/usr/bin/git submodule foreach --recursive sh -c "git config --local --name-only --get-regexp 'http\.https\:\/\/github\.com\/\.extraheader' && git config --local --unset-all 'http.https://github.com/.extraheader' || :"
2026-10-09T00:12:48.7980133Z [command]/usr/bin/git config --local --name-only --get-regexp ^includeIf\.gitdir:
2026-10-09T00:12:48.8023007Z [command]/usr/bin/git submodule foreach --recursive git config --local --show-origin --name-only --get-regexp remote.origin.url
2026-10-09T00:12:48.8436191Z Cleaning up orphan processes
2026-10-09T00:12:48.8743675Z ##[warning]Node.js 20 is deprecated. The following actions target Node.js 20 but are being forced to run on Node.js 24: actions/checkout@v4, actions/setup-node@v4, actions/setup-python@v5, actions/upload-artifact@v4. For more information see: https://github.blog/changelog/2025-09-19-deprecation-of-node-20-on-github-actions-runners/
