{
  "accepted": true,
  "source": "81da8e378d9d67f7ad62c5f1abefe8806bc85686",
  "workflowRun": 37910743806,
  "job": 113755012804,
  "artifact": 11606910737,
  "archiveBytes": 678278,
  "archiveSHA256": "b92464ee73ac439ca8a7c496f7b7fcfac723ec1c43ce7127ad12811bf8da7623",
  "fullSafeUniqueZipMembers": 148,
  "nativeSourceInputs": 98,
  "manifestEntries": 93,
  "authoredSealCounts": [
    4,
    4,
    3
  ],
  "runtimeSourceFingerprints": 22,
  "nativeJSONObjects": 159,
  "fullCompiledMutationModules": 135,
  "totals": {
    "exactTransitionCells": 86400,
    "stationaryStates": 720,
    "publishedSquares": 720,
    "matchedPublishedSquares": 717,
    "documentedPublishedGaps": 3,
    "requiredButlerComparisons": 480,
    "roiScenarios": 1044,
    "simulationRolls": 600000000,
    "simulationSquares": 240,
    "strictCompiledMutants": 75,
    "runtimeKilledMutants": 75,
    "partyboxRoiRows": 1044,
    "partyboxSimulationRolls": 120000000,
    "partyboxSimulatedStatistics": 288,
    "partyboxStrictCompiledMutants": 60,
    "partyboxRuntimeKilledMutants": 60
  },
  "fullNativeLogBytes": 59085,
  "fullNativeLogSHA256": "89f05bc27b71273df8ccc6604a3b326dbcfcd1bf9a77203e53cd61fde2f324d3",
  "coreSimulationSixCells": [
    {
      "seed": 1,
      "strategy": "leave ASAP",
      "maxSigma": 1.9794398220894414
    },
    {
      "seed": 1,
      "strategy": "stay max",
      "maxSigma": 2.389731545521216
    },
    {
      "seed": 2,
      "strategy": "leave ASAP",
      "maxSigma": 2.5024991114465203
    },
    {
      "seed": 2,
      "strategy": "stay max",
      "maxSigma": 1.570822181594039
    },
    {
      "seed": 3,
      "strategy": "leave ASAP",
      "maxSigma": 2.1157739420388237
    },
    {
      "seed": 3,
      "strategy": "stay max",
      "maxSigma": 2.136073308429187
    }
  ],
  "portSimulationSixCells": [
    {
      "seed": 1,
      "plan": "leave ASAP",
      "maxZ": 2.085734959976426
    },
    {
      "seed": 1,
      "plan": "stay max",
      "maxZ": 2.8008544795145047
    },
    {
      "seed": 2,
      "plan": "leave ASAP",
      "maxZ": 2.6056064069429135
    },
    {
      "seed": 2,
      "plan": "stay max",
      "maxZ": 3.0766524414234975
    },
    {
      "seed": 3,
      "plan": "leave ASAP",
      "maxZ": 2.541858636158746
    },
    {
      "seed": 3,
      "plan": "stay max",
      "maxZ": 3.6393343978616346
    }
  ],
  "completedUTC": "2026-10-09T09:23:46Z",
  "scope": "Exact current81da full native workflow and entire genuine archive accepted at unchanged720M/135 counts. All98 current source inputs frozen and original driver/model/seals preserved. Genuine twelve clean standalone controls separate; substantive KEEP pending."
}
