
> b06-cpu-policy@1.0.0 test
> node tests/run.mjs

seed 1: 80 manual scenarios passed
seed 1: 400000 random legal states passed
seed 1: Hard 9971/10000 (99.71%), Easy 28, ties 1
seed 1: mutant 1/25 killed (easy exploration disabled)
seed 1: mutant 2/25 killed (normal exploration disabled)
seed 1: mutant 3/25 killed (hard exploration disabled)
seed 1: mutant 4/25 killed (master explores all)
seed 1: mutant 5/25 killed (easy always purchases)
seed 1: mutant 6/25 killed (normal always purchases)
seed 1: mutant 7/25 killed (hard always purchases)
seed 1: mutant 8/25 killed (master half purchases)
seed 1: mutant 9/25 killed (negative RNG accepted)
seed 1: mutant 10/25 killed (RNG endpoint one accepted)
seed 1: mutant 11/25 killed (throwing RNG replaced by zero)
seed 1: mutant 12/25 killed (branch allowed at zero turns)
seed 1: mutant 13/25 killed (actions allowed at zero turns)
seed 1: mutant 14/25 killed (full inventory shop allowed)
seed 1: mutant 15/25 killed (branch exact affordability rejected)
seed 1: mutant 16/25 killed (illegal action accepted)
seed 1: mutant 17/25 killed (action exact affordability rejected)
seed 1: mutant 18/25 killed (star budget equality loses branch bonus)
seed 1: mutant 19/25 killed (affordable branch proximity bonus removed)
seed 1: mutant 20/25 killed (branch buddy gain removed)
seed 1: mutant 21/25 killed (action star utility removed)
seed 1: mutant 22/25 killed (branch risk penalty removed)
seed 1: mutant 23/25 killed (exact movement arrival bonus omitted)
seed 1: mutant 24/25 killed (shop star reserve penalty removed)
seed 1: mutant 25/25 killed (exact star affordability rejected)
seed 2: 80 manual scenarios passed
seed 2: 400000 random legal states passed
seed 2: Hard 9934/10000 (99.33999999999999%), Easy 56, ties 10
seed 2: mutant 1/25 killed (easy exploration disabled)
seed 2: mutant 2/25 killed (normal exploration disabled)
seed 2: mutant 3/25 killed (hard exploration disabled)
seed 2: mutant 4/25 killed (master explores all)
seed 2: mutant 5/25 killed (easy always purchases)
seed 2: mutant 6/25 killed (normal always purchases)
seed 2: mutant 7/25 killed (hard always purchases)
seed 2: mutant 8/25 killed (master half purchases)
seed 2: mutant 9/25 killed (negative RNG accepted)
seed 2: mutant 10/25 killed (RNG endpoint one accepted)
seed 2: mutant 11/25 killed (throwing RNG replaced by zero)
seed 2: mutant 12/25 killed (branch allowed at zero turns)
seed 2: mutant 13/25 killed (actions allowed at zero turns)
seed 2: mutant 14/25 killed (full inventory shop allowed)
seed 2: mutant 15/25 killed (branch exact affordability rejected)
seed 2: mutant 16/25 killed (illegal action accepted)
seed 2: mutant 17/25 killed (action exact affordability rejected)
seed 2: mutant 18/25 killed (star budget equality loses branch bonus)
seed 2: mutant 19/25 killed (affordable branch proximity bonus removed)
seed 2: mutant 20/25 killed (branch buddy gain removed)
seed 2: mutant 21/25 killed (action star utility removed)
seed 2: mutant 22/25 killed (branch risk penalty removed)
seed 2: mutant 23/25 killed (exact movement arrival bonus omitted)
seed 2: mutant 24/25 killed (shop star reserve penalty removed)
seed 2: mutant 25/25 killed (exact star affordability rejected)
seed 3: 80 manual scenarios passed
seed 3: 400000 random legal states passed
seed 3: Hard 9952/10000 (99.52%), Easy 46, ties 2
seed 3: mutant 1/25 killed (easy exploration disabled)
seed 3: mutant 2/25 killed (normal exploration disabled)
seed 3: mutant 3/25 killed (hard exploration disabled)
seed 3: mutant 4/25 killed (master explores all)
seed 3: mutant 5/25 killed (easy always purchases)
seed 3: mutant 6/25 killed (normal always purchases)
seed 3: mutant 7/25 killed (hard always purchases)
seed 3: mutant 8/25 killed (master half purchases)
seed 3: mutant 9/25 killed (negative RNG accepted)
seed 3: mutant 10/25 killed (RNG endpoint one accepted)
seed 3: mutant 11/25 killed (throwing RNG replaced by zero)
seed 3: mutant 12/25 killed (branch allowed at zero turns)
seed 3: mutant 13/25 killed (actions allowed at zero turns)
seed 3: mutant 14/25 killed (full inventory shop allowed)
seed 3: mutant 15/25 killed (branch exact affordability rejected)
seed 3: mutant 16/25 killed (illegal action accepted)
seed 3: mutant 17/25 killed (action exact affordability rejected)
seed 3: mutant 18/25 killed (star budget equality loses branch bonus)
seed 3: mutant 19/25 killed (affordable branch proximity bonus removed)
seed 3: mutant 20/25 killed (branch buddy gain removed)
seed 3: mutant 21/25 killed (action star utility removed)
seed 3: mutant 22/25 killed (branch risk penalty removed)
seed 3: mutant 23/25 killed (exact movement arrival bonus omitted)
seed 3: mutant 24/25 killed (shop star reserve penalty removed)
seed 3: mutant 25/25 killed (exact star affordability rejected)
All code suites passed for seeds 1, 2, 3. Research acceptance is tracked separately and may remain UNVERIFIED.
