PASS JSON_SCHEMA: 6/6
PASS UNIQUE_IDS: 7/7
PASS CLAIM_SOURCE_REFERENCES: 152/152
PASS CATALOG_REFERENCES: 24/24
PASS STRING_SOURCE_COMPLETENESS: 22/22
PASS SOURCE_EXCERPT_BUDGET: 27/27
PASS CITATION_CAPTURE_SCHEMA: 54/54
PASS REGISTERED_QUOTATIONS_RECOVERED: 404/404
PASS AUDIT_REPORT_SCHEMAS_AND_COVERAGE: 2/2
PASS CORROBORATION_LINEAGE_GUARD: 39/39
PASS DOCUMENTED_CATALOG_COUNTS: 2/2
PASS UNKNOWN_BEHAVIOR_REMAINS_NULL: 11/11
PASS RECORDED_ROW_RECHECK_A: 141/141
PASS RECORDED_SOURCE_REOPEN_A: 27/27
PASS RECORDED_ROW_RECHECK_B: 141/141
PASS RECORDED_SOURCE_REOPEN_B: 27/27
PASS NEGATIVE_REJECTION_CASES: 10/10
PASS FOUR_LITERAL_CORE_SCOPE: 538/538
PASS ROUND01_RECOVERY_SCOPE: 122/122
PASS FILE_SIZE_LIMIT: 170/170
STRUCTURAL_RESULT=PASS; suites=20; seed=N/A (deterministic)
FACTS_DUAL_SOURCE=38/95; FAIL
BONUS_CRITERIA_DUAL_SOURCE=3/9; FAIL
BONUS_TIE_PROCEDURES_EVIDENCED=0/9; FAIL
STRING_PRIMARY_CAPTURES=0/22; descriptive provenance, not an additional prompt requirement
FULL_TIMELINE_COVERAGE=INCOMPLETE
STRICT_RESEARCH_RESULT=NOT_MET; exit=1
