2026-10-09T01:46:51.2013665Z Current runner version: '2.337.0'
2026-10-09T01:46:51.2039646Z ##[group]Runner Image Provisioner
2026-10-09T01:46:51.2040495Z Hosted Compute Agent
2026-10-09T01:46:51.2041154Z Version: 20261002.596
2026-10-09T01:46:51.2041803Z Commit: c3d12f3313a95f25162a1503be624f3b0617f8c0
2026-10-09T01:46:51.2042565Z Build Date: 2026-10-02T22:28:27Z
2026-10-09T01:46:51.2043978Z Worker ID: {51bbbea8-e7fa-464d-95de-7f48fa1be711}
2026-10-09T01:46:51.2044722Z Region: eastus
2026-10-09T01:46:51.2045252Z Cloud: Azure
2026-10-09T01:46:51.2045903Z ##[endgroup]
2026-10-09T01:46:51.2047670Z ##[group]Operating System
2026-10-09T01:46:51.2048386Z Ubuntu
2026-10-09T01:46:51.2048907Z 24.04.5
2026-10-09T01:46:51.2049397Z LTS
2026-10-09T01:46:51.2049977Z ##[endgroup]
2026-10-09T01:46:51.2050552Z ##[group]Runner Image
2026-10-09T01:46:51.2051189Z Image: ubuntu-24.04
2026-10-09T01:46:51.2051775Z Version: 20261004.327.1
2026-10-09T01:46:51.2053512Z Included Software: https://github.com/actions/runner-images/blob/ubuntu24/20261004.327/images/ubuntu/Ubuntu2404-Readme.md
2026-10-09T01:46:51.2055231Z Image Release: https://github.com/actions/runner-images/releases/tag/ubuntu24%2F20261004.327
2026-10-09T01:46:51.2056276Z ##[endgroup]
2026-10-09T01:46:51.2057440Z ##[group]GITHUB_TOKEN Permissions
2026-10-09T01:46:51.2059623Z Contents: read
2026-10-09T01:46:51.2060299Z Metadata: read
2026-10-09T01:46:51.2060919Z ##[endgroup]
2026-10-09T01:46:51.2063288Z Secret source: Actions
2026-10-09T01:46:51.2064217Z Cache mode: write
2026-10-09T01:46:51.2065264Z Prepare workflow directory
2026-10-09T01:46:51.2401845Z Prepare all required actions
2026-10-09T01:46:51.2451683Z Getting action download info
2026-10-09T01:46:51.4663146Z Download action repository 'actions/checkout@v4' (SHA:11d5960a326750d5838078e36cf38b85af677262)
2026-10-09T01:46:51.5618879Z Download action repository 'actions/setup-python@v5' (SHA:a26af69be951a213d495a4c3e4e4022e16d87065)
2026-10-09T01:46:51.6466442Z Download action repository 'actions/upload-artifact@v4' (SHA:ea165f8d65b6e75b540449e92b4886f43607fa02)
2026-10-09T01:46:51.8526655Z Complete job name: verify
2026-10-09T01:46:51.9514491Z ##[group]Run actions/checkout@v4
2026-10-09T01:46:51.9515572Z with:
2026-10-09T01:46:51.9516154Z   repository: luisitin/partybox-gpt-drops
2026-10-09T01:46:51.9520291Z   token: ***
2026-10-09T01:46:51.9520935Z   ssh-strict: true
2026-10-09T01:46:51.9521498Z   ssh-user: git
2026-10-09T01:46:51.9522085Z   persist-credentials: true
2026-10-09T01:46:51.9522671Z   clean: true
2026-10-09T01:46:51.9523651Z   sparse-checkout-cone-mode: true
2026-10-09T01:46:51.9524372Z   fetch-depth: 1
2026-10-09T01:46:51.9524893Z   fetch-tags: false
2026-10-09T01:46:51.9525451Z   show-progress: true
2026-10-09T01:46:51.9525997Z   lfs: false
2026-10-09T01:46:51.9526524Z   submodules: false
2026-10-09T01:46:51.9527101Z   set-safe-directory: true
2026-10-09T01:46:51.9527730Z   allow-unsafe-pr-checkout: false
2026-10-09T01:46:51.9528755Z ##[endgroup]
2026-10-09T01:46:52.0552576Z Syncing repository: luisitin/partybox-gpt-drops
2026-10-09T01:46:52.0555023Z ##[group]Getting Git version info
2026-10-09T01:46:52.0555948Z Working directory is '/home/runner/work/partybox-gpt-drops/partybox-gpt-drops'
2026-10-09T01:46:52.0557333Z [command]/usr/bin/git version
2026-10-09T01:46:52.0630399Z git version 2.55.0
2026-10-09T01:46:52.0654559Z ##[endgroup]
2026-10-09T01:46:52.0677249Z Temporarily overriding HOME='/home/runner/work/_temp/346bd7b7-674b-4366-98a0-66286530565d' before making global git config changes
2026-10-09T01:46:52.0683290Z Adding repository directory to the temporary git global config as a safe directory
2026-10-09T01:46:52.0690917Z [command]/usr/bin/git config --global --add safe.directory /home/runner/work/partybox-gpt-drops/partybox-gpt-drops
2026-10-09T01:46:52.0741457Z Deleting the contents of '/home/runner/work/partybox-gpt-drops/partybox-gpt-drops'
2026-10-09T01:46:52.0746870Z ##[group]Initializing the repository
2026-10-09T01:46:52.0750396Z [command]/usr/bin/git init /home/runner/work/partybox-gpt-drops/partybox-gpt-drops
2026-10-09T01:46:52.0853834Z hint: Using 'master' as the name for the initial branch. This default branch name
2026-10-09T01:46:52.0855776Z hint: will change to "main" in Git 3.0. To configure the initial branch name
2026-10-09T01:46:52.0857432Z hint: to use in all of your new repositories, which will suppress this warning,
2026-10-09T01:46:52.0858732Z hint: call:
2026-10-09T01:46:52.0870250Z hint:
2026-10-09T01:46:52.0878205Z hint: 	git config --global init.defaultBranch <name>
2026-10-09T01:46:52.0879283Z hint:
2026-10-09T01:46:52.0880258Z hint: Names commonly chosen instead of 'master' are 'main', 'trunk' and
2026-10-09T01:46:52.0881828Z hint: 'development'. The just-created branch can be renamed via this command:
2026-10-09T01:46:52.0883249Z hint:
2026-10-09T01:46:52.0883933Z hint: 	git branch -m <name>
2026-10-09T01:46:52.0884779Z hint:
2026-10-09T01:46:52.0885823Z hint: Disable this message with "git config set advice.defaultBranchName false"
2026-10-09T01:46:52.0887779Z Initialized empty Git repository in /home/runner/work/partybox-gpt-drops/partybox-gpt-drops/.git/
2026-10-09T01:46:52.0890858Z [command]/usr/bin/git remote add origin https://github.com/luisitin/partybox-gpt-drops
2026-10-09T01:46:52.0921799Z ##[endgroup]
2026-10-09T01:46:52.0923351Z ##[group]Disabling automatic garbage collection
2026-10-09T01:46:52.0927589Z [command]/usr/bin/git config --local gc.auto 0
2026-10-09T01:46:52.0960182Z ##[endgroup]
2026-10-09T01:46:52.0961286Z ##[group]Setting up auth
2026-10-09T01:46:52.0967802Z [command]/usr/bin/git config --local --name-only --get-regexp core\.sshCommand
2026-10-09T01:46:52.1003988Z [command]/usr/bin/git submodule foreach --recursive sh -c "git config --local --name-only --get-regexp 'core\.sshCommand' && git config --local --unset-all 'core.sshCommand' || :"
2026-10-09T01:46:52.1389885Z [command]/usr/bin/git config --local --name-only --get-regexp http\.https\:\/\/github\.com\/\.extraheader
2026-10-09T01:46:52.1430727Z [command]/usr/bin/git submodule foreach --recursive sh -c "git config --local --name-only --get-regexp 'http\.https\:\/\/github\.com\/\.extraheader' && git config --local --unset-all 'http.https://github.com/.extraheader' || :"
2026-10-09T01:46:52.1662627Z [command]/usr/bin/git config --local --name-only --get-regexp ^includeIf\.gitdir:
2026-10-09T01:46:52.1703770Z [command]/usr/bin/git submodule foreach --recursive git config --local --show-origin --name-only --get-regexp remote.origin.url
2026-10-09T01:46:52.1943601Z [command]/usr/bin/git config --local http.https://github.com/.extraheader AUTHORIZATION: basic ***
2026-10-09T01:46:52.1986778Z ##[endgroup]
2026-10-09T01:46:52.1988160Z ##[group]Fetching the repository
2026-10-09T01:46:52.1998596Z [command]/usr/bin/git -c protocol.version=2 fetch --no-tags --prune --no-recurse-submodules --depth=1 origin +26febf87e3398116b644018ec0e6ed3d1625df9c:refs/remotes/pull/9/merge
2026-10-09T01:46:52.4342094Z From https://github.com/luisitin/partybox-gpt-drops
2026-10-09T01:46:52.4343602Z  * [new ref]         26febf87e3398116b644018ec0e6ed3d1625df9c -> pull/9/merge
2026-10-09T01:46:52.4347886Z ##[endgroup]
2026-10-09T01:46:52.4349333Z ##[group]Determining the checkout info
2026-10-09T01:46:52.4351040Z ##[endgroup]
2026-10-09T01:46:52.4359313Z [command]/usr/bin/git sparse-checkout disable
2026-10-09T01:46:52.4413747Z [command]/usr/bin/git config --local --unset-all extensions.worktreeConfig
2026-10-09T01:46:52.4450272Z ##[group]Checking out the ref
2026-10-09T01:46:52.4454975Z [command]/usr/bin/git checkout --progress --force refs/remotes/pull/9/merge
2026-10-09T01:46:52.4589336Z Note: switching to 'refs/remotes/pull/9/merge'.
2026-10-09T01:46:52.4589856Z 
2026-10-09T01:46:52.4590264Z You are in 'detached HEAD' state. You can look around, make experimental
2026-10-09T01:46:52.4591178Z changes and commit them, and you can discard any commits you make in this
2026-10-09T01:46:52.4592081Z state without impacting any branches by switching back to a branch.
2026-10-09T01:46:52.4592606Z 
2026-10-09T01:46:52.4593264Z If you want to create a new branch to retain commits you create, you may
2026-10-09T01:46:52.4594419Z do so (now or later) by using -c with the switch command. Example:
2026-10-09T01:46:52.4594916Z 
2026-10-09T01:46:52.4595146Z   git switch -c <new-branch-name>
2026-10-09T01:46:52.4595483Z 
2026-10-09T01:46:52.4595703Z Or undo this operation with:
2026-10-09T01:46:52.4596016Z 
2026-10-09T01:46:52.4596330Z   git switch -
2026-10-09T01:46:52.4596578Z 
2026-10-09T01:46:52.4597220Z Turn off this advice by setting config variable advice.detachedHead to false
2026-10-09T01:46:52.4598301Z 
2026-10-09T01:46:52.4599468Z HEAD is now at 26febf8 Merge e6d75baacd0c8777737dd1d8db5765a81215ffdd into 67790e6fd00c8690f5d87ed2d223f70c95e8e27d
2026-10-09T01:46:52.4603117Z ##[endgroup]
2026-10-09T01:46:52.4646448Z [command]/usr/bin/git log -1 --format=%H
2026-10-09T01:46:52.4674094Z 26febf87e3398116b644018ec0e6ed3d1625df9c
2026-10-09T01:46:52.5043298Z ##[group]Run actions/setup-python@v5
2026-10-09T01:46:52.5043910Z with:
2026-10-09T01:46:52.5044338Z   python-version: 3.12
2026-10-09T01:46:52.5044827Z   check-latest: false
2026-10-09T01:46:52.5048717Z   token: ***
2026-10-09T01:46:52.5049164Z   update-environment: true
2026-10-09T01:46:52.5049656Z   allow-prereleases: false
2026-10-09T01:46:52.5050134Z   freethreaded: false
2026-10-09T01:46:52.5050576Z ##[endgroup]
2026-10-09T01:46:52.6480027Z ##[group]Installed versions
2026-10-09T01:46:52.6543327Z (node:2305) [DEP0040] DeprecationWarning: The `punycode` module is deprecated. Please use a userland alternative instead.
2026-10-09T01:46:52.6545748Z (Use `node --trace-deprecation ...` to show where the warning was created)
2026-10-09T01:46:52.6547391Z Successfully set up CPython (3.12.15)
2026-10-09T01:46:52.6549085Z ##[endgroup]
2026-10-09T01:46:52.6768700Z ##[group]Run python -m pip install -r requirements.txt
2026-10-09T01:46:52.6769712Z [36;1mpython -m pip install -r requirements.txt[0m
2026-10-09T01:46:52.7057800Z shell: /usr/bin/bash -e {0}
2026-10-09T01:46:52.7058453Z env:
2026-10-09T01:46:52.7059063Z   pythonLocation: /opt/hostedtoolcache/Python/3.12.15/x64
2026-10-09T01:46:52.7060137Z   PKG_CONFIG_PATH: /opt/hostedtoolcache/Python/3.12.15/x64/lib/pkgconfig
2026-10-09T01:46:52.7061185Z   Python_ROOT_DIR: /opt/hostedtoolcache/Python/3.12.15/x64
2026-10-09T01:46:52.7062112Z   Python2_ROOT_DIR: /opt/hostedtoolcache/Python/3.12.15/x64
2026-10-09T01:46:52.7063328Z   Python3_ROOT_DIR: /opt/hostedtoolcache/Python/3.12.15/x64
2026-10-09T01:46:52.7064288Z   LD_LIBRARY_PATH: /opt/hostedtoolcache/Python/3.12.15/x64/lib
2026-10-09T01:46:52.7065089Z ##[endgroup]
2026-10-09T01:46:53.9287557Z Collecting jsonschema==4.26.0 (from -r requirements.txt (line 1))
2026-10-09T01:46:54.1557560Z   Downloading jsonschema-4.26.0-py3-none-any.whl.metadata (7.6 kB)
2026-10-09T01:46:54.2309533Z Collecting attrs>=22.2.0 (from jsonschema==4.26.0->-r requirements.txt (line 1))
2026-10-09T01:46:54.2886511Z   Downloading attrs-26.1.0-py3-none-any.whl.metadata (8.8 kB)
2026-10-09T01:46:54.3676522Z Collecting jsonschema-specifications>=2023.03.6 (from jsonschema==4.26.0->-r requirements.txt (line 1))
2026-10-09T01:46:54.4251320Z   Downloading jsonschema_specifications-2025.9.1-py3-none-any.whl.metadata (2.9 kB)
2026-10-09T01:46:54.5153127Z Collecting referencing>=0.28.4 (from jsonschema==4.26.0->-r requirements.txt (line 1))
2026-10-09T01:46:54.5725430Z   Downloading referencing-0.37.0-py3-none-any.whl.metadata (2.8 kB)
2026-10-09T01:46:55.1174733Z Collecting rpds-py>=0.25.0 (from jsonschema==4.26.0->-r requirements.txt (line 1))
2026-10-09T01:46:55.1769668Z   Downloading rpds_py-2026.9.1-cp312-cp312-manylinux_2_17_x86_64.manylinux2014_x86_64.whl.metadata (4.1 kB)
2026-10-09T01:46:55.2523447Z Collecting typing-extensions>=4.4.0 (from referencing>=0.28.4->jsonschema==4.26.0->-r requirements.txt (line 1))
2026-10-09T01:46:55.3108780Z   Downloading typing_extensions-4.16.0-py3-none-any.whl.metadata (3.3 kB)
2026-10-09T01:46:55.3731809Z Downloading jsonschema-4.26.0-py3-none-any.whl (90 kB)
2026-10-09T01:46:55.5112155Z Downloading attrs-26.1.0-py3-none-any.whl (67 kB)
2026-10-09T01:46:55.5840612Z Downloading jsonschema_specifications-2025.9.1-py3-none-any.whl (18 kB)
2026-10-09T01:46:55.6462479Z Downloading referencing-0.37.0-py3-none-any.whl (26 kB)
2026-10-09T01:46:55.7103471Z Downloading rpds_py-2026.9.1-cp312-cp312-manylinux_2_17_x86_64.manylinux2014_x86_64.whl (371 kB)
2026-10-09T01:46:55.8910211Z Downloading typing_extensions-4.16.0-py3-none-any.whl (45 kB)
2026-10-09T01:46:55.9467570Z Installing collected packages: typing-extensions, rpds-py, attrs, referencing, jsonschema-specifications, jsonschema
2026-10-09T01:46:56.1403598Z 
2026-10-09T01:46:56.1417951Z Successfully installed attrs-26.1.0 jsonschema-4.26.0 jsonschema-specifications-2025.9.1 referencing-0.37.0 rpds-py-2026.9.1 typing-extensions-4.16.0
2026-10-09T01:46:56.2002309Z ##[group]Run mkdir -p ../../.work/B05-hosted-ci
2026-10-09T01:46:56.2002724Z [36;1mmkdir -p ../../.work/B05-hosted-ci[0m
2026-10-09T01:46:56.2003766Z [36;1mpython verify.py --structural --checksums 2>&1 | tee ../../.work/B05-hosted-ci/structural.stdout[0m
2026-10-09T01:46:56.2072121Z shell: /usr/bin/bash --noprofile --norc -e -o pipefail {0}
2026-10-09T01:46:56.2072489Z env:
2026-10-09T01:46:56.2072972Z   pythonLocation: /opt/hostedtoolcache/Python/3.12.15/x64
2026-10-09T01:46:56.2073513Z   PKG_CONFIG_PATH: /opt/hostedtoolcache/Python/3.12.15/x64/lib/pkgconfig
2026-10-09T01:46:56.2073965Z   Python_ROOT_DIR: /opt/hostedtoolcache/Python/3.12.15/x64
2026-10-09T01:46:56.2074348Z   Python2_ROOT_DIR: /opt/hostedtoolcache/Python/3.12.15/x64
2026-10-09T01:46:56.2074731Z   Python3_ROOT_DIR: /opt/hostedtoolcache/Python/3.12.15/x64
2026-10-09T01:46:56.2075118Z   LD_LIBRARY_PATH: /opt/hostedtoolcache/Python/3.12.15/x64/lib
2026-10-09T01:46:56.2075439Z ##[endgroup]
2026-10-09T01:46:56.6122054Z PASS JSON_SCHEMA: 6/6
2026-10-09T01:46:56.6123115Z PASS UNIQUE_IDS: 7/7
2026-10-09T01:46:56.6123839Z PASS CLAIM_SOURCE_REFERENCES: 151/151
2026-10-09T01:46:56.6125040Z PASS CATALOG_REFERENCES: 24/24
2026-10-09T01:46:56.6125644Z PASS STRING_SOURCE_COMPLETENESS: 22/22
2026-10-09T01:46:56.6126472Z PASS SOURCE_EXCERPT_BUDGET: 26/26
2026-10-09T01:46:56.6127071Z PASS CITATION_CAPTURE_SCHEMA: 52/52
2026-10-09T01:46:56.6127601Z PASS REGISTERED_QUOTATIONS_RECOVERED: 400/400
2026-10-09T01:46:56.6128239Z PASS AUDIT_REPORT_SCHEMAS_AND_COVERAGE: 2/2
2026-10-09T01:46:56.6128824Z PASS CORROBORATION_LINEAGE_GUARD: 38/38
2026-10-09T01:46:56.6129365Z PASS DOCUMENTED_CATALOG_COUNTS: 2/2
2026-10-09T01:46:56.6129874Z PASS UNKNOWN_BEHAVIOR_REMAINS_NULL: 11/11
2026-10-09T01:46:56.6130441Z PASS RECORDED_ROW_RECHECK_A: 141/141
2026-10-09T01:46:56.6130947Z PASS RECORDED_SOURCE_REOPEN_A: 26/26
2026-10-09T01:46:56.6131480Z PASS RECORDED_ROW_RECHECK_B: 141/141
2026-10-09T01:46:56.6132039Z PASS RECORDED_SOURCE_REOPEN_B: 26/26
2026-10-09T01:46:56.6132565Z PASS NEGATIVE_REJECTION_CASES: 10/10
2026-10-09T01:46:56.6133357Z PASS FOUR_LITERAL_CORE_SCOPE: 538/538
2026-10-09T01:46:56.6133861Z PASS FILE_SIZE_LIMIT: 156/156
2026-10-09T01:46:56.6134323Z PASS SHA256_MANIFEST: 154/154
2026-10-09T01:46:56.6134960Z STRUCTURAL_RESULT=PASS; suites=20; seed=N/A (deterministic)
2026-10-09T01:46:56.6327299Z ##[group]Run set +e
2026-10-09T01:46:56.6327581Z [36;1mset +e[0m
2026-10-09T01:46:56.6327939Z [36;1mpython verify.py --strict 2>&1 | tee ../../.work/B05-hosted-ci/strict.stdout[0m
2026-10-09T01:46:56.6328373Z [36;1mresult=${PIPESTATUS[0]}[0m
2026-10-09T01:46:56.6328626Z [36;1mset -e[0m
2026-10-09T01:46:56.6328839Z [36;1mtest "$result" -eq 1[0m
2026-10-09T01:46:56.6392720Z shell: /usr/bin/bash --noprofile --norc -e -o pipefail {0}
2026-10-09T01:46:56.6393218Z env:
2026-10-09T01:46:56.6393488Z   pythonLocation: /opt/hostedtoolcache/Python/3.12.15/x64
2026-10-09T01:46:56.6393939Z   PKG_CONFIG_PATH: /opt/hostedtoolcache/Python/3.12.15/x64/lib/pkgconfig
2026-10-09T01:46:56.6394383Z   Python_ROOT_DIR: /opt/hostedtoolcache/Python/3.12.15/x64
2026-10-09T01:46:56.6394775Z   Python2_ROOT_DIR: /opt/hostedtoolcache/Python/3.12.15/x64
2026-10-09T01:46:56.6395186Z   Python3_ROOT_DIR: /opt/hostedtoolcache/Python/3.12.15/x64
2026-10-09T01:46:56.6395826Z   LD_LIBRARY_PATH: /opt/hostedtoolcache/Python/3.12.15/x64/lib
2026-10-09T01:46:56.6396155Z ##[endgroup]
2026-10-09T01:46:56.9919501Z PASS JSON_SCHEMA: 6/6
2026-10-09T01:46:56.9920143Z PASS UNIQUE_IDS: 7/7
2026-10-09T01:46:56.9920758Z PASS CLAIM_SOURCE_REFERENCES: 151/151
2026-10-09T01:46:56.9921406Z PASS CATALOG_REFERENCES: 24/24
2026-10-09T01:46:56.9922009Z PASS STRING_SOURCE_COMPLETENESS: 22/22
2026-10-09T01:46:56.9922678Z PASS SOURCE_EXCERPT_BUDGET: 26/26
2026-10-09T01:46:56.9923992Z PASS CITATION_CAPTURE_SCHEMA: 52/52
2026-10-09T01:46:56.9924777Z PASS REGISTERED_QUOTATIONS_RECOVERED: 400/400
2026-10-09T01:46:56.9925151Z PASS AUDIT_REPORT_SCHEMAS_AND_COVERAGE: 2/2
2026-10-09T01:46:56.9925491Z PASS CORROBORATION_LINEAGE_GUARD: 38/38
2026-10-09T01:46:56.9925816Z PASS DOCUMENTED_CATALOG_COUNTS: 2/2
2026-10-09T01:46:56.9926132Z PASS UNKNOWN_BEHAVIOR_REMAINS_NULL: 11/11
2026-10-09T01:46:56.9926452Z PASS RECORDED_ROW_RECHECK_A: 141/141
2026-10-09T01:46:56.9926753Z PASS RECORDED_SOURCE_REOPEN_A: 26/26
2026-10-09T01:46:56.9927087Z PASS RECORDED_ROW_RECHECK_B: 141/141
2026-10-09T01:46:56.9927385Z PASS RECORDED_SOURCE_REOPEN_B: 26/26
2026-10-09T01:46:56.9927684Z PASS NEGATIVE_REJECTION_CASES: 10/10
2026-10-09T01:46:56.9927981Z PASS FOUR_LITERAL_CORE_SCOPE: 538/538
2026-10-09T01:46:56.9928288Z PASS FILE_SIZE_LIMIT: 156/156
2026-10-09T01:46:56.9928648Z STRUCTURAL_RESULT=PASS; suites=19; seed=N/A (deterministic)
2026-10-09T01:46:56.9929046Z FACTS_DUAL_SOURCE=37/95; FAIL
2026-10-09T01:46:56.9929327Z BONUS_CRITERIA_DUAL_SOURCE=3/9; FAIL
2026-10-09T01:46:56.9929639Z BONUS_TIE_PROCEDURES_EVIDENCED=0/9; FAIL
2026-10-09T01:46:56.9930145Z STRING_PRIMARY_CAPTURES=0/22; descriptive provenance, not an additional prompt requirement
2026-10-09T01:46:56.9930662Z FULL_TIMELINE_COVERAGE=INCOMPLETE
2026-10-09T01:46:56.9930959Z STRICT_RESEARCH_RESULT=NOT_MET; exit=1
2026-10-09T01:46:57.0158959Z ##[group]Run actions/upload-artifact@v4
2026-10-09T01:46:57.0159263Z with:
2026-10-09T01:46:57.0159572Z   name: B05-checked-delivery-26febf87e3398116b644018ec0e6ed3d1625df9c
2026-10-09T01:46:57.0159974Z   include-hidden-files: true
2026-10-09T01:46:57.0160357Z   path: jobs/B05-jamboree-turn-flow
.github/workflows/B05.yml
.work/B05-hosted-ci

2026-10-09T01:46:57.0160779Z   if-no-files-found: warn
2026-10-09T01:46:57.0161008Z   compression-level: 6
2026-10-09T01:46:57.0161222Z   overwrite: false
2026-10-09T01:46:57.0161417Z env:
2026-10-09T01:46:57.0161661Z   pythonLocation: /opt/hostedtoolcache/Python/3.12.15/x64
2026-10-09T01:46:57.0162086Z   PKG_CONFIG_PATH: /opt/hostedtoolcache/Python/3.12.15/x64/lib/pkgconfig
2026-10-09T01:46:57.0162506Z   Python_ROOT_DIR: /opt/hostedtoolcache/Python/3.12.15/x64
2026-10-09T01:46:57.0163092Z   Python2_ROOT_DIR: /opt/hostedtoolcache/Python/3.12.15/x64
2026-10-09T01:46:57.0163490Z   Python3_ROOT_DIR: /opt/hostedtoolcache/Python/3.12.15/x64
2026-10-09T01:46:57.0163915Z   LD_LIBRARY_PATH: /opt/hostedtoolcache/Python/3.12.15/x64/lib
2026-10-09T01:46:57.0164241Z ##[endgroup]
2026-10-09T01:46:57.1891165Z (node:2349) [DEP0040] DeprecationWarning: The `punycode` module is deprecated. Please use a userland alternative instead.
2026-10-09T01:46:57.1891913Z (Use `node --trace-deprecation ...` to show where the warning was created)
2026-10-09T01:46:57.2246899Z Multiple search paths detected. Calculating the least common ancestor of all paths
2026-10-09T01:46:57.2250145Z The least common ancestor is /home/runner/work/partybox-gpt-drops/partybox-gpt-drops. This will be the root directory of the artifact
2026-10-09T01:46:57.2251524Z With the provided path, there will be 158 files uploaded
2026-10-09T01:46:57.2257009Z Artifact name is valid!
2026-10-09T01:46:57.2257803Z Root directory input is valid!
2026-10-09T01:46:57.4172932Z Beginning upload of artifact content to blob storage
2026-10-09T01:46:57.6063485Z (node:2349) [DEP0169] DeprecationWarning: `url.parse()` behavior is not standardized and prone to errors that have security implications. Use the WHATWG URL API instead. CVEs are not issued for `url.parse()` vulnerabilities.
2026-10-09T01:46:57.6779210Z Uploaded bytes 328023
2026-10-09T01:46:57.6962345Z Finished uploading artifact content to blob storage!
2026-10-09T01:46:57.6963922Z SHA256 digest of uploaded artifact zip is 4efe6f982e93b01eab9af78e6bd1a59fb497da8c24433494a73402537b6637ef
2026-10-09T01:46:57.6964980Z Finalizing artifact upload
2026-10-09T01:46:57.9073782Z Artifact B05-checked-delivery-26febf87e3398116b644018ec0e6ed3d1625df9c.zip successfully finalized. Artifact ID 11591030777
2026-10-09T01:46:57.9076162Z Artifact B05-checked-delivery-26febf87e3398116b644018ec0e6ed3d1625df9c has been successfully uploaded! Final size is 328023 bytes. Artifact ID is 11591030777
2026-10-09T01:46:57.9081901Z Artifact download URL: https://github.com/luisitin/partybox-gpt-drops/actions/runs/37871416830/artifacts/11591030777
2026-10-09T01:46:57.9279655Z Post job cleanup.
2026-10-09T01:46:58.0466414Z (node:2361) [DEP0040] DeprecationWarning: The `punycode` module is deprecated. Please use a userland alternative instead.
2026-10-09T01:46:58.0467990Z (Use `node --trace-deprecation ...` to show where the warning was created)
2026-10-09T01:46:58.0665408Z Post job cleanup.
2026-10-09T01:46:58.1551503Z [command]/usr/bin/git version
2026-10-09T01:46:58.1595696Z git version 2.55.0
2026-10-09T01:46:58.1637354Z Temporarily overriding HOME='/home/runner/work/_temp/8759cc91-d609-4662-bc7a-3fab08dee474' before making global git config changes
2026-10-09T01:46:58.1638750Z Adding repository directory to the temporary git global config as a safe directory
2026-10-09T01:46:58.1643965Z [command]/usr/bin/git config --global --add safe.directory /home/runner/work/partybox-gpt-drops/partybox-gpt-drops
2026-10-09T01:46:58.1689050Z [command]/usr/bin/git config --local --name-only --get-regexp core\.sshCommand
2026-10-09T01:46:58.1731818Z [command]/usr/bin/git submodule foreach --recursive sh -c "git config --local --name-only --get-regexp 'core\.sshCommand' && git config --local --unset-all 'core.sshCommand' || :"
2026-10-09T01:46:58.1988576Z [command]/usr/bin/git config --local --name-only --get-regexp http\.https\:\/\/github\.com\/\.extraheader
2026-10-09T01:46:58.2021748Z http.https://github.com/.extraheader
2026-10-09T01:46:58.2034453Z [command]/usr/bin/git config --local --unset-all http.https://github.com/.extraheader
2026-10-09T01:46:58.2075815Z [command]/usr/bin/git submodule foreach --recursive sh -c "git config --local --name-only --get-regexp 'http\.https\:\/\/github\.com\/\.extraheader' && git config --local --unset-all 'http.https://github.com/.extraheader' || :"
2026-10-09T01:46:58.2346468Z [command]/usr/bin/git config --local --name-only --get-regexp ^includeIf\.gitdir:
2026-10-09T01:46:58.2388133Z [command]/usr/bin/git submodule foreach --recursive git config --local --show-origin --name-only --get-regexp remote.origin.url
2026-10-09T01:46:58.2821470Z Cleaning up orphan processes
2026-10-09T01:46:58.3139713Z ##[warning]Node.js 20 is deprecated. The following actions target Node.js 20 but are being forced to run on Node.js 24: actions/checkout@v4, actions/setup-python@v5, actions/upload-artifact@v4. For more information see: https://github.blog/changelog/2025-09-19-deprecation-of-node-20-on-github-actions-runners/
