{
  "mode": "full",
  "rows": 1000,
  "sourceRecords": 528,
  "quoteFields": 3507,
  "quoteMatchesActualLocalCaptures": 3507,
  "schemaAndDataErrors": [],
  "adversarialAcceptedCurrent": 1000,
  "reopenSupportedCurrent": 1000,
  "similarityFlagsResolved": 2210,
  "pending": {
    "targetRowsMissing": 0,
    "adversarialNotCurrent": 0,
    "reopenNotCurrent": 0,
    "similarityFlagsUnresolved": 0,
    "knownExactAnswerCycle": false,
    "optionLengthEditorialAssessment": null
  },
  "researchComplete": true
}
Similarity flags: 2210 Report: .work/independent-full-check.json
