.gitignore: OK
ASSUMPTIONS.md: OK
CONFLICTS.md: OK
CONTRACT.md: OK
LOOP.md: OK
NEXT.md: OK
README.md: OK
SOURCES.md: OK
VERIFY.md: OK
categories/animals-nature.json: OK
categories/food-everyday-life.json: OK
categories/movies-tv.json: OK
categories/music.json: OK
categories/science-space.json: OK
categories/sports-games.json: OK
categories/us-geography.json: OK
categories/us-history-civics.json: OK
categories/world-geography.json: OK
categories/world-history.json: OK
evidence/animals-nature-author-seal.json: OK
evidence/animals-nature-author-stage-revisions.json: OK
evidence/animals-nature-authoring.json: OK
evidence/animals-nature-current-review-needed.json: OK
evidence/animals-nature-final-metadata-rereview.json: OK
evidence/animals-nature-first-fresh-rereview.json: OK
evidence/animals-nature-fresh-review-seal.json: OK
evidence/animals-nature-length-fresh-review-seal.json: OK
evidence/animals-nature-length-repair-fresh-rereview.json: OK
evidence/animals-nature-option-distractor-context-reads.json: OK
evidence/animals-nature-option-distractor-independent-context-review.json: OK
evidence/animals-nature-option-length-revisions.json: OK
evidence/animals-nature-pre-length-repair-snapshot.json: OK
evidence/animals-nature-review-revisions.json: OK
evidence/animals-nature-second-fresh-rereview.json: OK
evidence/animals-nature-sources.json: OK
evidence/early-category-option-length-recommendations.json: OK
evidence/early-fullset-original-similarity-challenges.json: OK
evidence/early-fullset-pre-repair-similarity-resolutions.json: OK
evidence/early-fullset-similarity-resolutions-pre-final-permutation.json: OK
evidence/early-fullset-similarity-resolutions.json: OK
evidence/final-option-length-declared-amendment-review.json: OK
evidence/final-option-permutation-manifest.json: OK
evidence/final-option-post-shuffle-amendments.json: OK
evidence/food-everyday-life-author-seal.json: OK
evidence/food-everyday-life-author-stage-revisions.json: OK
evidence/food-everyday-life-authoring.json: OK
evidence/food-everyday-life-final-ordered-option-fresh-review.json: OK
evidence/food-everyday-life-final-two-author-revisions.json: OK
evidence/food-everyday-life-final-two-fresh-rereview.json: OK
evidence/food-everyday-life-fresh-review-seal.json: OK
evidence/food-everyday-life-original-emitted-adversarial.json: OK
evidence/food-everyday-life-original-emitted-reopen.json: OK
evidence/food-everyday-life-original-fresh-review.json: OK
evidence/food-everyday-life-post-shuffle-family-author-amendment.json: OK
evidence/food-everyday-life-previous-28-repair-seal.json: OK
evidence/food-everyday-life-review-hash-corrections.json: OK
evidence/food-everyday-life-review-revisions.json: OK
evidence/food-everyday-life-revised-author-seal.json: OK
evidence/food-everyday-life-revised-fresh-rereview.json: OK
evidence/food-everyday-life-source-reopen.json: OK
evidence/food-everyday-life-sources.json: OK
evidence/food0979-independent-final-family-rereview.json: OK
evidence/fullset-option-length-interim-assessment.json: OK
evidence/fullset-position-pattern-challenge.json: OK
evidence/history-reviewer-final-late-similarity-review.json: OK
evidence/history-reviewer-post-amendment-similarity-metrics.json: OK
evidence/history-reviewer-similarity-resolutions-before-final-permutation.json: OK
evidence/history-reviewer-similarity-resolutions.json: OK
evidence/independent-position-audit-original-final-shuffle/audit.json: OK
evidence/independent-position-audit-original-final-shuffle/provenance.json: OK
evidence/independent-position-audit-original-final-shuffle/report.md: OK
evidence/independent-position-audit-original-final-shuffle/summary.json: OK
evidence/independent-position-audit-two-amendment-overlay/audit.json: OK
evidence/independent-position-audit-two-amendment-overlay/provenance.json: OK
evidence/independent-position-audit-two-amendment-overlay/report.md: OK
evidence/independent-position-audit-two-amendment-overlay/summary.json: OK
evidence/independent-post-repair-checker-guard-tests.json: OK
evidence/lead-final-local-acceptance-provenance.json: OK
evidence/movies-tv-author-snapshot.json: OK
evidence/movies-tv-authoring.json: OK
evidence/movies-tv-final-ordered-option-fresh-review.json: OK
evidence/movies-tv-review-revisions.json: OK
evidence/movies-tv-source-reopen.json: OK
evidence/movies-tv-sources.json: OK
evidence/music-author-snapshot.json: OK
evidence/music-authoring.json: OK
evidence/music-final-ordered-option-fresh-review.json: OK
evidence/music-option-length-author-revisions.json: OK
evidence/music-review-revisions.json: OK
evidence/music-source-reopen.json: OK
evidence/music-sources.json: OK
evidence/music-stale-capture-chain-fresh-recovery.json: OK
evidence/option-length-assessment-before-declared-final-amendments.json: OK
evidence/option-length-assessment.json: OK
evidence/pre-final-option-shuffle-snapshot.json: OK
evidence/root-categories-difficulty-author-repairs.json: OK
evidence/root-categories-difficulty-fresh-rereview.json: OK
evidence/root-categories-fresh-review-seal.json: OK
evidence/root-category-option-length-assessment.json: OK
evidence/root-category-similarity-flags.json: OK
evidence/root-category-similarity-resolutions-pre-final-permutation.json: OK
evidence/root-category-similarity-resolutions.json: OK
evidence/root-sports-final-option-order-review.json: OK
evidence/root-sports-final-review-seal.json: OK
evidence/science-space-authoring.json: OK
evidence/science-space-original-fresh-review.json: OK
evidence/science-space-planet-fresh-rereview.json: OK
evidence/science-space-review-revisions.json: OK
evidence/science-space-si-fresh-rereview.json: OK
evidence/science-space-source-reopen.json: OK
evidence/science-space-sources.json: OK
evidence/similarity-flags-early-remaining.json: OK
evidence/similarity-flags-full-1000.json: OK
evidence/similarity-flags-late-remaining.json: OK
evidence/similarity-resolutions-before-final-integration.json: OK
evidence/similarity-resolutions.json: OK
evidence/sports-games-additional-fresh-rereview.json: OK
evidence/sports-games-additional-source-author-revisions.json: OK
evidence/sports-games-author-capture-collision-recovery.json: OK
evidence/sports-games-author-seal-before-additional-review-repairs.json: OK
evidence/sports-games-author-seal-before-difficulty-swaps.json: OK
evidence/sports-games-author-seal-before-independent-boxing-repair.json: OK
evidence/sports-games-author-seal.json: OK
evidence/sports-games-author-stage-revisions.json: OK
evidence/sports-games-authoring.json: OK
evidence/sports-games-boxing-fresh-rereview.json: OK
evidence/sports-games-current-review-needed.json: OK
evidence/sports-games-difficulty-author-revisions.json: OK
evidence/sports-games-difficulty-fresh-rereview.json: OK
evidence/sports-games-fresh-repair-source-reopens.json: OK
evidence/sports-games-fresh-review-seal.json: OK
evidence/sports-games-independent-boxing-author-revisions.json: OK
evidence/sports-games-original-fresh-review.json: OK
evidence/sports-games-pre-difficulty-fresh-review-seal.json: OK
evidence/sports-games-source-reopen.json: OK
evidence/sports-games-sources.json: OK
evidence/supplemental-crosscategory-same-answer-review.json: OK
evidence/us-geography-authoring.json: OK
evidence/us-geography-original-fresh-review.json: OK
evidence/us-geography-source-reopen.json: OK
evidence/us-geography-sources.json: OK
evidence/us-history-civics-author-seal.json: OK
evidence/us-history-civics-author-stage-revisions.json: OK
evidence/us-history-civics-authoring.json: OK
evidence/us-history-civics-before-fresh-repair-snapshot.json: OK
evidence/us-history-civics-current-review-needed.json: OK
evidence/us-history-civics-final-option-fresh-review.json: OK
evidence/us-history-civics-final-option-review-seal.json: OK
evidence/us-history-civics-first-fresh-rereview.json: OK
evidence/us-history-civics-fresh-review-author-revisions.json: OK
evidence/us-history-civics-fresh-review-seal.json: OK
evidence/us-history-civics-original-fresh-review.json: OK
evidence/us-history-civics-source-reopen.json: OK
evidence/us-history-civics-sources.json: OK
evidence/world-geography-author-seal.json: OK
evidence/world-geography-author-stage-revisions.json: OK
evidence/world-geography-authoring.json: OK
evidence/world-geography-current-review-needed.json: OK
evidence/world-geography-difficulty-review-repairs.json: OK
evidence/world-geography-first-repair-fresh-rereview.json: OK
evidence/world-geography-fresh-review-author-repair-seal.json: OK
evidence/world-geography-fresh-review-author-repairs.json: OK
evidence/world-geography-fresh-review-seal.json: OK
evidence/world-geography-original-fresh-review.json: OK
evidence/world-geography-second-fresh-author-repairs.json: OK
evidence/world-geography-second-repair-fresh-rereview.json: OK
evidence/world-geography-sources.json: OK
evidence/world-history-author-seal-before-extra-context-repairs.json: OK
evidence/world-history-author-seal-before-fresh-review-repairs.json: OK
evidence/world-history-author-seal.json: OK
evidence/world-history-author-stage-revisions.json: OK
evidence/world-history-authoring.json: OK
evidence/world-history-final-order-original-0515-rejection.json: OK
evidence/world-history-final-ordered-options-first-review.json: OK
evidence/world-history-final-ordered-options-seal.json: OK
evidence/world-history-fresh-review-seal.json: OK
evidence/world-history-initial-fresh-review-snapshot.json: OK
evidence/world-history-post-final-shuffle-0515-author-amendment.json: OK
evidence/world-history-post-shuffle-0515-fresh-rereview.json: OK
evidence/world-history-review-revisions.json: OK
evidence/world-history-revised-fresh-review.json: OK
evidence/world-history-source-exclusions.json: OK
evidence/world-history-source-independence-audit.json: OK
evidence/world-history-sources.json: OK
evidence/world-nature-final-option-order-fresh-review-seal.json: OK
evidence/world-nature-final-option-order-fresh-review.json: OK
reports/check-strengthening-original-failures.txt: OK
reports/checks.json: OK
reports/delivery-inventory.json: OK
reports/final-lead-full-check.stdout.txt: OK
reports/music-recovery-failure.json: OK
requirements.txt: OK
research/animals-nature-fresh-review-notes.md: OK
research/animals-nature-notes.md: OK
research/food-everyday-life-fresh-review-notes.md: OK
research/food-everyday-life-notes.md: OK
research/movies-tv-notes.md: OK
research/movies-tv-review-notes.md: OK
research/music-notes.md: OK
research/music-review-notes.md: OK
research/science-space-fresh-review-notes.md: OK
research/science-space-notes.md: OK
research/sports-games-fresh-review-notes.md: OK
research/sports-games-notes.md: OK
research/us-geography-fresh-review-notes.md: OK
research/us-geography-notes.md: OK
research/us-geography-revisions.json: OK
research/us-history-civics-fresh-review-notes.md: OK
research/us-history-civics-notes.md: OK
research/world-geography-fresh-review-notes.md: OK
research/world-geography-notes.md: OK
research/world-history-notes.md: OK
reviews/animals-nature-adversarial.json: OK
reviews/animals-nature-original-review.json: OK
reviews/animals-nature-reopen.json: OK
reviews/food-everyday-life-adversarial.json: OK
reviews/food-everyday-life-reopen.json: OK
reviews/movies-tv-adversarial.json: OK
reviews/movies-tv-original-review.json: OK
reviews/movies-tv-reopen.json: OK
reviews/music-adversarial.json: OK
reviews/music-before-option-length-repairs.json: OK
reviews/music-option-length-challenge.json: OK
reviews/music-option-length-fresh-review.json: OK
reviews/music-original-review.json: OK
reviews/music-reopen.json: OK
reviews/science-space-adversarial.json: OK
reviews/science-space-reopen.json: OK
reviews/sports-games-adversarial.json: OK
reviews/sports-games-reopen.json: OK
reviews/us-geography-adversarial.json: OK
reviews/us-geography-reopen.json: OK
reviews/us-history-civics-adversarial.json: OK
reviews/us-history-civics-reopen.json: OK
reviews/world-geography-adversarial.json: OK
reviews/world-geography-reopen.json: OK
reviews/world-history-adversarial.json: OK
reviews/world-history-reopen.json: OK
scripts/capture-source.py: OK
scripts/check-data.py: OK
scripts/render-docs.py: OK
scripts/shuffle-options.py: OK
trivia.schema.json: OK
