
> b08-monopoly-markov@1.0.0 test
> node run.mjs

RUN node hashes.mjs
SHA256: 62 files verified
RUN node node_modules/typescript/bin/tsc -p tsconfig.json
RUN node export.mjs
{"suite":"computed-outputs","passed":true,"strategies":2,"squares":80,"roiRows":348}
RUN node partybox-export.mjs
{"suite":"partybox-generated","passed":true,"mode":"checked","files":["boardOdds.ts","preview/hottest-squares.html"]}
RUN node test.mjs 1
{"suite":"exact-and-published","seed":1,"passed":true,"assertions":37981,"exactTransitionCells":28800,"stationaryStates":240,"publishedSquares":240,"ownershipScenarios":348,"observations":[{"strategy":"leave ASAP","maxStateDifference":9.194034422677078e-16,"iterations":197,"residual":3.469446951953614e-17,"turnStartMass":0.8427269589619967,"rollsPerTurn":1.186623958525926,"tableComparisons":[{"id":"butler-per-roll","squares":40,"maxDifference":4.782849026552238e-9,"tolerance":0.0001},{"id":"butler-end-turn","squares":40,"maxDifference":4.964513661276371e-10,"tolerance":0.0001},{"id":"collins-per-roll","squares":40,"maxDifference":0.0000011468197552155779,"tolerance":0.0001,"matchedSquares":40,"documentedGaps":[],"conflictRecord":null}]},{"strategy":"stay max","maxStateDifference":8.847089727481716e-16,"iterations":255,"residual":2.7755575615628914e-17,"turnStartMass":0.8577091677010615,"rollsPerTurn":1.165896364009171,"tableComparisons":[{"id":"butler-per-roll","squares":40,"maxDifference":6.87574422397752e-9,"tolerance":0.0001},{"id":"butler-end-turn","squares":40,"maxDifference":4.994465015173422e-10,"tolerance":0.0001},{"id":"collins-per-roll","squares":40,"maxDifference":0.0006835468757442065,"tolerance":0.0001,"matchedSquares":39,"documentedGaps":[{"position":10,"difference":-0.0006835468757442065}],"conflictRecord":"CONFLICTS.md"}]}]}
RUN node simulate.mjs 1
simulation seed=1 strategy=leave ASAP rolls=10000000
simulation seed=1 strategy=leave ASAP rolls=20000000
simulation seed=1 strategy=leave ASAP rolls=30000000
simulation seed=1 strategy=leave ASAP rolls=40000000
simulation seed=1 strategy=leave ASAP rolls=50000000
simulation seed=1 strategy=leave ASAP rolls=60000000
simulation seed=1 strategy=leave ASAP rolls=70000000
simulation seed=1 strategy=leave ASAP rolls=80000000
simulation seed=1 strategy=leave ASAP rolls=90000000
simulation seed=1 strategy=leave ASAP rolls=100000000
{"suite":"simulation","strategy":"leave ASAP","seed":1,"rolls":100000000,"passed":true,"maxSigma":1.9794398220894414,"poissonResidual":1.5379335085874474e-15}
simulation seed=1 strategy=stay max rolls=10000000
simulation seed=1 strategy=stay max rolls=20000000
simulation seed=1 strategy=stay max rolls=30000000
simulation seed=1 strategy=stay max rolls=40000000
simulation seed=1 strategy=stay max rolls=50000000
simulation seed=1 strategy=stay max rolls=60000000
simulation seed=1 strategy=stay max rolls=70000000
simulation seed=1 strategy=stay max rolls=80000000
simulation seed=1 strategy=stay max rolls=90000000
simulation seed=1 strategy=stay max rolls=100000000
{"suite":"simulation","strategy":"stay max","seed":1,"rolls":100000000,"passed":true,"maxSigma":2.389731545521216,"poissonResidual":2.8171909249863347e-15}
RUN node mutate.mjs 1
{"suite":"mutation","seed":1,"name":"M01 denominator","strictCompilation":true,"runtimeKilled":true,"failure":"Exact common denominator\n\n9217 !== 9216\n"}
{"suite":"mutation","seed":1,"name":"M02 early triple-double jail","strictCompilation":true,"runtimeKilled":true,"failure":"Invalid free state"}
{"suite":"mutation","seed":1,"name":"M03 reversed doubles","strictCompilation":true,"runtimeKilled":true,"failure":"Blind transition leave ASAP/0/0\n\n16 !== 96\n"}
{"suite":"mutation","seed":1,"name":"M04 premature third jail attempt","strictCompilation":true,"runtimeKilled":true,"failure":"Blind transition stay max/118/0\n\n112 !== 16\n"}
{"suite":"mutation","seed":1,"name":"M05 jail doubles extra roll","strictCompilation":true,"runtimeKilled":true,"failure":"Blind transition stay max/117/0\n\n0 !== 16\n"}
{"suite":"mutation","seed":1,"name":"M06 ASAP inherited jail streak","strictCompilation":true,"runtimeKilled":true,"failure":"Blind transition leave ASAP/117/1\n\n0 !== 16\n"}
{"suite":"mutation","seed":1,"name":"M07 ordinary streak reset","strictCompilation":true,"runtimeKilled":true,"failure":"Blind transition leave ASAP/0/0\n\n0 !== 96\n"}
{"suite":"mutation","seed":1,"name":"M08 movement off by one","strictCompilation":true,"runtimeKilled":true,"failure":"Blind transition leave ASAP/0/0\n\n64 !== 96\n"}
{"suite":"mutation","seed":1,"name":"M09 GoToJail relocation","strictCompilation":true,"runtimeKilled":true,"failure":"Invalid free state"}
{"suite":"mutation","seed":1,"name":"M10 CC jail card visiting","strictCompilation":true,"runtimeKilled":true,"failure":"Blind transition leave ASAP/0/31\n\n272 !== 256\n"}
{"suite":"mutation","seed":1,"name":"M11 Chance jail card visiting","strictCompilation":true,"runtimeKilled":true,"failure":"Blind transition leave ASAP/0/30\n\n608 !== 512\n"}
{"suite":"mutation","seed":1,"name":"M12 CC card multiplicity","strictCompilation":true,"runtimeKilled":true,"failure":"Transition row mass invariant"}
{"suite":"mutation","seed":1,"name":"M13 Chance stay multiplicity","strictCompilation":true,"runtimeKilled":true,"failure":"Transition row mass invariant"}
{"suite":"mutation","seed":1,"name":"M14 missing second railroad card","strictCompilation":true,"runtimeKilled":true,"failure":"Transition row mass invariant"}
{"suite":"mutation","seed":1,"name":"M15 nearest railroad mapping","strictCompilation":true,"runtimeKilled":true,"failure":"Blind transition leave ASAP/0/15\n\n1312 !== 1120\n"}
{"suite":"mutation","seed":1,"name":"M16 nearest utility mapping","strictCompilation":true,"runtimeKilled":true,"failure":"Blind transition leave ASAP/0/36\n\n0 !== 96\n"}
{"suite":"mutation","seed":1,"name":"M17 back-three card","strictCompilation":true,"runtimeKilled":true,"failure":"Blind transition leave ASAP/0/12\n\n512 !== 608\n"}
{"suite":"mutation","seed":1,"name":"M18 jail does not reset streak","strictCompilation":true,"runtimeKilled":true,"failure":"Blind transition leave ASAP/0/30\n\n608 !== 512\n"}
{"suite":"mutation","seed":1,"name":"M19 end-turn filter","strictCompilation":true,"runtimeKilled":true,"failure":"Blind turn landing: 0.022518443650798692 != 0.031357958722416555"}
{"suite":"mutation","seed":1,"name":"M20 Marvin Gardens rent edition","strictCompilation":true,"runtimeKilled":true,"failure":"Official street rents\n+ actual - expected\n\n  [\n+   22,\n-   24,\n    120,\n    360,\n    850,\n    1025,\n    1200\n"}
{"suite":"mutation","seed":1,"name":"M21 missing full-set rent doubling","strictCompilation":true,"runtimeKilled":true,"failure":"Blind ROI ordinaryRent\n\n2 !== 4\n"}
{"suite":"mutation","seed":1,"name":"M22 hotel construction investment","strictCompilation":true,"runtimeKilled":true,"failure":"Blind ROI investment\n\n260 !== 310\n"}
{"suite":"mutation","seed":1,"name":"M23 railroad premium missing","strictCompilation":true,"runtimeKilled":true,"failure":"Blind ROI expectedRentPerRoll: 0.7407758002128082 != 0.8130152464211912"}
{"suite":"mutation","seed":1,"name":"M24 utility Chance premium","strictCompilation":true,"runtimeKilled":true,"failure":"Blind ROI expectedRentPerRoll: 0.8099534939406092 != 0.8503649878708002"}
{"suite":"mutation","seed":1,"name":"M25 per-turn rent conversion","strictCompilation":true,"runtimeKilled":true,"failure":"Blind ROI expectedRentPerOpponentTurn: 0.03592338284004056 != 0.05058286826589295"}
RUN node partybox.mjs 1
{"suite":"partybox-exact","seed":1,"passed":true,"assertions":24023,"fuzzCases":20000}
{"suite":"partybox-simulation","plan":"leave ASAP","seed":1,"rolls":20000000,"statistics":48,"passed":true,"maxZ":2.085734959976426,"rollsPerTurn":{"exact":1.186623958525926,"simulated":1.186753669160491}}
{"suite":"partybox-simulation","plan":"stay max","seed":1,"rolls":20000000,"statistics":48,"passed":true,"maxZ":2.8008544795145047,"rollsPerTurn":{"exact":1.165896364009171,"simulated":1.1658971356938708}}
{"suite":"partybox-mutation","seed":1,"name":"P01 per-turn conversion dropped","strictCompilation":true,"runtimeKilled":true,"failure":"leave ASAP ROI rent 1/unimproved without color set/1: 0.04262754674929125 != 0.05058286826589295"}
{"suite":"partybox-mutation","seed":1,"name":"P02 railroad card premium dropped","strictCompilation":true,"runtimeKilled":true,"failure":"leave ASAP ROI rent 5/1 railroad owned/1: 0.879022312428733 != 0.964743370050246"}
{"suite":"partybox-mutation","seed":1,"name":"P03 full-group doubling dropped","strictCompilation":true,"runtimeKilled":true,"failure":"leave ASAP ROI rent 1/complete color set/2: 0.05058286826589295 != 0.1011657365317859"}
{"suite":"partybox-mutation","seed":1,"name":"P04 houses without the group earn","strictCompilation":true,"runtimeKilled":true,"failure":"leave ASAP houses without the group 1: 2.2762290719651825 !== 0"}
{"suite":"partybox-mutation","seed":1,"name":"P05 card pays the owned multiplier","strictCompilation":true,"runtimeKilled":true,"failure":"leave ASAP ROI rent 12/1 utility owned/1: 0.865203727406931 != 1.0090634680991"}
{"suite":"partybox-mutation","seed":1,"name":"P06 fresh dice mean 6","strictCompilation":true,"runtimeKilled":true,"failure":"leave ASAP ROI rent 12/1 utility owned/1: 0.8649115440849428 != 1.0090634680991"}
{"suite":"partybox-mutation","seed":1,"name":"P07 card rent dropped on movement dice","strictCompilation":true,"runtimeKilled":true,"failure":"leave ASAP movement utility 12/1: 0.7558641262068909 != 0.9956303606938393"}
{"suite":"partybox-mutation","seed":1,"name":"P08 railroad rent off by one","strictCompilation":true,"runtimeKilled":true,"failure":"leave ASAP ROI rent 5/1 railroad owned/1: 1.929486740100492 != 0.964743370050246"}
{"suite":"partybox-mutation","seed":1,"name":"P09 hotel invested as four houses","strictCompilation":true,"runtimeKilled":true,"failure":"leave ASAP ROI 1/hotel with color set/2: 0.024318686666294685 != 0.020396317849150383"}
{"suite":"partybox-mutation","seed":1,"name":"P10 coldest first","strictCompilation":true,"runtimeKilled":true,"failure":"leave ASAP hottest order"}
{"suite":"partybox-mutation","seed":1,"name":"P11 hottest per roll and turn swapped","strictCompilation":true,"runtimeKilled":true,"failure":"leave ASAP jail, Illinois-position 24, GO lead"}
{"suite":"partybox-mutation","seed":1,"name":"P12 share per roll and turn swapped","strictCompilation":true,"runtimeKilled":true,"failure":"leave ASAP share per roll 0: 0.03135795872241765 !== 0.030961230334104268"}
{"suite":"partybox-mutation","seed":1,"name":"P13 share counts duplicates","strictCompilation":true,"runtimeKilled":true,"failure":"leave ASAP duplicates count once: 0.14690756922297585 != 0.08813171190903636"}
{"suite":"partybox-mutation","seed":1,"name":"P14 multi-step build priced as one","strictCompilation":true,"runtimeKilled":true,"failure":"leave ASAP build gain 1/0->2: 0.013151545749132167 != 0.006575772874566083"}
{"suite":"partybox-mutation","seed":1,"name":"P15 default plan differs per site","strictCompilation":true,"runtimeKilled":true,"failure":"default options rent 1: 0.24849650880814814 !== 0.2529143413294648"}
{"suite":"partybox-mutation","seed":1,"name":"P16 default utility dice fresh","strictCompilation":true,"runtimeKilled":true,"failure":"leave ASAP movement utility 12/1: 1.0090634680991 != 0.9956303606938393"}
{"suite":"partybox-mutation","seed":1,"name":"P17 one generated digit","strictCompilation":true,"runtimeKilled":true,"failure":"leave ASAP per-roll 24: 0.0318576628665499 !== 0.0318576628665498"}
{"suite":"partybox-mutation","seed":1,"name":"P18 negative rent allowed","strictCompilation":true,"runtimeKilled":true,"failure":"Totality case 509: [-0.12829791230357976,0,0,0,0]"}
{"suite":"partybox-mutation","seed":1,"name":"P19 hottest count rounds up","strictCompilation":true,"runtimeKilled":true,"failure":"leave ASAP hottest count 2.7: 3 !== 2"}
{"suite":"partybox-mutation","seed":1,"name":"P20 hottest default plan","strictCompilation":true,"runtimeKilled":true,"failure":"default hottest plan and per"}
{"suite":"partybox","seed":1,"passed":true,"assertions":24023,"simulatedRolls":40000000,"mutants":20,"killed":20}
RUN node test.mjs 2
{"suite":"exact-and-published","seed":2,"passed":true,"assertions":37981,"exactTransitionCells":28800,"stationaryStates":240,"publishedSquares":240,"ownershipScenarios":348,"observations":[{"strategy":"leave ASAP","maxStateDifference":9.194034422677078e-16,"iterations":197,"residual":3.469446951953614e-17,"turnStartMass":0.8427269589619967,"rollsPerTurn":1.186623958525926,"tableComparisons":[{"id":"butler-per-roll","squares":40,"maxDifference":4.782849026552238e-9,"tolerance":0.0001},{"id":"butler-end-turn","squares":40,"maxDifference":4.964513661276371e-10,"tolerance":0.0001},{"id":"collins-per-roll","squares":40,"maxDifference":0.0000011468197552155779,"tolerance":0.0001,"matchedSquares":40,"documentedGaps":[],"conflictRecord":null}]},{"strategy":"stay max","maxStateDifference":8.847089727481716e-16,"iterations":255,"residual":2.7755575615628914e-17,"turnStartMass":0.8577091677010615,"rollsPerTurn":1.165896364009171,"tableComparisons":[{"id":"butler-per-roll","squares":40,"maxDifference":6.87574422397752e-9,"tolerance":0.0001},{"id":"butler-end-turn","squares":40,"maxDifference":4.994465015173422e-10,"tolerance":0.0001},{"id":"collins-per-roll","squares":40,"maxDifference":0.0006835468757442065,"tolerance":0.0001,"matchedSquares":39,"documentedGaps":[{"position":10,"difference":-0.0006835468757442065}],"conflictRecord":"CONFLICTS.md"}]}]}
RUN node simulate.mjs 2
simulation seed=2 strategy=leave ASAP rolls=10000000
simulation seed=2 strategy=leave ASAP rolls=20000000
simulation seed=2 strategy=leave ASAP rolls=30000000
simulation seed=2 strategy=leave ASAP rolls=40000000
simulation seed=2 strategy=leave ASAP rolls=50000000
simulation seed=2 strategy=leave ASAP rolls=60000000
simulation seed=2 strategy=leave ASAP rolls=70000000
simulation seed=2 strategy=leave ASAP rolls=80000000
simulation seed=2 strategy=leave ASAP rolls=90000000
simulation seed=2 strategy=leave ASAP rolls=100000000
{"suite":"simulation","strategy":"leave ASAP","seed":2,"rolls":100000000,"passed":true,"maxSigma":2.5024991114465203,"poissonResidual":1.5379335085874474e-15}
simulation seed=2 strategy=stay max rolls=10000000
simulation seed=2 strategy=stay max rolls=20000000
simulation seed=2 strategy=stay max rolls=30000000
simulation seed=2 strategy=stay max rolls=40000000
simulation seed=2 strategy=stay max rolls=50000000
simulation seed=2 strategy=stay max rolls=60000000
simulation seed=2 strategy=stay max rolls=70000000
simulation seed=2 strategy=stay max rolls=80000000
simulation seed=2 strategy=stay max rolls=90000000
simulation seed=2 strategy=stay max rolls=100000000
{"suite":"simulation","strategy":"stay max","seed":2,"rolls":100000000,"passed":true,"maxSigma":1.570822181594039,"poissonResidual":2.8171909249863347e-15}
RUN node mutate.mjs 2
{"suite":"mutation","seed":2,"name":"M01 denominator","strictCompilation":true,"runtimeKilled":true,"failure":"Exact common denominator\n\n9217 !== 9216\n"}
{"suite":"mutation","seed":2,"name":"M02 early triple-double jail","strictCompilation":true,"runtimeKilled":true,"failure":"Invalid free state"}
{"suite":"mutation","seed":2,"name":"M03 reversed doubles","strictCompilation":true,"runtimeKilled":true,"failure":"Blind transition leave ASAP/0/0\n\n16 !== 96\n"}
{"suite":"mutation","seed":2,"name":"M04 premature third jail attempt","strictCompilation":true,"runtimeKilled":true,"failure":"Blind transition stay max/118/0\n\n112 !== 16\n"}
{"suite":"mutation","seed":2,"name":"M05 jail doubles extra roll","strictCompilation":true,"runtimeKilled":true,"failure":"Blind transition stay max/117/0\n\n0 !== 16\n"}
{"suite":"mutation","seed":2,"name":"M06 ASAP inherited jail streak","strictCompilation":true,"runtimeKilled":true,"failure":"Blind transition leave ASAP/117/1\n\n0 !== 16\n"}
{"suite":"mutation","seed":2,"name":"M07 ordinary streak reset","strictCompilation":true,"runtimeKilled":true,"failure":"Blind transition leave ASAP/0/0\n\n0 !== 96\n"}
{"suite":"mutation","seed":2,"name":"M08 movement off by one","strictCompilation":true,"runtimeKilled":true,"failure":"Blind transition leave ASAP/0/0\n\n64 !== 96\n"}
{"suite":"mutation","seed":2,"name":"M09 GoToJail relocation","strictCompilation":true,"runtimeKilled":true,"failure":"Invalid free state"}
{"suite":"mutation","seed":2,"name":"M10 CC jail card visiting","strictCompilation":true,"runtimeKilled":true,"failure":"Blind transition leave ASAP/0/31\n\n272 !== 256\n"}
{"suite":"mutation","seed":2,"name":"M11 Chance jail card visiting","strictCompilation":true,"runtimeKilled":true,"failure":"Blind transition leave ASAP/0/30\n\n608 !== 512\n"}
{"suite":"mutation","seed":2,"name":"M12 CC card multiplicity","strictCompilation":true,"runtimeKilled":true,"failure":"Transition row mass invariant"}
{"suite":"mutation","seed":2,"name":"M13 Chance stay multiplicity","strictCompilation":true,"runtimeKilled":true,"failure":"Transition row mass invariant"}
{"suite":"mutation","seed":2,"name":"M14 missing second railroad card","strictCompilation":true,"runtimeKilled":true,"failure":"Transition row mass invariant"}
{"suite":"mutation","seed":2,"name":"M15 nearest railroad mapping","strictCompilation":true,"runtimeKilled":true,"failure":"Blind transition leave ASAP/0/15\n\n1312 !== 1120\n"}
{"suite":"mutation","seed":2,"name":"M16 nearest utility mapping","strictCompilation":true,"runtimeKilled":true,"failure":"Blind transition leave ASAP/0/36\n\n0 !== 96\n"}
{"suite":"mutation","seed":2,"name":"M17 back-three card","strictCompilation":true,"runtimeKilled":true,"failure":"Blind transition leave ASAP/0/12\n\n512 !== 608\n"}
{"suite":"mutation","seed":2,"name":"M18 jail does not reset streak","strictCompilation":true,"runtimeKilled":true,"failure":"Blind transition leave ASAP/0/30\n\n608 !== 512\n"}
{"suite":"mutation","seed":2,"name":"M19 end-turn filter","strictCompilation":true,"runtimeKilled":true,"failure":"Blind turn landing: 0.022518443650798692 != 0.031357958722416555"}
{"suite":"mutation","seed":2,"name":"M20 Marvin Gardens rent edition","strictCompilation":true,"runtimeKilled":true,"failure":"Official street rents\n+ actual - expected\n\n  [\n+   22,\n-   24,\n    120,\n    360,\n    850,\n    1025,\n    1200\n"}
{"suite":"mutation","seed":2,"name":"M21 missing full-set rent doubling","strictCompilation":true,"runtimeKilled":true,"failure":"Blind ROI ordinaryRent\n\n2 !== 4\n"}
{"suite":"mutation","seed":2,"name":"M22 hotel construction investment","strictCompilation":true,"runtimeKilled":true,"failure":"Blind ROI investment\n\n260 !== 310\n"}
{"suite":"mutation","seed":2,"name":"M23 railroad premium missing","strictCompilation":true,"runtimeKilled":true,"failure":"Blind ROI expectedRentPerRoll: 0.7407758002128082 != 0.8130152464211912"}
{"suite":"mutation","seed":2,"name":"M24 utility Chance premium","strictCompilation":true,"runtimeKilled":true,"failure":"Blind ROI expectedRentPerRoll: 0.8099534939406092 != 0.8503649878708002"}
{"suite":"mutation","seed":2,"name":"M25 per-turn rent conversion","strictCompilation":true,"runtimeKilled":true,"failure":"Blind ROI expectedRentPerOpponentTurn: 0.03592338284004056 != 0.05058286826589295"}
RUN node partybox.mjs 2
{"suite":"partybox-exact","seed":2,"passed":true,"assertions":24023,"fuzzCases":20000}
{"suite":"partybox-simulation","plan":"leave ASAP","seed":2,"rolls":20000000,"statistics":48,"passed":true,"maxZ":2.6056064069429135,"rollsPerTurn":{"exact":1.186623958525926,"simulated":1.1866950832671306}}
{"suite":"partybox-simulation","plan":"stay max","seed":2,"rolls":20000000,"statistics":48,"passed":true,"maxZ":3.0766524414234975,"rollsPerTurn":{"exact":1.165896364009171,"simulated":1.1658539110434811}}
{"suite":"partybox-mutation","seed":2,"name":"P01 per-turn conversion dropped","strictCompilation":true,"runtimeKilled":true,"failure":"leave ASAP ROI rent 1/unimproved without color set/1: 0.04262754674929125 != 0.05058286826589295"}
{"suite":"partybox-mutation","seed":2,"name":"P02 railroad card premium dropped","strictCompilation":true,"runtimeKilled":true,"failure":"leave ASAP ROI rent 5/1 railroad owned/1: 0.879022312428733 != 0.964743370050246"}
{"suite":"partybox-mutation","seed":2,"name":"P03 full-group doubling dropped","strictCompilation":true,"runtimeKilled":true,"failure":"leave ASAP ROI rent 1/complete color set/2: 0.05058286826589295 != 0.1011657365317859"}
{"suite":"partybox-mutation","seed":2,"name":"P04 houses without the group earn","strictCompilation":true,"runtimeKilled":true,"failure":"leave ASAP houses without the group 1: 2.2762290719651825 !== 0"}
{"suite":"partybox-mutation","seed":2,"name":"P05 card pays the owned multiplier","strictCompilation":true,"runtimeKilled":true,"failure":"leave ASAP ROI rent 12/1 utility owned/1: 0.865203727406931 != 1.0090634680991"}
{"suite":"partybox-mutation","seed":2,"name":"P06 fresh dice mean 6","strictCompilation":true,"runtimeKilled":true,"failure":"leave ASAP ROI rent 12/1 utility owned/1: 0.8649115440849428 != 1.0090634680991"}
{"suite":"partybox-mutation","seed":2,"name":"P07 card rent dropped on movement dice","strictCompilation":true,"runtimeKilled":true,"failure":"leave ASAP movement utility 12/1: 0.7558641262068909 != 0.9956303606938393"}
{"suite":"partybox-mutation","seed":2,"name":"P08 railroad rent off by one","strictCompilation":true,"runtimeKilled":true,"failure":"leave ASAP ROI rent 5/1 railroad owned/1: 1.929486740100492 != 0.964743370050246"}
{"suite":"partybox-mutation","seed":2,"name":"P09 hotel invested as four houses","strictCompilation":true,"runtimeKilled":true,"failure":"leave ASAP ROI 1/hotel with color set/2: 0.024318686666294685 != 0.020396317849150383"}
{"suite":"partybox-mutation","seed":2,"name":"P10 coldest first","strictCompilation":true,"runtimeKilled":true,"failure":"leave ASAP hottest order"}
{"suite":"partybox-mutation","seed":2,"name":"P11 hottest per roll and turn swapped","strictCompilation":true,"runtimeKilled":true,"failure":"leave ASAP jail, Illinois-position 24, GO lead"}
{"suite":"partybox-mutation","seed":2,"name":"P12 share per roll and turn swapped","strictCompilation":true,"runtimeKilled":true,"failure":"leave ASAP share per roll 0: 0.03135795872241765 !== 0.030961230334104268"}
{"suite":"partybox-mutation","seed":2,"name":"P13 share counts duplicates","strictCompilation":true,"runtimeKilled":true,"failure":"leave ASAP duplicates count once: 0.14690756922297585 != 0.08813171190903636"}
{"suite":"partybox-mutation","seed":2,"name":"P14 multi-step build priced as one","strictCompilation":true,"runtimeKilled":true,"failure":"leave ASAP build gain 1/0->2: 0.013151545749132167 != 0.006575772874566083"}
{"suite":"partybox-mutation","seed":2,"name":"P15 default plan differs per site","strictCompilation":true,"runtimeKilled":true,"failure":"default options rent 1: 0.24849650880814814 !== 0.2529143413294648"}
{"suite":"partybox-mutation","seed":2,"name":"P16 default utility dice fresh","strictCompilation":true,"runtimeKilled":true,"failure":"leave ASAP movement utility 12/1: 1.0090634680991 != 0.9956303606938393"}
{"suite":"partybox-mutation","seed":2,"name":"P17 one generated digit","strictCompilation":true,"runtimeKilled":true,"failure":"leave ASAP per-roll 24: 0.0318576628665499 !== 0.0318576628665498"}
{"suite":"partybox-mutation","seed":2,"name":"P18 negative rent allowed","strictCompilation":true,"runtimeKilled":true,"failure":"Totality case 634: [-0.4831756452911868,-0.002196252933141758,220,0,0]"}
{"suite":"partybox-mutation","seed":2,"name":"P19 hottest count rounds up","strictCompilation":true,"runtimeKilled":true,"failure":"leave ASAP hottest count 2.7: 3 !== 2"}
{"suite":"partybox-mutation","seed":2,"name":"P20 hottest default plan","strictCompilation":true,"runtimeKilled":true,"failure":"default hottest plan and per"}
{"suite":"partybox","seed":2,"passed":true,"assertions":24023,"simulatedRolls":40000000,"mutants":20,"killed":20}
RUN node test.mjs 3
{"suite":"exact-and-published","seed":3,"passed":true,"assertions":37981,"exactTransitionCells":28800,"stationaryStates":240,"publishedSquares":240,"ownershipScenarios":348,"observations":[{"strategy":"leave ASAP","maxStateDifference":9.194034422677078e-16,"iterations":197,"residual":3.469446951953614e-17,"turnStartMass":0.8427269589619967,"rollsPerTurn":1.186623958525926,"tableComparisons":[{"id":"butler-per-roll","squares":40,"maxDifference":4.782849026552238e-9,"tolerance":0.0001},{"id":"butler-end-turn","squares":40,"maxDifference":4.964513661276371e-10,"tolerance":0.0001},{"id":"collins-per-roll","squares":40,"maxDifference":0.0000011468197552155779,"tolerance":0.0001,"matchedSquares":40,"documentedGaps":[],"conflictRecord":null}]},{"strategy":"stay max","maxStateDifference":8.847089727481716e-16,"iterations":255,"residual":2.7755575615628914e-17,"turnStartMass":0.8577091677010615,"rollsPerTurn":1.165896364009171,"tableComparisons":[{"id":"butler-per-roll","squares":40,"maxDifference":6.87574422397752e-9,"tolerance":0.0001},{"id":"butler-end-turn","squares":40,"maxDifference":4.994465015173422e-10,"tolerance":0.0001},{"id":"collins-per-roll","squares":40,"maxDifference":0.0006835468757442065,"tolerance":0.0001,"matchedSquares":39,"documentedGaps":[{"position":10,"difference":-0.0006835468757442065}],"conflictRecord":"CONFLICTS.md"}]}]}
RUN node simulate.mjs 3
simulation seed=3 strategy=leave ASAP rolls=10000000
simulation seed=3 strategy=leave ASAP rolls=20000000
simulation seed=3 strategy=leave ASAP rolls=30000000
simulation seed=3 strategy=leave ASAP rolls=40000000
simulation seed=3 strategy=leave ASAP rolls=50000000
simulation seed=3 strategy=leave ASAP rolls=60000000
simulation seed=3 strategy=leave ASAP rolls=70000000
simulation seed=3 strategy=leave ASAP rolls=80000000
simulation seed=3 strategy=leave ASAP rolls=90000000
simulation seed=3 strategy=leave ASAP rolls=100000000
{"suite":"simulation","strategy":"leave ASAP","seed":3,"rolls":100000000,"passed":true,"maxSigma":2.1157739420388237,"poissonResidual":1.5379335085874474e-15}
simulation seed=3 strategy=stay max rolls=10000000
simulation seed=3 strategy=stay max rolls=20000000
simulation seed=3 strategy=stay max rolls=30000000
simulation seed=3 strategy=stay max rolls=40000000
simulation seed=3 strategy=stay max rolls=50000000
simulation seed=3 strategy=stay max rolls=60000000
simulation seed=3 strategy=stay max rolls=70000000
simulation seed=3 strategy=stay max rolls=80000000
simulation seed=3 strategy=stay max rolls=90000000
simulation seed=3 strategy=stay max rolls=100000000
{"suite":"simulation","strategy":"stay max","seed":3,"rolls":100000000,"passed":true,"maxSigma":2.136073308429187,"poissonResidual":2.8171909249863347e-15}
RUN node mutate.mjs 3
{"suite":"mutation","seed":3,"name":"M01 denominator","strictCompilation":true,"runtimeKilled":true,"failure":"Exact common denominator\n\n9217 !== 9216\n"}
{"suite":"mutation","seed":3,"name":"M02 early triple-double jail","strictCompilation":true,"runtimeKilled":true,"failure":"Invalid free state"}
{"suite":"mutation","seed":3,"name":"M03 reversed doubles","strictCompilation":true,"runtimeKilled":true,"failure":"Blind transition leave ASAP/0/0\n\n16 !== 96\n"}
{"suite":"mutation","seed":3,"name":"M04 premature third jail attempt","strictCompilation":true,"runtimeKilled":true,"failure":"Blind transition stay max/118/0\n\n112 !== 16\n"}
{"suite":"mutation","seed":3,"name":"M05 jail doubles extra roll","strictCompilation":true,"runtimeKilled":true,"failure":"Blind transition stay max/117/0\n\n0 !== 16\n"}
{"suite":"mutation","seed":3,"name":"M06 ASAP inherited jail streak","strictCompilation":true,"runtimeKilled":true,"failure":"Blind transition leave ASAP/117/1\n\n0 !== 16\n"}
{"suite":"mutation","seed":3,"name":"M07 ordinary streak reset","strictCompilation":true,"runtimeKilled":true,"failure":"Blind transition leave ASAP/0/0\n\n0 !== 96\n"}
{"suite":"mutation","seed":3,"name":"M08 movement off by one","strictCompilation":true,"runtimeKilled":true,"failure":"Blind transition leave ASAP/0/0\n\n64 !== 96\n"}
{"suite":"mutation","seed":3,"name":"M09 GoToJail relocation","strictCompilation":true,"runtimeKilled":true,"failure":"Invalid free state"}
{"suite":"mutation","seed":3,"name":"M10 CC jail card visiting","strictCompilation":true,"runtimeKilled":true,"failure":"Blind transition leave ASAP/0/31\n\n272 !== 256\n"}
{"suite":"mutation","seed":3,"name":"M11 Chance jail card visiting","strictCompilation":true,"runtimeKilled":true,"failure":"Blind transition leave ASAP/0/30\n\n608 !== 512\n"}
{"suite":"mutation","seed":3,"name":"M12 CC card multiplicity","strictCompilation":true,"runtimeKilled":true,"failure":"Transition row mass invariant"}
{"suite":"mutation","seed":3,"name":"M13 Chance stay multiplicity","strictCompilation":true,"runtimeKilled":true,"failure":"Transition row mass invariant"}
{"suite":"mutation","seed":3,"name":"M14 missing second railroad card","strictCompilation":true,"runtimeKilled":true,"failure":"Transition row mass invariant"}
{"suite":"mutation","seed":3,"name":"M15 nearest railroad mapping","strictCompilation":true,"runtimeKilled":true,"failure":"Blind transition leave ASAP/0/15\n\n1312 !== 1120\n"}
{"suite":"mutation","seed":3,"name":"M16 nearest utility mapping","strictCompilation":true,"runtimeKilled":true,"failure":"Blind transition leave ASAP/0/36\n\n0 !== 96\n"}
{"suite":"mutation","seed":3,"name":"M17 back-three card","strictCompilation":true,"runtimeKilled":true,"failure":"Blind transition leave ASAP/0/12\n\n512 !== 608\n"}
{"suite":"mutation","seed":3,"name":"M18 jail does not reset streak","strictCompilation":true,"runtimeKilled":true,"failure":"Blind transition leave ASAP/0/30\n\n608 !== 512\n"}
{"suite":"mutation","seed":3,"name":"M19 end-turn filter","strictCompilation":true,"runtimeKilled":true,"failure":"Blind turn landing: 0.022518443650798692 != 0.031357958722416555"}
{"suite":"mutation","seed":3,"name":"M20 Marvin Gardens rent edition","strictCompilation":true,"runtimeKilled":true,"failure":"Official street rents\n+ actual - expected\n\n  [\n+   22,\n-   24,\n    120,\n    360,\n    850,\n    1025,\n    1200\n"}
{"suite":"mutation","seed":3,"name":"M21 missing full-set rent doubling","strictCompilation":true,"runtimeKilled":true,"failure":"Blind ROI ordinaryRent\n\n2 !== 4\n"}
{"suite":"mutation","seed":3,"name":"M22 hotel construction investment","strictCompilation":true,"runtimeKilled":true,"failure":"Blind ROI investment\n\n260 !== 310\n"}
{"suite":"mutation","seed":3,"name":"M23 railroad premium missing","strictCompilation":true,"runtimeKilled":true,"failure":"Blind ROI expectedRentPerRoll: 0.7407758002128082 != 0.8130152464211912"}
{"suite":"mutation","seed":3,"name":"M24 utility Chance premium","strictCompilation":true,"runtimeKilled":true,"failure":"Blind ROI expectedRentPerRoll: 0.8099534939406092 != 0.8503649878708002"}
{"suite":"mutation","seed":3,"name":"M25 per-turn rent conversion","strictCompilation":true,"runtimeKilled":true,"failure":"Blind ROI expectedRentPerOpponentTurn: 0.03592338284004056 != 0.05058286826589295"}
RUN node partybox.mjs 3
{"suite":"partybox-exact","seed":3,"passed":true,"assertions":24023,"fuzzCases":20000}
{"suite":"partybox-simulation","plan":"leave ASAP","seed":3,"rolls":20000000,"statistics":48,"passed":true,"maxZ":2.541858636158746,"rollsPerTurn":{"exact":1.186623958525926,"simulated":1.1865675803632558}}
{"suite":"partybox-simulation","plan":"stay max","seed":3,"rolls":20000000,"statistics":48,"passed":true,"maxZ":3.6393343978616346,"rollsPerTurn":{"exact":1.165896364009171,"simulated":1.165896659933419}}
{"suite":"partybox-mutation","seed":3,"name":"P01 per-turn conversion dropped","strictCompilation":true,"runtimeKilled":true,"failure":"leave ASAP ROI rent 1/unimproved without color set/1: 0.04262754674929125 != 0.05058286826589295"}
{"suite":"partybox-mutation","seed":3,"name":"P02 railroad card premium dropped","strictCompilation":true,"runtimeKilled":true,"failure":"leave ASAP ROI rent 5/1 railroad owned/1: 0.879022312428733 != 0.964743370050246"}
{"suite":"partybox-mutation","seed":3,"name":"P03 full-group doubling dropped","strictCompilation":true,"runtimeKilled":true,"failure":"leave ASAP ROI rent 1/complete color set/2: 0.05058286826589295 != 0.1011657365317859"}
{"suite":"partybox-mutation","seed":3,"name":"P04 houses without the group earn","strictCompilation":true,"runtimeKilled":true,"failure":"leave ASAP houses without the group 1: 2.2762290719651825 !== 0"}
{"suite":"partybox-mutation","seed":3,"name":"P05 card pays the owned multiplier","strictCompilation":true,"runtimeKilled":true,"failure":"leave ASAP ROI rent 12/1 utility owned/1: 0.865203727406931 != 1.0090634680991"}
{"suite":"partybox-mutation","seed":3,"name":"P06 fresh dice mean 6","strictCompilation":true,"runtimeKilled":true,"failure":"leave ASAP ROI rent 12/1 utility owned/1: 0.8649115440849428 != 1.0090634680991"}
{"suite":"partybox-mutation","seed":3,"name":"P07 card rent dropped on movement dice","strictCompilation":true,"runtimeKilled":true,"failure":"leave ASAP movement utility 12/1: 0.7558641262068909 != 0.9956303606938393"}
{"suite":"partybox-mutation","seed":3,"name":"P08 railroad rent off by one","strictCompilation":true,"runtimeKilled":true,"failure":"leave ASAP ROI rent 5/1 railroad owned/1: 1.929486740100492 != 0.964743370050246"}
{"suite":"partybox-mutation","seed":3,"name":"P09 hotel invested as four houses","strictCompilation":true,"runtimeKilled":true,"failure":"leave ASAP ROI 1/hotel with color set/2: 0.024318686666294685 != 0.020396317849150383"}
{"suite":"partybox-mutation","seed":3,"name":"P10 coldest first","strictCompilation":true,"runtimeKilled":true,"failure":"leave ASAP hottest order"}
{"suite":"partybox-mutation","seed":3,"name":"P11 hottest per roll and turn swapped","strictCompilation":true,"runtimeKilled":true,"failure":"leave ASAP jail, Illinois-position 24, GO lead"}
{"suite":"partybox-mutation","seed":3,"name":"P12 share per roll and turn swapped","strictCompilation":true,"runtimeKilled":true,"failure":"leave ASAP share per roll 0: 0.03135795872241765 !== 0.030961230334104268"}
{"suite":"partybox-mutation","seed":3,"name":"P13 share counts duplicates","strictCompilation":true,"runtimeKilled":true,"failure":"leave ASAP duplicates count once: 0.14690756922297585 != 0.08813171190903636"}
{"suite":"partybox-mutation","seed":3,"name":"P14 multi-step build priced as one","strictCompilation":true,"runtimeKilled":true,"failure":"leave ASAP build gain 1/0->2: 0.013151545749132167 != 0.006575772874566083"}
{"suite":"partybox-mutation","seed":3,"name":"P15 default plan differs per site","strictCompilation":true,"runtimeKilled":true,"failure":"default options rent 1: 0.24849650880814814 !== 0.2529143413294648"}
{"suite":"partybox-mutation","seed":3,"name":"P16 default utility dice fresh","strictCompilation":true,"runtimeKilled":true,"failure":"leave ASAP movement utility 12/1: 1.0090634680991 != 0.9956303606938393"}
{"suite":"partybox-mutation","seed":3,"name":"P17 one generated digit","strictCompilation":true,"runtimeKilled":true,"failure":"leave ASAP per-roll 24: 0.0318576628665499 !== 0.0318576628665498"}
{"suite":"partybox-mutation","seed":3,"name":"P18 negative rent allowed","strictCompilation":true,"runtimeKilled":true,"failure":"Totality case 842: [-0.7312239152004588,0,0,0,0]"}
{"suite":"partybox-mutation","seed":3,"name":"P19 hottest count rounds up","strictCompilation":true,"runtimeKilled":true,"failure":"leave ASAP hottest count 2.7: 3 !== 2"}
{"suite":"partybox-mutation","seed":3,"name":"P20 hottest default plan","strictCompilation":true,"runtimeKilled":true,"failure":"default hottest plan and per"}
{"suite":"partybox","seed":3,"passed":true,"assertions":24023,"simulatedRolls":40000000,"mutants":20,"killed":20}
RUN node hashes.mjs
SHA256: 62 files verified
{"suite":"complete","passed":true,"node":"v22.22.0","typescript":"5.8.3","seeds":[1,2,3],"totals":{"exactTransitionCells":86400,"stationaryStates":720,"publishedSquares":720,"matchedPublishedSquares":717,"documentedPublishedGaps":3,"requiredButlerComparisons":480,"roiScenarios":1044,"simulationRolls":600000000,"simulationSquares":240,"strictCompiledMutants":75,"runtimeKilledMutants":75,"partyboxRoiRows":1044,"partyboxSimulationRolls":120000000,"partyboxSimulatedStatistics":288,"partyboxStrictCompiledMutants":60,"partyboxRuntimeKilledMutants":60}}
