2026-10-09T10:04:05.7215632Z Current runner version: '2.337.0'
2026-10-09T10:04:05.7243946Z ##[group]Runner Image Provisioner
2026-10-09T10:04:05.7244909Z Hosted Compute Agent
2026-10-09T10:04:05.7245507Z Version: 20261002.596
2026-10-09T10:04:05.7246118Z Commit: c3d12f3313a95f25162a1503be624f3b0617f8c0
2026-10-09T10:04:05.7247043Z Build Date: 2026-10-02T22:28:27Z
2026-10-09T10:04:05.7248038Z Worker ID: {866ece21-97ba-451c-a3fa-72ede651eb6c}
2026-10-09T10:04:05.7249244Z Region: centralus
2026-10-09T10:04:05.7249834Z Cloud: Azure
2026-10-09T10:04:05.7250357Z ##[endgroup]
2026-10-09T10:04:05.7252209Z ##[group]Operating System
2026-10-09T10:04:05.7252846Z Ubuntu
2026-10-09T10:04:05.7253426Z 24.04.5
2026-10-09T10:04:05.7253957Z LTS
2026-10-09T10:04:05.7254465Z ##[endgroup]
2026-10-09T10:04:05.7255130Z ##[group]Runner Image
2026-10-09T10:04:05.7255726Z Image: ubuntu-24.04
2026-10-09T10:04:05.7256368Z Version: 20261004.327.1
2026-10-09T10:04:05.7258025Z Included Software: https://github.com/actions/runner-images/blob/ubuntu24/20261004.327/images/ubuntu/Ubuntu2404-Readme.md
2026-10-09T10:04:05.7259736Z Image Release: https://github.com/actions/runner-images/releases/tag/ubuntu24%2F20261004.327
2026-10-09T10:04:05.7260700Z ##[endgroup]
2026-10-09T10:04:05.7261896Z ##[group]GITHUB_TOKEN Permissions
2026-10-09T10:04:05.7264142Z Contents: read
2026-10-09T10:04:05.7264843Z Metadata: read
2026-10-09T10:04:05.7265503Z ##[endgroup]
2026-10-09T10:04:05.7268189Z Secret source: Actions
2026-10-09T10:04:05.7269252Z Cache mode: write
2026-10-09T10:04:05.7270230Z Prepare workflow directory
2026-10-09T10:04:05.7632870Z Prepare all required actions
2026-10-09T10:04:05.7684622Z Getting action download info
2026-10-09T10:04:06.0540499Z Download action repository 'actions/checkout@v4' (SHA:11d5960a326750d5838078e36cf38b85af677262)
2026-10-09T10:04:06.1535485Z Download action repository 'actions/setup-python@v5' (SHA:a26af69be951a213d495a4c3e4e4022e16d87065)
2026-10-09T10:04:06.3431609Z Complete job name: verify
2026-10-09T10:04:06.4319510Z ##[group]Run actions/checkout@v4
2026-10-09T10:04:06.4320458Z with:
2026-10-09T10:04:06.4320940Z   repository: luisitin/partybox-gpt-drops
2026-10-09T10:04:06.4325055Z   token: ***
2026-10-09T10:04:06.4325492Z   ssh-strict: true
2026-10-09T10:04:06.4325932Z   ssh-user: git
2026-10-09T10:04:06.4326376Z   persist-credentials: true
2026-10-09T10:04:06.4326860Z   clean: true
2026-10-09T10:04:06.4327687Z   sparse-checkout-cone-mode: true
2026-10-09T10:04:06.4328286Z   fetch-depth: 1
2026-10-09T10:04:06.4328717Z   fetch-tags: false
2026-10-09T10:04:06.4329166Z   show-progress: true
2026-10-09T10:04:06.4329607Z   lfs: false
2026-10-09T10:04:06.4330006Z   submodules: false
2026-10-09T10:04:06.4330453Z   set-safe-directory: true
2026-10-09T10:04:06.4330950Z   allow-unsafe-pr-checkout: false
2026-10-09T10:04:06.4331796Z ##[endgroup]
2026-10-09T10:04:06.5488563Z Syncing repository: luisitin/partybox-gpt-drops
2026-10-09T10:04:06.5491823Z ##[group]Getting Git version info
2026-10-09T10:04:06.5493390Z Working directory is '/home/runner/work/partybox-gpt-drops/partybox-gpt-drops'
2026-10-09T10:04:06.5495617Z [command]/usr/bin/git version
2026-10-09T10:04:06.5570199Z git version 2.55.0
2026-10-09T10:04:06.5595525Z ##[endgroup]
2026-10-09T10:04:06.5614210Z Temporarily overriding HOME='/home/runner/work/_temp/fa9fe07a-cb9c-4a00-87ff-455ebaf8f116' before making global git config changes
2026-10-09T10:04:06.5616860Z Adding repository directory to the temporary git global config as a safe directory
2026-10-09T10:04:06.5623052Z [command]/usr/bin/git config --global --add safe.directory /home/runner/work/partybox-gpt-drops/partybox-gpt-drops
2026-10-09T10:04:06.5694533Z Deleting the contents of '/home/runner/work/partybox-gpt-drops/partybox-gpt-drops'
2026-10-09T10:04:06.5703977Z ##[group]Initializing the repository
2026-10-09T10:04:06.5713721Z [command]/usr/bin/git init /home/runner/work/partybox-gpt-drops/partybox-gpt-drops
2026-10-09T10:04:06.5834134Z hint: Using 'master' as the name for the initial branch. This default branch name
2026-10-09T10:04:06.5836375Z hint: will change to "main" in Git 3.0. To configure the initial branch name
2026-10-09T10:04:06.5838210Z hint: to use in all of your new repositories, which will suppress this warning,
2026-10-09T10:04:06.5839554Z hint: call:
2026-10-09T10:04:06.5840269Z hint:
2026-10-09T10:04:06.5841171Z hint: 	git config --global init.defaultBranch <name>
2026-10-09T10:04:06.5842294Z hint:
2026-10-09T10:04:06.5843312Z hint: Names commonly chosen instead of 'master' are 'main', 'trunk' and
2026-10-09T10:04:06.5845031Z hint: 'development'. The just-created branch can be renamed via this command:
2026-10-09T10:04:06.5846259Z hint:
2026-10-09T10:04:06.5846908Z hint: 	git branch -m <name>
2026-10-09T10:04:06.5848013Z hint:
2026-10-09T10:04:06.5849061Z hint: Disable this message with "git config set advice.defaultBranchName false"
2026-10-09T10:04:06.5851034Z Initialized empty Git repository in /home/runner/work/partybox-gpt-drops/partybox-gpt-drops/.git/
2026-10-09T10:04:06.5854277Z [command]/usr/bin/git remote add origin https://github.com/luisitin/partybox-gpt-drops
2026-10-09T10:04:06.5909617Z ##[endgroup]
2026-10-09T10:04:06.5910883Z ##[group]Disabling automatic garbage collection
2026-10-09T10:04:06.5914393Z [command]/usr/bin/git config --local gc.auto 0
2026-10-09T10:04:06.5952199Z ##[endgroup]
2026-10-09T10:04:06.5953805Z ##[group]Setting up auth
2026-10-09T10:04:06.5962279Z [command]/usr/bin/git config --local --name-only --get-regexp core\.sshCommand
2026-10-09T10:04:06.6015323Z [command]/usr/bin/git submodule foreach --recursive sh -c "git config --local --name-only --get-regexp 'core\.sshCommand' && git config --local --unset-all 'core.sshCommand' || :"
2026-10-09T10:04:06.6455092Z [command]/usr/bin/git config --local --name-only --get-regexp http\.https\:\/\/github\.com\/\.extraheader
2026-10-09T10:04:06.6498818Z [command]/usr/bin/git submodule foreach --recursive sh -c "git config --local --name-only --get-regexp 'http\.https\:\/\/github\.com\/\.extraheader' && git config --local --unset-all 'http.https://github.com/.extraheader' || :"
2026-10-09T10:04:06.6737832Z [command]/usr/bin/git config --local --name-only --get-regexp ^includeIf\.gitdir:
2026-10-09T10:04:06.6778602Z [command]/usr/bin/git submodule foreach --recursive git config --local --show-origin --name-only --get-regexp remote.origin.url
2026-10-09T10:04:06.7031382Z [command]/usr/bin/git config --local http.https://github.com/.extraheader AUTHORIZATION: basic ***
2026-10-09T10:04:06.7076354Z ##[endgroup]
2026-10-09T10:04:06.7078208Z ##[group]Fetching the repository
2026-10-09T10:04:06.7089172Z [command]/usr/bin/git -c protocol.version=2 fetch --no-tags --prune --no-recurse-submodules --depth=1 origin +4a2fac4dd575fa46baccccd28fdd5c20945e66ae:refs/remotes/pull/18/merge
2026-10-09T10:04:07.1866556Z From https://github.com/luisitin/partybox-gpt-drops
2026-10-09T10:04:07.1868144Z  * [new ref]         4a2fac4dd575fa46baccccd28fdd5c20945e66ae -> pull/18/merge
2026-10-09T10:04:07.1871494Z ##[endgroup]
2026-10-09T10:04:07.1872630Z ##[group]Determining the checkout info
2026-10-09T10:04:07.1874070Z ##[endgroup]
2026-10-09T10:04:07.1879666Z [command]/usr/bin/git sparse-checkout disable
2026-10-09T10:04:07.1946415Z [command]/usr/bin/git config --local --unset-all extensions.worktreeConfig
2026-10-09T10:04:07.1984706Z ##[group]Checking out the ref
2026-10-09T10:04:07.1989806Z [command]/usr/bin/git checkout --progress --force refs/remotes/pull/18/merge
2026-10-09T10:04:07.2148673Z Note: switching to 'refs/remotes/pull/18/merge'.
2026-10-09T10:04:07.2149429Z 
2026-10-09T10:04:07.2149960Z You are in 'detached HEAD' state. You can look around, make experimental
2026-10-09T10:04:07.2151226Z changes and commit them, and you can discard any commits you make in this
2026-10-09T10:04:07.2152465Z state without impacting any branches by switching back to a branch.
2026-10-09T10:04:07.2153182Z 
2026-10-09T10:04:07.2153673Z If you want to create a new branch to retain commits you create, you may
2026-10-09T10:04:07.2155401Z do so (now or later) by using -c with the switch command. Example:
2026-10-09T10:04:07.2156968Z 
2026-10-09T10:04:07.2157663Z   git switch -c <new-branch-name>
2026-10-09T10:04:07.2158378Z 
2026-10-09T10:04:07.2158790Z Or undo this operation with:
2026-10-09T10:04:07.2159306Z 
2026-10-09T10:04:07.2159651Z   git switch -
2026-10-09T10:04:07.2160114Z 
2026-10-09T10:04:07.2160838Z Turn off this advice by setting config variable advice.detachedHead to false
2026-10-09T10:04:07.2162229Z 
2026-10-09T10:04:07.2163717Z HEAD is now at 4a2fac4 Merge d9b687d6a9e7c73df542395a5631323eef4ce78a into 70ccb4f6e0b9080863070b9d60466e5d7ca68166
2026-10-09T10:04:07.2168047Z ##[endgroup]
2026-10-09T10:04:07.2212796Z [command]/usr/bin/git log -1 --format=%H
2026-10-09T10:04:07.2338571Z 4a2fac4dd575fa46baccccd28fdd5c20945e66ae
2026-10-09T10:04:07.2593629Z ##[group]Run actions/setup-python@v5
2026-10-09T10:04:07.2594394Z with:
2026-10-09T10:04:07.2594970Z   python-version: 3.12
2026-10-09T10:04:07.2595588Z   check-latest: false
2026-10-09T10:04:07.2600044Z   token: ***
2026-10-09T10:04:07.2600677Z   update-environment: true
2026-10-09T10:04:07.2601310Z   allow-prereleases: false
2026-10-09T10:04:07.2601934Z   freethreaded: false
2026-10-09T10:04:07.2602508Z ##[endgroup]
2026-10-09T10:04:07.4105978Z ##[group]Installed versions
2026-10-09T10:04:07.4214406Z (node:2274) [DEP0040] DeprecationWarning: The `punycode` module is deprecated. Please use a userland alternative instead.
2026-10-09T10:04:07.4216567Z (Use `node --trace-deprecation ...` to show where the warning was created)
2026-10-09T10:04:07.4218053Z Successfully set up CPython (3.12.15)
2026-10-09T10:04:07.4219962Z ##[endgroup]
2026-10-09T10:04:07.4454917Z ##[group]Run python -m pip install -r requirements.txt
2026-10-09T10:04:07.4455877Z [36;1mpython -m pip install -r requirements.txt[0m
2026-10-09T10:04:07.4819745Z shell: /usr/bin/bash -e {0}
2026-10-09T10:04:07.4820532Z env:
2026-10-09T10:04:07.4821260Z   pythonLocation: /opt/hostedtoolcache/Python/3.12.15/x64
2026-10-09T10:04:07.4822356Z   PKG_CONFIG_PATH: /opt/hostedtoolcache/Python/3.12.15/x64/lib/pkgconfig
2026-10-09T10:04:07.4823369Z   Python_ROOT_DIR: /opt/hostedtoolcache/Python/3.12.15/x64
2026-10-09T10:04:07.4824253Z   Python2_ROOT_DIR: /opt/hostedtoolcache/Python/3.12.15/x64
2026-10-09T10:04:07.4825139Z   Python3_ROOT_DIR: /opt/hostedtoolcache/Python/3.12.15/x64
2026-10-09T10:04:07.4826036Z   LD_LIBRARY_PATH: /opt/hostedtoolcache/Python/3.12.15/x64/lib
2026-10-09T10:04:07.4826813Z ##[endgroup]
2026-10-09T10:04:08.4849196Z Collecting jsonschema==4.26.0 (from -r requirements.txt (line 1))
2026-10-09T10:04:08.5638183Z   Downloading jsonschema-4.26.0-py3-none-any.whl.metadata (7.6 kB)
2026-10-09T10:04:08.5909359Z Collecting attrs>=22.2.0 (from jsonschema==4.26.0->-r requirements.txt (line 1))
2026-10-09T10:04:08.6044488Z   Downloading attrs-26.1.0-py3-none-any.whl.metadata (8.8 kB)
2026-10-09T10:04:08.6310430Z Collecting jsonschema-specifications>=2023.03.6 (from jsonschema==4.26.0->-r requirements.txt (line 1))
2026-10-09T10:04:08.6452668Z   Downloading jsonschema_specifications-2025.9.1-py3-none-any.whl.metadata (2.9 kB)
2026-10-09T10:04:08.6787751Z Collecting referencing>=0.28.4 (from jsonschema==4.26.0->-r requirements.txt (line 1))
2026-10-09T10:04:08.6925576Z   Downloading referencing-0.37.0-py3-none-any.whl.metadata (2.8 kB)
2026-10-09T10:04:09.0285992Z Collecting rpds-py>=0.25.0 (from jsonschema==4.26.0->-r requirements.txt (line 1))
2026-10-09T10:04:09.0425290Z   Downloading rpds_py-2026.9.1-cp312-cp312-manylinux_2_17_x86_64.manylinux2014_x86_64.whl.metadata (4.1 kB)
2026-10-09T10:04:09.0740062Z Collecting typing-extensions>=4.4.0 (from referencing>=0.28.4->jsonschema==4.26.0->-r requirements.txt (line 1))
2026-10-09T10:04:09.0895618Z   Downloading typing_extensions-4.16.0-py3-none-any.whl.metadata (3.3 kB)
2026-10-09T10:04:09.1098036Z Downloading jsonschema-4.26.0-py3-none-any.whl (90 kB)
2026-10-09T10:04:09.1439263Z Downloading attrs-26.1.0-py3-none-any.whl (67 kB)
2026-10-09T10:04:09.1616034Z Downloading jsonschema_specifications-2025.9.1-py3-none-any.whl (18 kB)
2026-10-09T10:04:09.1776257Z Downloading referencing-0.37.0-py3-none-any.whl (26 kB)
2026-10-09T10:04:09.1935169Z Downloading rpds_py-2026.9.1-cp312-cp312-manylinux_2_17_x86_64.manylinux2014_x86_64.whl (371 kB)
2026-10-09T10:04:09.2412847Z Downloading typing_extensions-4.16.0-py3-none-any.whl (45 kB)
2026-10-09T10:04:09.3018165Z Installing collected packages: typing-extensions, rpds-py, attrs, referencing, jsonschema-specifications, jsonschema
2026-10-09T10:04:09.5005960Z 
2026-10-09T10:04:09.5020547Z Successfully installed attrs-26.1.0 jsonschema-4.26.0 jsonschema-specifications-2025.9.1 referencing-0.37.0 rpds-py-2026.9.1 typing-extensions-4.16.0
2026-10-09T10:04:09.5713676Z ##[group]Run python verify.py --structural --checksums
2026-10-09T10:04:09.5714137Z [36;1mpython verify.py --structural --checksums[0m
2026-10-09T10:04:09.5781025Z shell: /usr/bin/bash -e {0}
2026-10-09T10:04:09.5781321Z env:
2026-10-09T10:04:09.5781612Z   pythonLocation: /opt/hostedtoolcache/Python/3.12.15/x64
2026-10-09T10:04:09.5782102Z   PKG_CONFIG_PATH: /opt/hostedtoolcache/Python/3.12.15/x64/lib/pkgconfig
2026-10-09T10:04:09.5782607Z   Python_ROOT_DIR: /opt/hostedtoolcache/Python/3.12.15/x64
2026-10-09T10:04:09.5783015Z   Python2_ROOT_DIR: /opt/hostedtoolcache/Python/3.12.15/x64
2026-10-09T10:04:09.5783422Z   Python3_ROOT_DIR: /opt/hostedtoolcache/Python/3.12.15/x64
2026-10-09T10:04:09.5783835Z   LD_LIBRARY_PATH: /opt/hostedtoolcache/Python/3.12.15/x64/lib
2026-10-09T10:04:09.5784178Z ##[endgroup]
2026-10-09T10:04:10.4759051Z PASS CLOSED_JSON_SCHEMAS: 60/60
2026-10-09T10:04:10.4759699Z PASS UNIQUE_ID_COLLECTIONS: 31/31
2026-10-09T10:04:10.4760310Z PASS SEVEN_BOARD_TWO_PUBLISHER_ROSTER: 7/7
2026-10-09T10:04:10.4761058Z PASS EVERY_RECORDED_FACT_HAS_SOURCE: 518/518
2026-10-09T10:04:10.4761525Z PASS FACT_QUOTATION_REFERENCES: 710/710
2026-10-09T10:04:10.4762025Z PASS SHORT_QUOTE_BUDGETS_AND_LINEAGES: 29/29
2026-10-09T10:04:10.4762508Z PASS EVERY_SOURCE_REOPENED_A_B: 54/54
2026-10-09T10:04:10.4763011Z PASS QUOTATIONS_RECOVERED_BOTH_PASSES: 792/792
2026-10-09T10:04:10.4763555Z PASS SOURCE_CAPTURE_REPORT_REFERENCES: 54/54
2026-10-09T10:04:10.4764059Z PASS SPACE_PROFILE_SUMS_AND_CONFLICT_DISCLOSURE: 16/16
2026-10-09T10:04:10.4764556Z PASS INDIVIDUAL_TYPE_COUNT_ROWS: 176/176
2026-10-09T10:04:10.4764995Z PASS SHOP_INVENTORY_ITEM_ROWS: 215/215
2026-10-09T10:04:10.4765457Z PASS FRESH_SOURCE_CELL_COMPARISONS_A_B: 782/782
2026-10-09T10:04:10.4765982Z PASS EVENT_TRIGGER_EFFECT_SOURCE_OR_EXPLICIT_GAP: 38/38
2026-10-09T10:04:10.4766472Z PASS SHARED_RULE_REFERENCES: 126/126
2026-10-09T10:04:10.4766872Z PASS CITED_REGIONAL_MAP_LINKS: 11/11
2026-10-09T10:04:10.4767695Z PASS MAP_IMAGE_REOPEN_AND_VISUAL_REVIEW_A_B: 20/20
2026-10-09T10:04:10.4768203Z PASS ALL_RETAINED_ROWS_PASS_A: 593/593
2026-10-09T10:04:10.4768632Z PASS ALL_RETAINED_ROWS_PASS_B: 593/593
2026-10-09T10:04:10.4769069Z PASS REVIEWED_ROW_CONTENT_FINGERPRINTS: 593/593
2026-10-09T10:04:10.4769558Z PASS BOARD_DOCUMENT_REQUIRED_SECTIONS: 7/7
2026-10-09T10:04:10.4770000Z PASS BOARD_DOC_TABLES_MATCH_JSON: 51/51
2026-10-09T10:04:10.4770456Z PASS ALL_FACTUAL_CONFLICTS_PRESERVED: 18/18
2026-10-09T10:04:10.4770920Z PASS DELIBERATE_REJECTION_FIXTURES: 14/14
2026-10-09T10:04:10.4771364Z PASS FILE_SIZE_LIMIT: 93/93
2026-10-09T10:04:10.4771715Z PASS SHA256_MANIFEST: 92/92
2026-10-09T10:04:10.4772246Z STRUCTURAL_RESULT=PASS; suites=26; cases=5693; seed=N/A (deterministic)
2026-10-09T10:04:10.5019779Z ##[group]Run set +e
2026-10-09T10:04:10.5020080Z [36;1mset +e[0m
2026-10-09T10:04:10.5020303Z [36;1mpython verify.py --strict[0m
2026-10-09T10:04:10.5020594Z [36;1mresult=$?[0m
2026-10-09T10:04:10.5020801Z [36;1mset -e[0m
2026-10-09T10:04:10.5021010Z [36;1mtest "$result" -eq 1[0m
2026-10-09T10:04:10.5087746Z shell: /usr/bin/bash --noprofile --norc -e -o pipefail {0}
2026-10-09T10:04:10.5088136Z env:
2026-10-09T10:04:10.5088435Z   pythonLocation: /opt/hostedtoolcache/Python/3.12.15/x64
2026-10-09T10:04:10.5088931Z   PKG_CONFIG_PATH: /opt/hostedtoolcache/Python/3.12.15/x64/lib/pkgconfig
2026-10-09T10:04:10.5089431Z   Python_ROOT_DIR: /opt/hostedtoolcache/Python/3.12.15/x64
2026-10-09T10:04:10.5090101Z   Python2_ROOT_DIR: /opt/hostedtoolcache/Python/3.12.15/x64
2026-10-09T10:04:10.5090539Z   Python3_ROOT_DIR: /opt/hostedtoolcache/Python/3.12.15/x64
2026-10-09T10:04:10.5090971Z   LD_LIBRARY_PATH: /opt/hostedtoolcache/Python/3.12.15/x64/lib
2026-10-09T10:04:10.5091379Z ##[endgroup]
2026-10-09T10:04:11.3705812Z PASS CLOSED_JSON_SCHEMAS: 60/60
2026-10-09T10:04:11.3706488Z PASS UNIQUE_ID_COLLECTIONS: 31/31
2026-10-09T10:04:11.3706952Z PASS SEVEN_BOARD_TWO_PUBLISHER_ROSTER: 7/7
2026-10-09T10:04:11.3707867Z PASS EVERY_RECORDED_FACT_HAS_SOURCE: 518/518
2026-10-09T10:04:11.3708345Z PASS FACT_QUOTATION_REFERENCES: 710/710
2026-10-09T10:04:11.3708795Z PASS SHORT_QUOTE_BUDGETS_AND_LINEAGES: 29/29
2026-10-09T10:04:11.3709240Z PASS EVERY_SOURCE_REOPENED_A_B: 54/54
2026-10-09T10:04:11.3709709Z PASS QUOTATIONS_RECOVERED_BOTH_PASSES: 792/792
2026-10-09T10:04:11.3710199Z PASS SOURCE_CAPTURE_REPORT_REFERENCES: 54/54
2026-10-09T10:04:11.3710707Z PASS SPACE_PROFILE_SUMS_AND_CONFLICT_DISCLOSURE: 16/16
2026-10-09T10:04:11.3711240Z PASS INDIVIDUAL_TYPE_COUNT_ROWS: 176/176
2026-10-09T10:04:11.3711668Z PASS SHOP_INVENTORY_ITEM_ROWS: 215/215
2026-10-09T10:04:11.3712113Z PASS FRESH_SOURCE_CELL_COMPARISONS_A_B: 782/782
2026-10-09T10:04:11.3712647Z PASS EVENT_TRIGGER_EFFECT_SOURCE_OR_EXPLICIT_GAP: 38/38
2026-10-09T10:04:11.3713160Z PASS SHARED_RULE_REFERENCES: 126/126
2026-10-09T10:04:11.3713560Z PASS CITED_REGIONAL_MAP_LINKS: 11/11
2026-10-09T10:04:11.3714000Z PASS MAP_IMAGE_REOPEN_AND_VISUAL_REVIEW_A_B: 20/20
2026-10-09T10:04:11.3714471Z PASS ALL_RETAINED_ROWS_PASS_A: 593/593
2026-10-09T10:04:11.3714913Z PASS ALL_RETAINED_ROWS_PASS_B: 593/593
2026-10-09T10:04:11.3715307Z PASS REVIEWED_ROW_CONTENT_FINGERPRINTS: 593/593
2026-10-09T10:04:11.3715716Z PASS BOARD_DOCUMENT_REQUIRED_SECTIONS: 7/7
2026-10-09T10:04:11.3716099Z PASS BOARD_DOC_TABLES_MATCH_JSON: 51/51
2026-10-09T10:04:11.3716482Z PASS ALL_FACTUAL_CONFLICTS_PRESERVED: 18/18
2026-10-09T10:04:11.3716884Z PASS DELIBERATE_REJECTION_FIXTURES: 14/14
2026-10-09T10:04:11.3717263Z PASS FILE_SIZE_LIMIT: 93/93
2026-10-09T10:04:11.3717895Z STRUCTURAL_RESULT=PASS; suites=25; cases=5601; seed=N/A (deterministic)
2026-10-09T10:04:11.3718421Z FULL_FACTS_TWO_SOURCE=91/518; FAIL
2026-10-09T10:04:11.3719007Z CURRENT_EVENT_TRIGGER_EFFECT=37/38; FAIL
2026-10-09T10:04:11.3719752Z EXACT_NUMBERED_MAPS=0/7; descriptive UNVERIFIED provenance; cited regional maps supplied
2026-10-09T10:04:11.3720666Z NINTENDO_GAMEPLAY_EXECUTED=NO
2026-10-09T10:04:11.3721197Z STRICT_RESEARCH_RESULT=NOT_MET; exit=1
2026-10-09T10:04:11.3973106Z Post job cleanup.
2026-10-09T10:04:11.5231526Z (node:2314) [DEP0040] DeprecationWarning: The `punycode` module is deprecated. Please use a userland alternative instead.
2026-10-09T10:04:11.5232487Z (Use `node --trace-deprecation ...` to show where the warning was created)
2026-10-09T10:04:11.5453425Z Post job cleanup.
2026-10-09T10:04:11.6438127Z [command]/usr/bin/git version
2026-10-09T10:04:11.6466449Z git version 2.55.0
2026-10-09T10:04:11.6508953Z Temporarily overriding HOME='/home/runner/work/_temp/8bf0ea9b-9a10-435d-8589-9390f268edf6' before making global git config changes
2026-10-09T10:04:11.6510374Z Adding repository directory to the temporary git global config as a safe directory
2026-10-09T10:04:11.6514618Z [command]/usr/bin/git config --global --add safe.directory /home/runner/work/partybox-gpt-drops/partybox-gpt-drops
2026-10-09T10:04:11.6561006Z [command]/usr/bin/git config --local --name-only --get-regexp core\.sshCommand
2026-10-09T10:04:11.6631364Z [command]/usr/bin/git submodule foreach --recursive sh -c "git config --local --name-only --get-regexp 'core\.sshCommand' && git config --local --unset-all 'core.sshCommand' || :"
2026-10-09T10:04:11.6909759Z [command]/usr/bin/git config --local --name-only --get-regexp http\.https\:\/\/github\.com\/\.extraheader
2026-10-09T10:04:11.6953493Z http.https://github.com/.extraheader
2026-10-09T10:04:11.6971210Z [command]/usr/bin/git config --local --unset-all http.https://github.com/.extraheader
2026-10-09T10:04:11.7036660Z [command]/usr/bin/git submodule foreach --recursive sh -c "git config --local --name-only --get-regexp 'http\.https\:\/\/github\.com\/\.extraheader' && git config --local --unset-all 'http.https://github.com/.extraheader' || :"
2026-10-09T10:04:11.7418567Z [command]/usr/bin/git config --local --name-only --get-regexp ^includeIf\.gitdir:
2026-10-09T10:04:11.7461840Z [command]/usr/bin/git submodule foreach --recursive git config --local --show-origin --name-only --get-regexp remote.origin.url
2026-10-09T10:04:11.7888339Z Cleaning up orphan processes
2026-10-09T10:04:11.8173732Z ##[warning]Node.js 20 is deprecated. The following actions target Node.js 20 but are being forced to run on Node.js 24: actions/checkout@v4, actions/setup-python@v5. For more information see: https://github.blog/changelog/2025-09-19-deprecation-of-node-20-on-github-actions-runners/
