2026-10-09T11:21:56.3211773Z Current runner version: '2.337.0'
2026-10-09T11:21:56.3236080Z ##[group]Runner Image Provisioner
2026-10-09T11:21:56.3237008Z Hosted Compute Agent
2026-10-09T11:21:56.3237665Z Version: 20261002.596
2026-10-09T11:21:56.3238735Z Commit: c3d12f3313a95f25162a1503be624f3b0617f8c0
2026-10-09T11:21:56.3239663Z Build Date: 2026-10-02T22:28:27Z
2026-10-09T11:21:56.3240401Z Worker ID: {d6e0fed0-e29c-4e3c-b4b0-f55ad504513e}
2026-10-09T11:21:56.3241164Z Region: eastus
2026-10-09T11:21:56.3241797Z Cloud: Azure
2026-10-09T11:21:56.3242377Z ##[endgroup]
2026-10-09T11:21:56.3244179Z ##[group]Operating System
2026-10-09T11:21:56.3244929Z Ubuntu
2026-10-09T11:21:56.3245550Z 24.04.5
2026-10-09T11:21:56.3246116Z LTS
2026-10-09T11:21:56.3246659Z ##[endgroup]
2026-10-09T11:21:56.3247323Z ##[group]Runner Image
2026-10-09T11:21:56.3247975Z Image: ubuntu-24.04
2026-10-09T11:21:56.3248782Z Version: 20261004.327.1
2026-10-09T11:21:56.3250151Z Included Software: https://github.com/actions/runner-images/blob/ubuntu24/20261004.327/images/ubuntu/Ubuntu2404-Readme.md
2026-10-09T11:21:56.3252180Z Image Release: https://github.com/actions/runner-images/releases/tag/ubuntu24%2F20261004.327
2026-10-09T11:21:56.3253226Z ##[endgroup]
2026-10-09T11:21:56.3254884Z ##[group]GITHUB_TOKEN Permissions
2026-10-09T11:21:56.3257049Z Contents: read
2026-10-09T11:21:56.3257841Z Metadata: read
2026-10-09T11:21:56.3258678Z ##[endgroup]
2026-10-09T11:21:56.3261037Z Secret source: Actions
2026-10-09T11:21:56.3262108Z Cache mode: write
2026-10-09T11:21:56.3262826Z Prepare workflow directory
2026-10-09T11:21:56.3587373Z Prepare all required actions
2026-10-09T11:21:56.3634810Z Getting action download info
2026-10-09T11:21:56.5871680Z Download action repository 'actions/checkout@v4' (SHA:11d5960a326750d5838078e36cf38b85af677262)
2026-10-09T11:21:56.6739537Z Download action repository 'actions/setup-python@v5' (SHA:a26af69be951a213d495a4c3e4e4022e16d87065)
2026-10-09T11:21:56.8505515Z Complete job name: verify
2026-10-09T11:21:56.9284561Z ##[group]Run actions/checkout@v4
2026-10-09T11:21:56.9285499Z with:
2026-10-09T11:21:56.9286009Z   repository: luisitin/partybox-gpt-drops
2026-10-09T11:21:56.9290259Z   token: ***
2026-10-09T11:21:56.9290750Z   ssh-strict: true
2026-10-09T11:21:56.9291230Z   ssh-user: git
2026-10-09T11:21:56.9291723Z   persist-credentials: true
2026-10-09T11:21:56.9292254Z   clean: true
2026-10-09T11:21:56.9292734Z   sparse-checkout-cone-mode: true
2026-10-09T11:21:56.9293285Z   fetch-depth: 1
2026-10-09T11:21:56.9293751Z   fetch-tags: false
2026-10-09T11:21:56.9294237Z   show-progress: true
2026-10-09T11:21:56.9294720Z   lfs: false
2026-10-09T11:21:56.9295171Z   submodules: false
2026-10-09T11:21:56.9295659Z   set-safe-directory: true
2026-10-09T11:21:56.9296203Z   allow-unsafe-pr-checkout: false
2026-10-09T11:21:56.9297096Z ##[endgroup]
2026-10-09T11:21:57.0277863Z Syncing repository: luisitin/partybox-gpt-drops
2026-10-09T11:21:57.0280762Z ##[group]Getting Git version info
2026-10-09T11:21:57.0282169Z Working directory is '/home/runner/work/partybox-gpt-drops/partybox-gpt-drops'
2026-10-09T11:21:57.0284031Z [command]/usr/bin/git version
2026-10-09T11:21:57.0338790Z git version 2.55.0
2026-10-09T11:21:57.0361155Z ##[endgroup]
2026-10-09T11:21:57.0376080Z Temporarily overriding HOME='/home/runner/work/_temp/57eba2f6-3203-4755-a8c7-e56608c3630d' before making global git config changes
2026-10-09T11:21:57.0378605Z Adding repository directory to the temporary git global config as a safe directory
2026-10-09T11:21:57.0381266Z [command]/usr/bin/git config --global --add safe.directory /home/runner/work/partybox-gpt-drops/partybox-gpt-drops
2026-10-09T11:21:57.0434436Z Deleting the contents of '/home/runner/work/partybox-gpt-drops/partybox-gpt-drops'
2026-10-09T11:21:57.0443409Z ##[group]Initializing the repository
2026-10-09T11:21:57.0452837Z [command]/usr/bin/git init /home/runner/work/partybox-gpt-drops/partybox-gpt-drops
2026-10-09T11:21:57.0554229Z hint: Using 'master' as the name for the initial branch. This default branch name
2026-10-09T11:21:57.0556126Z hint: will change to "main" in Git 3.0. To configure the initial branch name
2026-10-09T11:21:57.0558572Z hint: to use in all of your new repositories, which will suppress this warning,
2026-10-09T11:21:57.0560391Z hint: call:
2026-10-09T11:21:57.0561215Z hint:
2026-10-09T11:21:57.0562311Z hint: 	git config --global init.defaultBranch <name>
2026-10-09T11:21:57.0563520Z hint:
2026-10-09T11:21:57.0564605Z hint: Names commonly chosen instead of 'master' are 'main', 'trunk' and
2026-10-09T11:21:57.0566334Z hint: 'development'. The just-created branch can be renamed via this command:
2026-10-09T11:21:57.0568931Z hint:
2026-10-09T11:21:57.0569833Z hint: 	git branch -m <name>
2026-10-09T11:21:57.0570835Z hint:
2026-10-09T11:21:57.0572097Z hint: Disable this message with "git config set advice.defaultBranchName false"
2026-10-09T11:21:57.0573836Z Initialized empty Git repository in /home/runner/work/partybox-gpt-drops/partybox-gpt-drops/.git/
2026-10-09T11:21:57.0577670Z [command]/usr/bin/git remote add origin https://github.com/luisitin/partybox-gpt-drops
2026-10-09T11:21:57.0618584Z ##[endgroup]
2026-10-09T11:21:57.0620140Z ##[group]Disabling automatic garbage collection
2026-10-09T11:21:57.0625291Z [command]/usr/bin/git config --local gc.auto 0
2026-10-09T11:21:57.0660345Z ##[endgroup]
2026-10-09T11:21:57.0661732Z ##[group]Setting up auth
2026-10-09T11:21:57.0670503Z [command]/usr/bin/git config --local --name-only --get-regexp core\.sshCommand
2026-10-09T11:21:57.0711286Z [command]/usr/bin/git submodule foreach --recursive sh -c "git config --local --name-only --get-regexp 'core\.sshCommand' && git config --local --unset-all 'core.sshCommand' || :"
2026-10-09T11:21:57.1085650Z [command]/usr/bin/git config --local --name-only --get-regexp http\.https\:\/\/github\.com\/\.extraheader
2026-10-09T11:21:57.1125973Z [command]/usr/bin/git submodule foreach --recursive sh -c "git config --local --name-only --get-regexp 'http\.https\:\/\/github\.com\/\.extraheader' && git config --local --unset-all 'http.https://github.com/.extraheader' || :"
2026-10-09T11:21:57.1355201Z [command]/usr/bin/git config --local --name-only --get-regexp ^includeIf\.gitdir:
2026-10-09T11:21:57.1392477Z [command]/usr/bin/git submodule foreach --recursive git config --local --show-origin --name-only --get-regexp remote.origin.url
2026-10-09T11:21:57.1613575Z [command]/usr/bin/git config --local http.https://github.com/.extraheader AUTHORIZATION: basic ***
2026-10-09T11:21:57.1653707Z ##[endgroup]
2026-10-09T11:21:57.1654677Z ##[group]Fetching the repository
2026-10-09T11:21:57.1671395Z [command]/usr/bin/git -c protocol.version=2 fetch --no-tags --prune --no-recurse-submodules --depth=1 origin +4622e0f4d1386ff9b1e62873ba36116ec264a824:refs/remotes/pull/18/merge
2026-10-09T11:21:57.4636164Z From https://github.com/luisitin/partybox-gpt-drops
2026-10-09T11:21:57.4637444Z  * [new ref]         4622e0f4d1386ff9b1e62873ba36116ec264a824 -> pull/18/merge
2026-10-09T11:21:57.4641627Z ##[endgroup]
2026-10-09T11:21:57.4643475Z ##[group]Determining the checkout info
2026-10-09T11:21:57.4645365Z ##[endgroup]
2026-10-09T11:21:57.4650124Z [command]/usr/bin/git sparse-checkout disable
2026-10-09T11:21:57.4704153Z [command]/usr/bin/git config --local --unset-all extensions.worktreeConfig
2026-10-09T11:21:57.4736533Z ##[group]Checking out the ref
2026-10-09T11:21:57.4740174Z [command]/usr/bin/git checkout --progress --force refs/remotes/pull/18/merge
2026-10-09T11:21:57.4890359Z Note: switching to 'refs/remotes/pull/18/merge'.
2026-10-09T11:21:57.4891509Z 
2026-10-09T11:21:57.4892526Z You are in 'detached HEAD' state. You can look around, make experimental
2026-10-09T11:21:57.4894728Z changes and commit them, and you can discard any commits you make in this
2026-10-09T11:21:57.4896796Z state without impacting any branches by switching back to a branch.
2026-10-09T11:21:57.4898004Z 
2026-10-09T11:21:57.4899047Z If you want to create a new branch to retain commits you create, you may
2026-10-09T11:21:57.4900691Z do so (now or later) by using -c with the switch command. Example:
2026-10-09T11:21:57.4901503Z 
2026-10-09T11:21:57.4901783Z   git switch -c <new-branch-name>
2026-10-09T11:21:57.4902189Z 
2026-10-09T11:21:57.4902451Z Or undo this operation with:
2026-10-09T11:21:57.4902833Z 
2026-10-09T11:21:57.4903058Z   git switch -
2026-10-09T11:21:57.4903396Z 
2026-10-09T11:21:57.4906040Z Turn off this advice by setting config variable advice.detachedHead to false
2026-10-09T11:21:57.4907112Z 
2026-10-09T11:21:57.4907845Z HEAD is now at 4622e0f Merge 8ae2a2cb0a23cd688dffdeb798bb31e5c9aa1116 into 5469f851728291fba188a72462959955c0eda95b
2026-10-09T11:21:57.4910345Z ##[endgroup]
2026-10-09T11:21:57.4944655Z [command]/usr/bin/git log -1 --format=%H
2026-10-09T11:21:57.4972695Z 4622e0f4d1386ff9b1e62873ba36116ec264a824
2026-10-09T11:21:57.5279022Z ##[group]Run actions/setup-python@v5
2026-10-09T11:21:57.5279761Z with:
2026-10-09T11:21:57.5280275Z   python-version: 3.12
2026-10-09T11:21:57.5280842Z   check-latest: false
2026-10-09T11:21:57.5284632Z   token: ***
2026-10-09T11:21:57.5285163Z   update-environment: true
2026-10-09T11:21:57.5285751Z   allow-prereleases: false
2026-10-09T11:21:57.5286332Z   freethreaded: false
2026-10-09T11:21:57.5354376Z ##[endgroup]
2026-10-09T11:21:57.6710106Z ##[group]Installed versions
2026-10-09T11:21:57.6796969Z (node:2305) [DEP0040] DeprecationWarning: The `punycode` module is deprecated. Please use a userland alternative instead.
2026-10-09T11:21:57.6799868Z (Use `node --trace-deprecation ...` to show where the warning was created)
2026-10-09T11:21:57.6801413Z Successfully set up CPython (3.12.15)
2026-10-09T11:21:57.6803059Z ##[endgroup]
2026-10-09T11:21:57.7000052Z ##[group]Run python -m pip install -r requirements.txt
2026-10-09T11:21:57.7001028Z [36;1mpython -m pip install -r requirements.txt[0m
2026-10-09T11:21:57.7290499Z shell: /usr/bin/bash -e {0}
2026-10-09T11:21:57.7291222Z env:
2026-10-09T11:21:57.7291864Z   pythonLocation: /opt/hostedtoolcache/Python/3.12.15/x64
2026-10-09T11:21:57.7292859Z   PKG_CONFIG_PATH: /opt/hostedtoolcache/Python/3.12.15/x64/lib/pkgconfig
2026-10-09T11:21:57.7293842Z   Python_ROOT_DIR: /opt/hostedtoolcache/Python/3.12.15/x64
2026-10-09T11:21:57.7294726Z   Python2_ROOT_DIR: /opt/hostedtoolcache/Python/3.12.15/x64
2026-10-09T11:21:57.7295601Z   Python3_ROOT_DIR: /opt/hostedtoolcache/Python/3.12.15/x64
2026-10-09T11:21:57.7296493Z   LD_LIBRARY_PATH: /opt/hostedtoolcache/Python/3.12.15/x64/lib
2026-10-09T11:21:57.7297228Z ##[endgroup]
2026-10-09T11:21:58.8892371Z Collecting jsonschema==4.26.0 (from -r requirements.txt (line 1))
2026-10-09T11:21:58.9366845Z   Downloading jsonschema-4.26.0-py3-none-any.whl.metadata (7.6 kB)
2026-10-09T11:21:58.9521129Z Collecting attrs>=22.2.0 (from jsonschema==4.26.0->-r requirements.txt (line 1))
2026-10-09T11:21:58.9552369Z   Downloading attrs-26.1.0-py3-none-any.whl.metadata (8.8 kB)
2026-10-09T11:21:58.9678374Z Collecting jsonschema-specifications>=2023.03.6 (from jsonschema==4.26.0->-r requirements.txt (line 1))
2026-10-09T11:21:58.9711477Z   Downloading jsonschema_specifications-2025.9.1-py3-none-any.whl.metadata (2.9 kB)
2026-10-09T11:21:58.9912686Z Collecting referencing>=0.28.4 (from jsonschema==4.26.0->-r requirements.txt (line 1))
2026-10-09T11:21:58.9944054Z   Downloading referencing-0.37.0-py3-none-any.whl.metadata (2.8 kB)
2026-10-09T11:21:59.2609047Z Collecting rpds-py>=0.25.0 (from jsonschema==4.26.0->-r requirements.txt (line 1))
2026-10-09T11:21:59.2645816Z   Downloading rpds_py-2026.9.1-cp312-cp312-manylinux_2_17_x86_64.manylinux2014_x86_64.whl.metadata (4.1 kB)
2026-10-09T11:21:59.2837460Z Collecting typing-extensions>=4.4.0 (from referencing>=0.28.4->jsonschema==4.26.0->-r requirements.txt (line 1))
2026-10-09T11:21:59.2870740Z   Downloading typing_extensions-4.16.0-py3-none-any.whl.metadata (3.3 kB)
2026-10-09T11:21:59.2941686Z Downloading jsonschema-4.26.0-py3-none-any.whl (90 kB)
2026-10-09T11:21:59.3042117Z Downloading attrs-26.1.0-py3-none-any.whl (67 kB)
2026-10-09T11:21:59.3101416Z Downloading jsonschema_specifications-2025.9.1-py3-none-any.whl (18 kB)
2026-10-09T11:21:59.3156005Z Downloading referencing-0.37.0-py3-none-any.whl (26 kB)
2026-10-09T11:21:59.3209112Z Downloading rpds_py-2026.9.1-cp312-cp312-manylinux_2_17_x86_64.manylinux2014_x86_64.whl (371 kB)
2026-10-09T11:21:59.3298737Z Downloading typing_extensions-4.16.0-py3-none-any.whl (45 kB)
2026-10-09T11:21:59.3814075Z Installing collected packages: typing-extensions, rpds-py, attrs, referencing, jsonschema-specifications, jsonschema
2026-10-09T11:21:59.5680389Z 
2026-10-09T11:21:59.5693709Z Successfully installed attrs-26.1.0 jsonschema-4.26.0 jsonschema-specifications-2025.9.1 referencing-0.37.0 rpds-py-2026.9.1 typing-extensions-4.16.0
2026-10-09T11:21:59.6195352Z ##[group]Run python verify.py --structural --checksums
2026-10-09T11:21:59.6195808Z [36;1mpython verify.py --structural --checksums[0m
2026-10-09T11:21:59.6261351Z shell: /usr/bin/bash -e {0}
2026-10-09T11:21:59.6261613Z env:
2026-10-09T11:21:59.6261885Z   pythonLocation: /opt/hostedtoolcache/Python/3.12.15/x64
2026-10-09T11:21:59.6262347Z   PKG_CONFIG_PATH: /opt/hostedtoolcache/Python/3.12.15/x64/lib/pkgconfig
2026-10-09T11:21:59.6262813Z   Python_ROOT_DIR: /opt/hostedtoolcache/Python/3.12.15/x64
2026-10-09T11:21:59.6263195Z   Python2_ROOT_DIR: /opt/hostedtoolcache/Python/3.12.15/x64
2026-10-09T11:21:59.6263613Z   Python3_ROOT_DIR: /opt/hostedtoolcache/Python/3.12.15/x64
2026-10-09T11:21:59.6264010Z   LD_LIBRARY_PATH: /opt/hostedtoolcache/Python/3.12.15/x64/lib
2026-10-09T11:21:59.6264357Z ##[endgroup]
2026-10-09T11:22:00.4942593Z PASS CLOSED_JSON_SCHEMAS: 62/62
2026-10-09T11:22:00.4943081Z PASS UNIQUE_ID_COLLECTIONS: 32/32
2026-10-09T11:22:00.4943606Z PASS SEVEN_BOARD_TWO_PUBLISHER_ROSTER: 7/7
2026-10-09T11:22:00.4944104Z PASS EVERY_RECORDED_FACT_HAS_SOURCE: 518/518
2026-10-09T11:22:00.4944584Z PASS FACT_QUOTATION_REFERENCES: 712/712
2026-10-09T11:22:00.4945044Z PASS SHORT_QUOTE_BUDGETS_AND_LINEAGES: 30/30
2026-10-09T11:22:00.4945503Z PASS EVERY_SOURCE_REOPENED_A_B: 56/56
2026-10-09T11:22:00.4946065Z PASS QUOTATIONS_RECOVERED_BOTH_PASSES: 794/794
2026-10-09T11:22:00.4946607Z PASS SOURCE_CAPTURE_REPORT_REFERENCES: 56/56
2026-10-09T11:22:00.4947107Z PASS SPACE_PROFILE_SUMS_AND_CONFLICT_DISCLOSURE: 16/16
2026-10-09T11:22:00.4947628Z PASS INDIVIDUAL_TYPE_COUNT_ROWS: 176/176
2026-10-09T11:22:00.4948060Z PASS SHOP_INVENTORY_ITEM_ROWS: 215/215
2026-10-09T11:22:00.4948753Z PASS FRESH_SOURCE_CELL_COMPARISONS_A_B: 782/782
2026-10-09T11:22:00.4949318Z PASS EVENT_TRIGGER_EFFECT_SOURCE_OR_EXPLICIT_GAP: 38/38
2026-10-09T11:22:00.4949848Z PASS SHARED_RULE_REFERENCES: 126/126
2026-10-09T11:22:00.4950272Z PASS CITED_REGIONAL_MAP_LINKS: 11/11
2026-10-09T11:22:00.4950801Z PASS MAP_IMAGE_REOPEN_AND_VISUAL_REVIEW_A_B: 20/20
2026-10-09T11:22:00.4951292Z PASS ALL_RETAINED_ROWS_PASS_A: 593/593
2026-10-09T11:22:00.4951711Z PASS ALL_RETAINED_ROWS_PASS_B: 593/593
2026-10-09T11:22:00.4952181Z PASS REVIEWED_ROW_CONTENT_FINGERPRINTS: 593/593
2026-10-09T11:22:00.4952668Z PASS BOARD_DOCUMENT_REQUIRED_SECTIONS: 7/7
2026-10-09T11:22:00.4953121Z PASS BOARD_DOC_TABLES_MATCH_JSON: 51/51
2026-10-09T11:22:00.4953579Z PASS ALL_FACTUAL_CONFLICTS_PRESERVED: 18/18
2026-10-09T11:22:00.4954051Z PASS DELIBERATE_REJECTION_FIXTURES: 14/14
2026-10-09T11:22:00.4954489Z PASS FILE_SIZE_LIMIT: 100/100
2026-10-09T11:22:00.4954876Z PASS SHA256_MANIFEST: 99/99
2026-10-09T11:22:00.4955419Z STRUCTURAL_RESULT=PASS; suites=26; cases=5719; seed=N/A (deterministic)
2026-10-09T11:22:00.5126504Z ##[group]Run set +e
2026-10-09T11:22:00.5126779Z [36;1mset +e[0m
2026-10-09T11:22:00.5127004Z [36;1mpython verify.py --strict[0m
2026-10-09T11:22:00.5127265Z [36;1mresult=$?[0m
2026-10-09T11:22:00.5127477Z [36;1mset -e[0m
2026-10-09T11:22:00.5127684Z [36;1mtest "$result" -eq 1[0m
2026-10-09T11:22:00.5192036Z shell: /usr/bin/bash --noprofile --norc -e -o pipefail {0}
2026-10-09T11:22:00.5192375Z env:
2026-10-09T11:22:00.5192634Z   pythonLocation: /opt/hostedtoolcache/Python/3.12.15/x64
2026-10-09T11:22:00.5193081Z   PKG_CONFIG_PATH: /opt/hostedtoolcache/Python/3.12.15/x64/lib/pkgconfig
2026-10-09T11:22:00.5193516Z   Python_ROOT_DIR: /opt/hostedtoolcache/Python/3.12.15/x64
2026-10-09T11:22:00.5194056Z   Python2_ROOT_DIR: /opt/hostedtoolcache/Python/3.12.15/x64
2026-10-09T11:22:00.5194466Z   Python3_ROOT_DIR: /opt/hostedtoolcache/Python/3.12.15/x64
2026-10-09T11:22:00.5194861Z   LD_LIBRARY_PATH: /opt/hostedtoolcache/Python/3.12.15/x64/lib
2026-10-09T11:22:00.5195208Z ##[endgroup]
2026-10-09T11:22:01.3814747Z PASS CLOSED_JSON_SCHEMAS: 62/62
2026-10-09T11:22:01.3815431Z PASS UNIQUE_ID_COLLECTIONS: 32/32
2026-10-09T11:22:01.3819630Z PASS SEVEN_BOARD_TWO_PUBLISHER_ROSTER: 7/7
2026-10-09T11:22:01.3820221Z PASS EVERY_RECORDED_FACT_HAS_SOURCE: 518/518
2026-10-09T11:22:01.3820822Z PASS FACT_QUOTATION_REFERENCES: 712/712
2026-10-09T11:22:01.3821347Z PASS SHORT_QUOTE_BUDGETS_AND_LINEAGES: 30/30
2026-10-09T11:22:01.3821830Z PASS EVERY_SOURCE_REOPENED_A_B: 56/56
2026-10-09T11:22:01.3822297Z PASS QUOTATIONS_RECOVERED_BOTH_PASSES: 794/794
2026-10-09T11:22:01.3822940Z PASS SOURCE_CAPTURE_REPORT_REFERENCES: 56/56
2026-10-09T11:22:01.3823469Z PASS SPACE_PROFILE_SUMS_AND_CONFLICT_DISCLOSURE: 16/16
2026-10-09T11:22:01.3825206Z PASS INDIVIDUAL_TYPE_COUNT_ROWS: 176/176
2026-10-09T11:22:01.3825668Z PASS SHOP_INVENTORY_ITEM_ROWS: 215/215
2026-10-09T11:22:01.3826137Z PASS FRESH_SOURCE_CELL_COMPARISONS_A_B: 782/782
2026-10-09T11:22:01.3826688Z PASS EVENT_TRIGGER_EFFECT_SOURCE_OR_EXPLICIT_GAP: 38/38
2026-10-09T11:22:01.3827215Z PASS SHARED_RULE_REFERENCES: 126/126
2026-10-09T11:22:01.3827626Z PASS CITED_REGIONAL_MAP_LINKS: 11/11
2026-10-09T11:22:01.3828079Z PASS MAP_IMAGE_REOPEN_AND_VISUAL_REVIEW_A_B: 20/20
2026-10-09T11:22:01.3828848Z PASS ALL_RETAINED_ROWS_PASS_A: 593/593
2026-10-09T11:22:01.3829287Z PASS ALL_RETAINED_ROWS_PASS_B: 593/593
2026-10-09T11:22:01.3829737Z PASS REVIEWED_ROW_CONTENT_FINGERPRINTS: 593/593
2026-10-09T11:22:01.3830212Z PASS BOARD_DOCUMENT_REQUIRED_SECTIONS: 7/7
2026-10-09T11:22:01.3830655Z PASS BOARD_DOC_TABLES_MATCH_JSON: 51/51
2026-10-09T11:22:01.3831104Z PASS ALL_FACTUAL_CONFLICTS_PRESERVED: 18/18
2026-10-09T11:22:01.3831584Z PASS DELIBERATE_REJECTION_FIXTURES: 14/14
2026-10-09T11:22:01.3832025Z PASS FILE_SIZE_LIMIT: 100/100
2026-10-09T11:22:01.3832625Z STRUCTURAL_RESULT=PASS; suites=25; cases=5620; seed=N/A (deterministic)
2026-10-09T11:22:01.3833238Z FULL_FACTS_TWO_SOURCE=93/518; FAIL
2026-10-09T11:22:01.3833654Z CURRENT_EVENT_TRIGGER_EFFECT=37/38; FAIL
2026-10-09T11:22:01.3834333Z EXACT_NUMBERED_MAPS=0/7; descriptive UNVERIFIED provenance; cited regional maps supplied
2026-10-09T11:22:01.3835020Z NINTENDO_GAMEPLAY_EXECUTED=NO
2026-10-09T11:22:01.3835419Z STRICT_RESEARCH_RESULT=NOT_MET; exit=1
2026-10-09T11:22:01.4057883Z Post job cleanup.
2026-10-09T11:22:01.5211408Z (node:2347) [DEP0040] DeprecationWarning: The `punycode` module is deprecated. Please use a userland alternative instead.
2026-10-09T11:22:01.5212348Z (Use `node --trace-deprecation ...` to show where the warning was created)
2026-10-09T11:22:01.5446911Z Post job cleanup.
2026-10-09T11:22:01.6401979Z [command]/usr/bin/git version
2026-10-09T11:22:01.6446600Z git version 2.55.0
2026-10-09T11:22:01.6489536Z Temporarily overriding HOME='/home/runner/work/_temp/9112faf6-c8a4-43fc-a94c-c4cbf2811548' before making global git config changes
2026-10-09T11:22:01.6490891Z Adding repository directory to the temporary git global config as a safe directory
2026-10-09T11:22:01.6496472Z [command]/usr/bin/git config --global --add safe.directory /home/runner/work/partybox-gpt-drops/partybox-gpt-drops
2026-10-09T11:22:01.6535413Z [command]/usr/bin/git config --local --name-only --get-regexp core\.sshCommand
2026-10-09T11:22:01.6568944Z [command]/usr/bin/git submodule foreach --recursive sh -c "git config --local --name-only --get-regexp 'core\.sshCommand' && git config --local --unset-all 'core.sshCommand' || :"
2026-10-09T11:22:01.6828011Z [command]/usr/bin/git config --local --name-only --get-regexp http\.https\:\/\/github\.com\/\.extraheader
2026-10-09T11:22:01.6858880Z http.https://github.com/.extraheader
2026-10-09T11:22:01.6871836Z [command]/usr/bin/git config --local --unset-all http.https://github.com/.extraheader
2026-10-09T11:22:01.6923080Z [command]/usr/bin/git submodule foreach --recursive sh -c "git config --local --name-only --get-regexp 'http\.https\:\/\/github\.com\/\.extraheader' && git config --local --unset-all 'http.https://github.com/.extraheader' || :"
2026-10-09T11:22:01.7175788Z [command]/usr/bin/git config --local --name-only --get-regexp ^includeIf\.gitdir:
2026-10-09T11:22:01.7215383Z [command]/usr/bin/git submodule foreach --recursive git config --local --show-origin --name-only --get-regexp remote.origin.url
2026-10-09T11:22:01.7606530Z Cleaning up orphan processes
2026-10-09T11:22:01.7884338Z ##[warning]Node.js 20 is deprecated. The following actions target Node.js 20 but are being forced to run on Node.js 24: actions/checkout@v4, actions/setup-python@v5. For more information see: https://github.blog/changelog/2025-09-19-deprecation-of-node-20-on-github-actions-runners/
