2026-10-09T12:50:49.4289944Z Current runner version: '2.337.0'
2026-10-09T12:50:49.4314242Z ##[group]Runner Image Provisioner
2026-10-09T12:50:49.4315096Z Hosted Compute Agent
2026-10-09T12:50:49.4315633Z Version: 20261002.596
2026-10-09T12:50:49.4316233Z Commit: c3d12f3313a95f25162a1503be624f3b0617f8c0
2026-10-09T12:50:49.4316862Z Build Date: 2026-10-02T22:28:27Z
2026-10-09T12:50:49.4317427Z Worker ID: {410359d5-30d8-4292-8e99-b9d1ebc2b253}
2026-10-09T12:50:49.4318060Z Region: centralus
2026-10-09T12:50:49.4318873Z Cloud: Azure
2026-10-09T12:50:49.4319360Z ##[endgroup]
2026-10-09T12:50:49.4320573Z ##[group]Operating System
2026-10-09T12:50:49.4321094Z Ubuntu
2026-10-09T12:50:49.4321565Z 24.04.5
2026-10-09T12:50:49.4322028Z LTS
2026-10-09T12:50:49.4322456Z ##[endgroup]
2026-10-09T12:50:49.4322990Z ##[group]Runner Image
2026-10-09T12:50:49.4323504Z Image: ubuntu-24.04
2026-10-09T12:50:49.4324018Z Version: 20261004.327.1
2026-10-09T12:50:49.4325104Z Included Software: https://github.com/actions/runner-images/blob/ubuntu24/20261004.327/images/ubuntu/Ubuntu2404-Readme.md
2026-10-09T12:50:49.4326467Z Image Release: https://github.com/actions/runner-images/releases/tag/ubuntu24%2F20261004.327
2026-10-09T12:50:49.4327284Z ##[endgroup]
2026-10-09T12:50:49.4328356Z ##[group]GITHUB_TOKEN Permissions
2026-10-09T12:50:49.4330233Z Contents: read
2026-10-09T12:50:49.4330751Z Metadata: read
2026-10-09T12:50:49.4331222Z ##[endgroup]
2026-10-09T12:50:49.4332902Z Secret source: Actions
2026-10-09T12:50:49.4333841Z Cache mode: write
2026-10-09T12:50:49.4334429Z Prepare workflow directory
2026-10-09T12:50:49.4657033Z Prepare all required actions
2026-10-09T12:50:49.4699675Z Getting action download info
2026-10-09T12:50:49.7297632Z Download action repository 'actions/checkout@v4' (SHA:11d5960a326750d5838078e36cf38b85af677262)
2026-10-09T12:50:49.8113611Z Download action repository 'actions/setup-python@v5' (SHA:a26af69be951a213d495a4c3e4e4022e16d87065)
2026-10-09T12:50:49.9925404Z Complete job name: verify
2026-10-09T12:50:50.0519408Z ##[group]Run actions/checkout@v4
2026-10-09T12:50:50.0520167Z with:
2026-10-09T12:50:50.0520652Z   repository: luisitin/partybox-gpt-drops
2026-10-09T12:50:50.0523898Z   token: ***
2026-10-09T12:50:50.0524320Z   ssh-strict: true
2026-10-09T12:50:50.0524777Z   ssh-user: git
2026-10-09T12:50:50.0525251Z   persist-credentials: true
2026-10-09T12:50:50.0525721Z   clean: true
2026-10-09T12:50:50.0526199Z   sparse-checkout-cone-mode: true
2026-10-09T12:50:50.0526694Z   fetch-depth: 1
2026-10-09T12:50:50.0527127Z   fetch-tags: false
2026-10-09T12:50:50.0527559Z   show-progress: true
2026-10-09T12:50:50.0527976Z   lfs: false
2026-10-09T12:50:50.0528777Z   submodules: false
2026-10-09T12:50:50.0529237Z   set-safe-directory: true
2026-10-09T12:50:50.0529735Z   allow-unsafe-pr-checkout: false
2026-10-09T12:50:50.0530481Z ##[endgroup]
2026-10-09T12:50:50.1422301Z Syncing repository: luisitin/partybox-gpt-drops
2026-10-09T12:50:50.1423891Z ##[group]Getting Git version info
2026-10-09T12:50:50.1424735Z Working directory is '/home/runner/work/partybox-gpt-drops/partybox-gpt-drops'
2026-10-09T12:50:50.1425766Z [command]/usr/bin/git version
2026-10-09T12:50:50.1494358Z git version 2.55.0
2026-10-09T12:50:50.1523501Z ##[endgroup]
2026-10-09T12:50:50.1549940Z Temporarily overriding HOME='/home/runner/work/_temp/07b343d0-598b-4cd3-839d-418ca17da658' before making global git config changes
2026-10-09T12:50:50.1551524Z Adding repository directory to the temporary git global config as a safe directory
2026-10-09T12:50:50.1552837Z [command]/usr/bin/git config --global --add safe.directory /home/runner/work/partybox-gpt-drops/partybox-gpt-drops
2026-10-09T12:50:50.1610439Z Deleting the contents of '/home/runner/work/partybox-gpt-drops/partybox-gpt-drops'
2026-10-09T12:50:50.1615531Z ##[group]Initializing the repository
2026-10-09T12:50:50.1618558Z [command]/usr/bin/git init /home/runner/work/partybox-gpt-drops/partybox-gpt-drops
2026-10-09T12:50:50.1752361Z hint: Using 'master' as the name for the initial branch. This default branch name
2026-10-09T12:50:50.1754202Z hint: will change to "main" in Git 3.0. To configure the initial branch name
2026-10-09T12:50:50.1755747Z hint: to use in all of your new repositories, which will suppress this warning,
2026-10-09T12:50:50.1756961Z hint: call:
2026-10-09T12:50:50.1757596Z hint:
2026-10-09T12:50:50.1758456Z hint: 	git config --global init.defaultBranch <name>
2026-10-09T12:50:50.1759270Z hint:
2026-10-09T12:50:50.1760064Z hint: Names commonly chosen instead of 'master' are 'main', 'trunk' and
2026-10-09T12:50:50.1761323Z hint: 'development'. The just-created branch can be renamed via this command:
2026-10-09T12:50:50.1762306Z hint:
2026-10-09T12:50:50.1762915Z hint: 	git branch -m <name>
2026-10-09T12:50:50.1763652Z hint:
2026-10-09T12:50:50.1764549Z hint: Disable this message with "git config set advice.defaultBranchName false"
2026-10-09T12:50:50.1765987Z Initialized empty Git repository in /home/runner/work/partybox-gpt-drops/partybox-gpt-drops/.git/
2026-10-09T12:50:50.1768605Z [command]/usr/bin/git remote add origin https://github.com/luisitin/partybox-gpt-drops
2026-10-09T12:50:50.1807931Z ##[endgroup]
2026-10-09T12:50:50.1809216Z ##[group]Disabling automatic garbage collection
2026-10-09T12:50:50.1810572Z [command]/usr/bin/git config --local gc.auto 0
2026-10-09T12:50:50.1836681Z ##[endgroup]
2026-10-09T12:50:50.1837774Z ##[group]Setting up auth
2026-10-09T12:50:50.1842018Z [command]/usr/bin/git config --local --name-only --get-regexp core\.sshCommand
2026-10-09T12:50:50.1874187Z [command]/usr/bin/git submodule foreach --recursive sh -c "git config --local --name-only --get-regexp 'core\.sshCommand' && git config --local --unset-all 'core.sshCommand' || :"
2026-10-09T12:50:50.2206496Z [command]/usr/bin/git config --local --name-only --get-regexp http\.https\:\/\/github\.com\/\.extraheader
2026-10-09T12:50:50.2242571Z [command]/usr/bin/git submodule foreach --recursive sh -c "git config --local --name-only --get-regexp 'http\.https\:\/\/github\.com\/\.extraheader' && git config --local --unset-all 'http.https://github.com/.extraheader' || :"
2026-10-09T12:50:50.2432930Z [command]/usr/bin/git config --local --name-only --get-regexp ^includeIf\.gitdir:
2026-10-09T12:50:50.2462235Z [command]/usr/bin/git submodule foreach --recursive git config --local --show-origin --name-only --get-regexp remote.origin.url
2026-10-09T12:50:50.2624981Z [command]/usr/bin/git config --local http.https://github.com/.extraheader AUTHORIZATION: basic ***
2026-10-09T12:50:50.2665530Z ##[endgroup]
2026-10-09T12:50:50.2666425Z ##[group]Fetching the repository
2026-10-09T12:50:50.2674714Z [command]/usr/bin/git -c protocol.version=2 fetch --no-tags --prune --no-recurse-submodules --depth=1 origin +4b07a3fa5be77ec4dd1bce7d7cb12408a94f0c43:refs/remotes/pull/18/merge
2026-10-09T12:50:50.6841331Z From https://github.com/luisitin/partybox-gpt-drops
2026-10-09T12:50:50.6842851Z  * [new ref]         4b07a3fa5be77ec4dd1bce7d7cb12408a94f0c43 -> pull/18/merge
2026-10-09T12:50:50.6845751Z ##[endgroup]
2026-10-09T12:50:50.6847260Z ##[group]Determining the checkout info
2026-10-09T12:50:50.6849145Z ##[endgroup]
2026-10-09T12:50:50.6852961Z [command]/usr/bin/git sparse-checkout disable
2026-10-09T12:50:50.6907658Z [command]/usr/bin/git config --local --unset-all extensions.worktreeConfig
2026-10-09T12:50:50.6931340Z ##[group]Checking out the ref
2026-10-09T12:50:50.6933360Z [command]/usr/bin/git checkout --progress --force refs/remotes/pull/18/merge
2026-10-09T12:50:50.7067862Z Note: switching to 'refs/remotes/pull/18/merge'.
2026-10-09T12:50:50.7068663Z 
2026-10-09T12:50:50.7069140Z You are in 'detached HEAD' state. You can look around, make experimental
2026-10-09T12:50:50.7070192Z changes and commit them, and you can discard any commits you make in this
2026-10-09T12:50:50.7071180Z state without impacting any branches by switching back to a branch.
2026-10-09T12:50:50.7071726Z 
2026-10-09T12:50:50.7072417Z If you want to create a new branch to retain commits you create, you may
2026-10-09T12:50:50.7073857Z do so (now or later) by using -c with the switch command. Example:
2026-10-09T12:50:50.7074856Z 
2026-10-09T12:50:50.7075215Z   git switch -c <new-branch-name>
2026-10-09T12:50:50.7075888Z 
2026-10-09T12:50:50.7076230Z Or undo this operation with:
2026-10-09T12:50:50.7076789Z 
2026-10-09T12:50:50.7077083Z   git switch -
2026-10-09T12:50:50.7077541Z 
2026-10-09T12:50:50.7078387Z Turn off this advice by setting config variable advice.detachedHead to false
2026-10-09T12:50:50.7079286Z 
2026-10-09T12:50:50.7080255Z HEAD is now at 4b07a3f Merge bfd836e466ec81865b9dffe5d203edd03485818d into 5864b5b43bfe233d465c4307817b80ae947b52b4
2026-10-09T12:50:50.7083228Z ##[endgroup]
2026-10-09T12:50:50.7111943Z [command]/usr/bin/git log -1 --format=%H
2026-10-09T12:50:50.7130660Z 4b07a3fa5be77ec4dd1bce7d7cb12408a94f0c43
2026-10-09T12:50:50.7398615Z ##[group]Run actions/setup-python@v5
2026-10-09T12:50:50.7399384Z with:
2026-10-09T12:50:50.7399928Z   python-version: 3.12
2026-10-09T12:50:50.7400524Z   check-latest: false
2026-10-09T12:50:50.7404516Z   token: ***
2026-10-09T12:50:50.7405075Z   update-environment: true
2026-10-09T12:50:50.7405796Z   allow-prereleases: false
2026-10-09T12:50:50.7406431Z   freethreaded: false
2026-10-09T12:50:50.7407025Z ##[endgroup]
2026-10-09T12:50:50.8526470Z ##[group]Installed versions
2026-10-09T12:50:50.8617585Z (node:2079) [DEP0040] DeprecationWarning: The `punycode` module is deprecated. Please use a userland alternative instead.
2026-10-09T12:50:50.8619484Z (Use `node --trace-deprecation ...` to show where the warning was created)
2026-10-09T12:50:50.8620715Z Successfully set up CPython (3.12.15)
2026-10-09T12:50:50.8621927Z ##[endgroup]
2026-10-09T12:50:50.8749666Z ##[group]Run python -m pip install -r requirements.txt
2026-10-09T12:50:50.8750568Z [36;1mpython -m pip install -r requirements.txt[0m
2026-10-09T12:50:50.8979407Z shell: /usr/bin/bash -e {0}
2026-10-09T12:50:50.8980153Z env:
2026-10-09T12:50:50.8980754Z   pythonLocation: /opt/hostedtoolcache/Python/3.12.15/x64
2026-10-09T12:50:50.8981620Z   PKG_CONFIG_PATH: /opt/hostedtoolcache/Python/3.12.15/x64/lib/pkgconfig
2026-10-09T12:50:50.8982554Z   Python_ROOT_DIR: /opt/hostedtoolcache/Python/3.12.15/x64
2026-10-09T12:50:50.8983360Z   Python2_ROOT_DIR: /opt/hostedtoolcache/Python/3.12.15/x64
2026-10-09T12:50:50.8984206Z   Python3_ROOT_DIR: /opt/hostedtoolcache/Python/3.12.15/x64
2026-10-09T12:50:50.8984998Z   LD_LIBRARY_PATH: /opt/hostedtoolcache/Python/3.12.15/x64/lib
2026-10-09T12:50:50.8985701Z ##[endgroup]
2026-10-09T12:50:51.7456924Z Collecting jsonschema==4.26.0 (from -r requirements.txt (line 1))
2026-10-09T12:50:51.8295440Z   Downloading jsonschema-4.26.0-py3-none-any.whl.metadata (7.6 kB)
2026-10-09T12:50:51.8555246Z Collecting attrs>=22.2.0 (from jsonschema==4.26.0->-r requirements.txt (line 1))
2026-10-09T12:50:51.8656835Z   Downloading attrs-26.1.0-py3-none-any.whl.metadata (8.8 kB)
2026-10-09T12:50:51.8911348Z Collecting jsonschema-specifications>=2023.03.6 (from jsonschema==4.26.0->-r requirements.txt (line 1))
2026-10-09T12:50:51.9012510Z   Downloading jsonschema_specifications-2025.9.1-py3-none-any.whl.metadata (2.9 kB)
2026-10-09T12:50:51.9327207Z Collecting referencing>=0.28.4 (from jsonschema==4.26.0->-r requirements.txt (line 1))
2026-10-09T12:50:51.9430692Z   Downloading referencing-0.37.0-py3-none-any.whl.metadata (2.8 kB)
2026-10-09T12:50:52.2196645Z Collecting rpds-py>=0.25.0 (from jsonschema==4.26.0->-r requirements.txt (line 1))
2026-10-09T12:50:52.2304100Z   Downloading rpds_py-2026.9.1-cp312-cp312-manylinux_2_17_x86_64.manylinux2014_x86_64.whl.metadata (4.1 kB)
2026-10-09T12:50:52.2581328Z Collecting typing-extensions>=4.4.0 (from referencing>=0.28.4->jsonschema==4.26.0->-r requirements.txt (line 1))
2026-10-09T12:50:52.2683233Z   Downloading typing_extensions-4.16.0-py3-none-any.whl.metadata (3.3 kB)
2026-10-09T12:50:52.2839567Z Downloading jsonschema-4.26.0-py3-none-any.whl (90 kB)
2026-10-09T12:50:52.3102519Z Downloading attrs-26.1.0-py3-none-any.whl (67 kB)
2026-10-09T12:50:52.3285142Z Downloading jsonschema_specifications-2025.9.1-py3-none-any.whl (18 kB)
2026-10-09T12:50:52.3405498Z Downloading referencing-0.37.0-py3-none-any.whl (26 kB)
2026-10-09T12:50:52.3537243Z Downloading rpds_py-2026.9.1-cp312-cp312-manylinux_2_17_x86_64.manylinux2014_x86_64.whl (371 kB)
2026-10-09T12:50:52.3877273Z Downloading typing_extensions-4.16.0-py3-none-any.whl (45 kB)
2026-10-09T12:50:52.4380332Z Installing collected packages: typing-extensions, rpds-py, attrs, referencing, jsonschema-specifications, jsonschema
2026-10-09T12:50:52.6198628Z 
2026-10-09T12:50:52.6210469Z Successfully installed attrs-26.1.0 jsonschema-4.26.0 jsonschema-specifications-2025.9.1 referencing-0.37.0 rpds-py-2026.9.1 typing-extensions-4.16.0
2026-10-09T12:50:52.6828560Z ##[group]Run python verify.py --structural --checksums
2026-10-09T12:50:52.6829034Z [36;1mpython verify.py --structural --checksums[0m
2026-10-09T12:50:52.6868127Z shell: /usr/bin/bash -e {0}
2026-10-09T12:50:52.6868562Z env:
2026-10-09T12:50:52.6868940Z   pythonLocation: /opt/hostedtoolcache/Python/3.12.15/x64
2026-10-09T12:50:52.6869492Z   PKG_CONFIG_PATH: /opt/hostedtoolcache/Python/3.12.15/x64/lib/pkgconfig
2026-10-09T12:50:52.6870026Z   Python_ROOT_DIR: /opt/hostedtoolcache/Python/3.12.15/x64
2026-10-09T12:50:52.6870455Z   Python2_ROOT_DIR: /opt/hostedtoolcache/Python/3.12.15/x64
2026-10-09T12:50:52.6870901Z   Python3_ROOT_DIR: /opt/hostedtoolcache/Python/3.12.15/x64
2026-10-09T12:50:52.6871320Z   LD_LIBRARY_PATH: /opt/hostedtoolcache/Python/3.12.15/x64/lib
2026-10-09T12:50:52.6871687Z ##[endgroup]
2026-10-09T12:50:53.3382264Z PASS CLOSED_JSON_SCHEMAS: 62/62
2026-10-09T12:50:53.3382958Z PASS UNIQUE_ID_COLLECTIONS: 32/32
2026-10-09T12:50:53.3383768Z PASS SEVEN_BOARD_TWO_PUBLISHER_ROSTER: 7/7
2026-10-09T12:50:53.3384394Z PASS EVERY_RECORDED_FACT_HAS_SOURCE: 518/518
2026-10-09T12:50:53.3384903Z PASS FACT_QUOTATION_REFERENCES: 720/720
2026-10-09T12:50:53.3385292Z PASS SHORT_QUOTE_BUDGETS_AND_LINEAGES: 30/30
2026-10-09T12:50:53.3385742Z PASS EVERY_SOURCE_REOPENED_A_B: 56/56
2026-10-09T12:50:53.3386203Z PASS QUOTATIONS_RECOVERED_BOTH_PASSES: 794/794
2026-10-09T12:50:53.3386781Z PASS SOURCE_CAPTURE_REPORT_REFERENCES: 56/56
2026-10-09T12:50:53.3387305Z PASS SPACE_PROFILE_SUMS_AND_CONFLICT_DISCLOSURE: 16/16
2026-10-09T12:50:53.3387767Z PASS INDIVIDUAL_TYPE_COUNT_ROWS: 176/176
2026-10-09T12:50:53.3388082Z PASS SHOP_INVENTORY_ITEM_ROWS: 215/215
2026-10-09T12:50:53.3388865Z PASS FRESH_SOURCE_CELL_COMPARISONS_A_B: 782/782
2026-10-09T12:50:53.3389232Z PASS EVENT_TRIGGER_EFFECT_SOURCE_OR_EXPLICIT_GAP: 38/38
2026-10-09T12:50:53.3389612Z PASS SHARED_RULE_REFERENCES: 126/126
2026-10-09T12:50:53.3389918Z PASS CITED_REGIONAL_MAP_LINKS: 11/11
2026-10-09T12:50:53.3390287Z PASS MAP_IMAGE_REOPEN_AND_VISUAL_REVIEW_A_B: 20/20
2026-10-09T12:50:53.3390652Z PASS ALL_RETAINED_ROWS_PASS_A: 593/593
2026-10-09T12:50:53.3390954Z PASS ALL_RETAINED_ROWS_PASS_B: 593/593
2026-10-09T12:50:53.3391289Z PASS REVIEWED_ROW_CONTENT_FINGERPRINTS: 593/593
2026-10-09T12:50:53.3391621Z PASS BOARD_DOCUMENT_REQUIRED_SECTIONS: 7/7
2026-10-09T12:50:53.3391922Z PASS BOARD_DOC_TABLES_MATCH_JSON: 51/51
2026-10-09T12:50:53.3392293Z PASS ALL_FACTUAL_CONFLICTS_PRESERVED: 19/19
2026-10-09T12:50:53.3392616Z PASS DELIBERATE_REJECTION_FIXTURES: 14/14
2026-10-09T12:50:53.3392955Z PASS FILE_SIZE_LIMIT: 114/114
2026-10-09T12:50:53.3393282Z PASS SHA256_MANIFEST: 113/113
2026-10-09T12:50:53.3393632Z STRUCTURAL_RESULT=PASS; suites=26; cases=5756; seed=N/A (deterministic)
2026-10-09T12:50:53.3549559Z ##[group]Run set +e
2026-10-09T12:50:53.3549873Z [36;1mset +e[0m
2026-10-09T12:50:53.3550159Z [36;1mpython verify.py --strict[0m
2026-10-09T12:50:53.3550472Z [36;1mresult=$?[0m
2026-10-09T12:50:53.3550762Z [36;1mset -e[0m
2026-10-09T12:50:53.3551033Z [36;1mtest "$result" -eq 1[0m
2026-10-09T12:50:53.3589892Z shell: /usr/bin/bash --noprofile --norc -e -o pipefail {0}
2026-10-09T12:50:53.3590254Z env:
2026-10-09T12:50:53.3590574Z   pythonLocation: /opt/hostedtoolcache/Python/3.12.15/x64
2026-10-09T12:50:53.3591013Z   PKG_CONFIG_PATH: /opt/hostedtoolcache/Python/3.12.15/x64/lib/pkgconfig
2026-10-09T12:50:53.3591430Z   Python_ROOT_DIR: /opt/hostedtoolcache/Python/3.12.15/x64
2026-10-09T12:50:53.3592011Z   Python2_ROOT_DIR: /opt/hostedtoolcache/Python/3.12.15/x64
2026-10-09T12:50:53.3592402Z   Python3_ROOT_DIR: /opt/hostedtoolcache/Python/3.12.15/x64
2026-10-09T12:50:53.3592810Z   LD_LIBRARY_PATH: /opt/hostedtoolcache/Python/3.12.15/x64/lib
2026-10-09T12:50:53.3593257Z ##[endgroup]
2026-10-09T12:50:54.0026760Z PASS CLOSED_JSON_SCHEMAS: 62/62
2026-10-09T12:50:54.0027405Z PASS UNIQUE_ID_COLLECTIONS: 32/32
2026-10-09T12:50:54.0028099Z PASS SEVEN_BOARD_TWO_PUBLISHER_ROSTER: 7/7
2026-10-09T12:50:54.0028866Z PASS EVERY_RECORDED_FACT_HAS_SOURCE: 518/518
2026-10-09T12:50:54.0029412Z PASS FACT_QUOTATION_REFERENCES: 720/720
2026-10-09T12:50:54.0030035Z PASS SHORT_QUOTE_BUDGETS_AND_LINEAGES: 30/30
2026-10-09T12:50:54.0030419Z PASS EVERY_SOURCE_REOPENED_A_B: 56/56
2026-10-09T12:50:54.0030789Z PASS QUOTATIONS_RECOVERED_BOTH_PASSES: 794/794
2026-10-09T12:50:54.0031247Z PASS SOURCE_CAPTURE_REPORT_REFERENCES: 56/56
2026-10-09T12:50:54.0031660Z PASS SPACE_PROFILE_SUMS_AND_CONFLICT_DISCLOSURE: 16/16
2026-10-09T12:50:54.0032167Z PASS INDIVIDUAL_TYPE_COUNT_ROWS: 176/176
2026-10-09T12:50:54.0032536Z PASS SHOP_INVENTORY_ITEM_ROWS: 215/215
2026-10-09T12:50:54.0032899Z PASS FRESH_SOURCE_CELL_COMPARISONS_A_B: 782/782
2026-10-09T12:50:54.0033377Z PASS EVENT_TRIGGER_EFFECT_SOURCE_OR_EXPLICIT_GAP: 38/38
2026-10-09T12:50:54.0033801Z PASS SHARED_RULE_REFERENCES: 126/126
2026-10-09T12:50:54.0034158Z PASS CITED_REGIONAL_MAP_LINKS: 11/11
2026-10-09T12:50:54.0034611Z PASS MAP_IMAGE_REOPEN_AND_VISUAL_REVIEW_A_B: 20/20
2026-10-09T12:50:54.0035004Z PASS ALL_RETAINED_ROWS_PASS_A: 593/593
2026-10-09T12:50:54.0035400Z PASS ALL_RETAINED_ROWS_PASS_B: 593/593
2026-10-09T12:50:54.0035809Z PASS REVIEWED_ROW_CONTENT_FINGERPRINTS: 593/593
2026-10-09T12:50:54.0036201Z PASS BOARD_DOCUMENT_REQUIRED_SECTIONS: 7/7
2026-10-09T12:50:54.0036582Z PASS BOARD_DOC_TABLES_MATCH_JSON: 51/51
2026-10-09T12:50:54.0036957Z PASS ALL_FACTUAL_CONFLICTS_PRESERVED: 19/19
2026-10-09T12:50:54.0037399Z PASS DELIBERATE_REJECTION_FIXTURES: 14/14
2026-10-09T12:50:54.0037775Z PASS FILE_SIZE_LIMIT: 114/114
2026-10-09T12:50:54.0038304Z STRUCTURAL_RESULT=PASS; suites=25; cases=5643; seed=N/A (deterministic)
2026-10-09T12:50:54.0038943Z FULL_FACTS_TWO_SOURCE=100/518; FAIL
2026-10-09T12:50:54.0039414Z CURRENT_EVENT_TRIGGER_EFFECT=37/38; FAIL
2026-10-09T12:50:54.0040233Z EXACT_NUMBERED_MAPS=0/7; descriptive UNVERIFIED provenance; cited regional maps supplied
2026-10-09T12:50:54.0040975Z NINTENDO_GAMEPLAY_EXECUTED=NO
2026-10-09T12:50:54.0041463Z STRICT_RESEARCH_RESULT=NOT_MET; exit=1
2026-10-09T12:50:54.0270411Z Post job cleanup.
2026-10-09T12:50:54.1346749Z (node:2118) [DEP0040] DeprecationWarning: The `punycode` module is deprecated. Please use a userland alternative instead.
2026-10-09T12:50:54.1347409Z (Use `node --trace-deprecation ...` to show where the warning was created)
2026-10-09T12:50:54.1526764Z Post job cleanup.
2026-10-09T12:50:54.2250595Z [command]/usr/bin/git version
2026-10-09T12:50:54.2283887Z git version 2.55.0
2026-10-09T12:50:54.2319796Z Temporarily overriding HOME='/home/runner/work/_temp/7bc45981-b5dd-48e2-afdd-295bbc3b9b46' before making global git config changes
2026-10-09T12:50:54.2320985Z Adding repository directory to the temporary git global config as a safe directory
2026-10-09T12:50:54.2321935Z [command]/usr/bin/git config --global --add safe.directory /home/runner/work/partybox-gpt-drops/partybox-gpt-drops
2026-10-09T12:50:54.2348956Z [command]/usr/bin/git config --local --name-only --get-regexp core\.sshCommand
2026-10-09T12:50:54.2377242Z [command]/usr/bin/git submodule foreach --recursive sh -c "git config --local --name-only --get-regexp 'core\.sshCommand' && git config --local --unset-all 'core.sshCommand' || :"
2026-10-09T12:50:54.2562109Z [command]/usr/bin/git config --local --name-only --get-regexp http\.https\:\/\/github\.com\/\.extraheader
2026-10-09T12:50:54.2587022Z http.https://github.com/.extraheader
2026-10-09T12:50:54.2593355Z [command]/usr/bin/git config --local --unset-all http.https://github.com/.extraheader
2026-10-09T12:50:54.2640005Z [command]/usr/bin/git submodule foreach --recursive sh -c "git config --local --name-only --get-regexp 'http\.https\:\/\/github\.com\/\.extraheader' && git config --local --unset-all 'http.https://github.com/.extraheader' || :"
2026-10-09T12:50:54.2845785Z [command]/usr/bin/git config --local --name-only --get-regexp ^includeIf\.gitdir:
2026-10-09T12:50:54.2870748Z [command]/usr/bin/git submodule foreach --recursive git config --local --show-origin --name-only --get-regexp remote.origin.url
2026-10-09T12:50:54.3187477Z Cleaning up orphan processes
2026-10-09T12:50:54.3408912Z ##[warning]Node.js 20 is deprecated. The following actions target Node.js 20 but are being forced to run on Node.js 24: actions/checkout@v4, actions/setup-python@v5. For more information see: https://github.blog/changelog/2025-09-19-deprecation-of-node-20-on-github-actions-runners/
