2026-10-09T14:59:57.9682306Z Current runner version: '2.337.0'
2026-10-09T14:59:57.9706348Z ##[group]Runner Image Provisioner
2026-10-09T14:59:57.9707350Z Hosted Compute Agent
2026-10-09T14:59:57.9707876Z Version: 20261002.596
2026-10-09T14:59:57.9708523Z Commit: c3d12f3313a95f25162a1503be624f3b0617f8c0
2026-10-09T14:59:57.9709192Z Build Date: 2026-10-02T22:28:27Z
2026-10-09T14:59:57.9709804Z Worker ID: {45047dfb-0a6c-4c40-bb7e-512058ff5b5d}
2026-10-09T14:59:57.9710478Z Region: westus3
2026-10-09T14:59:57.9710970Z Cloud: Azure
2026-10-09T14:59:57.9711456Z ##[endgroup]
2026-10-09T14:59:57.9712834Z ##[group]Operating System
2026-10-09T14:59:57.9713388Z Ubuntu
2026-10-09T14:59:57.9713896Z 24.04.5
2026-10-09T14:59:57.9714363Z LTS
2026-10-09T14:59:57.9714869Z ##[endgroup]
2026-10-09T14:59:57.9715396Z ##[group]Runner Image
2026-10-09T14:59:57.9715933Z Image: ubuntu-24.04
2026-10-09T14:59:57.9716453Z Version: 20261004.327.1
2026-10-09T14:59:57.9717728Z Included Software: https://github.com/actions/runner-images/blob/ubuntu24/20261004.327/images/ubuntu/Ubuntu2404-Readme.md
2026-10-09T14:59:57.9719144Z Image Release: https://github.com/actions/runner-images/releases/tag/ubuntu24%2F20261004.327
2026-10-09T14:59:57.9719994Z ##[endgroup]
2026-10-09T14:59:57.9720973Z ##[group]GITHUB_TOKEN Permissions
2026-10-09T14:59:57.9722878Z Contents: read
2026-10-09T14:59:57.9723482Z Metadata: read
2026-10-09T14:59:57.9723972Z ##[endgroup]
2026-10-09T14:59:57.9726321Z Secret source: Actions
2026-10-09T14:59:57.9727380Z Cache mode: write
2026-10-09T14:59:57.9728007Z Prepare workflow directory
2026-10-09T14:59:58.0100024Z Prepare all required actions
2026-10-09T14:59:58.0149223Z Getting action download info
2026-10-09T14:59:58.3309572Z Download action repository 'actions/checkout@v4' (SHA:11d5960a326750d5838078e36cf38b85af677262)
2026-10-09T14:59:58.4020593Z Download action repository 'actions/setup-python@v5' (SHA:a26af69be951a213d495a4c3e4e4022e16d87065)
2026-10-09T14:59:58.5539594Z Complete job name: verify
2026-10-09T14:59:58.6330410Z ##[group]Run actions/checkout@v4
2026-10-09T14:59:58.6331188Z with:
2026-10-09T14:59:58.6331613Z   repository: luisitin/partybox-gpt-drops
2026-10-09T14:59:58.6335251Z   token: ***
2026-10-09T14:59:58.6335626Z   ssh-strict: true
2026-10-09T14:59:58.6336007Z   ssh-user: git
2026-10-09T14:59:58.6336394Z   persist-credentials: true
2026-10-09T14:59:58.6337135Z   clean: true
2026-10-09T14:59:58.6337569Z   sparse-checkout-cone-mode: true
2026-10-09T14:59:58.6338035Z   fetch-depth: 1
2026-10-09T14:59:58.6338416Z   fetch-tags: false
2026-10-09T14:59:58.6338815Z   show-progress: true
2026-10-09T14:59:58.6339202Z   lfs: false
2026-10-09T14:59:58.6339560Z   submodules: false
2026-10-09T14:59:58.6339955Z   set-safe-directory: true
2026-10-09T14:59:58.6340399Z   allow-unsafe-pr-checkout: false
2026-10-09T14:59:58.6341128Z ##[endgroup]
2026-10-09T14:59:58.7363616Z Syncing repository: luisitin/partybox-gpt-drops
2026-10-09T14:59:58.7365313Z ##[group]Getting Git version info
2026-10-09T14:59:58.7366129Z Working directory is '/home/runner/work/partybox-gpt-drops/partybox-gpt-drops'
2026-10-09T14:59:58.7367469Z [command]/usr/bin/git version
2026-10-09T14:59:58.7402190Z git version 2.55.0
2026-10-09T14:59:58.7424845Z ##[endgroup]
2026-10-09T14:59:58.7438179Z Temporarily overriding HOME='/home/runner/work/_temp/015a4f5c-7b44-4b4b-8a7e-8aac0ecdb44f' before making global git config changes
2026-10-09T14:59:58.7440562Z Adding repository directory to the temporary git global config as a safe directory
2026-10-09T14:59:58.7445029Z [command]/usr/bin/git config --global --add safe.directory /home/runner/work/partybox-gpt-drops/partybox-gpt-drops
2026-10-09T14:59:58.7490633Z Deleting the contents of '/home/runner/work/partybox-gpt-drops/partybox-gpt-drops'
2026-10-09T14:59:58.7496581Z ##[group]Initializing the repository
2026-10-09T14:59:58.7501497Z [command]/usr/bin/git init /home/runner/work/partybox-gpt-drops/partybox-gpt-drops
2026-10-09T14:59:58.7603215Z hint: Using 'master' as the name for the initial branch. This default branch name
2026-10-09T14:59:58.7605076Z hint: will change to "main" in Git 3.0. To configure the initial branch name
2026-10-09T14:59:58.7606386Z hint: to use in all of your new repositories, which will suppress this warning,
2026-10-09T14:59:58.7608228Z hint: call:
2026-10-09T14:59:58.7609048Z hint:
2026-10-09T14:59:58.7610044Z hint: 	git config --global init.defaultBranch <name>
2026-10-09T14:59:58.7610947Z hint:
2026-10-09T14:59:58.7612018Z hint: Names commonly chosen instead of 'master' are 'main', 'trunk' and
2026-10-09T14:59:58.7613271Z hint: 'development'. The just-created branch can be renamed via this command:
2026-10-09T14:59:58.7614188Z hint:
2026-10-09T14:59:58.7614984Z hint: 	git branch -m <name>
2026-10-09T14:59:58.7615800Z hint:
2026-10-09T14:59:58.7617064Z hint: Disable this message with "git config set advice.defaultBranchName false"
2026-10-09T14:59:58.7618774Z Initialized empty Git repository in /home/runner/work/partybox-gpt-drops/partybox-gpt-drops/.git/
2026-10-09T14:59:58.7621667Z [command]/usr/bin/git remote add origin https://github.com/luisitin/partybox-gpt-drops
2026-10-09T14:59:58.7665214Z ##[endgroup]
2026-10-09T14:59:58.7666125Z ##[group]Disabling automatic garbage collection
2026-10-09T14:59:58.7670516Z [command]/usr/bin/git config --local gc.auto 0
2026-10-09T14:59:58.7701434Z ##[endgroup]
2026-10-09T14:59:58.7702321Z ##[group]Setting up auth
2026-10-09T14:59:58.7711083Z [command]/usr/bin/git config --local --name-only --get-regexp core\.sshCommand
2026-10-09T14:59:58.7742475Z [command]/usr/bin/git submodule foreach --recursive sh -c "git config --local --name-only --get-regexp 'core\.sshCommand' && git config --local --unset-all 'core.sshCommand' || :"
2026-10-09T14:59:58.8060408Z [command]/usr/bin/git config --local --name-only --get-regexp http\.https\:\/\/github\.com\/\.extraheader
2026-10-09T14:59:58.8093593Z [command]/usr/bin/git submodule foreach --recursive sh -c "git config --local --name-only --get-regexp 'http\.https\:\/\/github\.com\/\.extraheader' && git config --local --unset-all 'http.https://github.com/.extraheader' || :"
2026-10-09T14:59:58.8304392Z [command]/usr/bin/git config --local --name-only --get-regexp ^includeIf\.gitdir:
2026-10-09T14:59:58.8335657Z [command]/usr/bin/git submodule foreach --recursive git config --local --show-origin --name-only --get-regexp remote.origin.url
2026-10-09T14:59:58.8511304Z [command]/usr/bin/git config --local http.https://github.com/.extraheader AUTHORIZATION: basic ***
2026-10-09T14:59:58.8550116Z ##[endgroup]
2026-10-09T14:59:58.8550873Z ##[group]Fetching the repository
2026-10-09T14:59:58.8558298Z [command]/usr/bin/git -c protocol.version=2 fetch --no-tags --prune --no-recurse-submodules --depth=1 origin +5b88d9a6b5f55930575ce8d5786ef987ce684f2f:refs/remotes/pull/18/merge
2026-10-09T14:59:59.5987154Z From https://github.com/luisitin/partybox-gpt-drops
2026-10-09T14:59:59.5989768Z  * [new ref]         5b88d9a6b5f55930575ce8d5786ef987ce684f2f -> pull/18/merge
2026-10-09T14:59:59.5994126Z ##[endgroup]
2026-10-09T14:59:59.5995814Z ##[group]Determining the checkout info
2026-10-09T14:59:59.5998048Z ##[endgroup]
2026-10-09T14:59:59.5998983Z [command]/usr/bin/git sparse-checkout disable
2026-10-09T14:59:59.6037167Z [command]/usr/bin/git config --local --unset-all extensions.worktreeConfig
2026-10-09T14:59:59.6061634Z ##[group]Checking out the ref
2026-10-09T14:59:59.6063609Z [command]/usr/bin/git checkout --progress --force refs/remotes/pull/18/merge
2026-10-09T14:59:59.6215796Z Note: switching to 'refs/remotes/pull/18/merge'.
2026-10-09T14:59:59.6217448Z 
2026-10-09T14:59:59.6218527Z You are in 'detached HEAD' state. You can look around, make experimental
2026-10-09T14:59:59.6220418Z changes and commit them, and you can discard any commits you make in this
2026-10-09T14:59:59.6222649Z state without impacting any branches by switching back to a branch.
2026-10-09T14:59:59.6223732Z 
2026-10-09T14:59:59.6224449Z If you want to create a new branch to retain commits you create, you may
2026-10-09T14:59:59.6226227Z do so (now or later) by using -c with the switch command. Example:
2026-10-09T14:59:59.6227698Z 
2026-10-09T14:59:59.6228190Z   git switch -c <new-branch-name>
2026-10-09T14:59:59.6229030Z 
2026-10-09T14:59:59.6229568Z Or undo this operation with:
2026-10-09T14:59:59.6230353Z 
2026-10-09T14:59:59.6230839Z   git switch -
2026-10-09T14:59:59.6231542Z 
2026-10-09T14:59:59.6232505Z Turn off this advice by setting config variable advice.detachedHead to false
2026-10-09T14:59:59.6233994Z 
2026-10-09T14:59:59.6235624Z HEAD is now at 5b88d9a Merge 98d7346a260aa39d8a8a38493385f64cfb16fa8d into 964f55c961fd1a93d1a9f2711f60d2a70c535b23
2026-10-09T14:59:59.6240867Z ##[endgroup]
2026-10-09T14:59:59.6263754Z [command]/usr/bin/git log -1 --format=%H
2026-10-09T14:59:59.6285866Z 5b88d9a6b5f55930575ce8d5786ef987ce684f2f
2026-10-09T14:59:59.6653918Z ##[group]Run actions/setup-python@v5
2026-10-09T14:59:59.6655111Z with:
2026-10-09T14:59:59.6655973Z   python-version: 3.12
2026-10-09T14:59:59.6657043Z   check-latest: false
2026-10-09T14:59:59.6666221Z   token: ***
2026-10-09T14:59:59.6667176Z   update-environment: true
2026-10-09T14:59:59.6668237Z   allow-prereleases: false
2026-10-09T14:59:59.6669304Z   freethreaded: false
2026-10-09T14:59:59.6670225Z ##[endgroup]
2026-10-09T14:59:59.8029403Z ##[group]Installed versions
2026-10-09T14:59:59.8108929Z (node:2228) [DEP0040] DeprecationWarning: The `punycode` module is deprecated. Please use a userland alternative instead.
2026-10-09T14:59:59.8113279Z (Use `node --trace-deprecation ...` to show where the warning was created)
2026-10-09T14:59:59.8115941Z Successfully set up CPython (3.12.15)
2026-10-09T14:59:59.8118982Z ##[endgroup]
2026-10-09T14:59:59.8386958Z ##[group]Run python -m pip install -r requirements.txt
2026-10-09T14:59:59.8389661Z [36;1mpython -m pip install -r requirements.txt[0m
2026-10-09T14:59:59.8625222Z shell: /usr/bin/bash -e {0}
2026-10-09T14:59:59.8627335Z env:
2026-10-09T14:59:59.8628366Z   pythonLocation: /opt/hostedtoolcache/Python/3.12.15/x64
2026-10-09T14:59:59.8630040Z   PKG_CONFIG_PATH: /opt/hostedtoolcache/Python/3.12.15/x64/lib/pkgconfig
2026-10-09T14:59:59.8631722Z   Python_ROOT_DIR: /opt/hostedtoolcache/Python/3.12.15/x64
2026-10-09T14:59:59.8633194Z   Python2_ROOT_DIR: /opt/hostedtoolcache/Python/3.12.15/x64
2026-10-09T14:59:59.8634674Z   Python3_ROOT_DIR: /opt/hostedtoolcache/Python/3.12.15/x64
2026-10-09T14:59:59.8636167Z   LD_LIBRARY_PATH: /opt/hostedtoolcache/Python/3.12.15/x64/lib
2026-10-09T14:59:59.8637621Z ##[endgroup]
2026-10-09T15:00:00.8354443Z Collecting jsonschema==4.26.0 (from -r requirements.txt (line 1))
2026-10-09T15:00:00.8876175Z   Downloading jsonschema-4.26.0-py3-none-any.whl.metadata (7.6 kB)
2026-10-09T15:00:00.9020247Z Collecting attrs>=22.2.0 (from jsonschema==4.26.0->-r requirements.txt (line 1))
2026-10-09T15:00:00.9050406Z   Downloading attrs-26.1.0-py3-none-any.whl.metadata (8.8 kB)
2026-10-09T15:00:00.9163049Z Collecting jsonschema-specifications>=2023.03.6 (from jsonschema==4.26.0->-r requirements.txt (line 1))
2026-10-09T15:00:00.9194005Z   Downloading jsonschema_specifications-2025.9.1-py3-none-any.whl.metadata (2.9 kB)
2026-10-09T15:00:00.9375388Z Collecting referencing>=0.28.4 (from jsonschema==4.26.0->-r requirements.txt (line 1))
2026-10-09T15:00:00.9406884Z   Downloading referencing-0.37.0-py3-none-any.whl.metadata (2.8 kB)
2026-10-09T15:00:01.1763559Z Collecting rpds-py>=0.25.0 (from jsonschema==4.26.0->-r requirements.txt (line 1))
2026-10-09T15:00:01.1797763Z   Downloading rpds_py-2026.9.1-cp312-cp312-manylinux_2_17_x86_64.manylinux2014_x86_64.whl.metadata (4.1 kB)
2026-10-09T15:00:01.1981296Z Collecting typing-extensions>=4.4.0 (from referencing>=0.28.4->jsonschema==4.26.0->-r requirements.txt (line 1))
2026-10-09T15:00:01.2013484Z   Downloading typing_extensions-4.16.0-py3-none-any.whl.metadata (3.3 kB)
2026-10-09T15:00:01.2091129Z Downloading jsonschema-4.26.0-py3-none-any.whl (90 kB)
2026-10-09T15:00:01.2227218Z Downloading attrs-26.1.0-py3-none-any.whl (67 kB)
2026-10-09T15:00:01.2283652Z Downloading jsonschema_specifications-2025.9.1-py3-none-any.whl (18 kB)
2026-10-09T15:00:01.2330757Z Downloading referencing-0.37.0-py3-none-any.whl (26 kB)
2026-10-09T15:00:01.2380401Z Downloading rpds_py-2026.9.1-cp312-cp312-manylinux_2_17_x86_64.manylinux2014_x86_64.whl (371 kB)
2026-10-09T15:00:01.2453714Z Downloading typing_extensions-4.16.0-py3-none-any.whl (45 kB)
2026-10-09T15:00:01.2939355Z Installing collected packages: typing-extensions, rpds-py, attrs, referencing, jsonschema-specifications, jsonschema
2026-10-09T15:00:01.4633459Z 
2026-10-09T15:00:01.4646579Z Successfully installed attrs-26.1.0 jsonschema-4.26.0 jsonschema-specifications-2025.9.1 referencing-0.37.0 rpds-py-2026.9.1 typing-extensions-4.16.0
2026-10-09T15:00:01.5397274Z ##[group]Run python verify.py --structural --checksums
2026-10-09T15:00:01.5397773Z [36;1mpython verify.py --structural --checksums[0m
2026-10-09T15:00:01.5439207Z shell: /usr/bin/bash -e {0}
2026-10-09T15:00:01.5439813Z env:
2026-10-09T15:00:01.5440211Z   pythonLocation: /opt/hostedtoolcache/Python/3.12.15/x64
2026-10-09T15:00:01.5440950Z   PKG_CONFIG_PATH: /opt/hostedtoolcache/Python/3.12.15/x64/lib/pkgconfig
2026-10-09T15:00:01.5441534Z   Python_ROOT_DIR: /opt/hostedtoolcache/Python/3.12.15/x64
2026-10-09T15:00:01.5441971Z   Python2_ROOT_DIR: /opt/hostedtoolcache/Python/3.12.15/x64
2026-10-09T15:00:01.5442401Z   Python3_ROOT_DIR: /opt/hostedtoolcache/Python/3.12.15/x64
2026-10-09T15:00:01.5442835Z   LD_LIBRARY_PATH: /opt/hostedtoolcache/Python/3.12.15/x64/lib
2026-10-09T15:00:01.5443211Z ##[endgroup]
2026-10-09T15:00:02.3121960Z PASS CLOSED_JSON_SCHEMAS: 62/62
2026-10-09T15:00:02.3122810Z PASS UNIQUE_ID_COLLECTIONS: 32/32
2026-10-09T15:00:02.3124084Z PASS SEVEN_BOARD_TWO_PUBLISHER_ROSTER: 7/7
2026-10-09T15:00:02.3125000Z PASS EVERY_RECORDED_FACT_HAS_SOURCE: 518/518
2026-10-09T15:00:02.3126107Z PASS FACT_QUOTATION_REFERENCES: 722/722
2026-10-09T15:00:02.3127327Z PASS SHORT_QUOTE_BUDGETS_AND_LINEAGES: 30/30
2026-10-09T15:00:02.3127816Z PASS EVERY_SOURCE_REOPENED_A_B: 56/56
2026-10-09T15:00:02.3128283Z PASS QUOTATIONS_RECOVERED_BOTH_PASSES: 794/794
2026-10-09T15:00:02.3128836Z PASS SOURCE_CAPTURE_REPORT_REFERENCES: 56/56
2026-10-09T15:00:02.3129354Z PASS SPACE_PROFILE_SUMS_AND_CONFLICT_DISCLOSURE: 16/16
2026-10-09T15:00:02.3129873Z PASS INDIVIDUAL_TYPE_COUNT_ROWS: 176/176
2026-10-09T15:00:02.3130337Z PASS SHOP_INVENTORY_ITEM_ROWS: 215/215
2026-10-09T15:00:02.3130793Z PASS FRESH_SOURCE_CELL_COMPARISONS_A_B: 782/782
2026-10-09T15:00:02.3131323Z PASS EVENT_TRIGGER_EFFECT_SOURCE_OR_EXPLICIT_GAP: 38/38
2026-10-09T15:00:02.3131849Z PASS SHARED_RULE_REFERENCES: 126/126
2026-10-09T15:00:02.3132273Z PASS CITED_REGIONAL_MAP_LINKS: 11/11
2026-10-09T15:00:02.3132784Z PASS MAP_IMAGE_REOPEN_AND_VISUAL_REVIEW_A_B: 20/20
2026-10-09T15:00:02.3133273Z PASS ALL_RETAINED_ROWS_PASS_A: 593/593
2026-10-09T15:00:02.3133768Z PASS ALL_RETAINED_ROWS_PASS_B: 593/593
2026-10-09T15:00:02.3134220Z PASS REVIEWED_ROW_CONTENT_FINGERPRINTS: 593/593
2026-10-09T15:00:02.3134704Z PASS BOARD_DOCUMENT_REQUIRED_SECTIONS: 7/7
2026-10-09T15:00:02.3135168Z PASS BOARD_DOC_TABLES_MATCH_JSON: 51/51
2026-10-09T15:00:02.3135666Z PASS ALL_FACTUAL_CONFLICTS_PRESERVED: 19/19
2026-10-09T15:00:02.3136119Z PASS DELIBERATE_REJECTION_FIXTURES: 14/14
2026-10-09T15:00:02.3136554Z PASS FILE_SIZE_LIMIT: 131/131
2026-10-09T15:00:02.3137103Z PASS SHA256_MANIFEST: 130/130
2026-10-09T15:00:02.3137651Z STRUCTURAL_RESULT=PASS; suites=26; cases=5792; seed=N/A (deterministic)
2026-10-09T15:00:02.3298236Z ##[group]Run set +e
2026-10-09T15:00:02.3298515Z [36;1mset +e[0m
2026-10-09T15:00:02.3298737Z [36;1mpython verify.py --strict[0m
2026-10-09T15:00:02.3298990Z [36;1mresult=$?[0m
2026-10-09T15:00:02.3299185Z [36;1mset -e[0m
2026-10-09T15:00:02.3299390Z [36;1mtest "$result" -eq 1[0m
2026-10-09T15:00:02.3339656Z shell: /usr/bin/bash --noprofile --norc -e -o pipefail {0}
2026-10-09T15:00:02.3340004Z env:
2026-10-09T15:00:02.3340271Z   pythonLocation: /opt/hostedtoolcache/Python/3.12.15/x64
2026-10-09T15:00:02.3340680Z   PKG_CONFIG_PATH: /opt/hostedtoolcache/Python/3.12.15/x64/lib/pkgconfig
2026-10-09T15:00:02.3341087Z   Python_ROOT_DIR: /opt/hostedtoolcache/Python/3.12.15/x64
2026-10-09T15:00:02.3341603Z   Python2_ROOT_DIR: /opt/hostedtoolcache/Python/3.12.15/x64
2026-10-09T15:00:02.3341965Z   Python3_ROOT_DIR: /opt/hostedtoolcache/Python/3.12.15/x64
2026-10-09T15:00:02.3342331Z   LD_LIBRARY_PATH: /opt/hostedtoolcache/Python/3.12.15/x64/lib
2026-10-09T15:00:02.3342781Z ##[endgroup]
2026-10-09T15:00:03.0762088Z PASS CLOSED_JSON_SCHEMAS: 62/62
2026-10-09T15:00:03.0762684Z PASS UNIQUE_ID_COLLECTIONS: 32/32
2026-10-09T15:00:03.0763203Z PASS SEVEN_BOARD_TWO_PUBLISHER_ROSTER: 7/7
2026-10-09T15:00:03.0763746Z PASS EVERY_RECORDED_FACT_HAS_SOURCE: 518/518
2026-10-09T15:00:03.0764131Z PASS FACT_QUOTATION_REFERENCES: 722/722
2026-10-09T15:00:03.0764417Z PASS SHORT_QUOTE_BUDGETS_AND_LINEAGES: 30/30
2026-10-09T15:00:03.0764692Z PASS EVERY_SOURCE_REOPENED_A_B: 56/56
2026-10-09T15:00:03.0764973Z PASS QUOTATIONS_RECOVERED_BOTH_PASSES: 794/794
2026-10-09T15:00:03.0765270Z PASS SOURCE_CAPTURE_REPORT_REFERENCES: 56/56
2026-10-09T15:00:03.0765585Z PASS SPACE_PROFILE_SUMS_AND_CONFLICT_DISCLOSURE: 16/16
2026-10-09T15:00:03.0765926Z PASS INDIVIDUAL_TYPE_COUNT_ROWS: 176/176
2026-10-09T15:00:03.0766193Z PASS SHOP_INVENTORY_ITEM_ROWS: 215/215
2026-10-09T15:00:03.0766471Z PASS FRESH_SOURCE_CELL_COMPARISONS_A_B: 782/782
2026-10-09T15:00:03.0766935Z PASS EVENT_TRIGGER_EFFECT_SOURCE_OR_EXPLICIT_GAP: 38/38
2026-10-09T15:00:03.0767460Z PASS SHARED_RULE_REFERENCES: 126/126
2026-10-09T15:00:03.0767727Z PASS CITED_REGIONAL_MAP_LINKS: 11/11
2026-10-09T15:00:03.0768004Z PASS MAP_IMAGE_REOPEN_AND_VISUAL_REVIEW_A_B: 20/20
2026-10-09T15:00:03.0768295Z PASS ALL_RETAINED_ROWS_PASS_A: 593/593
2026-10-09T15:00:03.0768584Z PASS ALL_RETAINED_ROWS_PASS_B: 593/593
2026-10-09T15:00:03.0768860Z PASS REVIEWED_ROW_CONTENT_FINGERPRINTS: 593/593
2026-10-09T15:00:03.0769155Z PASS BOARD_DOCUMENT_REQUIRED_SECTIONS: 7/7
2026-10-09T15:00:03.0769431Z PASS BOARD_DOC_TABLES_MATCH_JSON: 51/51
2026-10-09T15:00:03.0769710Z PASS ALL_FACTUAL_CONFLICTS_PRESERVED: 19/19
2026-10-09T15:00:03.0770034Z PASS DELIBERATE_REJECTION_FIXTURES: 14/14
2026-10-09T15:00:03.0770322Z PASS FILE_SIZE_LIMIT: 131/131
2026-10-09T15:00:03.0770658Z STRUCTURAL_RESULT=PASS; suites=25; cases=5662; seed=N/A (deterministic)
2026-10-09T15:00:03.0771027Z FULL_FACTS_TWO_SOURCE=101/518; FAIL
2026-10-09T15:00:03.0771291Z CURRENT_EVENT_TRIGGER_EFFECT=37/38; FAIL
2026-10-09T15:00:03.0771705Z EXACT_NUMBERED_MAPS=0/7; descriptive UNVERIFIED provenance; cited regional maps supplied
2026-10-09T15:00:03.0772117Z NINTENDO_GAMEPLAY_EXECUTED=NO
2026-10-09T15:00:03.0772371Z STRICT_RESEARCH_RESULT=NOT_MET; exit=1
2026-10-09T15:00:03.0999850Z Post job cleanup.
2026-10-09T15:00:03.2144083Z (node:2269) [DEP0040] DeprecationWarning: The `punycode` module is deprecated. Please use a userland alternative instead.
2026-10-09T15:00:03.2144759Z (Use `node --trace-deprecation ...` to show where the warning was created)
2026-10-09T15:00:03.2291227Z Post job cleanup.
2026-10-09T15:00:03.3267698Z [command]/usr/bin/git version
2026-10-09T15:00:03.3300215Z git version 2.55.0
2026-10-09T15:00:03.3335207Z Temporarily overriding HOME='/home/runner/work/_temp/8c66b90b-c2f3-447e-9477-166f3c025b96' before making global git config changes
2026-10-09T15:00:03.3336816Z Adding repository directory to the temporary git global config as a safe directory
2026-10-09T15:00:03.3341279Z [command]/usr/bin/git config --global --add safe.directory /home/runner/work/partybox-gpt-drops/partybox-gpt-drops
2026-10-09T15:00:03.3377059Z [command]/usr/bin/git config --local --name-only --get-regexp core\.sshCommand
2026-10-09T15:00:03.3410276Z [command]/usr/bin/git submodule foreach --recursive sh -c "git config --local --name-only --get-regexp 'core\.sshCommand' && git config --local --unset-all 'core.sshCommand' || :"
2026-10-09T15:00:03.3633459Z [command]/usr/bin/git config --local --name-only --get-regexp http\.https\:\/\/github\.com\/\.extraheader
2026-10-09T15:00:03.3659348Z http.https://github.com/.extraheader
2026-10-09T15:00:03.3671025Z [command]/usr/bin/git config --local --unset-all http.https://github.com/.extraheader
2026-10-09T15:00:03.3702268Z [command]/usr/bin/git submodule foreach --recursive sh -c "git config --local --name-only --get-regexp 'http\.https\:\/\/github\.com\/\.extraheader' && git config --local --unset-all 'http.https://github.com/.extraheader' || :"
2026-10-09T15:00:03.3921289Z [command]/usr/bin/git config --local --name-only --get-regexp ^includeIf\.gitdir:
2026-10-09T15:00:03.3954086Z [command]/usr/bin/git submodule foreach --recursive git config --local --show-origin --name-only --get-regexp remote.origin.url
2026-10-09T15:00:03.4297374Z Cleaning up orphan processes
2026-10-09T15:00:03.4540299Z ##[warning]Node.js 20 is deprecated. The following actions target Node.js 20 but are being forced to run on Node.js 24: actions/checkout@v4, actions/setup-python@v5. For more information see: https://github.blog/changelog/2025-09-19-deprecation-of-node-20-on-github-actions-runners/
