2026-10-09T11:26:56.1271621Z Current runner version: '2.337.0'
2026-10-09T11:26:56.1293236Z ##[group]Runner Image Provisioner
2026-10-09T11:26:56.1293861Z Hosted Compute Agent
2026-10-09T11:26:56.1294304Z Version: 20261002.596
2026-10-09T11:26:56.1294750Z Commit: c3d12f3313a95f25162a1503be624f3b0617f8c0
2026-10-09T11:26:56.1295199Z Build Date: 2026-10-02T22:28:27Z
2026-10-09T11:26:56.1295715Z Worker ID: {3a821a70-8f09-4624-bd8c-a015c717a5ee}
2026-10-09T11:26:56.1296171Z Region: westus3
2026-10-09T11:26:56.1296550Z Cloud: Azure
2026-10-09T11:26:56.1296910Z ##[endgroup]
2026-10-09T11:26:56.1297742Z ##[group]Operating System
2026-10-09T11:26:56.1298357Z Ubuntu
2026-10-09T11:26:56.1298692Z 24.04.5
2026-10-09T11:26:56.1299018Z LTS
2026-10-09T11:26:56.1299399Z ##[endgroup]
2026-10-09T11:26:56.1299818Z ##[group]Runner Image
2026-10-09T11:26:56.1300239Z Image: ubuntu-24.04
2026-10-09T11:26:56.1300603Z Version: 20261004.327.1
2026-10-09T11:26:56.1301468Z Included Software: https://github.com/actions/runner-images/blob/ubuntu24/20261004.327/images/ubuntu/Ubuntu2404-Readme.md
2026-10-09T11:26:56.1302418Z Image Release: https://github.com/actions/runner-images/releases/tag/ubuntu24%2F20261004.327
2026-10-09T11:26:56.1303040Z ##[endgroup]
2026-10-09T11:26:56.1303731Z ##[group]GITHUB_TOKEN Permissions
2026-10-09T11:26:56.1305140Z Contents: read
2026-10-09T11:26:56.1305511Z Metadata: read
2026-10-09T11:26:56.1305890Z ##[endgroup]
2026-10-09T11:26:56.1307802Z Secret source: Actions
2026-10-09T11:26:56.1308600Z Cache mode: write
2026-10-09T11:26:56.1309120Z Prepare workflow directory
2026-10-09T11:26:56.1552132Z Prepare all required actions
2026-10-09T11:26:56.1587717Z Getting action download info
2026-10-09T11:26:56.4514000Z Download action repository 'actions/checkout@v4' (SHA:11d5960a326750d5838078e36cf38b85af677262)
2026-10-09T11:26:56.5480489Z Download action repository 'actions/setup-python@v5' (SHA:a26af69be951a213d495a4c3e4e4022e16d87065)
2026-10-09T11:26:56.7085264Z Complete job name: verify
2026-10-09T11:26:56.7632603Z ##[group]Run actions/checkout@v4
2026-10-09T11:26:56.7633115Z with:
2026-10-09T11:26:56.7633400Z   repository: luisitin/partybox-gpt-drops
2026-10-09T11:26:56.7635706Z   token: ***
2026-10-09T11:26:56.7635954Z   ssh-strict: true
2026-10-09T11:26:56.7636205Z   ssh-user: git
2026-10-09T11:26:56.7636464Z   persist-credentials: true
2026-10-09T11:26:56.7636739Z   clean: true
2026-10-09T11:26:56.7636998Z   sparse-checkout-cone-mode: true
2026-10-09T11:26:56.7637298Z   fetch-depth: 1
2026-10-09T11:26:56.7637544Z   fetch-tags: false
2026-10-09T11:26:56.7637801Z   show-progress: true
2026-10-09T11:26:56.7638055Z   lfs: false
2026-10-09T11:26:56.7638446Z   submodules: false
2026-10-09T11:26:56.7638709Z   set-safe-directory: true
2026-10-09T11:26:56.7639015Z   allow-unsafe-pr-checkout: false
2026-10-09T11:26:56.7639397Z ##[endgroup]
2026-10-09T11:26:56.8403796Z Syncing repository: luisitin/partybox-gpt-drops
2026-10-09T11:26:56.8405593Z ##[group]Getting Git version info
2026-10-09T11:26:56.8406461Z Working directory is '/home/runner/work/partybox-gpt-drops/partybox-gpt-drops'
2026-10-09T11:26:56.8407512Z [command]/usr/bin/git version
2026-10-09T11:26:56.8461292Z git version 2.55.0
2026-10-09T11:26:56.8480224Z ##[endgroup]
2026-10-09T11:26:56.8496592Z Temporarily overriding HOME='/home/runner/work/_temp/fcb4c2f4-bb1d-4444-b729-305888ba6237' before making global git config changes
2026-10-09T11:26:56.8498357Z Adding repository directory to the temporary git global config as a safe directory
2026-10-09T11:26:56.8503558Z [command]/usr/bin/git config --global --add safe.directory /home/runner/work/partybox-gpt-drops/partybox-gpt-drops
2026-10-09T11:26:56.8554715Z Deleting the contents of '/home/runner/work/partybox-gpt-drops/partybox-gpt-drops'
2026-10-09T11:26:56.8562191Z ##[group]Initializing the repository
2026-10-09T11:26:56.8563048Z [command]/usr/bin/git init /home/runner/work/partybox-gpt-drops/partybox-gpt-drops
2026-10-09T11:26:56.8669035Z hint: Using 'master' as the name for the initial branch. This default branch name
2026-10-09T11:26:56.8670634Z hint: will change to "main" in Git 3.0. To configure the initial branch name
2026-10-09T11:26:56.8671790Z hint: to use in all of your new repositories, which will suppress this warning,
2026-10-09T11:26:56.8673248Z hint: call:
2026-10-09T11:26:56.8673794Z hint:
2026-10-09T11:26:56.8674423Z hint: 	git config --global init.defaultBranch <name>
2026-10-09T11:26:56.8675110Z hint:
2026-10-09T11:26:56.8675750Z hint: Names commonly chosen instead of 'master' are 'main', 'trunk' and
2026-10-09T11:26:56.8676741Z hint: 'development'. The just-created branch can be renamed via this command:
2026-10-09T11:26:56.8677592Z hint:
2026-10-09T11:26:56.8678101Z hint: 	git branch -m <name>
2026-10-09T11:26:56.8678827Z hint:
2026-10-09T11:26:56.8679530Z hint: Disable this message with "git config set advice.defaultBranchName false"
2026-10-09T11:26:56.8681150Z Initialized empty Git repository in /home/runner/work/partybox-gpt-drops/partybox-gpt-drops/.git/
2026-10-09T11:26:56.8683566Z [command]/usr/bin/git remote add origin https://github.com/luisitin/partybox-gpt-drops
2026-10-09T11:26:56.8735675Z ##[endgroup]
2026-10-09T11:26:56.8736530Z ##[group]Disabling automatic garbage collection
2026-10-09T11:26:56.8769658Z [command]/usr/bin/git config --local gc.auto 0
2026-10-09T11:26:56.8777581Z ##[endgroup]
2026-10-09T11:26:56.8778427Z ##[group]Setting up auth
2026-10-09T11:26:56.8790206Z [command]/usr/bin/git config --local --name-only --get-regexp core\.sshCommand
2026-10-09T11:26:56.8834728Z [command]/usr/bin/git submodule foreach --recursive sh -c "git config --local --name-only --get-regexp 'core\.sshCommand' && git config --local --unset-all 'core.sshCommand' || :"
2026-10-09T11:26:56.9172449Z [command]/usr/bin/git config --local --name-only --get-regexp http\.https\:\/\/github\.com\/\.extraheader
2026-10-09T11:26:56.9207524Z [command]/usr/bin/git submodule foreach --recursive sh -c "git config --local --name-only --get-regexp 'http\.https\:\/\/github\.com\/\.extraheader' && git config --local --unset-all 'http.https://github.com/.extraheader' || :"
2026-10-09T11:26:56.9404907Z [command]/usr/bin/git config --local --name-only --get-regexp ^includeIf\.gitdir:
2026-10-09T11:26:56.9440695Z [command]/usr/bin/git submodule foreach --recursive git config --local --show-origin --name-only --get-regexp remote.origin.url
2026-10-09T11:26:56.9640392Z [command]/usr/bin/git config --local http.https://github.com/.extraheader AUTHORIZATION: basic ***
2026-10-09T11:26:56.9688740Z ##[endgroup]
2026-10-09T11:26:56.9689562Z ##[group]Fetching the repository
2026-10-09T11:26:56.9696457Z [command]/usr/bin/git -c protocol.version=2 fetch --no-tags --prune --no-recurse-submodules --depth=1 origin +d97103942431cb74279220511b7df53d3533b685:refs/remotes/pull/18/merge
2026-10-09T11:26:57.6444794Z From https://github.com/luisitin/partybox-gpt-drops
2026-10-09T11:26:57.6445825Z  * [new ref]         d97103942431cb74279220511b7df53d3533b685 -> pull/18/merge
2026-10-09T11:26:57.6447854Z ##[endgroup]
2026-10-09T11:26:57.6448820Z ##[group]Determining the checkout info
2026-10-09T11:26:57.6449656Z ##[endgroup]
2026-10-09T11:26:57.6453873Z [command]/usr/bin/git sparse-checkout disable
2026-10-09T11:26:57.6505650Z [command]/usr/bin/git config --local --unset-all extensions.worktreeConfig
2026-10-09T11:26:57.6539249Z ##[group]Checking out the ref
2026-10-09T11:26:57.6542387Z [command]/usr/bin/git checkout --progress --force refs/remotes/pull/18/merge
2026-10-09T11:26:57.6674282Z Note: switching to 'refs/remotes/pull/18/merge'.
2026-10-09T11:26:57.6674680Z 
2026-10-09T11:26:57.6674946Z You are in 'detached HEAD' state. You can look around, make experimental
2026-10-09T11:26:57.6675523Z changes and commit them, and you can discard any commits you make in this
2026-10-09T11:26:57.6676081Z state without impacting any branches by switching back to a branch.
2026-10-09T11:26:57.6676415Z 
2026-10-09T11:26:57.6676646Z If you want to create a new branch to retain commits you create, you may
2026-10-09T11:26:57.6677249Z do so (now or later) by using -c with the switch command. Example:
2026-10-09T11:26:57.6677805Z 
2026-10-09T11:26:57.6677945Z   git switch -c <new-branch-name>
2026-10-09T11:26:57.6678307Z 
2026-10-09T11:26:57.6678461Z Or undo this operation with:
2026-10-09T11:26:57.6678656Z 
2026-10-09T11:26:57.6678777Z   git switch -
2026-10-09T11:26:57.6678947Z 
2026-10-09T11:26:57.6679197Z Turn off this advice by setting config variable advice.detachedHead to false
2026-10-09T11:26:57.6679573Z 
2026-10-09T11:26:57.6680182Z HEAD is now at d971039 Merge bbad3b7868212b0fe4838fb66ababbed567b3ee3 into 5469f851728291fba188a72462959955c0eda95b
2026-10-09T11:26:57.6684459Z ##[endgroup]
2026-10-09T11:26:57.6729449Z [command]/usr/bin/git log -1 --format=%H
2026-10-09T11:26:57.6755480Z d97103942431cb74279220511b7df53d3533b685
2026-10-09T11:26:57.6991826Z ##[group]Run actions/setup-python@v5
2026-10-09T11:26:57.6992203Z with:
2026-10-09T11:26:57.6992477Z   python-version: 3.12
2026-10-09T11:26:57.6992767Z   check-latest: false
2026-10-09T11:26:57.6994930Z   token: ***
2026-10-09T11:26:57.6995199Z   update-environment: true
2026-10-09T11:26:57.6995546Z   allow-prereleases: false
2026-10-09T11:26:57.6995870Z   freethreaded: false
2026-10-09T11:26:57.6996155Z ##[endgroup]
2026-10-09T11:26:57.8050537Z ##[group]Installed versions
2026-10-09T11:26:57.8125867Z (node:2087) [DEP0040] DeprecationWarning: The `punycode` module is deprecated. Please use a userland alternative instead.
2026-10-09T11:26:57.8126827Z (Use `node --trace-deprecation ...` to show where the warning was created)
2026-10-09T11:26:57.8127587Z Successfully set up CPython (3.12.15)
2026-10-09T11:26:57.8128336Z ##[endgroup]
2026-10-09T11:26:57.8335419Z ##[group]Run python -m pip install -r requirements.txt
2026-10-09T11:26:57.8336044Z [36;1mpython -m pip install -r requirements.txt[0m
2026-10-09T11:26:57.8604695Z shell: /usr/bin/bash -e {0}
2026-10-09T11:26:57.8605179Z env:
2026-10-09T11:26:57.8605559Z   pythonLocation: /opt/hostedtoolcache/Python/3.12.15/x64
2026-10-09T11:26:57.8606090Z   PKG_CONFIG_PATH: /opt/hostedtoolcache/Python/3.12.15/x64/lib/pkgconfig
2026-10-09T11:26:57.8606625Z   Python_ROOT_DIR: /opt/hostedtoolcache/Python/3.12.15/x64
2026-10-09T11:26:57.8607081Z   Python2_ROOT_DIR: /opt/hostedtoolcache/Python/3.12.15/x64
2026-10-09T11:26:57.8607537Z   Python3_ROOT_DIR: /opt/hostedtoolcache/Python/3.12.15/x64
2026-10-09T11:26:57.8607997Z   LD_LIBRARY_PATH: /opt/hostedtoolcache/Python/3.12.15/x64/lib
2026-10-09T11:26:57.8608543Z ##[endgroup]
2026-10-09T11:26:58.5967243Z Collecting jsonschema==4.26.0 (from -r requirements.txt (line 1))
2026-10-09T11:26:58.6632390Z   Downloading jsonschema-4.26.0-py3-none-any.whl.metadata (7.6 kB)
2026-10-09T11:26:58.6753366Z Collecting attrs>=22.2.0 (from jsonschema==4.26.0->-r requirements.txt (line 1))
2026-10-09T11:26:58.6853667Z   Downloading attrs-26.1.0-py3-none-any.whl.metadata (8.8 kB)
2026-10-09T11:26:58.6963927Z Collecting jsonschema-specifications>=2023.03.6 (from jsonschema==4.26.0->-r requirements.txt (line 1))
2026-10-09T11:26:58.7065107Z   Downloading jsonschema_specifications-2025.9.1-py3-none-any.whl.metadata (2.9 kB)
2026-10-09T11:26:58.7214923Z Collecting referencing>=0.28.4 (from jsonschema==4.26.0->-r requirements.txt (line 1))
2026-10-09T11:26:58.7318027Z   Downloading referencing-0.37.0-py3-none-any.whl.metadata (2.8 kB)
2026-10-09T11:26:58.9047404Z Collecting rpds-py>=0.25.0 (from jsonschema==4.26.0->-r requirements.txt (line 1))
2026-10-09T11:26:58.9150784Z   Downloading rpds_py-2026.9.1-cp312-cp312-manylinux_2_17_x86_64.manylinux2014_x86_64.whl.metadata (4.1 kB)
2026-10-09T11:26:58.9353348Z Collecting typing-extensions>=4.4.0 (from referencing>=0.28.4->jsonschema==4.26.0->-r requirements.txt (line 1))
2026-10-09T11:26:58.9462583Z   Downloading typing_extensions-4.16.0-py3-none-any.whl.metadata (3.3 kB)
2026-10-09T11:26:58.9616360Z Downloading jsonschema-4.26.0-py3-none-any.whl (90 kB)
2026-10-09T11:26:58.9867923Z Downloading attrs-26.1.0-py3-none-any.whl (67 kB)
2026-10-09T11:26:59.0001281Z Downloading jsonschema_specifications-2025.9.1-py3-none-any.whl (18 kB)
2026-10-09T11:26:59.0131621Z Downloading referencing-0.37.0-py3-none-any.whl (26 kB)
2026-10-09T11:26:59.0254386Z Downloading rpds_py-2026.9.1-cp312-cp312-manylinux_2_17_x86_64.manylinux2014_x86_64.whl (371 kB)
2026-10-09T11:26:59.0613914Z Downloading typing_extensions-4.16.0-py3-none-any.whl (45 kB)
2026-10-09T11:26:59.1035530Z Installing collected packages: typing-extensions, rpds-py, attrs, referencing, jsonschema-specifications, jsonschema
2026-10-09T11:26:59.2409910Z 
2026-10-09T11:26:59.2419008Z Successfully installed attrs-26.1.0 jsonschema-4.26.0 jsonschema-specifications-2025.9.1 referencing-0.37.0 rpds-py-2026.9.1 typing-extensions-4.16.0
2026-10-09T11:26:59.3060234Z ##[group]Run python verify.py --structural --checksums
2026-10-09T11:26:59.3060544Z [36;1mpython verify.py --structural --checksums[0m
2026-10-09T11:26:59.3118313Z shell: /usr/bin/bash -e {0}
2026-10-09T11:26:59.3118497Z env:
2026-10-09T11:26:59.3118698Z   pythonLocation: /opt/hostedtoolcache/Python/3.12.15/x64
2026-10-09T11:26:59.3118988Z   PKG_CONFIG_PATH: /opt/hostedtoolcache/Python/3.12.15/x64/lib/pkgconfig
2026-10-09T11:26:59.3119293Z   Python_ROOT_DIR: /opt/hostedtoolcache/Python/3.12.15/x64
2026-10-09T11:26:59.3119549Z   Python2_ROOT_DIR: /opt/hostedtoolcache/Python/3.12.15/x64
2026-10-09T11:26:59.3119826Z   Python3_ROOT_DIR: /opt/hostedtoolcache/Python/3.12.15/x64
2026-10-09T11:26:59.3120097Z   LD_LIBRARY_PATH: /opt/hostedtoolcache/Python/3.12.15/x64/lib
2026-10-09T11:26:59.3120372Z ##[endgroup]
2026-10-09T11:26:59.8315296Z PASS CLOSED_JSON_SCHEMAS: 62/62
2026-10-09T11:26:59.8315889Z PASS UNIQUE_ID_COLLECTIONS: 32/32
2026-10-09T11:26:59.8316248Z PASS SEVEN_BOARD_TWO_PUBLISHER_ROSTER: 7/7
2026-10-09T11:26:59.8316537Z PASS EVERY_RECORDED_FACT_HAS_SOURCE: 518/518
2026-10-09T11:26:59.8316811Z PASS FACT_QUOTATION_REFERENCES: 716/716
2026-10-09T11:26:59.8317086Z PASS SHORT_QUOTE_BUDGETS_AND_LINEAGES: 30/30
2026-10-09T11:26:59.8317476Z PASS EVERY_SOURCE_REOPENED_A_B: 56/56
2026-10-09T11:26:59.8317806Z PASS QUOTATIONS_RECOVERED_BOTH_PASSES: 794/794
2026-10-09T11:26:59.8318753Z PASS SOURCE_CAPTURE_REPORT_REFERENCES: 56/56
2026-10-09T11:26:59.8319220Z PASS SPACE_PROFILE_SUMS_AND_CONFLICT_DISCLOSURE: 16/16
2026-10-09T11:26:59.8319839Z PASS INDIVIDUAL_TYPE_COUNT_ROWS: 176/176
2026-10-09T11:26:59.8320109Z PASS SHOP_INVENTORY_ITEM_ROWS: 215/215
2026-10-09T11:26:59.8320389Z PASS FRESH_SOURCE_CELL_COMPARISONS_A_B: 782/782
2026-10-09T11:26:59.8320711Z PASS EVENT_TRIGGER_EFFECT_SOURCE_OR_EXPLICIT_GAP: 38/38
2026-10-09T11:26:59.8321019Z PASS SHARED_RULE_REFERENCES: 126/126
2026-10-09T11:26:59.8321282Z PASS CITED_REGIONAL_MAP_LINKS: 11/11
2026-10-09T11:26:59.8321564Z PASS MAP_IMAGE_REOPEN_AND_VISUAL_REVIEW_A_B: 20/20
2026-10-09T11:26:59.8321849Z PASS ALL_RETAINED_ROWS_PASS_A: 593/593
2026-10-09T11:26:59.8322103Z PASS ALL_RETAINED_ROWS_PASS_B: 593/593
2026-10-09T11:26:59.8322380Z PASS REVIEWED_ROW_CONTENT_FINGERPRINTS: 593/593
2026-10-09T11:26:59.8322686Z PASS BOARD_DOCUMENT_REQUIRED_SECTIONS: 7/7
2026-10-09T11:26:59.8322963Z PASS BOARD_DOC_TABLES_MATCH_JSON: 51/51
2026-10-09T11:26:59.8323258Z PASS ALL_FACTUAL_CONFLICTS_PRESERVED: 18/18
2026-10-09T11:26:59.8323543Z PASS DELIBERATE_REJECTION_FIXTURES: 14/14
2026-10-09T11:26:59.8323822Z PASS FILE_SIZE_LIMIT: 102/102
2026-10-09T11:26:59.8324057Z PASS SHA256_MANIFEST: 101/101
2026-10-09T11:26:59.8324386Z STRUCTURAL_RESULT=PASS; suites=26; cases=5727; seed=N/A (deterministic)
2026-10-09T11:26:59.8482032Z ##[group]Run set +e
2026-10-09T11:26:59.8482208Z [36;1mset +e[0m
2026-10-09T11:26:59.8482341Z [36;1mpython verify.py --strict[0m
2026-10-09T11:26:59.8482493Z [36;1mresult=$?[0m
2026-10-09T11:26:59.8482610Z [36;1mset -e[0m
2026-10-09T11:26:59.8482728Z [36;1mtest "$result" -eq 1[0m
2026-10-09T11:26:59.8540930Z shell: /usr/bin/bash --noprofile --norc -e -o pipefail {0}
2026-10-09T11:26:59.8541136Z env:
2026-10-09T11:26:59.8541296Z   pythonLocation: /opt/hostedtoolcache/Python/3.12.15/x64
2026-10-09T11:26:59.8541540Z   PKG_CONFIG_PATH: /opt/hostedtoolcache/Python/3.12.15/x64/lib/pkgconfig
2026-10-09T11:26:59.8541774Z   Python_ROOT_DIR: /opt/hostedtoolcache/Python/3.12.15/x64
2026-10-09T11:26:59.8542138Z   Python2_ROOT_DIR: /opt/hostedtoolcache/Python/3.12.15/x64
2026-10-09T11:26:59.8542350Z   Python3_ROOT_DIR: /opt/hostedtoolcache/Python/3.12.15/x64
2026-10-09T11:26:59.8542568Z   LD_LIBRARY_PATH: /opt/hostedtoolcache/Python/3.12.15/x64/lib
2026-10-09T11:26:59.8542783Z ##[endgroup]
2026-10-09T11:27:00.3194831Z PASS CLOSED_JSON_SCHEMAS: 62/62
2026-10-09T11:27:00.3195166Z PASS UNIQUE_ID_COLLECTIONS: 32/32
2026-10-09T11:27:00.3195447Z PASS SEVEN_BOARD_TWO_PUBLISHER_ROSTER: 7/7
2026-10-09T11:27:00.3195625Z PASS EVERY_RECORDED_FACT_HAS_SOURCE: 518/518
2026-10-09T11:27:00.3195802Z PASS FACT_QUOTATION_REFERENCES: 716/716
2026-10-09T11:27:00.3195969Z PASS SHORT_QUOTE_BUDGETS_AND_LINEAGES: 30/30
2026-10-09T11:27:00.3196139Z PASS EVERY_SOURCE_REOPENED_A_B: 56/56
2026-10-09T11:27:00.3196309Z PASS QUOTATIONS_RECOVERED_BOTH_PASSES: 794/794
2026-10-09T11:27:00.3196496Z PASS SOURCE_CAPTURE_REPORT_REFERENCES: 56/56
2026-10-09T11:27:00.3196680Z PASS SPACE_PROFILE_SUMS_AND_CONFLICT_DISCLOSURE: 16/16
2026-10-09T11:27:00.3196892Z PASS INDIVIDUAL_TYPE_COUNT_ROWS: 176/176
2026-10-09T11:27:00.3197050Z PASS SHOP_INVENTORY_ITEM_ROWS: 215/215
2026-10-09T11:27:00.3197217Z PASS FRESH_SOURCE_CELL_COMPARISONS_A_B: 782/782
2026-10-09T11:27:00.3197412Z PASS EVENT_TRIGGER_EFFECT_SOURCE_OR_EXPLICIT_GAP: 38/38
2026-10-09T11:27:00.3197608Z PASS SHARED_RULE_REFERENCES: 126/126
2026-10-09T11:27:00.3197759Z PASS CITED_REGIONAL_MAP_LINKS: 11/11
2026-10-09T11:27:00.3197924Z PASS MAP_IMAGE_REOPEN_AND_VISUAL_REVIEW_A_B: 20/20
2026-10-09T11:27:00.3198102Z PASS ALL_RETAINED_ROWS_PASS_A: 593/593
2026-10-09T11:27:00.3198451Z PASS ALL_RETAINED_ROWS_PASS_B: 593/593
2026-10-09T11:27:00.3198617Z PASS REVIEWED_ROW_CONTENT_FINGERPRINTS: 593/593
2026-10-09T11:27:00.3198791Z PASS BOARD_DOCUMENT_REQUIRED_SECTIONS: 7/7
2026-10-09T11:27:00.3198951Z PASS BOARD_DOC_TABLES_MATCH_JSON: 51/51
2026-10-09T11:27:00.3199111Z PASS ALL_FACTUAL_CONFLICTS_PRESERVED: 18/18
2026-10-09T11:27:00.3199279Z PASS DELIBERATE_REJECTION_FIXTURES: 14/14
2026-10-09T11:27:00.3199447Z PASS FILE_SIZE_LIMIT: 102/102
2026-10-09T11:27:00.3199649Z STRUCTURAL_RESULT=PASS; suites=25; cases=5626; seed=N/A (deterministic)
2026-10-09T11:27:00.3199868Z FULL_FACTS_TWO_SOURCE=97/518; FAIL
2026-10-09T11:27:00.3200024Z CURRENT_EVENT_TRIGGER_EFFECT=37/38; FAIL
2026-10-09T11:27:00.3200270Z EXACT_NUMBERED_MAPS=0/7; descriptive UNVERIFIED provenance; cited regional maps supplied
2026-10-09T11:27:00.3200515Z NINTENDO_GAMEPLAY_EXECUTED=NO
2026-10-09T11:27:00.3200662Z STRICT_RESEARCH_RESULT=NOT_MET; exit=1
2026-10-09T11:27:00.3412405Z Post job cleanup.
2026-10-09T11:27:00.4258872Z (node:2125) [DEP0040] DeprecationWarning: The `punycode` module is deprecated. Please use a userland alternative instead.
2026-10-09T11:27:00.4259279Z (Use `node --trace-deprecation ...` to show where the warning was created)
2026-10-09T11:27:00.4462103Z Post job cleanup.
2026-10-09T11:27:00.5081066Z [command]/usr/bin/git version
2026-10-09T11:27:00.5117165Z git version 2.55.0
2026-10-09T11:27:00.5143438Z Temporarily overriding HOME='/home/runner/work/_temp/9ff504d6-f805-4135-bfb5-68b4303fab1f' before making global git config changes
2026-10-09T11:27:00.5144138Z Adding repository directory to the temporary git global config as a safe directory
2026-10-09T11:27:00.5147952Z [command]/usr/bin/git config --global --add safe.directory /home/runner/work/partybox-gpt-drops/partybox-gpt-drops
2026-10-09T11:27:00.5185985Z [command]/usr/bin/git config --local --name-only --get-regexp core\.sshCommand
2026-10-09T11:27:00.5219033Z [command]/usr/bin/git submodule foreach --recursive sh -c "git config --local --name-only --get-regexp 'core\.sshCommand' && git config --local --unset-all 'core.sshCommand' || :"
2026-10-09T11:27:00.5446469Z [command]/usr/bin/git config --local --name-only --get-regexp http\.https\:\/\/github\.com\/\.extraheader
2026-10-09T11:27:00.5468068Z http.https://github.com/.extraheader
2026-10-09T11:27:00.5481010Z [command]/usr/bin/git config --local --unset-all http.https://github.com/.extraheader
2026-10-09T11:27:00.5530119Z [command]/usr/bin/git submodule foreach --recursive sh -c "git config --local --name-only --get-regexp 'http\.https\:\/\/github\.com\/\.extraheader' && git config --local --unset-all 'http.https://github.com/.extraheader' || :"
2026-10-09T11:27:00.5747427Z [command]/usr/bin/git config --local --name-only --get-regexp ^includeIf\.gitdir:
2026-10-09T11:27:00.5781599Z [command]/usr/bin/git submodule foreach --recursive git config --local --show-origin --name-only --get-regexp remote.origin.url
2026-10-09T11:27:00.6146010Z Cleaning up orphan processes
2026-10-09T11:27:00.6356203Z ##[warning]Node.js 20 is deprecated. The following actions target Node.js 20 but are being forced to run on Node.js 24: actions/checkout@v4, actions/setup-python@v5. For more information see: https://github.blog/changelog/2025-09-19-deprecation-of-node-20-on-github-actions-runners/
