2026-10-09T11:55:15.8355533Z Current runner version: '2.337.0'
2026-10-09T11:55:15.8381767Z ##[group]Runner Image Provisioner
2026-10-09T11:55:15.8382791Z Hosted Compute Agent
2026-10-09T11:55:15.8383521Z Version: 20261002.596
2026-10-09T11:55:15.8384400Z Commit: c3d12f3313a95f25162a1503be624f3b0617f8c0
2026-10-09T11:55:15.8385207Z Build Date: 2026-10-02T22:28:27Z
2026-10-09T11:55:15.8385944Z Worker ID: {2d0af883-ebac-4f6f-ba2e-47bd6c6c6844}
2026-10-09T11:55:15.8386720Z Region: northcentralus
2026-10-09T11:55:15.8387375Z Cloud: Azure
2026-10-09T11:55:15.8388046Z ##[endgroup]
2026-10-09T11:55:15.8389732Z ##[group]Operating System
2026-10-09T11:55:15.8390403Z Ubuntu
2026-10-09T11:55:15.8390953Z 24.04.5
2026-10-09T11:55:15.8391535Z LTS
2026-10-09T11:55:15.8392117Z ##[endgroup]
2026-10-09T11:55:15.8392668Z ##[group]Runner Image
2026-10-09T11:55:15.8393418Z Image: ubuntu-24.04
2026-10-09T11:55:15.8394201Z Version: 20261004.327.1
2026-10-09T11:55:15.8395579Z Included Software: https://github.com/actions/runner-images/blob/ubuntu24/20261004.327/images/ubuntu/Ubuntu2404-Readme.md
2026-10-09T11:55:15.8397193Z Image Release: https://github.com/actions/runner-images/releases/tag/ubuntu24%2F20261004.327
2026-10-09T11:55:15.8398245Z ##[endgroup]
2026-10-09T11:55:15.8399389Z ##[group]GITHUB_TOKEN Permissions
2026-10-09T11:55:15.8401641Z Contents: read
2026-10-09T11:55:15.8402308Z Metadata: read
2026-10-09T11:55:15.8403019Z ##[endgroup]
2026-10-09T11:55:15.8405371Z Secret source: Actions
2026-10-09T11:55:15.8406394Z Cache mode: write
2026-10-09T11:55:15.8407149Z Prepare workflow directory
2026-10-09T11:55:15.8863393Z Prepare all required actions
2026-10-09T11:55:15.8931397Z Getting action download info
2026-10-09T11:55:16.1151542Z Download action repository 'actions/checkout@v4' (SHA:11d5960a326750d5838078e36cf38b85af677262)
2026-10-09T11:55:16.2164807Z Download action repository 'actions/setup-python@v5' (SHA:a26af69be951a213d495a4c3e4e4022e16d87065)
2026-10-09T11:55:16.4674652Z Complete job name: verify
2026-10-09T11:55:16.5505522Z ##[group]Run actions/checkout@v4
2026-10-09T11:55:16.5506415Z with:
2026-10-09T11:55:16.5506896Z   repository: luisitin/partybox-gpt-drops
2026-10-09T11:55:16.5511225Z   token: ***
2026-10-09T11:55:16.5511666Z   ssh-strict: true
2026-10-09T11:55:16.5512110Z   ssh-user: git
2026-10-09T11:55:16.5512566Z   persist-credentials: true
2026-10-09T11:55:16.5513058Z   clean: true
2026-10-09T11:55:16.5513501Z   sparse-checkout-cone-mode: true
2026-10-09T11:55:16.5514178Z   fetch-depth: 1
2026-10-09T11:55:16.5514612Z   fetch-tags: false
2026-10-09T11:55:16.5515063Z   show-progress: true
2026-10-09T11:55:16.5515518Z   lfs: false
2026-10-09T11:55:16.5515934Z   submodules: false
2026-10-09T11:55:16.5516384Z   set-safe-directory: true
2026-10-09T11:55:16.5516892Z   allow-unsafe-pr-checkout: false
2026-10-09T11:55:16.5517589Z ##[endgroup]
2026-10-09T11:55:16.6551446Z Syncing repository: luisitin/partybox-gpt-drops
2026-10-09T11:55:16.6554138Z ##[group]Getting Git version info
2026-10-09T11:55:16.6555349Z Working directory is '/home/runner/work/partybox-gpt-drops/partybox-gpt-drops'
2026-10-09T11:55:16.6556525Z [command]/usr/bin/git version
2026-10-09T11:55:16.6598763Z git version 2.55.0
2026-10-09T11:55:16.6621337Z ##[endgroup]
2026-10-09T11:55:16.6637868Z Temporarily overriding HOME='/home/runner/work/_temp/727c166a-04ae-4418-a9ce-ce37800d405d' before making global git config changes
2026-10-09T11:55:16.6640022Z Adding repository directory to the temporary git global config as a safe directory
2026-10-09T11:55:16.6643309Z [command]/usr/bin/git config --global --add safe.directory /home/runner/work/partybox-gpt-drops/partybox-gpt-drops
2026-10-09T11:55:16.6696054Z Deleting the contents of '/home/runner/work/partybox-gpt-drops/partybox-gpt-drops'
2026-10-09T11:55:16.6712541Z ##[group]Initializing the repository
2026-10-09T11:55:16.6714765Z [command]/usr/bin/git init /home/runner/work/partybox-gpt-drops/partybox-gpt-drops
2026-10-09T11:55:16.6804229Z hint: Using 'master' as the name for the initial branch. This default branch name
2026-10-09T11:55:16.6806655Z hint: will change to "main" in Git 3.0. To configure the initial branch name
2026-10-09T11:55:16.6808350Z hint: to use in all of your new repositories, which will suppress this warning,
2026-10-09T11:55:16.6809681Z hint: call:
2026-10-09T11:55:16.6810716Z hint:
2026-10-09T11:55:16.6811676Z hint: 	git config --global init.defaultBranch <name>
2026-10-09T11:55:16.6812860Z hint:
2026-10-09T11:55:16.6813996Z hint: Names commonly chosen instead of 'master' are 'main', 'trunk' and
2026-10-09T11:55:16.6815507Z hint: 'development'. The just-created branch can be renamed via this command:
2026-10-09T11:55:16.6816771Z hint:
2026-10-09T11:55:16.6817443Z hint: 	git branch -m <name>
2026-10-09T11:55:16.6818198Z hint:
2026-10-09T11:55:16.6819151Z hint: Disable this message with "git config set advice.defaultBranchName false"
2026-10-09T11:55:16.6820905Z Initialized empty Git repository in /home/runner/work/partybox-gpt-drops/partybox-gpt-drops/.git/
2026-10-09T11:55:16.6824192Z [command]/usr/bin/git remote add origin https://github.com/luisitin/partybox-gpt-drops
2026-10-09T11:55:16.6900028Z ##[endgroup]
2026-10-09T11:55:16.6901212Z ##[group]Disabling automatic garbage collection
2026-10-09T11:55:16.6905234Z [command]/usr/bin/git config --local gc.auto 0
2026-10-09T11:55:16.6941339Z ##[endgroup]
2026-10-09T11:55:16.6942525Z ##[group]Setting up auth
2026-10-09T11:55:16.6949518Z [command]/usr/bin/git config --local --name-only --get-regexp core\.sshCommand
2026-10-09T11:55:16.6985428Z [command]/usr/bin/git submodule foreach --recursive sh -c "git config --local --name-only --get-regexp 'core\.sshCommand' && git config --local --unset-all 'core.sshCommand' || :"
2026-10-09T11:55:16.7337034Z [command]/usr/bin/git config --local --name-only --get-regexp http\.https\:\/\/github\.com\/\.extraheader
2026-10-09T11:55:16.7385967Z [command]/usr/bin/git submodule foreach --recursive sh -c "git config --local --name-only --get-regexp 'http\.https\:\/\/github\.com\/\.extraheader' && git config --local --unset-all 'http.https://github.com/.extraheader' || :"
2026-10-09T11:55:16.7639943Z [command]/usr/bin/git config --local --name-only --get-regexp ^includeIf\.gitdir:
2026-10-09T11:55:16.7680030Z [command]/usr/bin/git submodule foreach --recursive git config --local --show-origin --name-only --get-regexp remote.origin.url
2026-10-09T11:55:16.7922270Z [command]/usr/bin/git config --local http.https://github.com/.extraheader AUTHORIZATION: basic ***
2026-10-09T11:55:16.7966688Z ##[endgroup]
2026-10-09T11:55:16.7967900Z ##[group]Fetching the repository
2026-10-09T11:55:16.7980206Z [command]/usr/bin/git -c protocol.version=2 fetch --no-tags --prune --no-recurse-submodules --depth=1 origin +5f6256d4940f90833cb5d371cab64527a748c0e9:refs/remotes/pull/18/merge
2026-10-09T11:55:17.2440839Z From https://github.com/luisitin/partybox-gpt-drops
2026-10-09T11:55:17.2442242Z  * [new ref]         5f6256d4940f90833cb5d371cab64527a748c0e9 -> pull/18/merge
2026-10-09T11:55:17.2461909Z ##[endgroup]
2026-10-09T11:55:17.2462773Z ##[group]Determining the checkout info
2026-10-09T11:55:17.2463607Z ##[endgroup]
2026-10-09T11:55:17.2464399Z [command]/usr/bin/git sparse-checkout disable
2026-10-09T11:55:17.2511847Z [command]/usr/bin/git config --local --unset-all extensions.worktreeConfig
2026-10-09T11:55:17.2545739Z ##[group]Checking out the ref
2026-10-09T11:55:17.2549064Z [command]/usr/bin/git checkout --progress --force refs/remotes/pull/18/merge
2026-10-09T11:55:17.2718061Z Note: switching to 'refs/remotes/pull/18/merge'.
2026-10-09T11:55:17.2718995Z 
2026-10-09T11:55:17.2719701Z You are in 'detached HEAD' state. You can look around, make experimental
2026-10-09T11:55:17.2721264Z changes and commit them, and you can discard any commits you make in this
2026-10-09T11:55:17.2722284Z state without impacting any branches by switching back to a branch.
2026-10-09T11:55:17.2722865Z 
2026-10-09T11:55:17.2723267Z If you want to create a new branch to retain commits you create, you may
2026-10-09T11:55:17.2724488Z do so (now or later) by using -c with the switch command. Example:
2026-10-09T11:55:17.2725774Z 
2026-10-09T11:55:17.2726197Z   git switch -c <new-branch-name>
2026-10-09T11:55:17.2726876Z 
2026-10-09T11:55:17.2727260Z Or undo this operation with:
2026-10-09T11:55:17.2727779Z 
2026-10-09T11:55:17.2728104Z   git switch -
2026-10-09T11:55:17.2728500Z 
2026-10-09T11:55:17.2729164Z Turn off this advice by setting config variable advice.detachedHead to false
2026-10-09T11:55:17.2730092Z 
2026-10-09T11:55:17.2731155Z HEAD is now at 5f6256d Merge 67f3802febd095903edd8ee9afa9761dd3e6689a into 37b3f4f91c4ed7d8b3d0140bd57461623d26026e
2026-10-09T11:55:17.2735430Z ##[endgroup]
2026-10-09T11:55:17.2788598Z [command]/usr/bin/git log -1 --format=%H
2026-10-09T11:55:17.2819736Z 5f6256d4940f90833cb5d371cab64527a748c0e9
2026-10-09T11:55:17.3156299Z ##[group]Run actions/setup-python@v5
2026-10-09T11:55:17.3157025Z with:
2026-10-09T11:55:17.3157515Z   python-version: 3.12
2026-10-09T11:55:17.3158088Z   check-latest: false
2026-10-09T11:55:17.3163578Z   token: ***
2026-10-09T11:55:17.3164428Z   update-environment: true
2026-10-09T11:55:17.3165040Z   allow-prereleases: false
2026-10-09T11:55:17.3165628Z   freethreaded: false
2026-10-09T11:55:17.3166196Z ##[endgroup]
2026-10-09T11:55:17.4604976Z ##[group]Installed versions
2026-10-09T11:55:17.4685942Z (node:2300) [DEP0040] DeprecationWarning: The `punycode` module is deprecated. Please use a userland alternative instead.
2026-10-09T11:55:17.4688770Z (Use `node --trace-deprecation ...` to show where the warning was created)
2026-10-09T11:55:17.4689825Z Successfully set up CPython (3.12.15)
2026-10-09T11:55:17.4690944Z ##[endgroup]
2026-10-09T11:55:17.4919559Z ##[group]Run python -m pip install -r requirements.txt
2026-10-09T11:55:17.4921019Z [36;1mpython -m pip install -r requirements.txt[0m
2026-10-09T11:55:17.5289652Z shell: /usr/bin/bash -e {0}
2026-10-09T11:55:17.5290374Z env:
2026-10-09T11:55:17.5291026Z   pythonLocation: /opt/hostedtoolcache/Python/3.12.15/x64
2026-10-09T11:55:17.5292106Z   PKG_CONFIG_PATH: /opt/hostedtoolcache/Python/3.12.15/x64/lib/pkgconfig
2026-10-09T11:55:17.5293194Z   Python_ROOT_DIR: /opt/hostedtoolcache/Python/3.12.15/x64
2026-10-09T11:55:17.5294332Z   Python2_ROOT_DIR: /opt/hostedtoolcache/Python/3.12.15/x64
2026-10-09T11:55:17.5295290Z   Python3_ROOT_DIR: /opt/hostedtoolcache/Python/3.12.15/x64
2026-10-09T11:55:17.5296253Z   LD_LIBRARY_PATH: /opt/hostedtoolcache/Python/3.12.15/x64/lib
2026-10-09T11:55:17.5297071Z ##[endgroup]
2026-10-09T11:55:21.1784614Z Collecting jsonschema==4.26.0 (from -r requirements.txt (line 1))
2026-10-09T11:55:21.2254706Z   Downloading jsonschema-4.26.0-py3-none-any.whl.metadata (7.6 kB)
2026-10-09T11:55:21.2410400Z Collecting attrs>=22.2.0 (from jsonschema==4.26.0->-r requirements.txt (line 1))
2026-10-09T11:55:21.2443164Z   Downloading attrs-26.1.0-py3-none-any.whl.metadata (8.8 kB)
2026-10-09T11:55:21.2563100Z Collecting jsonschema-specifications>=2023.03.6 (from jsonschema==4.26.0->-r requirements.txt (line 1))
2026-10-09T11:55:21.2596148Z   Downloading jsonschema_specifications-2025.9.1-py3-none-any.whl.metadata (2.9 kB)
2026-10-09T11:55:21.2771836Z Collecting referencing>=0.28.4 (from jsonschema==4.26.0->-r requirements.txt (line 1))
2026-10-09T11:55:21.2809226Z   Downloading referencing-0.37.0-py3-none-any.whl.metadata (2.8 kB)
2026-10-09T11:55:21.5352582Z Collecting rpds-py>=0.25.0 (from jsonschema==4.26.0->-r requirements.txt (line 1))
2026-10-09T11:55:21.5387120Z   Downloading rpds_py-2026.9.1-cp312-cp312-manylinux_2_17_x86_64.manylinux2014_x86_64.whl.metadata (4.1 kB)
2026-10-09T11:55:21.5565625Z Collecting typing-extensions>=4.4.0 (from referencing>=0.28.4->jsonschema==4.26.0->-r requirements.txt (line 1))
2026-10-09T11:55:21.5617689Z   Downloading typing_extensions-4.16.0-py3-none-any.whl.metadata (3.3 kB)
2026-10-09T11:55:21.5723393Z Downloading jsonschema-4.26.0-py3-none-any.whl (90 kB)
2026-10-09T11:55:21.5803658Z Downloading attrs-26.1.0-py3-none-any.whl (67 kB)
2026-10-09T11:55:21.5871256Z Downloading jsonschema_specifications-2025.9.1-py3-none-any.whl (18 kB)
2026-10-09T11:55:21.5917847Z Downloading referencing-0.37.0-py3-none-any.whl (26 kB)
2026-10-09T11:55:21.5966581Z Downloading rpds_py-2026.9.1-cp312-cp312-manylinux_2_17_x86_64.manylinux2014_x86_64.whl (371 kB)
2026-10-09T11:55:21.6047919Z Downloading typing_extensions-4.16.0-py3-none-any.whl (45 kB)
2026-10-09T11:55:21.7934763Z Installing collected packages: typing-extensions, rpds-py, attrs, referencing, jsonschema-specifications, jsonschema
2026-10-09T11:55:21.9908531Z 
2026-10-09T11:55:21.9926798Z Successfully installed attrs-26.1.0 jsonschema-4.26.0 jsonschema-specifications-2025.9.1 referencing-0.37.0 rpds-py-2026.9.1 typing-extensions-4.16.0
2026-10-09T11:55:22.0560141Z ##[group]Run python verify.py --structural --checksums
2026-10-09T11:55:22.0560586Z [36;1mpython verify.py --structural --checksums[0m
2026-10-09T11:55:22.0633468Z shell: /usr/bin/bash -e {0}
2026-10-09T11:55:22.0633760Z env:
2026-10-09T11:55:22.0634282Z   pythonLocation: /opt/hostedtoolcache/Python/3.12.15/x64
2026-10-09T11:55:22.0634756Z   PKG_CONFIG_PATH: /opt/hostedtoolcache/Python/3.12.15/x64/lib/pkgconfig
2026-10-09T11:55:22.0635235Z   Python_ROOT_DIR: /opt/hostedtoolcache/Python/3.12.15/x64
2026-10-09T11:55:22.0635630Z   Python2_ROOT_DIR: /opt/hostedtoolcache/Python/3.12.15/x64
2026-10-09T11:55:22.0636042Z   Python3_ROOT_DIR: /opt/hostedtoolcache/Python/3.12.15/x64
2026-10-09T11:55:22.0636427Z   LD_LIBRARY_PATH: /opt/hostedtoolcache/Python/3.12.15/x64/lib
2026-10-09T11:55:22.0636803Z ##[endgroup]
2026-10-09T11:55:22.8605255Z PASS CLOSED_JSON_SCHEMAS: 62/62
2026-10-09T11:55:22.8605738Z PASS UNIQUE_ID_COLLECTIONS: 32/32
2026-10-09T11:55:22.8606287Z PASS SEVEN_BOARD_TWO_PUBLISHER_ROSTER: 7/7
2026-10-09T11:55:22.8606917Z PASS EVERY_RECORDED_FACT_HAS_SOURCE: 518/518
2026-10-09T11:55:22.8607351Z PASS FACT_QUOTATION_REFERENCES: 716/716
2026-10-09T11:55:22.8607800Z PASS SHORT_QUOTE_BUDGETS_AND_LINEAGES: 30/30
2026-10-09T11:55:22.8608220Z PASS EVERY_SOURCE_REOPENED_A_B: 56/56
2026-10-09T11:55:22.8608640Z PASS QUOTATIONS_RECOVERED_BOTH_PASSES: 794/794
2026-10-09T11:55:22.8609167Z PASS SOURCE_CAPTURE_REPORT_REFERENCES: 56/56
2026-10-09T11:55:22.8609664Z PASS SPACE_PROFILE_SUMS_AND_CONFLICT_DISCLOSURE: 16/16
2026-10-09T11:55:22.8610149Z PASS INDIVIDUAL_TYPE_COUNT_ROWS: 176/176
2026-10-09T11:55:22.8610558Z PASS SHOP_INVENTORY_ITEM_ROWS: 215/215
2026-10-09T11:55:22.8610974Z PASS FRESH_SOURCE_CELL_COMPARISONS_A_B: 782/782
2026-10-09T11:55:22.8611483Z PASS EVENT_TRIGGER_EFFECT_SOURCE_OR_EXPLICIT_GAP: 38/38
2026-10-09T11:55:22.8611949Z PASS SHARED_RULE_REFERENCES: 126/126
2026-10-09T11:55:22.8612340Z PASS CITED_REGIONAL_MAP_LINKS: 11/11
2026-10-09T11:55:22.8612799Z PASS MAP_IMAGE_REOPEN_AND_VISUAL_REVIEW_A_B: 20/20
2026-10-09T11:55:22.8613253Z PASS ALL_RETAINED_ROWS_PASS_A: 593/593
2026-10-09T11:55:22.8613698Z PASS ALL_RETAINED_ROWS_PASS_B: 593/593
2026-10-09T11:55:22.8614374Z PASS REVIEWED_ROW_CONTENT_FINGERPRINTS: 593/593
2026-10-09T11:55:22.8614818Z PASS BOARD_DOCUMENT_REQUIRED_SECTIONS: 7/7
2026-10-09T11:55:22.8615235Z PASS BOARD_DOC_TABLES_MATCH_JSON: 51/51
2026-10-09T11:55:22.8615651Z PASS ALL_FACTUAL_CONFLICTS_PRESERVED: 18/18
2026-10-09T11:55:22.8616093Z PASS DELIBERATE_REJECTION_FIXTURES: 14/14
2026-10-09T11:55:22.8616502Z PASS FILE_SIZE_LIMIT: 106/106
2026-10-09T11:55:22.8616854Z PASS SHA256_MANIFEST: 105/105
2026-10-09T11:55:22.8617349Z STRUCTURAL_RESULT=PASS; suites=26; cases=5735; seed=N/A (deterministic)
2026-10-09T11:55:22.8809266Z ##[group]Run set +e
2026-10-09T11:55:22.8809542Z [36;1mset +e[0m
2026-10-09T11:55:22.8809769Z [36;1mpython verify.py --strict[0m
2026-10-09T11:55:22.8810036Z [36;1mresult=$?[0m
2026-10-09T11:55:22.8810250Z [36;1mset -e[0m
2026-10-09T11:55:22.8810469Z [36;1mtest "$result" -eq 1[0m
2026-10-09T11:55:22.8880312Z shell: /usr/bin/bash --noprofile --norc -e -o pipefail {0}
2026-10-09T11:55:22.8880681Z env:
2026-10-09T11:55:22.8880962Z   pythonLocation: /opt/hostedtoolcache/Python/3.12.15/x64
2026-10-09T11:55:22.8881409Z   PKG_CONFIG_PATH: /opt/hostedtoolcache/Python/3.12.15/x64/lib/pkgconfig
2026-10-09T11:55:22.8881838Z   Python_ROOT_DIR: /opt/hostedtoolcache/Python/3.12.15/x64
2026-10-09T11:55:22.8882426Z   Python2_ROOT_DIR: /opt/hostedtoolcache/Python/3.12.15/x64
2026-10-09T11:55:22.8882816Z   Python3_ROOT_DIR: /opt/hostedtoolcache/Python/3.12.15/x64
2026-10-09T11:55:22.8883195Z   LD_LIBRARY_PATH: /opt/hostedtoolcache/Python/3.12.15/x64/lib
2026-10-09T11:55:22.8883623Z ##[endgroup]
2026-10-09T11:55:23.6592998Z PASS CLOSED_JSON_SCHEMAS: 62/62
2026-10-09T11:55:23.6593458Z PASS UNIQUE_ID_COLLECTIONS: 32/32
2026-10-09T11:55:23.6594026Z PASS SEVEN_BOARD_TWO_PUBLISHER_ROSTER: 7/7
2026-10-09T11:55:23.6594370Z PASS EVERY_RECORDED_FACT_HAS_SOURCE: 518/518
2026-10-09T11:55:23.6594680Z PASS FACT_QUOTATION_REFERENCES: 716/716
2026-10-09T11:55:23.6594982Z PASS SHORT_QUOTE_BUDGETS_AND_LINEAGES: 30/30
2026-10-09T11:55:23.6595283Z PASS EVERY_SOURCE_REOPENED_A_B: 56/56
2026-10-09T11:55:23.6595594Z PASS QUOTATIONS_RECOVERED_BOTH_PASSES: 794/794
2026-10-09T11:55:23.6595924Z PASS SOURCE_CAPTURE_REPORT_REFERENCES: 56/56
2026-10-09T11:55:23.6596306Z PASS SPACE_PROFILE_SUMS_AND_CONFLICT_DISCLOSURE: 16/16
2026-10-09T11:55:23.6596643Z PASS INDIVIDUAL_TYPE_COUNT_ROWS: 176/176
2026-10-09T11:55:23.6596934Z PASS SHOP_INVENTORY_ITEM_ROWS: 215/215
2026-10-09T11:55:23.6597231Z PASS FRESH_SOURCE_CELL_COMPARISONS_A_B: 782/782
2026-10-09T11:55:23.6597583Z PASS EVENT_TRIGGER_EFFECT_SOURCE_OR_EXPLICIT_GAP: 38/38
2026-10-09T11:55:23.6597926Z PASS SHARED_RULE_REFERENCES: 126/126
2026-10-09T11:55:23.6598199Z PASS CITED_REGIONAL_MAP_LINKS: 11/11
2026-10-09T11:55:23.6598495Z PASS MAP_IMAGE_REOPEN_AND_VISUAL_REVIEW_A_B: 20/20
2026-10-09T11:55:23.6598809Z PASS ALL_RETAINED_ROWS_PASS_A: 593/593
2026-10-09T11:55:23.6599083Z PASS ALL_RETAINED_ROWS_PASS_B: 593/593
2026-10-09T11:55:23.6599377Z PASS REVIEWED_ROW_CONTENT_FINGERPRINTS: 593/593
2026-10-09T11:55:23.6599686Z PASS BOARD_DOCUMENT_REQUIRED_SECTIONS: 7/7
2026-10-09T11:55:23.6599979Z PASS BOARD_DOC_TABLES_MATCH_JSON: 51/51
2026-10-09T11:55:23.6600273Z PASS ALL_FACTUAL_CONFLICTS_PRESERVED: 18/18
2026-10-09T11:55:23.6600579Z PASS DELIBERATE_REJECTION_FIXTURES: 14/14
2026-10-09T11:55:23.6600866Z PASS FILE_SIZE_LIMIT: 106/106
2026-10-09T11:55:23.6601225Z STRUCTURAL_RESULT=PASS; suites=25; cases=5630; seed=N/A (deterministic)
2026-10-09T11:55:23.6601621Z FULL_FACTS_TWO_SOURCE=97/518; FAIL
2026-10-09T11:55:23.6601913Z CURRENT_EVENT_TRIGGER_EFFECT=37/38; FAIL
2026-10-09T11:55:23.6602372Z EXACT_NUMBERED_MAPS=0/7; descriptive UNVERIFIED provenance; cited regional maps supplied
2026-10-09T11:55:23.6602814Z NINTENDO_GAMEPLAY_EXECUTED=NO
2026-10-09T11:55:23.6603081Z STRICT_RESEARCH_RESULT=NOT_MET; exit=1
2026-10-09T11:55:23.6858924Z Post job cleanup.
2026-10-09T11:55:23.8076694Z (node:2339) [DEP0040] DeprecationWarning: The `punycode` module is deprecated. Please use a userland alternative instead.
2026-10-09T11:55:23.8077412Z (Use `node --trace-deprecation ...` to show where the warning was created)
2026-10-09T11:55:23.8298279Z Post job cleanup.
2026-10-09T11:55:23.9214748Z [command]/usr/bin/git version
2026-10-09T11:55:23.9255607Z git version 2.55.0
2026-10-09T11:55:23.9292736Z Temporarily overriding HOME='/home/runner/work/_temp/0a084342-fac1-4fea-81f6-70605ddb84f6' before making global git config changes
2026-10-09T11:55:23.9294205Z Adding repository directory to the temporary git global config as a safe directory
2026-10-09T11:55:23.9299197Z [command]/usr/bin/git config --global --add safe.directory /home/runner/work/partybox-gpt-drops/partybox-gpt-drops
2026-10-09T11:55:23.9343415Z [command]/usr/bin/git config --local --name-only --get-regexp core\.sshCommand
2026-10-09T11:55:23.9382206Z [command]/usr/bin/git submodule foreach --recursive sh -c "git config --local --name-only --get-regexp 'core\.sshCommand' && git config --local --unset-all 'core.sshCommand' || :"
2026-10-09T11:55:23.9649908Z [command]/usr/bin/git config --local --name-only --get-regexp http\.https\:\/\/github\.com\/\.extraheader
2026-10-09T11:55:23.9677687Z http.https://github.com/.extraheader
2026-10-09T11:55:23.9690067Z [command]/usr/bin/git config --local --unset-all http.https://github.com/.extraheader
2026-10-09T11:55:23.9730894Z [command]/usr/bin/git submodule foreach --recursive sh -c "git config --local --name-only --get-regexp 'http\.https\:\/\/github\.com\/\.extraheader' && git config --local --unset-all 'http.https://github.com/.extraheader' || :"
2026-10-09T11:55:24.0001685Z [command]/usr/bin/git config --local --name-only --get-regexp ^includeIf\.gitdir:
2026-10-09T11:55:24.0042171Z [command]/usr/bin/git submodule foreach --recursive git config --local --show-origin --name-only --get-regexp remote.origin.url
2026-10-09T11:55:24.0458848Z Cleaning up orphan processes
2026-10-09T11:55:24.0749067Z ##[warning]Node.js 20 is deprecated. The following actions target Node.js 20 but are being forced to run on Node.js 24: actions/checkout@v4, actions/setup-python@v5. For more information see: https://github.blog/changelog/2025-09-19-deprecation-of-node-20-on-github-actions-runners/
