2026-10-08T22:07:49.8182011Z Current runner version: '2.337.0'
2026-10-08T22:07:49.8198586Z ##[group]Runner Image Provisioner
2026-10-08T22:07:49.8199157Z Hosted Compute Agent
2026-10-08T22:07:49.8199547Z Version: 20261002.596
2026-10-08T22:07:49.8199917Z Commit: c3d12f3313a95f25162a1503be624f3b0617f8c0
2026-10-08T22:07:49.8200378Z Build Date: 2026-10-02T22:28:27Z
2026-10-08T22:07:49.8200782Z Worker ID: {68f33e12-e89a-48e0-ae21-9cb09f1df7ce}
2026-10-08T22:07:49.8201190Z Region: southcentralus
2026-10-08T22:07:49.8201633Z Cloud: Azure
2026-10-08T22:07:49.8201965Z ##[endgroup]
2026-10-08T22:07:49.8202740Z ##[group]Operating System
2026-10-08T22:07:49.8203095Z Ubuntu
2026-10-08T22:07:49.8203396Z 24.04.5
2026-10-08T22:07:49.8203774Z LTS
2026-10-08T22:07:49.8204139Z ##[endgroup]
2026-10-08T22:07:49.8204480Z ##[group]Runner Image
2026-10-08T22:07:49.8204838Z Image: ubuntu-24.04
2026-10-08T22:07:49.8205177Z Version: 20261004.327.1
2026-10-08T22:07:49.8205981Z Included Software: https://github.com/actions/runner-images/blob/ubuntu24/20261004.327/images/ubuntu/Ubuntu2404-Readme.md
2026-10-08T22:07:49.8207092Z Image Release: https://github.com/actions/runner-images/releases/tag/ubuntu24%2F20261004.327
2026-10-08T22:07:49.8207654Z ##[endgroup]
2026-10-08T22:07:49.8208358Z ##[group]GITHUB_TOKEN Permissions
2026-10-08T22:07:49.8209544Z Contents: read
2026-10-08T22:07:49.8209869Z Metadata: read
2026-10-08T22:07:49.8210261Z ##[endgroup]
2026-10-08T22:07:49.8211486Z Secret source: Actions
2026-10-08T22:07:49.8212093Z Cache mode: write
2026-10-08T22:07:49.8212532Z Prepare workflow directory
2026-10-08T22:07:49.8456476Z Prepare all required actions
2026-10-08T22:07:49.8488949Z Getting action download info
2026-10-08T22:07:50.0955331Z Download action repository 'actions/checkout@v4' (SHA:11d5960a326750d5838078e36cf38b85af677262)
2026-10-08T22:07:50.1769290Z Download action repository 'actions/setup-node@v4' (SHA:49933ea5288caeca8642d1e84afbd3f7d6820020)
2026-10-08T22:07:50.2733467Z Download action repository 'actions/upload-artifact@v4' (SHA:ea165f8d65b6e75b540449e92b4886f43607fa02)
2026-10-08T22:07:50.4823712Z Complete job name: verify
2026-10-08T22:07:50.5274619Z ##[group]Run actions/checkout@v4
2026-10-08T22:07:50.5275018Z with:
2026-10-08T22:07:50.5275277Z   ref: fddfd508bd108a09fe04a65398de2aac43682213
2026-10-08T22:07:50.5275619Z   repository: luisitin/partybox-gpt-drops
2026-10-08T22:07:50.5277882Z   token: ***
2026-10-08T22:07:50.5278108Z   ssh-strict: true
2026-10-08T22:07:50.5278343Z   ssh-user: git
2026-10-08T22:07:50.5278580Z   persist-credentials: true
2026-10-08T22:07:50.5278845Z   clean: true
2026-10-08T22:07:50.5279085Z   sparse-checkout-cone-mode: true
2026-10-08T22:07:50.5279366Z   fetch-depth: 1
2026-10-08T22:07:50.5279597Z   fetch-tags: false
2026-10-08T22:07:50.5279839Z   show-progress: true
2026-10-08T22:07:50.5280077Z   lfs: false
2026-10-08T22:07:50.5280298Z   submodules: false
2026-10-08T22:07:50.5280538Z   set-safe-directory: true
2026-10-08T22:07:50.5280811Z   allow-unsafe-pr-checkout: false
2026-10-08T22:07:50.5281162Z ##[endgroup]
2026-10-08T22:07:50.5923327Z Syncing repository: luisitin/partybox-gpt-drops
2026-10-08T22:07:50.5925162Z ##[group]Getting Git version info
2026-10-08T22:07:50.5925874Z Working directory is '/home/runner/work/partybox-gpt-drops/partybox-gpt-drops'
2026-10-08T22:07:50.5926823Z [command]/usr/bin/git version
2026-10-08T22:07:50.6006859Z git version 2.55.0
2026-10-08T22:07:50.6026523Z ##[endgroup]
2026-10-08T22:07:50.6036341Z Temporarily overriding HOME='/home/runner/work/_temp/e5ebb055-64a0-462f-a0ec-750037f44250' before making global git config changes
2026-10-08T22:07:50.6047166Z Adding repository directory to the temporary git global config as a safe directory
2026-10-08T22:07:50.6048260Z [command]/usr/bin/git config --global --add safe.directory /home/runner/work/partybox-gpt-drops/partybox-gpt-drops
2026-10-08T22:07:50.6082155Z Deleting the contents of '/home/runner/work/partybox-gpt-drops/partybox-gpt-drops'
2026-10-08T22:07:50.6085849Z ##[group]Initializing the repository
2026-10-08T22:07:50.6088904Z [command]/usr/bin/git init /home/runner/work/partybox-gpt-drops/partybox-gpt-drops
2026-10-08T22:07:50.6199125Z hint: Using 'master' as the name for the initial branch. This default branch name
2026-10-08T22:07:50.6200048Z hint: will change to "main" in Git 3.0. To configure the initial branch name
2026-10-08T22:07:50.6202828Z hint: to use in all of your new repositories, which will suppress this warning,
2026-10-08T22:07:50.6203492Z hint: call:
2026-10-08T22:07:50.6203819Z hint:
2026-10-08T22:07:50.6204292Z hint: 	git config --global init.defaultBranch <name>
2026-10-08T22:07:50.6204836Z hint:
2026-10-08T22:07:50.6205344Z hint: Names commonly chosen instead of 'master' are 'main', 'trunk' and
2026-10-08T22:07:50.6206163Z hint: 'development'. The just-created branch can be renamed via this command:
2026-10-08T22:07:50.6207265Z hint:
2026-10-08T22:07:50.6207626Z hint: 	git branch -m <name>
2026-10-08T22:07:50.6208013Z hint:
2026-10-08T22:07:50.6208528Z hint: Disable this message with "git config set advice.defaultBranchName false"
2026-10-08T22:07:50.6209505Z Initialized empty Git repository in /home/runner/work/partybox-gpt-drops/partybox-gpt-drops/.git/
2026-10-08T22:07:50.6211188Z [command]/usr/bin/git remote add origin https://github.com/luisitin/partybox-gpt-drops
2026-10-08T22:07:50.6262496Z ##[endgroup]
2026-10-08T22:07:50.6263119Z ##[group]Disabling automatic garbage collection
2026-10-08T22:07:50.6264642Z [command]/usr/bin/git config --local gc.auto 0
2026-10-08T22:07:50.6295532Z ##[endgroup]
2026-10-08T22:07:50.6296114Z ##[group]Setting up auth
2026-10-08T22:07:50.6301202Z [command]/usr/bin/git config --local --name-only --get-regexp core\.sshCommand
2026-10-08T22:07:50.6331844Z [command]/usr/bin/git submodule foreach --recursive sh -c "git config --local --name-only --get-regexp 'core\.sshCommand' && git config --local --unset-all 'core.sshCommand' || :"
2026-10-08T22:07:50.6628107Z [command]/usr/bin/git config --local --name-only --get-regexp http\.https\:\/\/github\.com\/\.extraheader
2026-10-08T22:07:50.6656046Z [command]/usr/bin/git submodule foreach --recursive sh -c "git config --local --name-only --get-regexp 'http\.https\:\/\/github\.com\/\.extraheader' && git config --local --unset-all 'http.https://github.com/.extraheader' || :"
2026-10-08T22:07:50.6831013Z [command]/usr/bin/git config --local --name-only --get-regexp ^includeIf\.gitdir:
2026-10-08T22:07:50.6859817Z [command]/usr/bin/git submodule foreach --recursive git config --local --show-origin --name-only --get-regexp remote.origin.url
2026-10-08T22:07:50.7030949Z [command]/usr/bin/git config --local http.https://github.com/.extraheader AUTHORIZATION: basic ***
2026-10-08T22:07:50.7064250Z ##[endgroup]
2026-10-08T22:07:50.7064790Z ##[group]Fetching the repository
2026-10-08T22:07:50.7070317Z [command]/usr/bin/git -c protocol.version=2 fetch --no-tags --prune --no-recurse-submodules --depth=1 origin fddfd508bd108a09fe04a65398de2aac43682213
2026-10-08T22:07:51.5255360Z From https://github.com/luisitin/partybox-gpt-drops
2026-10-08T22:07:51.5256774Z  * branch            fddfd508bd108a09fe04a65398de2aac43682213 -> FETCH_HEAD
2026-10-08T22:07:51.5259514Z ##[endgroup]
2026-10-08T22:07:51.5260467Z ##[group]Determining the checkout info
2026-10-08T22:07:51.5261533Z ##[endgroup]
2026-10-08T22:07:51.5264683Z [command]/usr/bin/git sparse-checkout disable
2026-10-08T22:07:51.5320526Z [command]/usr/bin/git config --local --unset-all extensions.worktreeConfig
2026-10-08T22:07:51.5495953Z ##[group]Checking out the ref
2026-10-08T22:07:51.5497889Z [command]/usr/bin/git checkout --progress --force fddfd508bd108a09fe04a65398de2aac43682213
2026-10-08T22:07:51.6149871Z Note: switching to 'fddfd508bd108a09fe04a65398de2aac43682213'.
2026-10-08T22:07:51.6150871Z 
2026-10-08T22:07:51.6151508Z You are in 'detached HEAD' state. You can look around, make experimental
2026-10-08T22:07:51.6153036Z changes and commit them, and you can discard any commits you make in this
2026-10-08T22:07:51.6154569Z state without impacting any branches by switching back to a branch.
2026-10-08T22:07:51.6155713Z 
2026-10-08T22:07:51.6156462Z If you want to create a new branch to retain commits you create, you may
2026-10-08T22:07:51.6157919Z do so (now or later) by using -c with the switch command. Example:
2026-10-08T22:07:51.6158744Z 
2026-10-08T22:07:51.6159118Z   git switch -c <new-branch-name>
2026-10-08T22:07:51.6159771Z 
2026-10-08T22:07:51.6160236Z Or undo this operation with:
2026-10-08T22:07:51.6160885Z 
2026-10-08T22:07:51.6161299Z   git switch -
2026-10-08T22:07:51.6161818Z 
2026-10-08T22:07:51.6162535Z Turn off this advice by setting config variable advice.detachedHead to false
2026-10-08T22:07:51.6163383Z 
2026-10-08T22:07:51.6164105Z HEAD is now at fddfd50 B19 preserve required KEEP failure and rejected mapping experiment
2026-10-08T22:07:51.6167860Z ##[endgroup]
2026-10-08T22:07:51.6205665Z [command]/usr/bin/git log -1 --format=%H
2026-10-08T22:07:51.6228482Z fddfd508bd108a09fe04a65398de2aac43682213
2026-10-08T22:07:51.6715513Z ##[group]Run actions/setup-node@v4
2026-10-08T22:07:51.6716359Z with:
2026-10-08T22:07:51.6716889Z   node-version: 22
2026-10-08T22:07:51.6717450Z   always-auth: false
2026-10-08T22:07:51.6718023Z   check-latest: false
2026-10-08T22:07:51.6723840Z   token: ***
2026-10-08T22:07:51.6724371Z ##[endgroup]
2026-10-08T22:07:51.7674824Z Found in cache @ /opt/hostedtoolcache/node/22.23.3/x64
2026-10-08T22:07:51.7678423Z (node:2107) [DEP0040] DeprecationWarning: The `punycode` module is deprecated. Please use a userland alternative instead.
2026-10-08T22:07:51.7680385Z (Use `node --trace-deprecation ...` to show where the warning was created)
2026-10-08T22:07:51.7681879Z ##[group]Environment details
2026-10-08T22:07:52.0863903Z node: v22.23.3
2026-10-08T22:07:52.0864275Z npm: 10.9.9
2026-10-08T22:07:52.0864487Z yarn: 1.22.22
2026-10-08T22:07:52.0865515Z ##[endgroup]
2026-10-08T22:07:52.0990589Z ##[group]Run npm ci --ignore-scripts --no-audit --no-fund
2026-10-08T22:07:52.0990943Z [36;1mnpm ci --ignore-scripts --no-audit --no-fund[0m
2026-10-08T22:07:52.1229924Z shell: /usr/bin/bash -e {0}
2026-10-08T22:07:52.1230151Z ##[endgroup]
2026-10-08T22:07:52.8693991Z 
2026-10-08T22:07:52.9011439Z added 1 package in 705ms
2026-10-08T22:07:52.9037698Z ##[group]Run npm test
2026-10-08T22:07:52.9037867Z [36;1mnpm test[0m
2026-10-08T22:07:52.9090729Z shell: /usr/bin/bash -e {0}
2026-10-08T22:07:52.9090879Z ##[endgroup]
2026-10-08T22:07:52.9733343Z 
2026-10-08T22:07:52.9733793Z > b19-name-filter@1.0.0 test
2026-10-08T22:07:52.9734111Z > npm run build && node tests/run.mjs
2026-10-08T22:07:52.9734230Z 
2026-10-08T22:07:53.0340705Z 
2026-10-08T22:07:53.0341163Z > b19-name-filter@1.0.0 build
2026-10-08T22:07:53.0341485Z > tsc -p tsconfig.json
2026-10-08T22:07:53.0341591Z 
2026-10-08T22:07:53.5845850Z CORPORA_RETAINED_SNAPSHOT_RESTORED
2026-10-08T22:07:53.5850491Z CORPORA_CACHE_VERIFIED {"sources": [{"id": "male", "url": "https://www2.census.gov/topics/genealogy/1990surnames/dist.male.first", "bytes": 42665, "sha256": "0a5078ef6effe3b483d15b0f7f95047662126c9bfb624ecd5e5b978fc0f2470b"}, {"id": "female", "url": "https://www2.census.gov/topics/genealogy/1990surnames/dist.female.first", "bytes": 149625, "sha256": "bd2f310fc4e5d5e5ea122c9d4342c9821145823118eb20db1647f305ec77b358"}, {"id": "last", "url": "https://www2.census.gov/topics/genealogy/1990surnames/dist.all.last", "bytes": 3107965, "sha256": "b0e2b3743ccbad641ca48b344c24cdebcd1d9a1f76dc6dbf05986f2919f0b4e1"}, {"id": "words", "url": "https://raw.githubusercontent.com/first20hours/google-10000-english/master/google-10000-english.txt", "bytes": 75888, "sha256": "9c965d384526facc59260e94f8ccff1582633fa385004abe1455ed457062acbc"}, {"id": "places", "url": "https://download.geonames.org/export/dump/cities15000.zip", "bytes": 3360467, "sha256": "865724f89e3274c5172df2f6068596dfb25bb604737ac2711b5ca6d31aebbf32"}], "outputs": [{"file": "names.json", "count": 20000, "bytes": 1178061, "sha256": "98ea30b5406ed5abdf5587dc3d4117ad0c4f60208657eb3317fe0b6007eeedab"}, {"file": "words.json", "count": 10000, "bytes": 534784, "sha256": "458a956fc9c3c415eb44b23394d88ddf18e26fb9fd3ca116e26f6c7dae6449a3"}, {"file": "places.json", "count": 2000, "bytes": 187002, "sha256": "3e865402f14e284327d6c69b807008faef092dfcb7841322d40eaf0da9324cac"}], "selection": "5000 unique 1990 given names by max sex-specific frequency; append highest-ranked distinct surnames to 20000; all 10000 English entries unfiltered; 2000 unique GeoNames city names by descending population. No moderation-based exclusions."}
2026-10-08T22:07:53.5853824Z 
2026-10-08T22:07:53.5969349Z {"name":"public-corpus-acquisition","cases":1,"passed":1,"seed":null,"command":"node tests/run.mjs"}
2026-10-08T22:07:53.7346104Z {"name":"retained-original-snapshot-offline-and-corruption","cases":8,"passed":8,"seed":1,"command":"python3 tests/retained-snapshot.py","output":{"cases":8,"passed":8,"checks":["clean offline restoration: all32000 original rows and exact byte hashes","verified cache reuse without live network","changed byte rejected before cache writes","missing corpus rejected","missing manifest rejected","unsupported snapshot manifest rejected","truncated valid JSON corpus rejected","corrupt existing cache rejected without replacement"],"networkCalls":0}}
2026-10-08T22:07:53.8115889Z {"name":"delivery-file-size-and-checksums","cases":2,"passed":2,"seed":1,"command":"node tests/run.mjs","files":463,"checked":463,"failures":[],"rootManifestPresent":true,"maxFileBytes":3071339}
2026-10-08T22:07:53.8120948Z {"name":"immutable-return-values","cases":3,"passed":3,"seed":1,"command":"node tests/run.mjs"}
2026-10-08T22:07:53.8122347Z {"name":"failure-suggestions-map-and-frozen","cases":5,"passed":5,"seed":1,"command":"node tests/run.mjs"}
2026-10-08T22:07:53.8171995Z {"name":"additional-given-names-and-exception-bypass","cases":30,"passed":30,"seed":1,"command":"node tests/run.mjs","productionErrors":[],"blindErrors":[]}
2026-10-08T22:07:53.8173250Z {"name":"policy-copy-consistency-and-no-duplicate-terms","cases":3,"passed":3,"seed":1,"command":"node tests/run.mjs"}
2026-10-08T22:07:54.1650553Z {"name":"strict-TypeScript","cases":1,"passed":1,"seed":1,"command":"tsc -p tsconfig.json --noEmit","output":""}
2026-10-08T22:07:54.1750141Z {"name":"length-pruned-matcher-blind-boundaries","cases":24873,"passed":24873,"seed":1,"command":"node tests/run.mjs","errors":[]}
2026-10-08T22:07:54.2081739Z {"name":"generator-byte-identical-replay-and-coverage","cases":2,"passed":2,"seed":1,"command":"node tests/run.mjs"}
2026-10-08T22:07:54.2118494Z {"name":"handwritten-format-and-Scunthorpe","cases":459,"passed":459,"seed":1,"command":"node tests/run.mjs","errors":[]}
2026-10-08T22:07:54.2138161Z {"name":"exhaustive-declared-single-glyph-substitution","cases":1371,"passed":1371,"seed":1,"command":"node tests/run.mjs","errors":[]}
2026-10-08T22:07:54.2157673Z {"name":"precompiled-Unicode-policy-context-differential","cases":1296,"passed":1296,"seed":1,"command":"node tests/run.mjs","errors":[]}
2026-10-08T22:07:54.2174353Z {"name":"precompiled-printable-width-and-latin1-context-differential","cases":1422,"passed":1422,"seed":1,"command":"node tests/run.mjs","errors":[]}
2026-10-08T22:07:54.2267030Z {"name":"generated-obfuscations","cases":5000,"passed":5000,"seed":1,"command":"node tests/run.mjs","misses":0,"errors":[],"coverage":{"anal":88,"anus":88,"arsehole":72,"bastard":80,"bitch":88,"blowjob":80,"boner":88,"boob":88,"boobs":88,"bukkake":80,"chink":88,"clit":88,"cock":88,"coon":87,"cunt":87,"cum":86,"cumshot":79,"dick":87,"dildo":87,"douche":85,"dyke":87,"fag":87,"faggot":83,"fuck":87,"gook":87,"handjob":83,"hentai":82,"jizz":85,"kike":87,"nigga":87,"nigger":84,"orgasm":86,"paedophile":49,"pedophile":51,"penis":87,"porn":87,"pussy":86,"rape":87,"retard":86,"rimjob":84,"semen":87,"sex":84,"shemale":80,"slut":87,"spic":87,"spunk":87,"testicle":67,"tits":87,"titties":77,"titty":87,"tranny":83,"twat":87,"vagina":86,"wank":87,"wetback":79,"whore":87,"asshole":80,"bollocks":71,"fellatio":70,"masturbate":39,"ejaculation":23,"motherfucker":18,"masturbation":16},"attempts":5496}
2026-10-08T22:07:54.2284239Z {"name":"names-count-and-uniqueness","cases":2,"passed":2,"seed":1,"command":"node tests/run.mjs","rows":20000,"unique":20000}
2026-10-08T22:07:54.2514231Z {"name":"names-reviewed-corpus-policy","cases":20000,"passed":20000,"seed":1,"command":"node tests/run.mjs","accepted":19989,"rejected":11,"reviewed":11,"unexpected":0,"stale":0,"zeroRejections":false}
2026-10-08T22:07:54.2515412Z {"name":"names-reviewed-baseline-no-stale-entries","cases":1,"passed":1,"seed":1,"command":"node tests/run.mjs"}
2026-10-08T22:07:54.2524944Z CORPUS_REJECTIONS names [{"name":"lana","source":"female","sourceRank":470,"sourceFrequency":0.029,"reason":"blocked","review":"Full-word reversal of anal. Allowing the same case-insensitive string would admit a supported blocked-term reversal."},{"name":"dick","source":"male","sourceRank":721,"sourceFrequency":0.009,"reason":"blocked","review":"The Census name is identical to a blocked sexual term. Intent cannot be recovered from these characters."},{"name":"bonner","source":"last","sourceRank":855,"reason":"blocked","review":"Full-word repeated-letter spelling of boner (extra n). Allowing it conflicts with the declared repetition rule."},{"name":"coon","source":"last","sourceRank":1779,"reason":"blocked","review":"The Census surname is identical to a blocked racial slur. The filter has no name-intent context."},{"name":"dykes","source":"last","sourceRank":2116,"reason":"blocked","review":"The Census surname also spells a plural of the blocked slur dyke; kept under the explicit plural policy."},{"name":"coons","source":"last","sourceRank":4271,"reason":"blocked","review":"The Census surname also spells a plural of the blocked slur coon; kept under the explicit plural policy."},{"name":"stitt","source":"last","sourceRank":4377,"reason":"blocked","review":"The whole reversed string is ttits: a repeated-letter obfuscation of tits."},{"name":"raper","source":"last","sourceRank":5858,"reason":"blocked","review":"The Census surname overlaps an agent-noun form of rape; kept under the explicit sexual-violence policy."},{"name":"dicks","source":"last","sourceRank":6404,"reason":"blocked","review":"The Census surname also spells a plural of the blocked sexual term dick; kept under the explicit plural policy."},{"name":"dyke","source":"last","sourceRank":6707,"reason":"blocked","review":"The Census surname is identical to a blocked slur. Non-abusive meanings do not change its characters."},{"name":"boner","source":"last","sourceRank":10257,"reason":"blocked","review":"The Census surname is identical to a blocked sexual term."}]
2026-10-08T22:07:54.2531835Z {"name":"words-count-and-uniqueness","cases":2,"passed":2,"seed":1,"command":"node tests/run.mjs","rows":10000,"unique":10000}
2026-10-08T22:07:54.2653023Z {"name":"words-reviewed-corpus-policy","cases":10000,"passed":10000,"seed":1,"command":"node tests/run.mjs","accepted":9951,"rejected":49,"reviewed":49,"unexpected":0,"stale":0,"zeroRejections":false}
2026-10-08T22:07:54.2654210Z {"name":"words-reviewed-baseline-no-stale-entries","cases":1,"passed":1,"seed":1,"command":"node tests/run.mjs"}
2026-10-08T22:07:54.2683761Z CORPUS_REJECTIONS words [{"name":"sex","source":"words","sourceRank":182,"reason":"blocked","review":"Sexual/profanity token or inflected adult-content form; deliberate lexical-policy rejection."},{"name":"porn","source":"words","sourceRank":659,"reason":"blocked","review":"Sexual/profanity token or inflected adult-content form; deliberate lexical-policy rejection."},{"name":"anal","source":"words","sourceRank":1366,"reason":"blocked","review":"Sexual/profanity token or inflected adult-content form; deliberate lexical-policy rejection."},{"name":"pussy","source":"words","sourceRank":1381,"reason":"blocked","review":"Sexual/profanity token or inflected adult-content form; deliberate lexical-policy rejection."},{"name":"sexy","source":"words","sourceRank":1447,"reason":"blocked","review":"Sexual/profanity token or inflected adult-content form; deliberate lexical-policy rejection."},{"name":"rape","source":"words","sourceRank":1605,"reason":"blocked","review":"Sexual/profanity token or inflected adult-content form; deliberate lexical-policy rejection."},{"name":"fucking","source":"words","sourceRank":1718,"reason":"blocked","review":"Sexual/profanity token or inflected adult-content form; deliberate lexical-policy rejection."},{"name":"cum","source":"words","sourceRank":1945,"reason":"blocked","review":"Sexual/profanity token or inflected adult-content form; deliberate lexical-policy rejection."},{"name":"fuck","source":"words","sourceRank":2066,"reason":"blocked","review":"Sexual/profanity token or inflected adult-content form; deliberate lexical-policy rejection."},{"name":"cock","source":"words","sourceRank":2152,"reason":"blocked","review":"Sexual/profanity token or inflected adult-content form; deliberate lexical-policy rejection."},{"name":"porno","source":"words","sourceRank":2184,"reason":"blocked","review":"Sexual/profanity token or inflected adult-content form; deliberate lexical-policy rejection."},{"name":"tits","source":"words","sourceRank":2214,"reason":"blocked","review":"Sexual/profanity token or inflected adult-content form; deliberate lexical-policy rejection."},{"name":"hentai","source":"words","sourceRank":2359,"reason":"blocked","review":"Sexual/profanity token or inflected adult-content form; deliberate lexical-policy rejection."},{"name":"sexual","source":"words","sourceRank":2387,"reason":"blocked","review":"Sexual/profanity token or inflected adult-content form; deliberate lexical-policy rejection."},{"name":"shemale","source":"words","sourceRank":2648,"reason":"blocked","review":"Sexual/profanity token or inflected adult-content form; deliberate lexical-policy rejection."},{"name":"sexo","source":"words","sourceRank":2996,"reason":"blocked","review":"Sexual/profanity token or inflected adult-content form; deliberate lexical-policy rejection."},{"name":"dick","source":"words","sourceRank":3045,"reason":"blocked","review":"Sexual/profanity token or inflected adult-content form; deliberate lexical-policy rejection."},{"name":"blowjob","source":"words","sourceRank":3379,"reason":"blocked","review":"Sexual/profanity token or inflected adult-content form; deliberate lexical-policy rejection."},{"name":"boobs","source":"words","sourceRank":3506,"reason":"blocked","review":"Sexual/profanity token or inflected adult-content form; deliberate lexical-policy rejection."},{"name":"dildo","source":"words","sourceRank":3585,"reason":"blocked","review":"Sexual/profanity token or inflected adult-content form; deliberate lexical-policy rejection."},{"name":"sexcam","source":"words","sourceRank":3822,"reason":"blocked","review":"Sexual/profanity token or inflected adult-content form; deliberate lexical-policy rejection."},{"name":"penis","source":"words","sourceRank":3899,"reason":"blocked","review":"Sexual/profanity token or inflected adult-content form; deliberate lexical-policy rejection."},{"name":"blowjobs","source":"words","sourceRank":3959,"reason":"blocked","review":"Sexual/profanity token or inflected adult-content form; deliberate lexical-policy rejection."},{"name":"telecommunications","source":"words","sourceRank":4138,"reason":"length","review":"18 code points exceed 16; format rejection, not a lexical false positive."},{"name":"cumshot","source":"words","sourceRank":4231,"reason":"blocked","review":"Sexual/profanity token or inflected adult-content form; deliberate lexical-policy rejection."},{"name":"cocks","source":"words","sourceRank":4550,"reason":"blocked","review":"Sexual/profanity token or inflected adult-content form; deliberate lexical-policy rejection."},{"name":"tranny","source":"words","sourceRank":4903,"reason":"blocked","review":"Sexual/profanity token or inflected adult-content form; deliberate lexical-policy rejection."},{"name":"cumshots","source":"words","sourceRank":4934,"reason":"blocked","review":"Sexual/profanity token or inflected adult-content form; deliberate lexical-policy rejection."},{"name":"bukkake","source":"words","sourceRank":4941,"reason":"blocked","review":"Sexual/profanity token or inflected adult-content form; deliberate lexical-policy rejection."},{"name":"fucked","source":"words","sourceRank":5645,"reason":"blocked","review":"Sexual/profanity token or inflected adult-content form; deliberate lexical-policy rejection."},{"name":"dildos","source":"words","sourceRank":5913,"reason":"blocked","review":"Sexual/profanity token or inflected adult-content form; deliberate lexical-policy rejection."},{"name":"boob","source":"words","sourceRank":6376,"reason":"blocked","review":"Sexual/profanity token or inflected adult-content form; deliberate lexical-policy rejection."},{"name":"slut","source":"words","sourceRank":6438,"reason":"blocked","review":"Sexual/profanity token or inflected adult-content form; deliberate lexical-policy rejection."},{"name":"ejaculation","source":"words","sourceRank":6439,"reason":"blocked","review":"Sexual/profanity token or inflected adult-content form; deliberate lexical-policy rejection."},{"name":"dicks","source":"words","sourceRank":6537,"reason":"blocked","review":"Sexual/profanity token or inflected adult-content form; deliberate lexical-policy rejection."},{"name":"sluts","source":"words","sourceRank":7030,"reason":"blocked","review":"Sexual/profanity token or inflected adult-content form; deliberate lexical-policy rejection."},{"name":"bitch","source":"words","sourceRank":7110,"reason":"blocked","review":"Sexual/profanity token or inflected adult-content form; deliberate lexical-policy rejection."},{"name":"handjob","source":"words","sourceRank":7149,"reason":"blocked","review":"Sexual/profanity token or inflected adult-content form; deliberate lexical-policy rejection."},{"name":"livesex","source":"words","sourceRank":7307,"reason":"blocked","review":"Sexual/profanity token or inflected adult-content form; deliberate lexical-policy rejection."},{"name":"worldsex","source":"words","sourceRank":7333,"reason":"blocked","review":"Sexual/profanity token or inflected adult-content form; deliberate lexical-policy rejection."},{"name":"shemales","source":"words","sourceRank":8129,"reason":"blocked","review":"Sexual/profanity token or inflected adult-content form; deliberate lexical-policy rejection."},{"name":"handjobs","source":"words","sourceRank":8782,"reason":"blocked","review":"Sexual/profanity token or inflected adult-content form; deliberate lexical-policy rejection."},{"name":"vagina","source":"words","sourceRank":9083,"reason":"blocked","review":"Sexual/profanity token or inflected adult-content form; deliberate lexical-policy rejection."},{"name":"sexuality","source":"words","sourceRank":9164,"reason":"blocked","review":"Sexual/profanity token or inflected adult-content form; deliberate lexical-policy rejection."},{"name":"cunt","source":"words","sourceRank":9201,"reason":"blocked","review":"Sexual/profanity token or inflected adult-content form; deliberate lexical-policy rejection."},{"name":"masturbation","source":"words","sourceRank":9485,"reason":"blocked","review":"Sexual/profanity token or inflected adult-content form; deliberate lexical-policy rejection."},{"name":"orgasm","source":"words","sourceRank":9506,"reason":"blocked","review":"Sexual/profanity token or inflected adult-content form; deliberate lexical-policy rejection."},{"name":"sexually","source":"words","sourceRank":9675,"reason":"blocked","review":"Sexual/profanity token or inflected adult-content form; deliberate lexical-policy rejection."},{"name":"whore","source":"words","sourceRank":9802,"reason":"blocked","review":"Sexual/profanity token or inflected adult-content form; deliberate lexical-policy rejection."}]
2026-10-08T22:07:54.2698474Z {"name":"places-count-and-uniqueness","cases":2,"passed":2,"seed":1,"command":"node tests/run.mjs","rows":2000,"unique":2000}
2026-10-08T22:07:54.2699576Z {"name":"places-reviewed-corpus-policy","cases":2000,"passed":2000,"seed":1,"command":"node tests/run.mjs","accepted":1943,"rejected":57,"reviewed":57,"unexpected":0,"stale":0,"zeroRejections":false}
2026-10-08T22:07:54.2700584Z {"name":"places-reviewed-baseline-no-stale-entries","cases":1,"passed":1,"seed":1,"command":"node tests/run.mjs"}
2026-10-08T22:07:54.2753494Z CORPUS_REJECTIONS places [{"name":"Al Mawşil al Jadīdah","population":2065597,"geonameid":99071,"country":"IQ","source":"places","reason":"length","review":"20 code points exceed 16; format rejection, not a lexical false positive."},{"name":"Santa Cruz de la Sierra","population":1831434,"geonameid":3904906,"country":"BO","source":"places","reason":"length","review":"23 code points exceed 16; format rejection, not a lexical false positive."},{"name":"Ecatepec de Morelos","population":1645352,"geonameid":3529612,"country":"MX","source":"places","reason":"length","review":"19 code points exceed 16; format rejection, not a lexical false positive."},{"name":"Santiago de Querétaro","population":1594212,"geonameid":3991164,"country":"MX","source":"places","reason":"length","review":"21 code points exceed 16; format rejection, not a lexical false positive."},{"name":"León de los Aldama","population":1579803,"geonameid":3998655,"country":"MX","source":"places","reason":"length","review":"18 code points exceed 16; format rejection, not a lexical false positive."},{"name":"Shubrā al Khaymah","population":1240289,"geonameid":349076,"country":"EG","source":"places","reason":"length","review":"17 code points exceed 16; format rejection, not a lexical false positive."},{"name":"Santiago de los Caballeros","population":1200000,"geonameid":3492914,"country":"DO","source":"places","reason":"length","review":"26 code points exceed 16; format rejection, not a lexical false positive."},{"name":"Gustavo Adolfo Madero","population":1185772,"geonameid":3514674,"country":"MX","source":"places","reason":"length","review":"21 code points exceed 16; format rejection, not a lexical false positive."},{"name":"Ciudad Nezahualcoyotl","population":1077208,"geonameid":3530589,"country":"MX","source":"places","reason":"length","review":"21 code points exceed 16; format rejection, not a lexical false positive."},{"name":"São Bernardo do Campo","population":840499,"geonameid":3449344,"country":"BR","source":"places","reason":"length","review":"21 code points exceed 16; format rejection, not a lexical false positive."},{"name":"Naucalpan de Juárez","population":834434,"geonameid":3522790,"country":"MX","source":"places","reason":"length","review":"19 code points exceed 16; format rejection, not a lexical false positive."},{"name":"Kampung Baru Subang","population":833571,"geonameid":1771023,"country":"MY","source":"places","reason":"length","review":"19 code points exceed 16; format rejection, not a lexical false positive."},{"name":"Thiruvananthapuram","population":788271,"geonameid":1254163,"country":"IN","source":"places","reason":"length","review":"18 code points exceed 16; format rejection, not a lexical false positive."},{"name":"São José dos Campos","population":727078,"geonameid":3448636,"country":"BR","source":"places","reason":"length","review":"19 code points exceed 16; format rejection, not a lexical false positive."},{"name":"Santo Domingo Oeste","population":701269,"geonameid":7874116,"country":"DO","source":"places","reason":"length","review":"19 code points exceed 16; format rejection, not a lexical false positive."},{"name":"Santo Domingo Este","population":700000,"geonameid":8601412,"country":"DO","source":"places","reason":"length","review":"18 code points exceed 16; format rejection, not a lexical false positive."},{"name":"Acapulco de Juárez","population":658609,"geonameid":3533462,"country":"MX","source":"places","reason":"length","review":"18 code points exceed 16; format rejection, not a lexical false positive."},{"name":"Frankfurt am Main","population":650000,"geonameid":2925533,"country":"DE","source":"places","reason":"length","review":"17 code points exceed 16; format rejection, not a lexical false positive."},{"name":"Jaboatão dos Guararapes","population":644037,"geonameid":6317344,"country":"BR","source":"places","reason":"length","review":"23 code points exceed 16; format rejection, not a lexical false positive."},{"name":"New South Memphis","population":641608,"geonameid":4645421,"country":"US","source":"places","reason":"length","review":"17 code points exceed 16; format rejection, not a lexical false positive."},{"name":"Bukit Rahman Putra","population":607000,"geonameid":13118225,"country":"MY","source":"places","reason":"length","review":"18 code points exceed 16; format rejection, not a lexical false positive."},{"name":"Al Maḩallah al Kubrá","population":592573,"geonameid":360829,"country":"EG","source":"places","reason":"length","review":"20 code points exceed 16; format rejection, not a lexical false positive."},{"name":"Cuautitlán Izcalli","population":555163,"geonameid":3515807,"country":"MX","source":"places","reason":"length","review":"18 code points exceed 16; format rejection, not a lexical false positive."},{"name":"San Miguel de Tucumán","population":548866,"geonameid":3836873,"country":"AR","source":"places","reason":"length","review":"21 code points exceed 16; format rejection, not a lexical false positive."},{"name":"Mirpur Model Thana","population":546503,"geonameid":11395976,"country":"BD","source":"places","reason":"length","review":"18 code points exceed 16; format rejection, not a lexical false positive."},{"name":"Selayang Baru Utara","population":542409,"geonameid":7795834,"country":"MY","source":"places","reason":"length","review":"19 code points exceed 16; format rejection, not a lexical false positive."},{"name":"Aparecida de Goiânia","population":527796,"geonameid":6316406,"country":"BR","source":"places","reason":"length","review":"20 code points exceed 16; format rejection, not a lexical false positive."},{"name":"Victoria de Durango","population":518709,"geonameid":4011743,"country":"MX","source":"places","reason":"length","review":"19 code points exceed 16; format rejection, not a lexical false positive."},{"name":"Heroica Matamoros","population":510739,"geonameid":3523466,"country":"MX","source":"places","reason":"length","review":"17 code points exceed 16; format rejection, not a lexical false positive."},{"name":"Mianzhu, Deyang, Sichuan","population":510000,"geonameid":12492662,"country":"CN","source":"places","reason":"length","review":"24 code points exceed 16; format rejection, not a lexical false positive."},{"name":"Naberezhnyye Chelny","population":509870,"geonameid":523750,"country":"RU","source":"places","reason":"length","review":"19 code points exceed 16; format rejection, not a lexical false positive."},{"name":"Kampung Larkin Lama","population":500000,"geonameid":1732724,"country":"MY","source":"places","reason":"length","review":"19 code points exceed 16; format rejection, not a lexical false positive."},{"name":"Ciudad López Mateos","population":489160,"geonameid":3532624,"country":"MX","source":"places","reason":"length","review":"19 code points exceed 16; format rejection, not a lexical false positive."},{"name":"Campos dos Goytacazes","population":483540,"geonameid":3467693,"country":"BR","source":"places","reason":"length","review":"21 code points exceed 16; format rejection, not a lexical false positive."},{"name":"São José do Rio Preto","population":480393,"geonameid":3448639,"country":"BR","source":"places","reason":"length","review":"21 code points exceed 16; format rejection, not a lexical false positive."},{"name":"São João de Meriti","population":466536,"geonameid":3448877,"country":"BR","source":"places","reason":"length","review":"18 code points exceed 16; format rejection, not a lexical false positive."},{"name":"Santo Domingo de los Colorados","population":458580,"geonameid":3651297,"country":"EC","source":"places","reason":"length","review":"30 code points exceed 16; format rejection, not a lexical false positive."},{"name":"Ciudad General Escobedo","population":454967,"geonameid":4005867,"country":"MX","source":"places","reason":"length","review":"23 code points exceed 16; format rejection, not a lexical false positive."},{"name":"Venustiano Carranza","population":430978,"geonameid":3827407,"country":"MX","source":"places","reason":"length","review":"19 code points exceed 16; format rejection, not a lexical false positive."},{"name":"Xalapa de Enríquez","population":424755,"geonameid":3526617,"country":"MX","source":"places","reason":"length","review":"18 code points exceed 16; format rejection, not a lexical false positive."},{"name":"Kampung Kangkar Teberau","population":412373,"geonameid":1762110,"country":"MY","source":"places","reason":"length","review":"23 code points exceed 16; format rejection, not a lexical false positive."},{"name":"San Nicolás de los Garza","population":412199,"geonameid":3985241,"country":"MX","source":"places","reason":"length","review":"24 code points exceed 16; format rejection, not a lexical false positive."},{"name":"Vitória da Conquista","population":396613,"geonameid":3444914,"country":"BR","source":"places","reason":"length","review":"20 code points exceed 16; format rejection, not a lexical false positive."},{"name":"Las Palmas de Gran Canaria","population":383516,"geonameid":2515270,"country":"ES","source":"places","reason":"length","review":"26 code points exceed 16; format rejection, not a lexical false positive."},{"name":"Rajamahendravaram","population":376333,"geonameid":1258932,"country":"IN","source":"places","reason":"length","review":"17 code points exceed 16; format rejection, not a lexical false positive."},{"name":"6th of October City","population":368650,"geonameid":353219,"country":"EG","source":"places","reason":"length","review":"19 code points exceed 16; format rejection, not a lexical false positive."},{"name":"San Jose del Monte","population":357828,"geonameid":1689395,"country":"PH","source":"places","reason":"length","review":"18 code points exceed 16; format rejection, not a lexical false positive."},{"name":"São José dos Pinhais","population":349880,"geonameid":3448632,"country":"BR","source":"places","reason":"length","review":"20 code points exceed 16; format rejection, not a lexical false positive."},{"name":"Ribeirão das Neves","population":346971,"geonameid":3451353,"country":"BR","source":"places","reason":"length","review":"18 code points exceed 16; format rejection, not a lexical false positive."},{"name":"Ḩadā’iq al Qubbah","population":339612,"geonameid":356436,"country":"EG","source":"places","reason":"length","review":"17 code points exceed 16; format rejection, not a lexical false positive."},{"name":"Soledad de Graciano Sánchez","population":332072,"geonameid":3982912,"country":"MX","source":"places","reason":"length","review":"27 code points exceed 16; format rejection, not a lexical false positive."},{"name":"Lexington-Fayette","population":314488,"geonameid":4297999,"country":"US","source":"places","reason":"length","review":"17 code points exceed 16; format rejection, not a lexical false positive."},{"name":"Kingston upon Hull","population":314018,"geonameid":2645425,"country":"GB","source":"places","reason":"length","review":"18 code points exceed 16; format rejection, not a lexical false positive."},{"name":"Al Qāhirah al Jadīdah","population":313139,"geonameid":8134081,"country":"EG","source":"places","reason":"length","review":"21 code points exceed 16; format rejection, not a lexical false positive."},{"name":"Ciudad Benito Juárez","population":308285,"geonameid":4003757,"country":"MX","source":"places","reason":"length","review":"20 code points exceed 16; format rejection, not a lexical false positive."},{"name":"Juazeiro do Norte","population":305531,"geonameid":3397147,"country":"BR","source":"places","reason":"length","review":"17 code points exceed 16; format rejection, not a lexical false positive."},{"name":"Newcastle upon Tyne","population":300125,"geonameid":2641673,"country":"GB","source":"places","reason":"length","review":"19 code points exceed 16; format rejection, not a lexical false positive."}]
2026-10-08T22:07:54.3479614Z {"name":"original-workload-policy-and-counts","cases":6,"passed":6,"seed":1,"command":"node tests/run.mjs","originalPolicySha256":"ac400db6c9733f6becc82df93f91cdde13563767d2b9b3883684779b28c48dc9","fixedCases":459,"fullCases":43830,"benchmarkPositiveInputs":48}
2026-10-08T22:07:55.0665244Z {"name":"regex-vs-bitset-NFA-differential","cases":43830,"passed":43830,"seed":1,"command":"node tests/run.mjs"}
2026-10-08T22:07:55.0666824Z {"name":"sealed-blind-reference-differential","cases":43830,"passed":43830,"seed":1,"command":"node tests/run.mjs"}
2026-10-08T22:07:55.0667504Z {"name":"repeat-call-purity","cases":43830,"passed":43830,"seed":1,"command":"node tests/run.mjs"}
2026-10-08T22:07:55.0668099Z {"name":"boolean-wrapper","cases":43830,"passed":43830,"seed":1,"command":"node tests/run.mjs"}
2026-10-08T22:07:55.0844221Z {"name":"mutation-baseline-truth","cases":43830,"passed":43830,"seed":1,"command":"node tests/run.mjs"}
2026-10-08T22:07:55.8948880Z {"name":"25-real-executed-mutations","cases":25,"passed":25,"seed":1,"command":"node tests/run.mjs","survivors":[]}
2026-10-08T22:07:55.8956919Z {"name":"runtime-gzip-size","cases":2,"passed":2,"seed":1,"command":"node tests/run.mjs","sourceBytes":11853,"sourceGzipBytes":5010,"compiledBytes":9519,"compiledGzipBytes":3681,"limitBytes":6000}
2026-10-08T22:07:55.8958018Z {"name":"zero-runtime-dependencies-and-forbidden-APIs","cases":5,"passed":5,"seed":1,"command":"node tests/run.mjs"}
2026-10-08T22:07:55.9435602Z {"name":"latency-every-observed-check-under-005ms","cases":10000,"passed":10000,"seed":1,"command":"node tests/run.mjs","calls":10000,"meanMs":0.0005647286000000349,"p50Ms":0.00027000000000043656,"p99Ms":0.0027949999998782005,"maxMs":0.03316000000040731,"over005Ms":0,"outliers":[],"measurementStartMs":2465.394133,"measurementEndMs":2471.041419,"sink":94721}
2026-10-08T22:07:56.0843227Z {"name":"retained-original-snapshot-offline-and-corruption","cases":8,"passed":8,"seed":2,"command":"python3 tests/retained-snapshot.py","output":{"cases":8,"passed":8,"checks":["clean offline restoration: all32000 original rows and exact byte hashes","verified cache reuse without live network","changed byte rejected before cache writes","missing corpus rejected","missing manifest rejected","unsupported snapshot manifest rejected","truncated valid JSON corpus rejected","corrupt existing cache rejected without replacement"],"networkCalls":0}}
2026-10-08T22:07:56.1671437Z {"name":"delivery-file-size-and-checksums","cases":2,"passed":2,"seed":2,"command":"node tests/run.mjs","files":463,"checked":463,"failures":[],"rootManifestPresent":true,"maxFileBytes":3071339}
2026-10-08T22:07:56.1672463Z {"name":"immutable-return-values","cases":3,"passed":3,"seed":2,"command":"node tests/run.mjs"}
2026-10-08T22:07:56.1673198Z {"name":"failure-suggestions-map-and-frozen","cases":5,"passed":5,"seed":2,"command":"node tests/run.mjs"}
2026-10-08T22:07:56.1674167Z {"name":"additional-given-names-and-exception-bypass","cases":30,"passed":30,"seed":2,"command":"node tests/run.mjs","productionErrors":[],"blindErrors":[]}
2026-10-08T22:07:56.1675136Z {"name":"policy-copy-consistency-and-no-duplicate-terms","cases":3,"passed":3,"seed":2,"command":"node tests/run.mjs"}
2026-10-08T22:07:56.5378606Z {"name":"strict-TypeScript","cases":1,"passed":1,"seed":2,"command":"tsc -p tsconfig.json --noEmit","output":""}
2026-10-08T22:07:56.5402426Z {"name":"length-pruned-matcher-blind-boundaries","cases":24873,"passed":24873,"seed":2,"command":"node tests/run.mjs","errors":[]}
2026-10-08T22:07:56.5679443Z {"name":"generator-byte-identical-replay-and-coverage","cases":2,"passed":2,"seed":2,"command":"node tests/run.mjs"}
2026-10-08T22:07:56.5713364Z {"name":"handwritten-format-and-Scunthorpe","cases":459,"passed":459,"seed":2,"command":"node tests/run.mjs","errors":[]}
2026-10-08T22:07:56.5723007Z {"name":"exhaustive-declared-single-glyph-substitution","cases":1371,"passed":1371,"seed":2,"command":"node tests/run.mjs","errors":[]}
2026-10-08T22:07:56.5729808Z {"name":"precompiled-Unicode-policy-context-differential","cases":1296,"passed":1296,"seed":2,"command":"node tests/run.mjs","errors":[]}
2026-10-08T22:07:56.5738359Z {"name":"precompiled-printable-width-and-latin1-context-differential","cases":1422,"passed":1422,"seed":2,"command":"node tests/run.mjs","errors":[]}
2026-10-08T22:07:56.5810867Z {"name":"generated-obfuscations","cases":5000,"passed":5000,"seed":2,"command":"node tests/run.mjs","misses":0,"errors":[],"coverage":{"anal":87,"anus":86,"arsehole":74,"asshole":78,"bastard":84,"bitch":87,"blowjob":76,"bollocks":68,"boner":87,"boob":87,"boobs":86,"bukkake":81,"chink":86,"clit":87,"cock":87,"coon":86,"cunt":87,"cum":84,"cumshot":79,"dick":86,"dildo":87,"douche":87,"dyke":87,"fag":86,"faggot":86,"fellatio":68,"fuck":87,"gook":87,"handjob":79,"hentai":87,"jizz":87,"kike":87,"masturbate":42,"motherfucker":18,"nigga":87,"nigger":86,"orgasm":86,"paedophile":45,"pedophile":49,"penis":87,"porn":86,"pussy":87,"rape":87,"retard":85,"rimjob":85,"semen":87,"sex":86,"shemale":83,"slut":86,"spic":86,"spunk":87,"tits":87,"titties":82,"titty":87,"tranny":85,"twat":86,"vagina":84,"wank":85,"wetback":77,"whore":86,"testicle":67,"ejaculation":29,"masturbation":22},"attempts":5475}
2026-10-08T22:07:56.5826455Z {"name":"names-count-and-uniqueness","cases":2,"passed":2,"seed":2,"command":"node tests/run.mjs","rows":20000,"unique":20000}
2026-10-08T22:07:56.6063585Z {"name":"names-reviewed-corpus-policy","cases":20000,"passed":20000,"seed":2,"command":"node tests/run.mjs","accepted":19989,"rejected":11,"reviewed":11,"unexpected":0,"stale":0,"zeroRejections":false}
2026-10-08T22:07:56.6064706Z {"name":"names-reviewed-baseline-no-stale-entries","cases":1,"passed":1,"seed":2,"command":"node tests/run.mjs"}
2026-10-08T22:07:56.6071323Z {"name":"words-count-and-uniqueness","cases":2,"passed":2,"seed":2,"command":"node tests/run.mjs","rows":10000,"unique":10000}
2026-10-08T22:07:56.6191062Z {"name":"words-reviewed-corpus-policy","cases":10000,"passed":10000,"seed":2,"command":"node tests/run.mjs","accepted":9951,"rejected":49,"reviewed":49,"unexpected":0,"stale":0,"zeroRejections":false}
2026-10-08T22:07:56.6192201Z {"name":"words-reviewed-baseline-no-stale-entries","cases":1,"passed":1,"seed":2,"command":"node tests/run.mjs"}
2026-10-08T22:07:56.6193323Z {"name":"places-count-and-uniqueness","cases":2,"passed":2,"seed":2,"command":"node tests/run.mjs","rows":2000,"unique":2000}
2026-10-08T22:07:56.6225002Z {"name":"places-reviewed-corpus-policy","cases":2000,"passed":2000,"seed":2,"command":"node tests/run.mjs","accepted":1943,"rejected":57,"reviewed":57,"unexpected":0,"stale":0,"zeroRejections":false}
2026-10-08T22:07:56.6227430Z {"name":"places-reviewed-baseline-no-stale-entries","cases":1,"passed":1,"seed":2,"command":"node tests/run.mjs"}
2026-10-08T22:07:56.6830046Z {"name":"original-workload-policy-and-counts","cases":6,"passed":6,"seed":2,"command":"node tests/run.mjs","originalPolicySha256":"ac400db6c9733f6becc82df93f91cdde13563767d2b9b3883684779b28c48dc9","fixedCases":459,"fullCases":43830,"benchmarkPositiveInputs":48}
2026-10-08T22:07:57.3991273Z {"name":"regex-vs-bitset-NFA-differential","cases":43830,"passed":43830,"seed":2,"command":"node tests/run.mjs"}
2026-10-08T22:07:57.3992262Z {"name":"sealed-blind-reference-differential","cases":43830,"passed":43830,"seed":2,"command":"node tests/run.mjs"}
2026-10-08T22:07:57.3993010Z {"name":"repeat-call-purity","cases":43830,"passed":43830,"seed":2,"command":"node tests/run.mjs"}
2026-10-08T22:07:57.3993707Z {"name":"boolean-wrapper","cases":43830,"passed":43830,"seed":2,"command":"node tests/run.mjs"}
2026-10-08T22:07:57.4168855Z {"name":"mutation-baseline-truth","cases":43830,"passed":43830,"seed":2,"command":"node tests/run.mjs"}
2026-10-08T22:07:57.9032811Z {"name":"25-real-executed-mutations","cases":25,"passed":25,"seed":2,"command":"node tests/run.mjs","survivors":[]}
2026-10-08T22:07:57.9038645Z {"name":"runtime-gzip-size","cases":2,"passed":2,"seed":2,"command":"node tests/run.mjs","sourceBytes":11853,"sourceGzipBytes":5010,"compiledBytes":9519,"compiledGzipBytes":3681,"limitBytes":6000}
2026-10-08T22:07:57.9039826Z {"name":"zero-runtime-dependencies-and-forbidden-APIs","cases":5,"passed":5,"seed":2,"command":"node tests/run.mjs"}
2026-10-08T22:07:57.9482857Z {"name":"latency-every-observed-check-under-005ms","cases":10000,"passed":10000,"seed":2,"command":"node tests/run.mjs","calls":10000,"meanMs":0.00042251790000000255,"p50Ms":0.00021999999989930075,"p99Ms":0.0021730000007664785,"maxMs":0.02693100000033155,"over005Ms":0,"outliers":[],"measurementStartMs":4472.011429,"measurementEndMs":4476.236608,"sink":93467}
2026-10-08T22:07:58.0867534Z {"name":"retained-original-snapshot-offline-and-corruption","cases":8,"passed":8,"seed":3,"command":"python3 tests/retained-snapshot.py","output":{"cases":8,"passed":8,"checks":["clean offline restoration: all32000 original rows and exact byte hashes","verified cache reuse without live network","changed byte rejected before cache writes","missing corpus rejected","missing manifest rejected","unsupported snapshot manifest rejected","truncated valid JSON corpus rejected","corrupt existing cache rejected without replacement"],"networkCalls":0}}
2026-10-08T22:07:58.1632632Z {"name":"delivery-file-size-and-checksums","cases":2,"passed":2,"seed":3,"command":"node tests/run.mjs","files":463,"checked":463,"failures":[],"rootManifestPresent":true,"maxFileBytes":3071339}
2026-10-08T22:07:58.1633602Z {"name":"immutable-return-values","cases":3,"passed":3,"seed":3,"command":"node tests/run.mjs"}
2026-10-08T22:07:58.1634403Z {"name":"failure-suggestions-map-and-frozen","cases":5,"passed":5,"seed":3,"command":"node tests/run.mjs"}
2026-10-08T22:07:58.1635450Z {"name":"additional-given-names-and-exception-bypass","cases":30,"passed":30,"seed":3,"command":"node tests/run.mjs","productionErrors":[],"blindErrors":[]}
2026-10-08T22:07:58.1636596Z {"name":"policy-copy-consistency-and-no-duplicate-terms","cases":3,"passed":3,"seed":3,"command":"node tests/run.mjs"}
2026-10-08T22:07:58.5057588Z {"name":"strict-TypeScript","cases":1,"passed":1,"seed":3,"command":"tsc -p tsconfig.json --noEmit","output":""}
2026-10-08T22:07:58.5080410Z {"name":"length-pruned-matcher-blind-boundaries","cases":24873,"passed":24873,"seed":3,"command":"node tests/run.mjs","errors":[]}
2026-10-08T22:07:58.5306943Z {"name":"generator-byte-identical-replay-and-coverage","cases":2,"passed":2,"seed":3,"command":"node tests/run.mjs"}
2026-10-08T22:07:58.5339476Z {"name":"handwritten-format-and-Scunthorpe","cases":459,"passed":459,"seed":3,"command":"node tests/run.mjs","errors":[]}
2026-10-08T22:07:58.5348562Z {"name":"exhaustive-declared-single-glyph-substitution","cases":1371,"passed":1371,"seed":3,"command":"node tests/run.mjs","errors":[]}
2026-10-08T22:07:58.5355329Z {"name":"precompiled-Unicode-policy-context-differential","cases":1296,"passed":1296,"seed":3,"command":"node tests/run.mjs","errors":[]}
2026-10-08T22:07:58.5360973Z {"name":"precompiled-printable-width-and-latin1-context-differential","cases":1422,"passed":1422,"seed":3,"command":"node tests/run.mjs","errors":[]}
2026-10-08T22:07:58.5425963Z {"name":"generated-obfuscations","cases":5000,"passed":5000,"seed":3,"command":"node tests/run.mjs","misses":0,"errors":[],"coverage":{"anal":87,"anus":87,"arsehole":65,"asshole":78,"bastard":76,"bitch":87,"blowjob":77,"bollocks":76,"boner":87,"boob":87,"boobs":87,"bukkake":79,"chink":87,"clit":87,"cock":87,"coon":87,"cunt":87,"cum":87,"cumshot":79,"dick":87,"dildo":87,"douche":85,"dyke":87,"fag":86,"faggot":87,"fellatio":66,"fuck":86,"gook":87,"handjob":83,"hentai":86,"jizz":87,"kike":86,"masturbate":37,"nigga":87,"nigger":85,"orgasm":86,"pedophile":55,"penis":87,"porn":87,"pussy":87,"rape":86,"retard":85,"rimjob":86,"semen":87,"sex":87,"shemale":78,"slut":87,"spic":87,"spunk":87,"testicle":69,"tits":87,"titties":84,"titty":85,"tranny":85,"twat":86,"vagina":85,"wank":86,"wetback":77,"whore":86,"masturbation":22,"motherfucker":22,"paedophile":37,"ejaculation":34},"attempts":5474}
2026-10-08T22:07:58.5442056Z {"name":"names-count-and-uniqueness","cases":2,"passed":2,"seed":3,"command":"node tests/run.mjs","rows":20000,"unique":20000}
2026-10-08T22:07:58.5663179Z {"name":"names-reviewed-corpus-policy","cases":20000,"passed":20000,"seed":3,"command":"node tests/run.mjs","accepted":19989,"rejected":11,"reviewed":11,"unexpected":0,"stale":0,"zeroRejections":false}
2026-10-08T22:07:58.5663818Z {"name":"names-reviewed-baseline-no-stale-entries","cases":1,"passed":1,"seed":3,"command":"node tests/run.mjs"}
2026-10-08T22:07:58.5670598Z {"name":"words-count-and-uniqueness","cases":2,"passed":2,"seed":3,"command":"node tests/run.mjs","rows":10000,"unique":10000}
2026-10-08T22:07:58.5810967Z {"name":"words-reviewed-corpus-policy","cases":10000,"passed":10000,"seed":3,"command":"node tests/run.mjs","accepted":9951,"rejected":49,"reviewed":49,"unexpected":0,"stale":0,"zeroRejections":false}
2026-10-08T22:07:58.5811592Z {"name":"words-reviewed-baseline-no-stale-entries","cases":1,"passed":1,"seed":3,"command":"node tests/run.mjs"}
2026-10-08T22:07:58.5812244Z {"name":"places-count-and-uniqueness","cases":2,"passed":2,"seed":3,"command":"node tests/run.mjs","rows":2000,"unique":2000}
2026-10-08T22:07:58.5842704Z {"name":"places-reviewed-corpus-policy","cases":2000,"passed":2000,"seed":3,"command":"node tests/run.mjs","accepted":1943,"rejected":57,"reviewed":57,"unexpected":0,"stale":0,"zeroRejections":false}
2026-10-08T22:07:58.5843746Z {"name":"places-reviewed-baseline-no-stale-entries","cases":1,"passed":1,"seed":3,"command":"node tests/run.mjs"}
2026-10-08T22:07:58.6612339Z {"name":"original-workload-policy-and-counts","cases":6,"passed":6,"seed":3,"command":"node tests/run.mjs","originalPolicySha256":"ac400db6c9733f6becc82df93f91cdde13563767d2b9b3883684779b28c48dc9","fixedCases":459,"fullCases":43830,"benchmarkPositiveInputs":48}
2026-10-08T22:07:59.3814401Z {"name":"regex-vs-bitset-NFA-differential","cases":43830,"passed":43830,"seed":3,"command":"node tests/run.mjs"}
2026-10-08T22:07:59.3814928Z {"name":"sealed-blind-reference-differential","cases":43830,"passed":43830,"seed":3,"command":"node tests/run.mjs"}
2026-10-08T22:07:59.3815348Z {"name":"repeat-call-purity","cases":43830,"passed":43830,"seed":3,"command":"node tests/run.mjs"}
2026-10-08T22:07:59.3815720Z {"name":"boolean-wrapper","cases":43830,"passed":43830,"seed":3,"command":"node tests/run.mjs"}
2026-10-08T22:07:59.3982865Z {"name":"mutation-baseline-truth","cases":43830,"passed":43830,"seed":3,"command":"node tests/run.mjs"}
2026-10-08T22:07:59.8733332Z {"name":"25-real-executed-mutations","cases":25,"passed":25,"seed":3,"command":"node tests/run.mjs","survivors":[]}
2026-10-08T22:07:59.8739543Z {"name":"runtime-gzip-size","cases":2,"passed":2,"seed":3,"command":"node tests/run.mjs","sourceBytes":11853,"sourceGzipBytes":5010,"compiledBytes":9519,"compiledGzipBytes":3681,"limitBytes":6000}
2026-10-08T22:07:59.8740546Z {"name":"zero-runtime-dependencies-and-forbidden-APIs","cases":5,"passed":5,"seed":3,"command":"node tests/run.mjs"}
2026-10-08T22:07:59.9190444Z {"name":"latency-every-observed-check-under-005ms","cases":10000,"passed":10000,"seed":3,"command":"node tests/run.mjs","calls":10000,"meanMs":0.0003900979000000007,"p50Ms":0.0002009999998335843,"p99Ms":0.0019929999998566927,"maxMs":0.01117699999940669,"over005Ms":0,"outliers":[],"measurementStartMs":6443.224124,"measurementEndMs":6447.125103,"sink":94479}
2026-10-08T22:07:59.9191946Z FINAL_SUMMARY {"mode":"full","suites":100,"failures":[],"sourceSha256":"41442670786856c1dfa98a5755bd21273287047750035f419249ab7402e8505d","referenceSha256":"962bab309ddf9cc2d8ccc7237f782d69db6aa2b603417f1a8935c3d5b167b5f6"}
2026-10-08T22:07:59.9414290Z ##[group]Run actions/upload-artifact@v4
2026-10-08T22:07:59.9414444Z with:
2026-10-08T22:07:59.9414552Z   name: B19-verification
2026-10-08T22:07:59.9414817Z   path: jobs/B19-name-filter/
.github/workflows/B19.yml
!jobs/B19-name-filter/node_modules/**
!jobs/B19-name-filter/dist/**

2026-10-08T22:07:59.9415115Z   include-hidden-files: true
2026-10-08T22:07:59.9415241Z   retention-days: 30
2026-10-08T22:07:59.9415357Z   if-no-files-found: warn
2026-10-08T22:07:59.9415479Z   compression-level: 6
2026-10-08T22:07:59.9415595Z   overwrite: false
2026-10-08T22:07:59.9415702Z ##[endgroup]
2026-10-08T22:08:00.0400881Z (node:2216) [DEP0040] DeprecationWarning: The `punycode` module is deprecated. Please use a userland alternative instead.
2026-10-08T22:08:00.0401352Z (Use `node --trace-deprecation ...` to show where the warning was created)
2026-10-08T22:08:00.0978359Z Multiple search paths detected. Calculating the least common ancestor of all paths
2026-10-08T22:08:00.0980095Z The least common ancestor is /home/runner/work/partybox-gpt-drops/partybox-gpt-drops. This will be the root directory of the artifact
2026-10-08T22:08:00.0980734Z With the provided path, there will be 489 files uploaded
2026-10-08T22:08:00.0984170Z Artifact name is valid!
2026-10-08T22:08:00.0984540Z Root directory input is valid!
2026-10-08T22:08:00.3874059Z Beginning upload of artifact content to blob storage
2026-10-08T22:08:00.8943905Z (node:2216) [DEP0169] DeprecationWarning: `url.parse()` behavior is not standardized and prone to errors that have security implications. Use the WHATWG URL API instead. CVEs are not issued for `url.parse()` vulnerabilities.
2026-10-08T22:08:01.4594116Z Uploaded bytes 8047043
2026-10-08T22:08:01.5083871Z Finished uploading artifact content to blob storage!
2026-10-08T22:08:01.5084727Z SHA256 digest of uploaded artifact zip is d05780bca07be82219ce25a8252e727b3c0b6e6b26833ffedae8dbf8eb4e7ed4
2026-10-08T22:08:01.5086169Z Finalizing artifact upload
2026-10-08T22:08:01.7745024Z Artifact B19-verification.zip successfully finalized. Artifact ID 11581888418
2026-10-08T22:08:01.7745755Z Artifact B19-verification has been successfully uploaded! Final size is 8047043 bytes. Artifact ID is 11581888418
2026-10-08T22:08:01.7750328Z Artifact download URL: https://github.com/luisitin/partybox-gpt-drops/actions/runs/37851475091/artifacts/11581888418
2026-10-08T22:08:01.7928981Z Post job cleanup.
2026-10-08T22:08:01.8665120Z (node:2233) [DEP0040] DeprecationWarning: The `punycode` module is deprecated. Please use a userland alternative instead.
2026-10-08T22:08:01.8665639Z (Use `node --trace-deprecation ...` to show where the warning was created)
2026-10-08T22:08:01.8812594Z Post job cleanup.
2026-10-08T22:08:01.9357743Z [command]/usr/bin/git version
2026-10-08T22:08:01.9389938Z git version 2.55.0
2026-10-08T22:08:01.9412539Z Temporarily overriding HOME='/home/runner/work/_temp/beeba725-a6d2-4dc2-b1ee-85cc2aa163f5' before making global git config changes
2026-10-08T22:08:01.9413384Z Adding repository directory to the temporary git global config as a safe directory
2026-10-08T22:08:01.9430140Z [command]/usr/bin/git config --global --add safe.directory /home/runner/work/partybox-gpt-drops/partybox-gpt-drops
2026-10-08T22:08:01.9445609Z [command]/usr/bin/git config --local --name-only --get-regexp core\.sshCommand
2026-10-08T22:08:01.9471189Z [command]/usr/bin/git submodule foreach --recursive sh -c "git config --local --name-only --get-regexp 'core\.sshCommand' && git config --local --unset-all 'core.sshCommand' || :"
2026-10-08T22:08:01.9664700Z [command]/usr/bin/git config --local --name-only --get-regexp http\.https\:\/\/github\.com\/\.extraheader
2026-10-08T22:08:01.9691004Z http.https://github.com/.extraheader
2026-10-08T22:08:01.9699289Z [command]/usr/bin/git config --local --unset-all http.https://github.com/.extraheader
2026-10-08T22:08:01.9760181Z [command]/usr/bin/git submodule foreach --recursive sh -c "git config --local --name-only --get-regexp 'http\.https\:\/\/github\.com\/\.extraheader' && git config --local --unset-all 'http.https://github.com/.extraheader' || :"
2026-10-08T22:08:01.9955275Z [command]/usr/bin/git config --local --name-only --get-regexp ^includeIf\.gitdir:
2026-10-08T22:08:01.9986848Z [command]/usr/bin/git submodule foreach --recursive git config --local --show-origin --name-only --get-regexp remote.origin.url
2026-10-08T22:08:02.0286513Z Cleaning up orphan processes
2026-10-08T22:08:02.0493334Z ##[warning]Node.js 20 is deprecated. The following actions target Node.js 20 but are being forced to run on Node.js 24: actions/checkout@v4, actions/setup-node@v4, actions/upload-artifact@v4. For more information see: https://github.blog/changelog/2025-09-19-deprecation-of-node-20-on-github-actions-runners/
