2026-10-09T00:20:01.0795358Z Current runner version: '2.337.0'
2026-10-09T00:20:01.0821669Z ##[group]Runner Image Provisioner
2026-10-09T00:20:01.0822617Z Hosted Compute Agent
2026-10-09T00:20:01.0823235Z Version: 20261002.596
2026-10-09T00:20:01.0823911Z Commit: c3d12f3313a95f25162a1503be624f3b0617f8c0
2026-10-09T00:20:01.0825015Z Build Date: 2026-10-02T22:28:27Z
2026-10-09T00:20:01.0825767Z Worker ID: {3c9e1ffe-8f99-4ab8-ba52-656b319d7315}
2026-10-09T00:20:01.0826534Z Region: westus
2026-10-09T00:20:01.0827093Z Cloud: Azure
2026-10-09T00:20:01.0827661Z ##[endgroup]
2026-10-09T00:20:01.0829227Z ##[group]Operating System
2026-10-09T00:20:01.0829880Z Ubuntu
2026-10-09T00:20:01.0830390Z 24.04.5
2026-10-09T00:20:01.0830963Z LTS
2026-10-09T00:20:01.0831520Z ##[endgroup]
2026-10-09T00:20:01.0832101Z ##[group]Runner Image
2026-10-09T00:20:01.0832760Z Image: ubuntu-24.04
2026-10-09T00:20:01.0833315Z Version: 20261004.327.1
2026-10-09T00:20:01.0834937Z Included Software: https://github.com/actions/runner-images/blob/ubuntu24/20261004.327/images/ubuntu/Ubuntu2404-Readme.md
2026-10-09T00:20:01.0836546Z Image Release: https://github.com/actions/runner-images/releases/tag/ubuntu24%2F20261004.327
2026-10-09T00:20:01.0837582Z ##[endgroup]
2026-10-09T00:20:01.0838685Z ##[group]GITHUB_TOKEN Permissions
2026-10-09T00:20:01.0840892Z Contents: read
2026-10-09T00:20:01.0841500Z Metadata: read
2026-10-09T00:20:01.0842152Z ##[endgroup]
2026-10-09T00:20:01.0844250Z Secret source: Actions
2026-10-09T00:20:01.0845535Z Cache mode: write
2026-10-09T00:20:01.0846273Z Prepare workflow directory
2026-10-09T00:20:01.1247234Z Prepare all required actions
2026-10-09T00:20:01.1297688Z Getting action download info
2026-10-09T00:20:01.4907809Z Download action repository 'actions/checkout@v4' (SHA:11d5960a326750d5838078e36cf38b85af677262)
2026-10-09T00:20:01.5877654Z Download action repository 'actions/setup-node@v4' (SHA:49933ea5288caeca8642d1e84afbd3f7d6820020)
2026-10-09T00:20:01.7383271Z Download action repository 'actions/upload-artifact@v4' (SHA:ea165f8d65b6e75b540449e92b4886f43607fa02)
2026-10-09T00:20:01.9367683Z Complete job name: verify
2026-10-09T00:20:02.0218765Z ##[group]Run actions/checkout@v4
2026-10-09T00:20:02.0219656Z with:
2026-10-09T00:20:02.0220142Z   ref: 6a079fec45c7e721fd16e988288b25c103ff29c6
2026-10-09T00:20:02.0220801Z   repository: luisitin/partybox-gpt-drops
2026-10-09T00:20:02.0224942Z   token: ***
2026-10-09T00:20:02.0225387Z   ssh-strict: true
2026-10-09T00:20:02.0225828Z   ssh-user: git
2026-10-09T00:20:02.0226284Z   persist-credentials: true
2026-10-09T00:20:02.0226809Z   clean: true
2026-10-09T00:20:02.0227262Z   sparse-checkout-cone-mode: true
2026-10-09T00:20:02.0227791Z   fetch-depth: 1
2026-10-09T00:20:02.0228229Z   fetch-tags: false
2026-10-09T00:20:02.0228687Z   show-progress: true
2026-10-09T00:20:02.0229137Z   lfs: false
2026-10-09T00:20:02.0229557Z   submodules: false
2026-10-09T00:20:02.0230012Z   set-safe-directory: true
2026-10-09T00:20:02.0230522Z   allow-unsafe-pr-checkout: false
2026-10-09T00:20:02.0231312Z ##[endgroup]
2026-10-09T00:20:02.1291052Z Syncing repository: luisitin/partybox-gpt-drops
2026-10-09T00:20:02.1294107Z ##[group]Getting Git version info
2026-10-09T00:20:02.1296010Z Working directory is '/home/runner/work/partybox-gpt-drops/partybox-gpt-drops'
2026-10-09T00:20:02.1298096Z [command]/usr/bin/git version
2026-10-09T00:20:02.1381389Z git version 2.55.0
2026-10-09T00:20:02.1412531Z ##[endgroup]
2026-10-09T00:20:02.1436606Z Temporarily overriding HOME='/home/runner/work/_temp/af3be33a-f3fa-4979-a4be-5cebb0ba625e' before making global git config changes
2026-10-09T00:20:02.1439075Z Adding repository directory to the temporary git global config as a safe directory
2026-10-09T00:20:02.1441934Z [command]/usr/bin/git config --global --add safe.directory /home/runner/work/partybox-gpt-drops/partybox-gpt-drops
2026-10-09T00:20:02.1501704Z Deleting the contents of '/home/runner/work/partybox-gpt-drops/partybox-gpt-drops'
2026-10-09T00:20:02.1508929Z ##[group]Initializing the repository
2026-10-09T00:20:02.1515104Z [command]/usr/bin/git init /home/runner/work/partybox-gpt-drops/partybox-gpt-drops
2026-10-09T00:20:02.1650389Z hint: Using 'master' as the name for the initial branch. This default branch name
2026-10-09T00:20:02.1652382Z hint: will change to "main" in Git 3.0. To configure the initial branch name
2026-10-09T00:20:02.1658941Z hint: to use in all of your new repositories, which will suppress this warning,
2026-10-09T00:20:02.1660504Z hint: call:
2026-10-09T00:20:02.1661273Z hint:
2026-10-09T00:20:02.1662346Z hint: 	git config --global init.defaultBranch <name>
2026-10-09T00:20:02.1663529Z hint:
2026-10-09T00:20:02.1664859Z hint: Names commonly chosen instead of 'master' are 'main', 'trunk' and
2026-10-09T00:20:02.1666742Z hint: 'development'. The just-created branch can be renamed via this command:
2026-10-09T00:20:02.1668299Z hint:
2026-10-09T00:20:02.1669161Z hint: 	git branch -m <name>
2026-10-09T00:20:02.1670062Z hint:
2026-10-09T00:20:02.1671179Z hint: Disable this message with "git config set advice.defaultBranchName false"
2026-10-09T00:20:02.1673333Z Initialized empty Git repository in /home/runner/work/partybox-gpt-drops/partybox-gpt-drops/.git/
2026-10-09T00:20:02.1677320Z [command]/usr/bin/git remote add origin https://github.com/luisitin/partybox-gpt-drops
2026-10-09T00:20:02.1736470Z ##[endgroup]
2026-10-09T00:20:02.1737818Z ##[group]Disabling automatic garbage collection
2026-10-09T00:20:02.1745019Z [command]/usr/bin/git config --local gc.auto 0
2026-10-09T00:20:02.1789240Z ##[endgroup]
2026-10-09T00:20:02.1790777Z ##[group]Setting up auth
2026-10-09T00:20:02.1799170Z [command]/usr/bin/git config --local --name-only --get-regexp core\.sshCommand
2026-10-09T00:20:02.1843905Z [command]/usr/bin/git submodule foreach --recursive sh -c "git config --local --name-only --get-regexp 'core\.sshCommand' && git config --local --unset-all 'core.sshCommand' || :"
2026-10-09T00:20:02.2307277Z [command]/usr/bin/git config --local --name-only --get-regexp http\.https\:\/\/github\.com\/\.extraheader
2026-10-09T00:20:02.2351200Z [command]/usr/bin/git submodule foreach --recursive sh -c "git config --local --name-only --get-regexp 'http\.https\:\/\/github\.com\/\.extraheader' && git config --local --unset-all 'http.https://github.com/.extraheader' || :"
2026-10-09T00:20:02.2587967Z [command]/usr/bin/git config --local --name-only --get-regexp ^includeIf\.gitdir:
2026-10-09T00:20:02.2625923Z [command]/usr/bin/git submodule foreach --recursive git config --local --show-origin --name-only --get-regexp remote.origin.url
2026-10-09T00:20:02.2855792Z [command]/usr/bin/git config --local http.https://github.com/.extraheader AUTHORIZATION: basic ***
2026-10-09T00:20:02.2897696Z ##[endgroup]
2026-10-09T00:20:02.2898584Z ##[group]Fetching the repository
2026-10-09T00:20:02.2908148Z [command]/usr/bin/git -c protocol.version=2 fetch --no-tags --prune --no-recurse-submodules --depth=1 origin 6a079fec45c7e721fd16e988288b25c103ff29c6
2026-10-09T00:20:03.3053767Z From https://github.com/luisitin/partybox-gpt-drops
2026-10-09T00:20:03.3056628Z  * branch            6a079fec45c7e721fd16e988288b25c103ff29c6 -> FETCH_HEAD
2026-10-09T00:20:03.3062631Z ##[endgroup]
2026-10-09T00:20:03.3065075Z ##[group]Determining the checkout info
2026-10-09T00:20:03.3067637Z ##[endgroup]
2026-10-09T00:20:03.3069604Z [command]/usr/bin/git sparse-checkout disable
2026-10-09T00:20:03.3133472Z [command]/usr/bin/git config --local --unset-all extensions.worktreeConfig
2026-10-09T00:20:03.3167171Z ##[group]Checking out the ref
2026-10-09T00:20:03.3170875Z [command]/usr/bin/git checkout --progress --force 6a079fec45c7e721fd16e988288b25c103ff29c6
2026-10-09T00:20:03.4648241Z Note: switching to '6a079fec45c7e721fd16e988288b25c103ff29c6'.
2026-10-09T00:20:03.4649960Z 
2026-10-09T00:20:03.4651278Z You are in 'detached HEAD' state. You can look around, make experimental
2026-10-09T00:20:03.4654298Z changes and commit them, and you can discard any commits you make in this
2026-10-09T00:20:03.4657278Z state without impacting any branches by switching back to a branch.
2026-10-09T00:20:03.4659284Z 
2026-10-09T00:20:03.4660374Z If you want to create a new branch to retain commits you create, you may
2026-10-09T00:20:03.4662496Z do so (now or later) by using -c with the switch command. Example:
2026-10-09T00:20:03.4663446Z 
2026-10-09T00:20:03.4663839Z   git switch -c <new-branch-name>
2026-10-09T00:20:03.4664839Z 
2026-10-09T00:20:03.4665550Z Or undo this operation with:
2026-10-09T00:20:03.4666678Z 
2026-10-09T00:20:03.4667396Z   git switch -
2026-10-09T00:20:03.4668361Z 
2026-10-09T00:20:03.4669653Z Turn off this advice by setting config variable advice.detachedHead to false
2026-10-09T00:20:03.4671022Z 
2026-10-09T00:20:03.4672660Z HEAD is now at 6a079fe B19 preserve audited full failure and rejected fused DFA comparison
2026-10-09T00:20:03.4677789Z ##[endgroup]
2026-10-09T00:20:03.4717435Z [command]/usr/bin/git log -1 --format=%H
2026-10-09T00:20:03.4746034Z 6a079fec45c7e721fd16e988288b25c103ff29c6
2026-10-09T00:20:03.5198767Z ##[group]Run actions/setup-node@v4
2026-10-09T00:20:03.5199963Z with:
2026-10-09T00:20:03.5200836Z   node-version: 22
2026-10-09T00:20:03.5201796Z   always-auth: false
2026-10-09T00:20:03.5202777Z   check-latest: false
2026-10-09T00:20:03.5213492Z   token: ***
2026-10-09T00:20:03.5214411Z ##[endgroup]
2026-10-09T00:20:03.6667456Z (node:2322) [DEP0040] DeprecationWarning: The `punycode` module is deprecated. Please use a userland alternative instead.
2026-10-09T00:20:03.6671960Z (Use `node --trace-deprecation ...` to show where the warning was created)
2026-10-09T00:20:03.6675423Z Found in cache @ /opt/hostedtoolcache/node/22.23.3/x64
2026-10-09T00:20:03.6678175Z ##[group]Environment details
2026-10-09T00:20:06.9356553Z node: v22.23.3
2026-10-09T00:20:06.9357661Z npm: 10.9.9
2026-10-09T00:20:06.9357931Z yarn: 1.22.22
2026-10-09T00:20:06.9358978Z ##[endgroup]
2026-10-09T00:20:06.9505752Z ##[group]Run npm ci --ignore-scripts --no-audit --no-fund
2026-10-09T00:20:06.9506353Z [36;1mnpm ci --ignore-scripts --no-audit --no-fund[0m
2026-10-09T00:20:06.9799669Z shell: /usr/bin/bash -e {0}
2026-10-09T00:20:06.9800056Z ##[endgroup]
2026-10-09T00:20:09.2239710Z 
2026-10-09T00:20:09.2247710Z added 1 package in 2s
2026-10-09T00:20:09.2675541Z ##[group]Run npm test
2026-10-09T00:20:09.2675855Z [36;1mnpm test[0m
2026-10-09T00:20:09.2739913Z shell: /usr/bin/bash -e {0}
2026-10-09T00:20:09.2740190Z ##[endgroup]
2026-10-09T00:20:09.3874348Z 
2026-10-09T00:20:09.3875530Z > b19-name-filter@1.0.0 test
2026-10-09T00:20:09.3876180Z > npm run build && node tests/run.mjs
2026-10-09T00:20:09.3876421Z 
2026-10-09T00:20:09.4941408Z 
2026-10-09T00:20:09.4942154Z > b19-name-filter@1.0.0 build
2026-10-09T00:20:09.4942861Z > tsc -p tsconfig.json
2026-10-09T00:20:09.4943392Z 
2026-10-09T00:20:10.5202531Z CORPORA_RETAINED_SNAPSHOT_RESTORED
2026-10-09T00:20:10.5210604Z CORPORA_CACHE_VERIFIED {"sources": [{"id": "male", "url": "https://www2.census.gov/topics/genealogy/1990surnames/dist.male.first", "bytes": 42665, "sha256": "0a5078ef6effe3b483d15b0f7f95047662126c9bfb624ecd5e5b978fc0f2470b"}, {"id": "female", "url": "https://www2.census.gov/topics/genealogy/1990surnames/dist.female.first", "bytes": 149625, "sha256": "bd2f310fc4e5d5e5ea122c9d4342c9821145823118eb20db1647f305ec77b358"}, {"id": "last", "url": "https://www2.census.gov/topics/genealogy/1990surnames/dist.all.last", "bytes": 3107965, "sha256": "b0e2b3743ccbad641ca48b344c24cdebcd1d9a1f76dc6dbf05986f2919f0b4e1"}, {"id": "words", "url": "https://raw.githubusercontent.com/first20hours/google-10000-english/master/google-10000-english.txt", "bytes": 75888, "sha256": "9c965d384526facc59260e94f8ccff1582633fa385004abe1455ed457062acbc"}, {"id": "places", "url": "https://download.geonames.org/export/dump/cities15000.zip", "bytes": 3360467, "sha256": "865724f89e3274c5172df2f6068596dfb25bb604737ac2711b5ca6d31aebbf32"}], "outputs": [{"file": "names.json", "count": 20000, "bytes": 1178061, "sha256": "98ea30b5406ed5abdf5587dc3d4117ad0c4f60208657eb3317fe0b6007eeedab"}, {"file": "words.json", "count": 10000, "bytes": 534784, "sha256": "458a956fc9c3c415eb44b23394d88ddf18e26fb9fd3ca116e26f6c7dae6449a3"}, {"file": "places.json", "count": 2000, "bytes": 187002, "sha256": "3e865402f14e284327d6c69b807008faef092dfcb7841322d40eaf0da9324cac"}], "selection": "5000 unique 1990 given names by max sex-specific frequency; append highest-ranked distinct surnames to 20000; all 10000 English entries unfiltered; 2000 unique GeoNames city names by descending population. No moderation-based exclusions."}
2026-10-09T00:20:10.5217132Z 
2026-10-09T00:20:10.5409385Z {"name":"public-corpus-acquisition","cases":1,"passed":1,"seed":null,"command":"node tests/run.mjs"}
2026-10-09T00:20:10.7700832Z {"name":"retained-original-snapshot-offline-and-corruption","cases":8,"passed":8,"seed":1,"command":"python3 tests/retained-snapshot.py","output":{"cases":8,"passed":8,"checks":["clean offline restoration: all32000 original rows and exact byte hashes","verified cache reuse without live network","changed byte rejected before cache writes","missing corpus rejected","missing manifest rejected","unsupported snapshot manifest rejected","truncated valid JSON corpus rejected","corrupt existing cache rejected without replacement"],"networkCalls":0}}
2026-10-09T00:20:10.9603061Z {"name":"delivery-file-size-and-checksums","cases":2,"passed":2,"seed":1,"command":"node tests/run.mjs","files":979,"checked":979,"failures":[],"rootManifestPresent":true,"maxFileBytes":3071339}
2026-10-09T00:20:10.9606593Z {"name":"immutable-return-values","cases":3,"passed":3,"seed":1,"command":"node tests/run.mjs"}
2026-10-09T00:20:10.9608681Z {"name":"failure-suggestions-map-and-frozen","cases":5,"passed":5,"seed":1,"command":"node tests/run.mjs"}
2026-10-09T00:20:10.9616286Z {"name":"additional-given-names-and-exception-bypass","cases":30,"passed":30,"seed":1,"command":"node tests/run.mjs","productionErrors":[],"blindErrors":[]}
2026-10-09T00:20:10.9619571Z {"name":"policy-copy-consistency-and-no-duplicate-terms","cases":3,"passed":3,"seed":1,"command":"node tests/run.mjs"}
2026-10-09T00:20:11.5988326Z {"name":"strict-TypeScript","cases":1,"passed":1,"seed":1,"command":"tsc -p tsconfig.json --noEmit","output":""}
2026-10-09T00:20:11.6174201Z {"name":"length-pruned-matcher-blind-boundaries","cases":24873,"passed":24873,"seed":1,"command":"node tests/run.mjs","errors":[]}
2026-10-09T00:20:11.6675931Z {"name":"generator-byte-identical-replay-and-coverage","cases":2,"passed":2,"seed":1,"command":"node tests/run.mjs"}
2026-10-09T00:20:11.6739156Z {"name":"handwritten-format-and-Scunthorpe","cases":459,"passed":459,"seed":1,"command":"node tests/run.mjs","errors":[]}
2026-10-09T00:20:11.6784689Z {"name":"exhaustive-declared-single-glyph-substitution","cases":1371,"passed":1371,"seed":1,"command":"node tests/run.mjs","errors":[]}
2026-10-09T00:20:11.6821557Z {"name":"precompiled-Unicode-policy-context-differential","cases":1296,"passed":1296,"seed":1,"command":"node tests/run.mjs","errors":[]}
2026-10-09T00:20:11.6844232Z {"name":"precompiled-printable-width-and-latin1-context-differential","cases":1422,"passed":1422,"seed":1,"command":"node tests/run.mjs","errors":[]}
2026-10-09T00:20:11.6951141Z {"name":"generated-obfuscations","cases":5000,"passed":5000,"seed":1,"command":"node tests/run.mjs","misses":0,"errors":[],"coverage":{"anal":88,"anus":88,"arsehole":72,"bastard":80,"bitch":88,"blowjob":80,"boner":88,"boob":88,"boobs":88,"bukkake":80,"chink":88,"clit":88,"cock":88,"coon":87,"cunt":87,"cum":86,"cumshot":79,"dick":87,"dildo":87,"douche":85,"dyke":87,"fag":87,"faggot":83,"fuck":87,"gook":87,"handjob":83,"hentai":82,"jizz":85,"kike":87,"nigga":87,"nigger":84,"orgasm":86,"paedophile":49,"pedophile":51,"penis":87,"porn":87,"pussy":86,"rape":87,"retard":86,"rimjob":84,"semen":87,"sex":84,"shemale":80,"slut":87,"spic":87,"spunk":87,"testicle":67,"tits":87,"titties":77,"titty":87,"tranny":83,"twat":87,"vagina":86,"wank":87,"wetback":79,"whore":87,"asshole":80,"bollocks":71,"fellatio":70,"masturbate":39,"ejaculation":23,"motherfucker":18,"masturbation":16},"attempts":5496}
2026-10-09T00:20:11.6980161Z {"name":"names-count-and-uniqueness","cases":2,"passed":2,"seed":1,"command":"node tests/run.mjs","rows":20000,"unique":20000}
2026-10-09T00:20:11.7364395Z {"name":"names-reviewed-corpus-policy","cases":20000,"passed":20000,"seed":1,"command":"node tests/run.mjs","accepted":19989,"rejected":11,"reviewed":11,"unexpected":0,"stale":0,"zeroRejections":false}
2026-10-09T00:20:11.7367161Z {"name":"names-reviewed-baseline-no-stale-entries","cases":1,"passed":1,"seed":1,"command":"node tests/run.mjs"}
2026-10-09T00:20:11.7385641Z CORPUS_REJECTIONS names [{"name":"lana","source":"female","sourceRank":470,"sourceFrequency":0.029,"reason":"blocked","review":"Full-word reversal of anal. Allowing the same case-insensitive string would admit a supported blocked-term reversal."},{"name":"dick","source":"male","sourceRank":721,"sourceFrequency":0.009,"reason":"blocked","review":"The Census name is identical to a blocked sexual term. Intent cannot be recovered from these characters."},{"name":"bonner","source":"last","sourceRank":855,"reason":"blocked","review":"Full-word repeated-letter spelling of boner (extra n). Allowing it conflicts with the declared repetition rule."},{"name":"coon","source":"last","sourceRank":1779,"reason":"blocked","review":"The Census surname is identical to a blocked racial slur. The filter has no name-intent context."},{"name":"dykes","source":"last","sourceRank":2116,"reason":"blocked","review":"The Census surname also spells a plural of the blocked slur dyke; kept under the explicit plural policy."},{"name":"coons","source":"last","sourceRank":4271,"reason":"blocked","review":"The Census surname also spells a plural of the blocked slur coon; kept under the explicit plural policy."},{"name":"stitt","source":"last","sourceRank":4377,"reason":"blocked","review":"The whole reversed string is ttits: a repeated-letter obfuscation of tits."},{"name":"raper","source":"last","sourceRank":5858,"reason":"blocked","review":"The Census surname overlaps an agent-noun form of rape; kept under the explicit sexual-violence policy."},{"name":"dicks","source":"last","sourceRank":6404,"reason":"blocked","review":"The Census surname also spells a plural of the blocked sexual term dick; kept under the explicit plural policy."},{"name":"dyke","source":"last","sourceRank":6707,"reason":"blocked","review":"The Census surname is identical to a blocked slur. Non-abusive meanings do not change its characters."},{"name":"boner","source":"last","sourceRank":10257,"reason":"blocked","review":"The Census surname is identical to a blocked sexual term."}]
2026-10-09T00:20:11.7399688Z {"name":"words-count-and-uniqueness","cases":2,"passed":2,"seed":1,"command":"node tests/run.mjs","rows":10000,"unique":10000}
2026-10-09T00:20:11.7624144Z {"name":"words-reviewed-corpus-policy","cases":10000,"passed":10000,"seed":1,"command":"node tests/run.mjs","accepted":9951,"rejected":49,"reviewed":49,"unexpected":0,"stale":0,"zeroRejections":false}
2026-10-09T00:20:11.7626116Z {"name":"words-reviewed-baseline-no-stale-entries","cases":1,"passed":1,"seed":1,"command":"node tests/run.mjs"}
2026-10-09T00:20:11.7667478Z CORPUS_REJECTIONS words [{"name":"sex","source":"words","sourceRank":182,"reason":"blocked","review":"Sexual/profanity token or inflected adult-content form; deliberate lexical-policy rejection."},{"name":"porn","source":"words","sourceRank":659,"reason":"blocked","review":"Sexual/profanity token or inflected adult-content form; deliberate lexical-policy rejection."},{"name":"anal","source":"words","sourceRank":1366,"reason":"blocked","review":"Sexual/profanity token or inflected adult-content form; deliberate lexical-policy rejection."},{"name":"pussy","source":"words","sourceRank":1381,"reason":"blocked","review":"Sexual/profanity token or inflected adult-content form; deliberate lexical-policy rejection."},{"name":"sexy","source":"words","sourceRank":1447,"reason":"blocked","review":"Sexual/profanity token or inflected adult-content form; deliberate lexical-policy rejection."},{"name":"rape","source":"words","sourceRank":1605,"reason":"blocked","review":"Sexual/profanity token or inflected adult-content form; deliberate lexical-policy rejection."},{"name":"fucking","source":"words","sourceRank":1718,"reason":"blocked","review":"Sexual/profanity token or inflected adult-content form; deliberate lexical-policy rejection."},{"name":"cum","source":"words","sourceRank":1945,"reason":"blocked","review":"Sexual/profanity token or inflected adult-content form; deliberate lexical-policy rejection."},{"name":"fuck","source":"words","sourceRank":2066,"reason":"blocked","review":"Sexual/profanity token or inflected adult-content form; deliberate lexical-policy rejection."},{"name":"cock","source":"words","sourceRank":2152,"reason":"blocked","review":"Sexual/profanity token or inflected adult-content form; deliberate lexical-policy rejection."},{"name":"porno","source":"words","sourceRank":2184,"reason":"blocked","review":"Sexual/profanity token or inflected adult-content form; deliberate lexical-policy rejection."},{"name":"tits","source":"words","sourceRank":2214,"reason":"blocked","review":"Sexual/profanity token or inflected adult-content form; deliberate lexical-policy rejection."},{"name":"hentai","source":"words","sourceRank":2359,"reason":"blocked","review":"Sexual/profanity token or inflected adult-content form; deliberate lexical-policy rejection."},{"name":"sexual","source":"words","sourceRank":2387,"reason":"blocked","review":"Sexual/profanity token or inflected adult-content form; deliberate lexical-policy rejection."},{"name":"shemale","source":"words","sourceRank":2648,"reason":"blocked","review":"Sexual/profanity token or inflected adult-content form; deliberate lexical-policy rejection."},{"name":"sexo","source":"words","sourceRank":2996,"reason":"blocked","review":"Sexual/profanity token or inflected adult-content form; deliberate lexical-policy rejection."},{"name":"dick","source":"words","sourceRank":3045,"reason":"blocked","review":"Sexual/profanity token or inflected adult-content form; deliberate lexical-policy rejection."},{"name":"blowjob","source":"words","sourceRank":3379,"reason":"blocked","review":"Sexual/profanity token or inflected adult-content form; deliberate lexical-policy rejection."},{"name":"boobs","source":"words","sourceRank":3506,"reason":"blocked","review":"Sexual/profanity token or inflected adult-content form; deliberate lexical-policy rejection."},{"name":"dildo","source":"words","sourceRank":3585,"reason":"blocked","review":"Sexual/profanity token or inflected adult-content form; deliberate lexical-policy rejection."},{"name":"sexcam","source":"words","sourceRank":3822,"reason":"blocked","review":"Sexual/profanity token or inflected adult-content form; deliberate lexical-policy rejection."},{"name":"penis","source":"words","sourceRank":3899,"reason":"blocked","review":"Sexual/profanity token or inflected adult-content form; deliberate lexical-policy rejection."},{"name":"blowjobs","source":"words","sourceRank":3959,"reason":"blocked","review":"Sexual/profanity token or inflected adult-content form; deliberate lexical-policy rejection."},{"name":"telecommunications","source":"words","sourceRank":4138,"reason":"length","review":"18 code points exceed 16; format rejection, not a lexical false positive."},{"name":"cumshot","source":"words","sourceRank":4231,"reason":"blocked","review":"Sexual/profanity token or inflected adult-content form; deliberate lexical-policy rejection."},{"name":"cocks","source":"words","sourceRank":4550,"reason":"blocked","review":"Sexual/profanity token or inflected adult-content form; deliberate lexical-policy rejection."},{"name":"tranny","source":"words","sourceRank":4903,"reason":"blocked","review":"Sexual/profanity token or inflected adult-content form; deliberate lexical-policy rejection."},{"name":"cumshots","source":"words","sourceRank":4934,"reason":"blocked","review":"Sexual/profanity token or inflected adult-content form; deliberate lexical-policy rejection."},{"name":"bukkake","source":"words","sourceRank":4941,"reason":"blocked","review":"Sexual/profanity token or inflected adult-content form; deliberate lexical-policy rejection."},{"name":"fucked","source":"words","sourceRank":5645,"reason":"blocked","review":"Sexual/profanity token or inflected adult-content form; deliberate lexical-policy rejection."},{"name":"dildos","source":"words","sourceRank":5913,"reason":"blocked","review":"Sexual/profanity token or inflected adult-content form; deliberate lexical-policy rejection."},{"name":"boob","source":"words","sourceRank":6376,"reason":"blocked","review":"Sexual/profanity token or inflected adult-content form; deliberate lexical-policy rejection."},{"name":"slut","source":"words","sourceRank":6438,"reason":"blocked","review":"Sexual/profanity token or inflected adult-content form; deliberate lexical-policy rejection."},{"name":"ejaculation","source":"words","sourceRank":6439,"reason":"blocked","review":"Sexual/profanity token or inflected adult-content form; deliberate lexical-policy rejection."},{"name":"dicks","source":"words","sourceRank":6537,"reason":"blocked","review":"Sexual/profanity token or inflected adult-content form; deliberate lexical-policy rejection."},{"name":"sluts","source":"words","sourceRank":7030,"reason":"blocked","review":"Sexual/profanity token or inflected adult-content form; deliberate lexical-policy rejection."},{"name":"bitch","source":"words","sourceRank":7110,"reason":"blocked","review":"Sexual/profanity token or inflected adult-content form; deliberate lexical-policy rejection."},{"name":"handjob","source":"words","sourceRank":7149,"reason":"blocked","review":"Sexual/profanity token or inflected adult-content form; deliberate lexical-policy rejection."},{"name":"livesex","source":"words","sourceRank":7307,"reason":"blocked","review":"Sexual/profanity token or inflected adult-content form; deliberate lexical-policy rejection."},{"name":"worldsex","source":"words","sourceRank":7333,"reason":"blocked","review":"Sexual/profanity token or inflected adult-content form; deliberate lexical-policy rejection."},{"name":"shemales","source":"words","sourceRank":8129,"reason":"blocked","review":"Sexual/profanity token or inflected adult-content form; deliberate lexical-policy rejection."},{"name":"handjobs","source":"words","sourceRank":8782,"reason":"blocked","review":"Sexual/profanity token or inflected adult-content form; deliberate lexical-policy rejection."},{"name":"vagina","source":"words","sourceRank":9083,"reason":"blocked","review":"Sexual/profanity token or inflected adult-content form; deliberate lexical-policy rejection."},{"name":"sexuality","source":"words","sourceRank":9164,"reason":"blocked","review":"Sexual/profanity token or inflected adult-content form; deliberate lexical-policy rejection."},{"name":"cunt","source":"words","sourceRank":9201,"reason":"blocked","review":"Sexual/profanity token or inflected adult-content form; deliberate lexical-policy rejection."},{"name":"masturbation","source":"words","sourceRank":9485,"reason":"blocked","review":"Sexual/profanity token or inflected adult-content form; deliberate lexical-policy rejection."},{"name":"orgasm","source":"words","sourceRank":9506,"reason":"blocked","review":"Sexual/profanity token or inflected adult-content form; deliberate lexical-policy rejection."},{"name":"sexually","source":"words","sourceRank":9675,"reason":"blocked","review":"Sexual/profanity token or inflected adult-content form; deliberate lexical-policy rejection."},{"name":"whore","source":"words","sourceRank":9802,"reason":"blocked","review":"Sexual/profanity token or inflected adult-content form; deliberate lexical-policy rejection."}]
2026-10-09T00:20:11.7697644Z {"name":"places-count-and-uniqueness","cases":2,"passed":2,"seed":1,"command":"node tests/run.mjs","rows":2000,"unique":2000}
2026-10-09T00:20:11.7698949Z {"name":"places-reviewed-corpus-policy","cases":2000,"passed":2000,"seed":1,"command":"node tests/run.mjs","accepted":1943,"rejected":57,"reviewed":57,"unexpected":0,"stale":0,"zeroRejections":false}
2026-10-09T00:20:11.7700146Z {"name":"places-reviewed-baseline-no-stale-entries","cases":1,"passed":1,"seed":1,"command":"node tests/run.mjs"}
2026-10-09T00:20:11.7775251Z CORPUS_REJECTIONS places [{"name":"Al Mawşil al Jadīdah","population":2065597,"geonameid":99071,"country":"IQ","source":"places","reason":"length","review":"20 code points exceed 16; format rejection, not a lexical false positive."},{"name":"Santa Cruz de la Sierra","population":1831434,"geonameid":3904906,"country":"BO","source":"places","reason":"length","review":"23 code points exceed 16; format rejection, not a lexical false positive."},{"name":"Ecatepec de Morelos","population":1645352,"geonameid":3529612,"country":"MX","source":"places","reason":"length","review":"19 code points exceed 16; format rejection, not a lexical false positive."},{"name":"Santiago de Querétaro","population":1594212,"geonameid":3991164,"country":"MX","source":"places","reason":"length","review":"21 code points exceed 16; format rejection, not a lexical false positive."},{"name":"León de los Aldama","population":1579803,"geonameid":3998655,"country":"MX","source":"places","reason":"length","review":"18 code points exceed 16; format rejection, not a lexical false positive."},{"name":"Shubrā al Khaymah","population":1240289,"geonameid":349076,"country":"EG","source":"places","reason":"length","review":"17 code points exceed 16; format rejection, not a lexical false positive."},{"name":"Santiago de los Caballeros","population":1200000,"geonameid":3492914,"country":"DO","source":"places","reason":"length","review":"26 code points exceed 16; format rejection, not a lexical false positive."},{"name":"Gustavo Adolfo Madero","population":1185772,"geonameid":3514674,"country":"MX","source":"places","reason":"length","review":"21 code points exceed 16; format rejection, not a lexical false positive."},{"name":"Ciudad Nezahualcoyotl","population":1077208,"geonameid":3530589,"country":"MX","source":"places","reason":"length","review":"21 code points exceed 16; format rejection, not a lexical false positive."},{"name":"São Bernardo do Campo","population":840499,"geonameid":3449344,"country":"BR","source":"places","reason":"length","review":"21 code points exceed 16; format rejection, not a lexical false positive."},{"name":"Naucalpan de Juárez","population":834434,"geonameid":3522790,"country":"MX","source":"places","reason":"length","review":"19 code points exceed 16; format rejection, not a lexical false positive."},{"name":"Kampung Baru Subang","population":833571,"geonameid":1771023,"country":"MY","source":"places","reason":"length","review":"19 code points exceed 16; format rejection, not a lexical false positive."},{"name":"Thiruvananthapuram","population":788271,"geonameid":1254163,"country":"IN","source":"places","reason":"length","review":"18 code points exceed 16; format rejection, not a lexical false positive."},{"name":"São José dos Campos","population":727078,"geonameid":3448636,"country":"BR","source":"places","reason":"length","review":"19 code points exceed 16; format rejection, not a lexical false positive."},{"name":"Santo Domingo Oeste","population":701269,"geonameid":7874116,"country":"DO","source":"places","reason":"length","review":"19 code points exceed 16; format rejection, not a lexical false positive."},{"name":"Santo Domingo Este","population":700000,"geonameid":8601412,"country":"DO","source":"places","reason":"length","review":"18 code points exceed 16; format rejection, not a lexical false positive."},{"name":"Acapulco de Juárez","population":658609,"geonameid":3533462,"country":"MX","source":"places","reason":"length","review":"18 code points exceed 16; format rejection, not a lexical false positive."},{"name":"Frankfurt am Main","population":650000,"geonameid":2925533,"country":"DE","source":"places","reason":"length","review":"17 code points exceed 16; format rejection, not a lexical false positive."},{"name":"Jaboatão dos Guararapes","population":644037,"geonameid":6317344,"country":"BR","source":"places","reason":"length","review":"23 code points exceed 16; format rejection, not a lexical false positive."},{"name":"New South Memphis","population":641608,"geonameid":4645421,"country":"US","source":"places","reason":"length","review":"17 code points exceed 16; format rejection, not a lexical false positive."},{"name":"Bukit Rahman Putra","population":607000,"geonameid":13118225,"country":"MY","source":"places","reason":"length","review":"18 code points exceed 16; format rejection, not a lexical false positive."},{"name":"Al Maḩallah al Kubrá","population":592573,"geonameid":360829,"country":"EG","source":"places","reason":"length","review":"20 code points exceed 16; format rejection, not a lexical false positive."},{"name":"Cuautitlán Izcalli","population":555163,"geonameid":3515807,"country":"MX","source":"places","reason":"length","review":"18 code points exceed 16; format rejection, not a lexical false positive."},{"name":"San Miguel de Tucumán","population":548866,"geonameid":3836873,"country":"AR","source":"places","reason":"length","review":"21 code points exceed 16; format rejection, not a lexical false positive."},{"name":"Mirpur Model Thana","population":546503,"geonameid":11395976,"country":"BD","source":"places","reason":"length","review":"18 code points exceed 16; format rejection, not a lexical false positive."},{"name":"Selayang Baru Utara","population":542409,"geonameid":7795834,"country":"MY","source":"places","reason":"length","review":"19 code points exceed 16; format rejection, not a lexical false positive."},{"name":"Aparecida de Goiânia","population":527796,"geonameid":6316406,"country":"BR","source":"places","reason":"length","review":"20 code points exceed 16; format rejection, not a lexical false positive."},{"name":"Victoria de Durango","population":518709,"geonameid":4011743,"country":"MX","source":"places","reason":"length","review":"19 code points exceed 16; format rejection, not a lexical false positive."},{"name":"Heroica Matamoros","population":510739,"geonameid":3523466,"country":"MX","source":"places","reason":"length","review":"17 code points exceed 16; format rejection, not a lexical false positive."},{"name":"Mianzhu, Deyang, Sichuan","population":510000,"geonameid":12492662,"country":"CN","source":"places","reason":"length","review":"24 code points exceed 16; format rejection, not a lexical false positive."},{"name":"Naberezhnyye Chelny","population":509870,"geonameid":523750,"country":"RU","source":"places","reason":"length","review":"19 code points exceed 16; format rejection, not a lexical false positive."},{"name":"Kampung Larkin Lama","population":500000,"geonameid":1732724,"country":"MY","source":"places","reason":"length","review":"19 code points exceed 16; format rejection, not a lexical false positive."},{"name":"Ciudad López Mateos","population":489160,"geonameid":3532624,"country":"MX","source":"places","reason":"length","review":"19 code points exceed 16; format rejection, not a lexical false positive."},{"name":"Campos dos Goytacazes","population":483540,"geonameid":3467693,"country":"BR","source":"places","reason":"length","review":"21 code points exceed 16; format rejection, not a lexical false positive."},{"name":"São José do Rio Preto","population":480393,"geonameid":3448639,"country":"BR","source":"places","reason":"length","review":"21 code points exceed 16; format rejection, not a lexical false positive."},{"name":"São João de Meriti","population":466536,"geonameid":3448877,"country":"BR","source":"places","reason":"length","review":"18 code points exceed 16; format rejection, not a lexical false positive."},{"name":"Santo Domingo de los Colorados","population":458580,"geonameid":3651297,"country":"EC","source":"places","reason":"length","review":"30 code points exceed 16; format rejection, not a lexical false positive."},{"name":"Ciudad General Escobedo","population":454967,"geonameid":4005867,"country":"MX","source":"places","reason":"length","review":"23 code points exceed 16; format rejection, not a lexical false positive."},{"name":"Venustiano Carranza","population":430978,"geonameid":3827407,"country":"MX","source":"places","reason":"length","review":"19 code points exceed 16; format rejection, not a lexical false positive."},{"name":"Xalapa de Enríquez","population":424755,"geonameid":3526617,"country":"MX","source":"places","reason":"length","review":"18 code points exceed 16; format rejection, not a lexical false positive."},{"name":"Kampung Kangkar Teberau","population":412373,"geonameid":1762110,"country":"MY","source":"places","reason":"length","review":"23 code points exceed 16; format rejection, not a lexical false positive."},{"name":"San Nicolás de los Garza","population":412199,"geonameid":3985241,"country":"MX","source":"places","reason":"length","review":"24 code points exceed 16; format rejection, not a lexical false positive."},{"name":"Vitória da Conquista","population":396613,"geonameid":3444914,"country":"BR","source":"places","reason":"length","review":"20 code points exceed 16; format rejection, not a lexical false positive."},{"name":"Las Palmas de Gran Canaria","population":383516,"geonameid":2515270,"country":"ES","source":"places","reason":"length","review":"26 code points exceed 16; format rejection, not a lexical false positive."},{"name":"Rajamahendravaram","population":376333,"geonameid":1258932,"country":"IN","source":"places","reason":"length","review":"17 code points exceed 16; format rejection, not a lexical false positive."},{"name":"6th of October City","population":368650,"geonameid":353219,"country":"EG","source":"places","reason":"length","review":"19 code points exceed 16; format rejection, not a lexical false positive."},{"name":"San Jose del Monte","population":357828,"geonameid":1689395,"country":"PH","source":"places","reason":"length","review":"18 code points exceed 16; format rejection, not a lexical false positive."},{"name":"São José dos Pinhais","population":349880,"geonameid":3448632,"country":"BR","source":"places","reason":"length","review":"20 code points exceed 16; format rejection, not a lexical false positive."},{"name":"Ribeirão das Neves","population":346971,"geonameid":3451353,"country":"BR","source":"places","reason":"length","review":"18 code points exceed 16; format rejection, not a lexical false positive."},{"name":"Ḩadā’iq al Qubbah","population":339612,"geonameid":356436,"country":"EG","source":"places","reason":"length","review":"17 code points exceed 16; format rejection, not a lexical false positive."},{"name":"Soledad de Graciano Sánchez","population":332072,"geonameid":3982912,"country":"MX","source":"places","reason":"length","review":"27 code points exceed 16; format rejection, not a lexical false positive."},{"name":"Lexington-Fayette","population":314488,"geonameid":4297999,"country":"US","source":"places","reason":"length","review":"17 code points exceed 16; format rejection, not a lexical false positive."},{"name":"Kingston upon Hull","population":314018,"geonameid":2645425,"country":"GB","source":"places","reason":"length","review":"18 code points exceed 16; format rejection, not a lexical false positive."},{"name":"Al Qāhirah al Jadīdah","population":313139,"geonameid":8134081,"country":"EG","source":"places","reason":"length","review":"21 code points exceed 16; format rejection, not a lexical false positive."},{"name":"Ciudad Benito Juárez","population":308285,"geonameid":4003757,"country":"MX","source":"places","reason":"length","review":"20 code points exceed 16; format rejection, not a lexical false positive."},{"name":"Juazeiro do Norte","population":305531,"geonameid":3397147,"country":"BR","source":"places","reason":"length","review":"17 code points exceed 16; format rejection, not a lexical false positive."},{"name":"Newcastle upon Tyne","population":300125,"geonameid":2641673,"country":"GB","source":"places","reason":"length","review":"19 code points exceed 16; format rejection, not a lexical false positive."}]
2026-10-09T00:20:11.8800108Z {"name":"original-workload-policy-and-counts","cases":6,"passed":6,"seed":1,"command":"node tests/run.mjs","originalPolicySha256":"ac400db6c9733f6becc82df93f91cdde13563767d2b9b3883684779b28c48dc9","fixedCases":459,"fullCases":43830,"benchmarkPositiveInputs":48}
2026-10-09T00:20:12.9187260Z {"name":"regex-vs-bitset-NFA-differential","cases":43830,"passed":43830,"seed":1,"command":"node tests/run.mjs"}
2026-10-09T00:20:12.9190326Z {"name":"sealed-blind-reference-differential","cases":43830,"passed":43830,"seed":1,"command":"node tests/run.mjs"}
2026-10-09T00:20:12.9192657Z {"name":"repeat-call-purity","cases":43830,"passed":43830,"seed":1,"command":"node tests/run.mjs"}
2026-10-09T00:20:12.9195131Z {"name":"boolean-wrapper","cases":43830,"passed":43830,"seed":1,"command":"node tests/run.mjs"}
2026-10-09T00:20:12.9404348Z {"name":"mutation-baseline-truth","cases":43830,"passed":43830,"seed":1,"command":"node tests/run.mjs"}
2026-10-09T00:20:15.8519902Z {"name":"25-real-executed-mutations","cases":25,"passed":25,"seed":1,"command":"node tests/run.mjs","survivors":[]}
2026-10-09T00:20:15.8536335Z {"name":"runtime-gzip-size","cases":2,"passed":2,"seed":1,"command":"node tests/run.mjs","sourceBytes":14430,"sourceGzipBytes":5270,"compiledBytes":15203,"compiledGzipBytes":5050,"limitBytes":6000}
2026-10-09T00:20:15.8538719Z {"name":"zero-runtime-dependencies-and-forbidden-APIs","cases":5,"passed":5,"seed":1,"command":"node tests/run.mjs"}
2026-10-09T00:20:15.9247965Z {"name":"latency-every-observed-check-under-005ms","cases":10000,"passed":10000,"seed":1,"command":"node tests/run.mjs","calls":10000,"meanMs":0.0012982351999999992,"p50Ms":0.00027099999988422496,"p99Ms":0.003928000000087195,"maxMs":0.039324000000306114,"over005Ms":0,"outliers":[],"measurementStartMs":5652.314784,"measurementEndMs":5665.297136,"sink":94721}
2026-10-09T00:20:16.1454910Z {"name":"retained-original-snapshot-offline-and-corruption","cases":8,"passed":8,"seed":2,"command":"python3 tests/retained-snapshot.py","output":{"cases":8,"passed":8,"checks":["clean offline restoration: all32000 original rows and exact byte hashes","verified cache reuse without live network","changed byte rejected before cache writes","missing corpus rejected","missing manifest rejected","unsupported snapshot manifest rejected","truncated valid JSON corpus rejected","corrupt existing cache rejected without replacement"],"networkCalls":0}}
2026-10-09T00:20:16.3022909Z {"name":"delivery-file-size-and-checksums","cases":2,"passed":2,"seed":2,"command":"node tests/run.mjs","files":979,"checked":979,"failures":[],"rootManifestPresent":true,"maxFileBytes":3071339}
2026-10-09T00:20:16.3025203Z {"name":"immutable-return-values","cases":3,"passed":3,"seed":2,"command":"node tests/run.mjs"}
2026-10-09T00:20:16.3026708Z {"name":"failure-suggestions-map-and-frozen","cases":5,"passed":5,"seed":2,"command":"node tests/run.mjs"}
2026-10-09T00:20:16.3028673Z {"name":"additional-given-names-and-exception-bypass","cases":30,"passed":30,"seed":2,"command":"node tests/run.mjs","productionErrors":[],"blindErrors":[]}
2026-10-09T00:20:16.3030560Z {"name":"policy-copy-consistency-and-no-duplicate-terms","cases":3,"passed":3,"seed":2,"command":"node tests/run.mjs"}
2026-10-09T00:20:16.9381458Z {"name":"strict-TypeScript","cases":1,"passed":1,"seed":2,"command":"tsc -p tsconfig.json --noEmit","output":""}
2026-10-09T00:20:16.9417120Z {"name":"length-pruned-matcher-blind-boundaries","cases":24873,"passed":24873,"seed":2,"command":"node tests/run.mjs","errors":[]}
2026-10-09T00:20:16.9808715Z {"name":"generator-byte-identical-replay-and-coverage","cases":2,"passed":2,"seed":2,"command":"node tests/run.mjs"}
2026-10-09T00:20:16.9866384Z {"name":"handwritten-format-and-Scunthorpe","cases":459,"passed":459,"seed":2,"command":"node tests/run.mjs","errors":[]}
2026-10-09T00:20:16.9880831Z {"name":"exhaustive-declared-single-glyph-substitution","cases":1371,"passed":1371,"seed":2,"command":"node tests/run.mjs","errors":[]}
2026-10-09T00:20:16.9894960Z {"name":"precompiled-Unicode-policy-context-differential","cases":1296,"passed":1296,"seed":2,"command":"node tests/run.mjs","errors":[]}
2026-10-09T00:20:16.9906192Z {"name":"precompiled-printable-width-and-latin1-context-differential","cases":1422,"passed":1422,"seed":2,"command":"node tests/run.mjs","errors":[]}
2026-10-09T00:20:17.0011047Z {"name":"generated-obfuscations","cases":5000,"passed":5000,"seed":2,"command":"node tests/run.mjs","misses":0,"errors":[],"coverage":{"anal":87,"anus":86,"arsehole":74,"asshole":78,"bastard":84,"bitch":87,"blowjob":76,"bollocks":68,"boner":87,"boob":87,"boobs":86,"bukkake":81,"chink":86,"clit":87,"cock":87,"coon":86,"cunt":87,"cum":84,"cumshot":79,"dick":86,"dildo":87,"douche":87,"dyke":87,"fag":86,"faggot":86,"fellatio":68,"fuck":87,"gook":87,"handjob":79,"hentai":87,"jizz":87,"kike":87,"masturbate":42,"motherfucker":18,"nigga":87,"nigger":86,"orgasm":86,"paedophile":45,"pedophile":49,"penis":87,"porn":86,"pussy":87,"rape":87,"retard":85,"rimjob":85,"semen":87,"sex":86,"shemale":83,"slut":86,"spic":86,"spunk":87,"tits":87,"titties":82,"titty":87,"tranny":85,"twat":86,"vagina":84,"wank":85,"wetback":77,"whore":86,"testicle":67,"ejaculation":29,"masturbation":22},"attempts":5475}
2026-10-09T00:20:17.0034831Z {"name":"names-count-and-uniqueness","cases":2,"passed":2,"seed":2,"command":"node tests/run.mjs","rows":20000,"unique":20000}
2026-10-09T00:20:17.0383788Z {"name":"names-reviewed-corpus-policy","cases":20000,"passed":20000,"seed":2,"command":"node tests/run.mjs","accepted":19989,"rejected":11,"reviewed":11,"unexpected":0,"stale":0,"zeroRejections":false}
2026-10-09T00:20:17.0386160Z {"name":"names-reviewed-baseline-no-stale-entries","cases":1,"passed":1,"seed":2,"command":"node tests/run.mjs"}
2026-10-09T00:20:17.0396604Z {"name":"words-count-and-uniqueness","cases":2,"passed":2,"seed":2,"command":"node tests/run.mjs","rows":10000,"unique":10000}
2026-10-09T00:20:17.0619427Z {"name":"words-reviewed-corpus-policy","cases":10000,"passed":10000,"seed":2,"command":"node tests/run.mjs","accepted":9951,"rejected":49,"reviewed":49,"unexpected":0,"stale":0,"zeroRejections":false}
2026-10-09T00:20:17.0621728Z {"name":"words-reviewed-baseline-no-stale-entries","cases":1,"passed":1,"seed":2,"command":"node tests/run.mjs"}
2026-10-09T00:20:17.0623590Z {"name":"places-count-and-uniqueness","cases":2,"passed":2,"seed":2,"command":"node tests/run.mjs","rows":2000,"unique":2000}
2026-10-09T00:20:17.0672067Z {"name":"places-reviewed-corpus-policy","cases":2000,"passed":2000,"seed":2,"command":"node tests/run.mjs","accepted":1943,"rejected":57,"reviewed":57,"unexpected":0,"stale":0,"zeroRejections":false}
2026-10-09T00:20:17.0674245Z {"name":"places-reviewed-baseline-no-stale-entries","cases":1,"passed":1,"seed":2,"command":"node tests/run.mjs"}
2026-10-09T00:20:17.1488023Z {"name":"original-workload-policy-and-counts","cases":6,"passed":6,"seed":2,"command":"node tests/run.mjs","originalPolicySha256":"ac400db6c9733f6becc82df93f91cdde13563767d2b9b3883684779b28c48dc9","fixedCases":459,"fullCases":43830,"benchmarkPositiveInputs":48}
2026-10-09T00:20:18.1825555Z {"name":"regex-vs-bitset-NFA-differential","cases":43830,"passed":43830,"seed":2,"command":"node tests/run.mjs"}
2026-10-09T00:20:18.1826842Z {"name":"sealed-blind-reference-differential","cases":43830,"passed":43830,"seed":2,"command":"node tests/run.mjs"}
2026-10-09T00:20:18.1827942Z {"name":"repeat-call-purity","cases":43830,"passed":43830,"seed":2,"command":"node tests/run.mjs"}
2026-10-09T00:20:18.1828949Z {"name":"boolean-wrapper","cases":43830,"passed":43830,"seed":2,"command":"node tests/run.mjs"}
2026-10-09T00:20:18.2050085Z {"name":"mutation-baseline-truth","cases":43830,"passed":43830,"seed":2,"command":"node tests/run.mjs"}
2026-10-09T00:20:18.7329894Z {"name":"25-real-executed-mutations","cases":25,"passed":25,"seed":2,"command":"node tests/run.mjs","survivors":[]}
2026-10-09T00:20:18.7341556Z {"name":"runtime-gzip-size","cases":2,"passed":2,"seed":2,"command":"node tests/run.mjs","sourceBytes":14430,"sourceGzipBytes":5270,"compiledBytes":15203,"compiledGzipBytes":5050,"limitBytes":6000}
2026-10-09T00:20:18.7343787Z {"name":"zero-runtime-dependencies-and-forbidden-APIs","cases":5,"passed":5,"seed":2,"command":"node tests/run.mjs"}
2026-10-09T00:20:18.7902647Z {"name":"latency-every-observed-check-under-005ms","cases":10000,"passed":10000,"seed":2,"command":"node tests/run.mjs","calls":10000,"meanMs":0.000578407100000004,"p50Ms":0.00026000000070780516,"p99Ms":0.0031660000004194444,"maxMs":0.015398999999888474,"over005Ms":0,"outliers":[],"measurementStartMs":8524.88467,"measurementEndMs":8530.668741,"sink":93467}
2026-10-09T00:20:19.0096145Z {"name":"retained-original-snapshot-offline-and-corruption","cases":8,"passed":8,"seed":3,"command":"python3 tests/retained-snapshot.py","output":{"cases":8,"passed":8,"checks":["clean offline restoration: all32000 original rows and exact byte hashes","verified cache reuse without live network","changed byte rejected before cache writes","missing corpus rejected","missing manifest rejected","unsupported snapshot manifest rejected","truncated valid JSON corpus rejected","corrupt existing cache rejected without replacement"],"networkCalls":0}}
2026-10-09T00:20:19.1601489Z {"name":"delivery-file-size-and-checksums","cases":2,"passed":2,"seed":3,"command":"node tests/run.mjs","files":979,"checked":979,"failures":[],"rootManifestPresent":true,"maxFileBytes":3071339}
2026-10-09T00:20:19.1603666Z {"name":"immutable-return-values","cases":3,"passed":3,"seed":3,"command":"node tests/run.mjs"}
2026-10-09T00:20:19.1604997Z {"name":"failure-suggestions-map-and-frozen","cases":5,"passed":5,"seed":3,"command":"node tests/run.mjs"}
2026-10-09T00:20:19.1606356Z {"name":"additional-given-names-and-exception-bypass","cases":30,"passed":30,"seed":3,"command":"node tests/run.mjs","productionErrors":[],"blindErrors":[]}
2026-10-09T00:20:19.1607723Z {"name":"policy-copy-consistency-and-no-duplicate-terms","cases":3,"passed":3,"seed":3,"command":"node tests/run.mjs"}
2026-10-09T00:20:19.7818654Z {"name":"strict-TypeScript","cases":1,"passed":1,"seed":3,"command":"tsc -p tsconfig.json --noEmit","output":""}
2026-10-09T00:20:19.7850944Z {"name":"length-pruned-matcher-blind-boundaries","cases":24873,"passed":24873,"seed":3,"command":"node tests/run.mjs","errors":[]}
2026-10-09T00:20:19.8129390Z {"name":"generator-byte-identical-replay-and-coverage","cases":2,"passed":2,"seed":3,"command":"node tests/run.mjs"}
2026-10-09T00:20:19.8197274Z {"name":"handwritten-format-and-Scunthorpe","cases":459,"passed":459,"seed":3,"command":"node tests/run.mjs","errors":[]}
2026-10-09T00:20:19.8210108Z {"name":"exhaustive-declared-single-glyph-substitution","cases":1371,"passed":1371,"seed":3,"command":"node tests/run.mjs","errors":[]}
2026-10-09T00:20:19.8220787Z {"name":"precompiled-Unicode-policy-context-differential","cases":1296,"passed":1296,"seed":3,"command":"node tests/run.mjs","errors":[]}
2026-10-09T00:20:19.8230036Z {"name":"precompiled-printable-width-and-latin1-context-differential","cases":1422,"passed":1422,"seed":3,"command":"node tests/run.mjs","errors":[]}
2026-10-09T00:20:19.8329506Z {"name":"generated-obfuscations","cases":5000,"passed":5000,"seed":3,"command":"node tests/run.mjs","misses":0,"errors":[],"coverage":{"anal":87,"anus":87,"arsehole":65,"asshole":78,"bastard":76,"bitch":87,"blowjob":77,"bollocks":76,"boner":87,"boob":87,"boobs":87,"bukkake":79,"chink":87,"clit":87,"cock":87,"coon":87,"cunt":87,"cum":87,"cumshot":79,"dick":87,"dildo":87,"douche":85,"dyke":87,"fag":86,"faggot":87,"fellatio":66,"fuck":86,"gook":87,"handjob":83,"hentai":86,"jizz":87,"kike":86,"masturbate":37,"nigga":87,"nigger":85,"orgasm":86,"pedophile":55,"penis":87,"porn":87,"pussy":87,"rape":86,"retard":85,"rimjob":86,"semen":87,"sex":87,"shemale":78,"slut":87,"spic":87,"spunk":87,"testicle":69,"tits":87,"titties":84,"titty":85,"tranny":85,"twat":86,"vagina":85,"wank":86,"wetback":77,"whore":86,"masturbation":22,"motherfucker":22,"paedophile":37,"ejaculation":34},"attempts":5474}
2026-10-09T00:20:19.8347403Z {"name":"names-count-and-uniqueness","cases":2,"passed":2,"seed":3,"command":"node tests/run.mjs","rows":20000,"unique":20000}
2026-10-09T00:20:19.8693665Z {"name":"names-reviewed-corpus-policy","cases":20000,"passed":20000,"seed":3,"command":"node tests/run.mjs","accepted":19989,"rejected":11,"reviewed":11,"unexpected":0,"stale":0,"zeroRejections":false}
2026-10-09T00:20:19.8704282Z {"name":"names-reviewed-baseline-no-stale-entries","cases":1,"passed":1,"seed":3,"command":"node tests/run.mjs"}
2026-10-09T00:20:19.8705893Z {"name":"words-count-and-uniqueness","cases":2,"passed":2,"seed":3,"command":"node tests/run.mjs","rows":10000,"unique":10000}
2026-10-09T00:20:19.8897846Z {"name":"words-reviewed-corpus-policy","cases":10000,"passed":10000,"seed":3,"command":"node tests/run.mjs","accepted":9951,"rejected":49,"reviewed":49,"unexpected":0,"stale":0,"zeroRejections":false}
2026-10-09T00:20:19.8900024Z {"name":"words-reviewed-baseline-no-stale-entries","cases":1,"passed":1,"seed":3,"command":"node tests/run.mjs"}
2026-10-09T00:20:19.8901224Z {"name":"places-count-and-uniqueness","cases":2,"passed":2,"seed":3,"command":"node tests/run.mjs","rows":2000,"unique":2000}
2026-10-09T00:20:19.8947269Z {"name":"places-reviewed-corpus-policy","cases":2000,"passed":2000,"seed":3,"command":"node tests/run.mjs","accepted":1943,"rejected":57,"reviewed":57,"unexpected":0,"stale":0,"zeroRejections":false}
2026-10-09T00:20:19.8948723Z {"name":"places-reviewed-baseline-no-stale-entries","cases":1,"passed":1,"seed":3,"command":"node tests/run.mjs"}
2026-10-09T00:20:19.9823228Z {"name":"original-workload-policy-and-counts","cases":6,"passed":6,"seed":3,"command":"node tests/run.mjs","originalPolicySha256":"ac400db6c9733f6becc82df93f91cdde13563767d2b9b3883684779b28c48dc9","fixedCases":459,"fullCases":43830,"benchmarkPositiveInputs":48}
2026-10-09T00:20:21.0207506Z {"name":"regex-vs-bitset-NFA-differential","cases":43830,"passed":43830,"seed":3,"command":"node tests/run.mjs"}
2026-10-09T00:20:21.0208726Z {"name":"sealed-blind-reference-differential","cases":43830,"passed":43830,"seed":3,"command":"node tests/run.mjs"}
2026-10-09T00:20:21.0209769Z {"name":"repeat-call-purity","cases":43830,"passed":43830,"seed":3,"command":"node tests/run.mjs"}
2026-10-09T00:20:21.0210671Z {"name":"boolean-wrapper","cases":43830,"passed":43830,"seed":3,"command":"node tests/run.mjs"}
2026-10-09T00:20:21.0435648Z {"name":"mutation-baseline-truth","cases":43830,"passed":43830,"seed":3,"command":"node tests/run.mjs"}
2026-10-09T00:20:21.5717197Z {"name":"25-real-executed-mutations","cases":25,"passed":25,"seed":3,"command":"node tests/run.mjs","survivors":[]}
2026-10-09T00:20:21.5728420Z {"name":"runtime-gzip-size","cases":2,"passed":2,"seed":3,"command":"node tests/run.mjs","sourceBytes":14430,"sourceGzipBytes":5270,"compiledBytes":15203,"compiledGzipBytes":5050,"limitBytes":6000}
2026-10-09T00:20:21.5730436Z {"name":"zero-runtime-dependencies-and-forbidden-APIs","cases":5,"passed":5,"seed":3,"command":"node tests/run.mjs"}
2026-10-09T00:20:21.6313401Z {"name":"latency-every-observed-check-under-005ms","cases":10000,"passed":10000,"seed":3,"command":"node tests/run.mjs","calls":10000,"meanMs":0.0005630221999999776,"p50Ms":0.00025999999888881575,"p99Ms":0.003136000001177308,"maxMs":0.014277000000220141,"over005Ms":0,"outliers":[],"measurementStartMs":11367.210525,"measurementEndMs":11372.840747,"sink":94479}
2026-10-09T00:20:21.6317297Z FINAL_SUMMARY {"mode":"full","suites":100,"failures":[],"sourceSha256":"7817489fc1d0908a87914223a84b31c15ea7e13b3555cb4238594751616f163d","referenceSha256":"962bab309ddf9cc2d8ccc7237f782d69db6aa2b603417f1a8935c3d5b167b5f6"}
2026-10-09T00:20:21.6653060Z ##[group]Run actions/upload-artifact@v4
2026-10-09T00:20:21.6653377Z with:
2026-10-09T00:20:21.6653587Z   name: B19-verification
2026-10-09T00:20:21.6654254Z   path: jobs/B19-name-filter/
.github/workflows/B19.yml
!jobs/B19-name-filter/node_modules/**
!jobs/B19-name-filter/dist/**

2026-10-09T00:20:21.6654981Z   include-hidden-files: true
2026-10-09T00:20:21.6655426Z   retention-days: 30
2026-10-09T00:20:21.6655649Z   if-no-files-found: warn
2026-10-09T00:20:21.6655876Z   compression-level: 6
2026-10-09T00:20:21.6656085Z   overwrite: false
2026-10-09T00:20:21.6656360Z ##[endgroup]
2026-10-09T00:20:21.8426604Z (node:2434) [DEP0040] DeprecationWarning: The `punycode` module is deprecated. Please use a userland alternative instead.
2026-10-09T00:20:21.8427633Z (Use `node --trace-deprecation ...` to show where the warning was created)
2026-10-09T00:20:22.0914178Z Multiple search paths detected. Calculating the least common ancestor of all paths
2026-10-09T00:20:22.0918199Z The least common ancestor is /home/runner/work/partybox-gpt-drops/partybox-gpt-drops. This will be the root directory of the artifact
2026-10-09T00:20:22.0919537Z With the provided path, there will be 1005 files uploaded
2026-10-09T00:20:22.0926832Z Artifact name is valid!
2026-10-09T00:20:22.0927910Z Root directory input is valid!
2026-10-09T00:20:22.5137729Z Beginning upload of artifact content to blob storage
2026-10-09T00:20:23.4443625Z (node:2434) [DEP0169] DeprecationWarning: `url.parse()` behavior is not standardized and prone to errors that have security implications. Use the WHATWG URL API instead. CVEs are not issued for `url.parse()` vulnerabilities.
2026-10-09T00:20:24.3512252Z Uploaded bytes 8388608
2026-10-09T00:20:24.5777004Z Uploaded bytes 12602853
2026-10-09T00:20:24.6553851Z Finished uploading artifact content to blob storage!
2026-10-09T00:20:24.6557322Z SHA256 digest of uploaded artifact zip is 9630701930debded211abf482b5bb70c48d84f0925f761d108ed248881a45506
2026-10-09T00:20:24.6559592Z Finalizing artifact upload
2026-10-09T00:20:24.9152701Z Artifact B19-verification.zip successfully finalized. Artifact ID 11587348649
2026-10-09T00:20:24.9153655Z Artifact B19-verification has been successfully uploaded! Final size is 12602853 bytes. Artifact ID is 11587348649
2026-10-09T00:20:24.9162603Z Artifact download URL: https://github.com/luisitin/partybox-gpt-drops/actions/runs/37864218510/artifacts/11587348649
2026-10-09T00:20:24.9411471Z Post job cleanup.
2026-10-09T00:20:25.0617520Z (node:2448) [DEP0040] DeprecationWarning: The `punycode` module is deprecated. Please use a userland alternative instead.
2026-10-09T00:20:25.0618470Z (Use `node --trace-deprecation ...` to show where the warning was created)
2026-10-09T00:20:25.0788840Z Post job cleanup.
2026-10-09T00:20:25.1693422Z [command]/usr/bin/git version
2026-10-09T00:20:25.1739083Z git version 2.55.0
2026-10-09T00:20:25.1781701Z Temporarily overriding HOME='/home/runner/work/_temp/d66ada24-e2b7-4e57-8f0b-e67e519d3338' before making global git config changes
2026-10-09T00:20:25.1783785Z Adding repository directory to the temporary git global config as a safe directory
2026-10-09T00:20:25.1788204Z [command]/usr/bin/git config --global --add safe.directory /home/runner/work/partybox-gpt-drops/partybox-gpt-drops
2026-10-09T00:20:25.1831498Z [command]/usr/bin/git config --local --name-only --get-regexp core\.sshCommand
2026-10-09T00:20:25.1880240Z [command]/usr/bin/git submodule foreach --recursive sh -c "git config --local --name-only --get-regexp 'core\.sshCommand' && git config --local --unset-all 'core.sshCommand' || :"
2026-10-09T00:20:25.2130348Z [command]/usr/bin/git config --local --name-only --get-regexp http\.https\:\/\/github\.com\/\.extraheader
2026-10-09T00:20:25.2159210Z http.https://github.com/.extraheader
2026-10-09T00:20:25.2171255Z [command]/usr/bin/git config --local --unset-all http.https://github.com/.extraheader
2026-10-09T00:20:25.2208205Z [command]/usr/bin/git submodule foreach --recursive sh -c "git config --local --name-only --get-regexp 'http\.https\:\/\/github\.com\/\.extraheader' && git config --local --unset-all 'http.https://github.com/.extraheader' || :"
2026-10-09T00:20:25.2486242Z [command]/usr/bin/git config --local --name-only --get-regexp ^includeIf\.gitdir:
2026-10-09T00:20:25.2577405Z [command]/usr/bin/git submodule foreach --recursive git config --local --show-origin --name-only --get-regexp remote.origin.url
2026-10-09T00:20:25.3028569Z Cleaning up orphan processes
2026-10-09T00:20:25.3333497Z ##[warning]Node.js 20 is deprecated. The following actions target Node.js 20 but are being forced to run on Node.js 24: actions/checkout@v4, actions/setup-node@v4, actions/upload-artifact@v4. For more information see: https://github.blog/changelog/2025-09-19-deprecation-of-node-20-on-github-actions-runners/
