{
  "acceptedUTC": "2026-10-09T13:56:29.482132+00:00",
  "head": "26073db0a863421890c0ab2cc99dfb107f84c63e",
  "run": 37936106891,
  "job": 113838449093,
  "artifact": 11618109347,
  "archiveBytes": 111847,
  "archiveSha256": "2bdb40cd520b0df10b14e440c8022a6e809500129e8d56ed8a75493ab8cf717d",
  "nativeLogBytes": 953200,
  "nativeLogSha256": "c8619a3059cf3817917bc9a53bac983907330c4bad910164f8858fb642adfc24",
  "nativeSourceBlobHashesChecked": 241,
  "manifestPayloadsChecked": 239,
  "deliveredFileSizesIndependentlyObserved": 240,
  "allSafeZIPEntriesFullyReadCRC": 3,
  "completeArtifactLinesBoundToNativeCounts": 489,
  "actualHostedScanPairs": 4498500,
  "actualHostedFinalScanPairs": 719400,
  "actualHostedSegmentsChecked": 12,
  "actualFlagRatiosIndependentlyRecomputed": 57,
  "originalSingleDirectionFlagsRetained": 55,
  "selectedFlagsAllResolved": 4,
  "allFirstPassSealsChecked": 30,
  "independentGradeCasesChecked": 3000,
  "bothGradeQualified": 1978,
  "agreementExactCount": 1343,
  "agreementThresholdCount": 2217,
  "combinedCanonicalBuckets": 628,
  "combinedMax": 3,
  "independentExhaustiveSelectorCasesObserved": 600,
  "actualReadOnlyDeliveryControls": 14,
  "actualSemanticControlsScopeSameSizeGenreOnly": 0,
  "actualResearchCLIControls": 10,
  "limitedResearchFactsWithOriginalFullCapturesChecked": 9,
  "fullCaptureHashAndQuoteChecks": 36,
  "fullyQualifiedResearchRows": 0,
  "unverifiedResearchRows": 1200,
  "allNativeSourceInputsUnchanged": true,
  "wholePackReady": false,
  "formalKEEP": 0,
  "scope": "Complete genuine checkpoint archive, native CI lines, source hashes, unchanged sealed grades and original exhaustive scan gates independently accepted. Research qualification is restricted to the listed exact rows; remaining rows are UNVERIFIED. Hosted structural success does not satisfy the unfinished binding research requirement. Historical semantic controls establish same-size/genre scope only; later schema/cap fixture strengthening is not qualified by this packet."
}
