verify	Set up job	﻿2026-10-07T15:40:13.3419899Z Current runner version: '2.337.0'
verify	Set up job	2026-10-07T15:40:13.3447025Z ##[group]Runner Image Provisioner
verify	Set up job	2026-10-07T15:40:13.3447986Z Hosted Compute Agent
verify	Set up job	2026-10-07T15:40:13.3448730Z Version: 20261002.596
verify	Set up job	2026-10-07T15:40:13.3449420Z Commit: c3d12f3313a95f25162a1503be624f3b0617f8c0
verify	Set up job	2026-10-07T15:40:13.3450194Z Build Date: 2026-10-02T22:28:27Z
verify	Set up job	2026-10-07T15:40:13.3450974Z Worker ID: {af9918be-5328-4bf2-9a7e-b1b4abf52b3f}
verify	Set up job	2026-10-07T15:40:13.3451690Z Region: eastus
verify	Set up job	2026-10-07T15:40:13.3452698Z Cloud: Azure
verify	Set up job	2026-10-07T15:40:13.3453406Z ##[endgroup]
verify	Set up job	2026-10-07T15:40:13.3454983Z ##[group]Operating System
verify	Set up job	2026-10-07T15:40:13.3455726Z Ubuntu
verify	Set up job	2026-10-07T15:40:13.3456255Z 24.04.5
verify	Set up job	2026-10-07T15:40:13.3456765Z LTS
verify	Set up job	2026-10-07T15:40:13.3457353Z ##[endgroup]
verify	Set up job	2026-10-07T15:40:13.3457946Z ##[group]Runner Image
verify	Set up job	2026-10-07T15:40:13.3458636Z Image: ubuntu-24.04
verify	Set up job	2026-10-07T15:40:13.3459213Z Version: 20261004.327.1
verify	Set up job	2026-10-07T15:40:13.3460253Z Included Software: https://github.com/actions/runner-images/blob/ubuntu24/20261004.327/images/ubuntu/Ubuntu2404-Readme.md
verify	Set up job	2026-10-07T15:40:13.3462338Z Image Release: https://github.com/actions/runner-images/releases/tag/ubuntu24%2F20261004.327
verify	Set up job	2026-10-07T15:40:13.3463443Z ##[endgroup]
verify	Set up job	2026-10-07T15:40:13.3464554Z ##[group]GITHUB_TOKEN Permissions
verify	Set up job	2026-10-07T15:40:13.3466818Z Contents: read
verify	Set up job	2026-10-07T15:40:13.3467494Z Metadata: read
verify	Set up job	2026-10-07T15:40:13.3468048Z ##[endgroup]
verify	Set up job	2026-10-07T15:40:13.3470228Z Secret source: Actions
verify	Set up job	2026-10-07T15:40:13.3471247Z Cache mode: write
verify	Set up job	2026-10-07T15:40:13.3472600Z Prepare workflow directory
verify	Set up job	2026-10-07T15:40:13.3878824Z Prepare all required actions
verify	Set up job	2026-10-07T15:40:13.3927477Z Getting action download info
verify	Set up job	2026-10-07T15:40:13.6624893Z Download action repository 'actions/checkout@v4' (SHA:11d5960a326750d5838078e36cf38b85af677262)
verify	Set up job	2026-10-07T15:40:13.7568869Z Download action repository 'actions/setup-node@v4' (SHA:49933ea5288caeca8642d1e84afbd3f7d6820020)
verify	Set up job	2026-10-07T15:40:13.8495531Z Download action repository 'actions/upload-artifact@v4' (SHA:ea165f8d65b6e75b540449e92b4886f43607fa02)
verify	Set up job	2026-10-07T15:40:14.0596127Z Complete job name: verify
verify	Run actions/checkout@v4	﻿2026-10-07T15:40:14.1396148Z ##[group]Run actions/checkout@v4
verify	Run actions/checkout@v4	2026-10-07T15:40:14.1397069Z with:
verify	Run actions/checkout@v4	2026-10-07T15:40:14.1397554Z   repository: luisitin/partybox-gpt-drops
verify	Run actions/checkout@v4	2026-10-07T15:40:14.1401547Z   token: ***
verify	Run actions/checkout@v4	2026-10-07T15:40:14.1402191Z   ssh-strict: true
verify	Run actions/checkout@v4	2026-10-07T15:40:14.1402656Z   ssh-user: git
verify	Run actions/checkout@v4	2026-10-07T15:40:14.1403108Z   persist-credentials: true
verify	Run actions/checkout@v4	2026-10-07T15:40:14.1403601Z   clean: true
verify	Run actions/checkout@v4	2026-10-07T15:40:14.1404044Z   sparse-checkout-cone-mode: true
verify	Run actions/checkout@v4	2026-10-07T15:40:14.1404565Z   fetch-depth: 1
verify	Run actions/checkout@v4	2026-10-07T15:40:14.1404995Z   fetch-tags: false
verify	Run actions/checkout@v4	2026-10-07T15:40:14.1405448Z   show-progress: true
verify	Run actions/checkout@v4	2026-10-07T15:40:14.1405907Z   lfs: false
verify	Run actions/checkout@v4	2026-10-07T15:40:14.1406316Z   submodules: false
verify	Run actions/checkout@v4	2026-10-07T15:40:14.1406760Z   set-safe-directory: true
verify	Run actions/checkout@v4	2026-10-07T15:40:14.1407265Z   allow-unsafe-pr-checkout: false
verify	Run actions/checkout@v4	2026-10-07T15:40:14.1408033Z ##[endgroup]
verify	Run actions/checkout@v4	2026-10-07T15:40:14.2446842Z Syncing repository: luisitin/partybox-gpt-drops
verify	Run actions/checkout@v4	2026-10-07T15:40:14.2450090Z ##[group]Getting Git version info
verify	Run actions/checkout@v4	2026-10-07T15:40:14.2451456Z Working directory is '/home/runner/work/partybox-gpt-drops/partybox-gpt-drops'
verify	Run actions/checkout@v4	2026-10-07T15:40:14.2453700Z [command]/usr/bin/git version
verify	Run actions/checkout@v4	2026-10-07T15:40:14.2532951Z git version 2.55.0
verify	Run actions/checkout@v4	2026-10-07T15:40:14.2557631Z ##[endgroup]
verify	Run actions/checkout@v4	2026-10-07T15:40:14.2573749Z Temporarily overriding HOME='/home/runner/work/_temp/7a366cd9-bb8b-4c91-a2cb-09f4e360ca49' before making global git config changes
verify	Run actions/checkout@v4	2026-10-07T15:40:14.2576284Z Adding repository directory to the temporary git global config as a safe directory
verify	Run actions/checkout@v4	2026-10-07T15:40:14.2580100Z [command]/usr/bin/git config --global --add safe.directory /home/runner/work/partybox-gpt-drops/partybox-gpt-drops
verify	Run actions/checkout@v4	2026-10-07T15:40:14.2634183Z Deleting the contents of '/home/runner/work/partybox-gpt-drops/partybox-gpt-drops'
verify	Run actions/checkout@v4	2026-10-07T15:40:14.2638485Z ##[group]Initializing the repository
verify	Run actions/checkout@v4	2026-10-07T15:40:14.2642809Z [command]/usr/bin/git init /home/runner/work/partybox-gpt-drops/partybox-gpt-drops
verify	Run actions/checkout@v4	2026-10-07T15:40:14.2755125Z hint: Using 'master' as the name for the initial branch. This default branch name
verify	Run actions/checkout@v4	2026-10-07T15:40:14.2757108Z hint: will change to "main" in Git 3.0. To configure the initial branch name
verify	Run actions/checkout@v4	2026-10-07T15:40:14.2758858Z hint: to use in all of your new repositories, which will suppress this warning,
verify	Run actions/checkout@v4	2026-10-07T15:40:14.2760311Z hint: call:
verify	Run actions/checkout@v4	2026-10-07T15:40:14.2761454Z hint:
verify	Run actions/checkout@v4	2026-10-07T15:40:14.2762751Z hint: 	git config --global init.defaultBranch <name>
verify	Run actions/checkout@v4	2026-10-07T15:40:14.2763850Z hint:
verify	Run actions/checkout@v4	2026-10-07T15:40:14.2764842Z hint: Names commonly chosen instead of 'master' are 'main', 'trunk' and
verify	Run actions/checkout@v4	2026-10-07T15:40:14.2766454Z hint: 'development'. The just-created branch can be renamed via this command:
verify	Run actions/checkout@v4	2026-10-07T15:40:14.2767811Z hint:
verify	Run actions/checkout@v4	2026-10-07T15:40:14.2768623Z hint: 	git branch -m <name>
verify	Run actions/checkout@v4	2026-10-07T15:40:14.2769491Z hint:
verify	Run actions/checkout@v4	2026-10-07T15:40:14.2770623Z hint: Disable this message with "git config set advice.defaultBranchName false"
verify	Run actions/checkout@v4	2026-10-07T15:40:14.2772954Z Initialized empty Git repository in /home/runner/work/partybox-gpt-drops/partybox-gpt-drops/.git/
verify	Run actions/checkout@v4	2026-10-07T15:40:14.2782204Z [command]/usr/bin/git remote add origin https://github.com/luisitin/partybox-gpt-drops
verify	Run actions/checkout@v4	2026-10-07T15:40:14.2824751Z ##[endgroup]
verify	Run actions/checkout@v4	2026-10-07T15:40:14.2826098Z ##[group]Disabling automatic garbage collection
verify	Run actions/checkout@v4	2026-10-07T15:40:14.2830186Z [command]/usr/bin/git config --local gc.auto 0
verify	Run actions/checkout@v4	2026-10-07T15:40:14.2866336Z ##[endgroup]
verify	Run actions/checkout@v4	2026-10-07T15:40:14.2867782Z ##[group]Setting up auth
verify	Run actions/checkout@v4	2026-10-07T15:40:14.2886609Z [command]/usr/bin/git config --local --name-only --get-regexp core\.sshCommand
verify	Run actions/checkout@v4	2026-10-07T15:40:14.2923491Z [command]/usr/bin/git submodule foreach --recursive sh -c "git config --local --name-only --get-regexp 'core\.sshCommand' && git config --local --unset-all 'core.sshCommand' || :"
verify	Run actions/checkout@v4	2026-10-07T15:40:14.3298843Z [command]/usr/bin/git config --local --name-only --get-regexp http\.https\:\/\/github\.com\/\.extraheader
verify	Run actions/checkout@v4	2026-10-07T15:40:14.3357046Z [command]/usr/bin/git submodule foreach --recursive sh -c "git config --local --name-only --get-regexp 'http\.https\:\/\/github\.com\/\.extraheader' && git config --local --unset-all 'http.https://github.com/.extraheader' || :"
verify	Run actions/checkout@v4	2026-10-07T15:40:14.3654881Z [command]/usr/bin/git config --local --name-only --get-regexp ^includeIf\.gitdir:
verify	Run actions/checkout@v4	2026-10-07T15:40:14.3703027Z [command]/usr/bin/git submodule foreach --recursive git config --local --show-origin --name-only --get-regexp remote.origin.url
verify	Run actions/checkout@v4	2026-10-07T15:40:14.3966213Z [command]/usr/bin/git config --local http.https://github.com/.extraheader AUTHORIZATION: basic ***
verify	Run actions/checkout@v4	2026-10-07T15:40:14.4016360Z ##[endgroup]
verify	Run actions/checkout@v4	2026-10-07T15:40:14.4018236Z ##[group]Fetching the repository
verify	Run actions/checkout@v4	2026-10-07T15:40:14.4027911Z [command]/usr/bin/git -c protocol.version=2 fetch --no-tags --prune --no-recurse-submodules --depth=1 origin +bcd890a997e5761e56861a4cff2f46ad7df24b57:refs/remotes/pull/6/merge
verify	Run actions/checkout@v4	2026-10-07T15:40:14.7796040Z From https://github.com/luisitin/partybox-gpt-drops
verify	Run actions/checkout@v4	2026-10-07T15:40:14.7798011Z  * [new ref]         bcd890a997e5761e56861a4cff2f46ad7df24b57 -> pull/6/merge
verify	Run actions/checkout@v4	2026-10-07T15:40:14.7802235Z ##[endgroup]
verify	Run actions/checkout@v4	2026-10-07T15:40:14.7803885Z ##[group]Determining the checkout info
verify	Run actions/checkout@v4	2026-10-07T15:40:14.7806194Z ##[endgroup]
verify	Run actions/checkout@v4	2026-10-07T15:40:14.7812282Z [command]/usr/bin/git sparse-checkout disable
verify	Run actions/checkout@v4	2026-10-07T15:40:14.7873854Z [command]/usr/bin/git config --local --unset-all extensions.worktreeConfig
verify	Run actions/checkout@v4	2026-10-07T15:40:14.7906104Z ##[group]Checking out the ref
verify	Run actions/checkout@v4	2026-10-07T15:40:14.7911444Z [command]/usr/bin/git checkout --progress --force refs/remotes/pull/6/merge
verify	Run actions/checkout@v4	2026-10-07T15:40:14.7993710Z Note: switching to 'refs/remotes/pull/6/merge'.
verify	Run actions/checkout@v4	2026-10-07T15:40:14.7994625Z 
verify	Run actions/checkout@v4	2026-10-07T15:40:14.7995356Z You are in 'detached HEAD' state. You can look around, make experimental
verify	Run actions/checkout@v4	2026-10-07T15:40:14.7997130Z changes and commit them, and you can discard any commits you make in this
verify	Run actions/checkout@v4	2026-10-07T15:40:14.7998834Z state without impacting any branches by switching back to a branch.
verify	Run actions/checkout@v4	2026-10-07T15:40:14.7999774Z 
verify	Run actions/checkout@v4	2026-10-07T15:40:14.8000476Z If you want to create a new branch to retain commits you create, you may
verify	Run actions/checkout@v4	2026-10-07T15:40:14.8002556Z do so (now or later) by using -c with the switch command. Example:
verify	Run actions/checkout@v4	2026-10-07T15:40:14.8003188Z 
verify	Run actions/checkout@v4	2026-10-07T15:40:14.8003451Z   git switch -c <new-branch-name>
verify	Run actions/checkout@v4	2026-10-07T15:40:14.8004129Z 
verify	Run actions/checkout@v4	2026-10-07T15:40:14.8004532Z Or undo this operation with:
verify	Run actions/checkout@v4	2026-10-07T15:40:14.8005097Z 
verify	Run actions/checkout@v4	2026-10-07T15:40:14.8005369Z   git switch -
verify	Run actions/checkout@v4	2026-10-07T15:40:14.8005672Z 
verify	Run actions/checkout@v4	2026-10-07T15:40:14.8006097Z Turn off this advice by setting config variable advice.detachedHead to false
verify	Run actions/checkout@v4	2026-10-07T15:40:14.8006686Z 
verify	Run actions/checkout@v4	2026-10-07T15:40:14.8007334Z HEAD is now at bcd890a Merge 4a11a948f460d30f6e3bacb0a5dcf9db7c49a14b into e5a65817adc65c10cd7c544daa1347417ee4ab79
verify	Run actions/checkout@v4	2026-10-07T15:40:14.8009356Z ##[endgroup]
verify	Run actions/checkout@v4	2026-10-07T15:40:14.8047494Z [command]/usr/bin/git log -1 --format=%H
verify	Run actions/checkout@v4	2026-10-07T15:40:14.8074889Z bcd890a997e5761e56861a4cff2f46ad7df24b57
verify	Run actions/setup-node@v4	﻿2026-10-07T15:40:14.8512395Z ##[group]Run actions/setup-node@v4
verify	Run actions/setup-node@v4	2026-10-07T15:40:14.8513065Z with:
verify	Run actions/setup-node@v4	2026-10-07T15:40:14.8513492Z   node-version: 22
verify	Run actions/setup-node@v4	2026-10-07T15:40:14.8513964Z   always-auth: false
verify	Run actions/setup-node@v4	2026-10-07T15:40:14.8514411Z   check-latest: false
verify	Run actions/setup-node@v4	2026-10-07T15:40:14.8518294Z   token: ***
verify	Run actions/setup-node@v4	2026-10-07T15:40:14.8518725Z ##[endgroup]
verify	Run actions/setup-node@v4	2026-10-07T15:40:14.9953726Z Found in cache @ /opt/hostedtoolcache/node/22.23.3/x64
verify	Run actions/setup-node@v4	2026-10-07T15:40:14.9956607Z (node:2302) [DEP0040] DeprecationWarning: The `punycode` module is deprecated. Please use a userland alternative instead.
verify	Run actions/setup-node@v4	2026-10-07T15:40:14.9957851Z (Use `node --trace-deprecation ...` to show where the warning was created)
verify	Run actions/setup-node@v4	2026-10-07T15:40:14.9959583Z ##[group]Environment details
verify	Run actions/setup-node@v4	2026-10-07T15:40:15.3756730Z node: v22.23.3
verify	Run actions/setup-node@v4	2026-10-07T15:40:15.3758272Z npm: 10.9.9
verify	Run actions/setup-node@v4	2026-10-07T15:40:15.3759287Z yarn: 1.22.22
verify	Run actions/setup-node@v4	2026-10-07T15:40:15.3761567Z ##[endgroup]
verify	Run npm ci --ignore-scripts --no-audit --no-fund	﻿2026-10-07T15:40:15.3957468Z ##[group]Run npm ci --ignore-scripts --no-audit --no-fund
verify	Run npm ci --ignore-scripts --no-audit --no-fund	2026-10-07T15:40:15.3959419Z [36;1mnpm ci --ignore-scripts --no-audit --no-fund[0m
verify	Run npm ci --ignore-scripts --no-audit --no-fund	2026-10-07T15:40:15.4202908Z shell: /usr/bin/bash -e {0}
verify	Run npm ci --ignore-scripts --no-audit --no-fund	2026-10-07T15:40:15.4204169Z ##[endgroup]
verify	Run npm ci --ignore-scripts --no-audit --no-fund	2026-10-07T15:40:16.3532864Z 
verify	Run npm ci --ignore-scripts --no-audit --no-fund	2026-10-07T15:40:16.3541794Z added 1 package in 867ms
verify	Run npm test	﻿2026-10-07T15:40:16.3978909Z ##[group]Run npm test
verify	Run npm test	2026-10-07T15:40:16.3979231Z [36;1mnpm test[0m
verify	Run npm test	2026-10-07T15:40:16.4045650Z shell: /usr/bin/bash -e {0}
verify	Run npm test	2026-10-07T15:40:16.4045941Z ##[endgroup]
verify	Run npm test	2026-10-07T15:40:16.5170960Z 
verify	Run npm test	2026-10-07T15:40:16.5171788Z > partybox-b10-battleship-ai@1.0.0 test
verify	Run npm test	2026-10-07T15:40:16.5173075Z > npm run build && node test/run.mjs
verify	Run npm test	2026-10-07T15:40:16.5173500Z 
verify	Run npm test	2026-10-07T15:40:16.6172066Z 
verify	Run npm test	2026-10-07T15:40:16.6173173Z > partybox-b10-battleship-ai@1.0.0 build
verify	Run npm test	2026-10-07T15:40:16.6173743Z > tsc -p tsconfig.json
verify	Run npm test	2026-10-07T15:40:16.6173942Z 
verify	Run npm test	2026-10-07T15:40:22.6211641Z {"verifiedSeed":1,"differential":{"name":"6x6 full-enumeration differential","seed":1,"cases":10000,"passed":10000,"enumeratedLayouts":"1624793","policyChecks":30000,"feedbackChecks":23625,"seconds":3.3017859479999996},"mutationsKilled":25}
verify	Run npm test	2026-10-07T15:40:28.1434552Z {"verifiedSeed":2,"differential":{"name":"6x6 full-enumeration differential","seed":2,"cases":10000,"passed":10000,"enumeratedLayouts":"1426510","policyChecks":30000,"feedbackChecks":23517,"seconds":3.072308464},"mutationsKilled":25}
verify	Run npm test	2026-10-07T15:40:33.5904710Z {"verifiedSeed":3,"differential":{"name":"6x6 full-enumeration differential","seed":3,"cases":10000,"passed":10000,"enumeratedLayouts":"1635715","policyChecks":30000,"feedbackChecks":23850,"seconds":3.0380910409999995},"mutationsKilled":25}
verify	Run npm test	2026-10-07T15:40:44.8284948Z {"progress":true,"seed":3,"difficulty":"easy","games":10000,"mean":61.7684,"seconds":11.170148494000001}
verify	Run npm test	2026-10-07T15:40:51.6050960Z {"progress":true,"seed":1,"difficulty":"easy","games":10000,"mean":62.186,"seconds":17.959068742}
verify	Run npm test	2026-10-07T15:40:53.6850693Z {"progress":true,"seed":2,"difficulty":"easy","games":10000,"mean":62.1303,"seconds":20.049424711}
verify	Run npm test	2026-10-07T15:40:57.5991628Z {"progress":true,"seed":3,"difficulty":"easy","games":20000,"mean":62.11985,"seconds":23.942363242}
verify	Run npm test	2026-10-07T15:41:08.1247091Z {"progress":true,"seed":3,"difficulty":"easy","games":30000,"mean":62.126866666666665,"seconds":34.467573599}
verify	Run npm test	2026-10-07T15:41:08.9975496Z {"progress":true,"seed":1,"difficulty":"easy","games":20000,"mean":62.15915,"seconds":35.352302803}
verify	Run npm test	2026-10-07T15:41:13.0218205Z {"progress":true,"seed":2,"difficulty":"easy","games":20000,"mean":62.19385,"seconds":39.386918408999996}
verify	Run npm test	2026-10-07T15:41:18.7376786Z {"progress":true,"seed":3,"difficulty":"easy","games":40000,"mean":62.174375,"seconds":45.080234348}
verify	Run npm test	2026-10-07T15:41:28.3799698Z {"progress":true,"seed":1,"difficulty":"easy","games":30000,"mean":62.146433333333334,"seconds":54.734737998}
verify	Run npm test	2026-10-07T15:41:29.2916220Z {"progress":true,"seed":3,"difficulty":"easy","games":50000,"mean":62.17296,"seconds":55.634595405}
verify	Run npm test	2026-10-07T15:41:32.4004425Z {"progress":true,"seed":2,"difficulty":"easy","games":30000,"mean":62.2218,"seconds":58.765544096999996}
verify	Run npm test	2026-10-07T15:41:39.8465630Z {"progress":true,"seed":3,"difficulty":"easy","games":60000,"mean":62.17525,"seconds":66.189532005}
verify	Run npm test	2026-10-07T15:41:47.7498713Z {"progress":true,"seed":1,"difficulty":"easy","games":40000,"mean":62.157375,"seconds":74.10464821800001}
verify	Run npm test	2026-10-07T15:41:48.3765729Z {"progress":true,"seed":2,"difficulty":"easy","games":40000,"mean":62.22195,"seconds":74.741056463}
verify	Run npm test	2026-10-07T15:41:55.6579442Z {"progress":true,"seed":3,"difficulty":"easy","games":70000,"mean":62.17098571428571,"seconds":82.001082946}
verify	Run npm test	2026-10-07T15:41:58.9463961Z {"progress":true,"seed":2,"difficulty":"easy","games":50000,"mean":62.22424,"seconds":85.311524045}
verify	Run npm test	2026-10-07T15:42:07.1315450Z {"progress":true,"seed":1,"difficulty":"easy","games":50000,"mean":62.14748,"seconds":93.48633544900001}
verify	Run npm test	2026-10-07T15:42:09.4891186Z {"progress":true,"seed":2,"difficulty":"easy","games":60000,"mean":62.1846,"seconds":95.854188465}
verify	Run npm test	2026-10-07T15:42:14.9847246Z {"progress":true,"seed":3,"difficulty":"easy","games":80000,"mean":62.1819625,"seconds":101.327869654}
verify	Run npm test	2026-10-07T15:42:20.0751292Z {"progress":true,"seed":2,"difficulty":"easy","games":70000,"mean":62.19278571428571,"seconds":106.44030260000001}
verify	Run npm test	2026-10-07T15:42:26.4615865Z {"progress":true,"seed":1,"difficulty":"easy","games":60000,"mean":62.132533333333335,"seconds":112.81606506600001}
verify	Run npm test	2026-10-07T15:42:30.6729973Z {"progress":true,"seed":2,"difficulty":"easy","games":80000,"mean":62.1981125,"seconds":117.037544311}
verify	Run npm test	2026-10-07T15:42:34.3885969Z {"progress":true,"seed":3,"difficulty":"easy","games":90000,"mean":62.207233333333335,"seconds":120.731078282}
verify	Run npm test	2026-10-07T15:42:41.2901582Z {"progress":true,"seed":2,"difficulty":"easy","games":90000,"mean":62.201633333333334,"seconds":127.655104554}
verify	Run npm test	2026-10-07T15:42:45.8543175Z {"progress":true,"seed":1,"difficulty":"easy","games":70000,"mean":62.13644285714286,"seconds":132.20903987}
verify	Run npm test	2026-10-07T15:42:51.9399384Z {"progress":true,"seed":2,"difficulty":"easy","games":100000,"mean":62.19901,"seconds":138.305094271}
verify	Run npm test	2026-10-07T15:42:51.9417966Z {"seed":2,"games":100000,"difficulty":"easy","feedback":"named hits; named exact sunk hulls","samples":8,"cpuSeconds":138.678965,"mean":62.19901,"meanExact":"6219901/100000","median":62,"standardDeviation":14.037893561516151,"min":21,"max":100,"histogram":[0,0,0,0,0,0,0,0,0,0,0,0,0,0,0,0,0,0,0,0,0,1,0,4,11,13,24,42,58,83,106,156,186,275,338,470,510,661,714,864,969,1109,1165,1354,1494,1648,1698,1884,1925,2021,2076,2194,2356,2376,2563,2621,2624,2596,2668,2656,2651,2626,2552,2601,2542,2435,2462,2429,2316,2355,2217,2161,1927,1963,1897,1831,1685,1584,1453,1393,1384,1163,1158,1040,991,860,820,757,684,617,547,478,429,356,295,243,191,155,135,74,30],"shots":6219901,"repeatedShots":0,"errors":0,"latency":{"unit":"milliseconds","p50":0.016,"p99":0.042,"max":4.837291999999991,"over50":0},"elapsedSeconds":138.305902783,"sampledShots":0,"exactShots":0,"policyComparisons":6219901,"densityComparisons":0,"maxAuditDifference":0,"slowCases":[],"hardUnder45":null,"allShotsUnder50ms":true}
verify	Run npm test	2026-10-07T15:42:52.9367720Z {"progress":true,"seed":3,"difficulty":"easy","games":100000,"mean":62.2104,"seconds":139.27993781100002}
verify	Run npm test	2026-10-07T15:42:52.9380959Z {"seed":3,"games":100000,"difficulty":"easy","feedback":"named hits; named exact sunk hulls","samples":8,"cpuSeconds":139.735583,"mean":62.2104,"meanExact":"6221040/100000","median":62,"standardDeviation":14.074546982717697,"min":22,"max":100,"histogram":[0,0,0,0,0,0,0,0,0,0,0,0,0,0,0,0,0,0,0,0,0,0,1,4,7,14,26,30,45,87,129,163,231,278,370,432,529,620,740,816,976,1090,1230,1383,1416,1585,1726,1782,2027,1962,2168,2262,2306,2529,2466,2528,2597,2596,2706,2598,2647,2678,2595,2657,2548,2553,2428,2402,2246,2298,2120,2142,1986,1923,1844,1807,1635,1562,1483,1423,1355,1320,1129,1051,987,911,753,788,685,599,550,461,403,352,341,260,222,170,114,76,41],"shots":6221040,"repeatedShots":0,"errors":0,"latency":{"unit":"milliseconds","p50":0.016,"p99":0.042,"max":8.281188999999983,"over50":0},"elapsedSeconds":139.280471355,"sampledShots":0,"exactShots":0,"policyComparisons":6221040,"densityComparisons":0,"maxAuditDifference":0,"slowCases":[],"hardUnder45":null,"allShotsUnder50ms":true}
verify	Run npm test	2026-10-07T15:42:59.1113800Z {"progress":true,"seed":1,"difficulty":"easy","games":80000,"mean":62.14455,"seconds":145.466161127}
verify	Run npm test	2026-10-07T15:43:09.5229930Z {"progress":true,"seed":1,"difficulty":"easy","games":90000,"mean":62.15756666666667,"seconds":155.877709905}
verify	Run npm test	2026-10-07T15:43:19.8806881Z {"progress":true,"seed":1,"difficulty":"easy","games":100000,"mean":62.15892,"seconds":166.235494375}
verify	Run npm test	2026-10-07T15:43:19.8817641Z {"seed":1,"games":100000,"difficulty":"easy","feedback":"named hits; named exact sunk hulls","samples":8,"cpuSeconds":166.597668,"mean":62.15892,"meanExact":"6215892/100000","median":62,"standardDeviation":14.02500450770388,"min":21,"max":100,"histogram":[0,0,0,0,0,0,0,0,0,0,0,0,0,0,0,0,0,0,0,0,0,1,1,8,11,16,21,46,47,90,126,153,210,273,336,413,514,641,797,845,957,1043,1234,1312,1445,1579,1723,1767,1933,2068,2321,2373,2402,2394,2488,2558,2670,2696,2609,2499,2673,2605,2681,2496,2448,2587,2539,2350,2375,2276,2171,2042,1980,1834,1866,1771,1692,1663,1518,1419,1343,1286,1179,1055,1001,879,791,724,661,584,572,429,408,370,304,244,190,162,116,57,39],"shots":6215892,"repeatedShots":0,"errors":0,"latency":{"unit":"milliseconds","p50":0.021,"p99":0.046,"max":3.161625000000001,"over50":0},"elapsedSeconds":166.236074517,"sampledShots":0,"exactShots":0,"policyComparisons":6215892,"densityComparisons":0,"maxAuditDifference":0,"slowCases":[],"hardUnder45":null,"allShotsUnder50ms":true}
verify	Run npm test	2026-10-07T15:43:30.7396411Z {"progress":true,"seed":2,"difficulty":"medium","games":10000,"mean":49.8811,"seconds":10.801429593}
verify	Run npm test	2026-10-07T15:43:39.1184780Z {"progress":true,"seed":3,"difficulty":"medium","games":10000,"mean":49.943,"seconds":19.166672166999998}
verify	Run npm test	2026-10-07T15:43:39.1699156Z {"progress":true,"seed":1,"difficulty":"medium","games":10000,"mean":49.9802,"seconds":19.220978408000004}
verify	Run npm test	2026-10-07T15:43:40.9152737Z {"progress":true,"seed":2,"difficulty":"medium","games":20000,"mean":49.8983,"seconds":20.978185270999997}
verify	Run npm test	2026-10-07T15:43:51.0811829Z {"progress":true,"seed":2,"difficulty":"medium","games":30000,"mean":49.8671,"seconds":31.144108034000002}
verify	Run npm test	2026-10-07T15:43:57.7772457Z {"progress":true,"seed":3,"difficulty":"medium","games":20000,"mean":49.8895,"seconds":37.826225967999996}
verify	Run npm test	2026-10-07T15:43:57.7861870Z {"progress":true,"seed":1,"difficulty":"medium","games":20000,"mean":49.92745,"seconds":37.838158827}
verify	Run npm test	2026-10-07T15:44:01.2784706Z {"progress":true,"seed":2,"difficulty":"medium","games":40000,"mean":49.9298,"seconds":41.341370469000005}
verify	Run npm test	2026-10-07T15:44:11.5111953Z {"progress":true,"seed":2,"difficulty":"medium","games":50000,"mean":49.94392,"seconds":51.574108083}
verify	Run npm test	2026-10-07T15:44:16.4136928Z {"progress":true,"seed":1,"difficulty":"medium","games":30000,"mean":49.8944,"seconds":56.465517145999996}
verify	Run npm test	2026-10-07T15:44:16.5137805Z {"progress":true,"seed":3,"difficulty":"medium","games":30000,"mean":49.92146666666667,"seconds":56.562767928}
verify	Run npm test	2026-10-07T15:44:21.7929828Z {"progress":true,"seed":2,"difficulty":"medium","games":60000,"mean":49.95543333333333,"seconds":61.855784279}
verify	Run npm test	2026-10-07T15:44:31.9547751Z {"progress":true,"seed":2,"difficulty":"medium","games":70000,"mean":49.96485714285714,"seconds":72.017687532}
verify	Run npm test	2026-10-07T15:44:35.0113349Z {"progress":true,"seed":1,"difficulty":"medium","games":40000,"mean":49.8926,"seconds":75.06317086499999}
verify	Run npm test	2026-10-07T15:44:35.2035458Z {"progress":true,"seed":3,"difficulty":"medium","games":40000,"mean":49.931275,"seconds":75.252520513}
verify	Run npm test	2026-10-07T15:44:42.2595599Z {"progress":true,"seed":2,"difficulty":"medium","games":80000,"mean":49.9575375,"seconds":82.322238348}
verify	Run npm test	2026-10-07T15:44:50.5086356Z {"progress":true,"seed":3,"difficulty":"medium","games":50000,"mean":49.91802,"seconds":90.557616207}
verify	Run npm test	2026-10-07T15:44:53.6248864Z {"progress":true,"seed":1,"difficulty":"medium","games":50000,"mean":49.88474,"seconds":93.67675545499999}
verify	Run npm test	2026-10-07T15:44:57.4114386Z {"progress":true,"seed":2,"difficulty":"medium","games":90000,"mean":49.95514444444444,"seconds":97.47419442700001}
verify	Run npm test	2026-10-07T15:45:00.6375471Z {"progress":true,"seed":3,"difficulty":"medium","games":60000,"mean":49.92765,"seconds":100.68643647599998}
verify	Run npm test	2026-10-07T15:45:10.6704992Z {"progress":true,"seed":3,"difficulty":"medium","games":70000,"mean":49.926114285714284,"seconds":110.71944574899999}
verify	Run npm test	2026-10-07T15:45:12.2591826Z {"progress":true,"seed":1,"difficulty":"medium","games":60000,"mean":49.88895,"seconds":112.310900567}
verify	Run npm test	2026-10-07T15:45:15.9100918Z {"progress":true,"seed":2,"difficulty":"medium","games":100000,"mean":49.94174,"seconds":115.972973445}
verify	Run npm test	2026-10-07T15:45:15.9113838Z {"seed":2,"games":100000,"difficulty":"medium","feedback":"named hits; named exact sunk hulls","samples":8,"cpuSeconds":116.41562,"mean":49.94174,"meanExact":"4994174/100000","median":50,"standardDeviation":8.700818514072573,"min":19,"max":78,"histogram":[0,0,0,0,0,0,0,0,0,0,0,0,0,0,0,0,0,0,0,3,2,9,24,35,63,95,116,183,270,338,465,559,692,847,981,1174,1357,1584,1732,2049,2271,2555,2871,3053,3363,3477,3754,3867,4165,4296,4321,4257,4295,4179,4091,3907,3856,3737,3534,3479,3318,2779,2370,1621,1053,741,570,425,338,252,205,144,106,74,51,20,16,9,2,0,0,0,0,0,0,0,0,0,0,0,0,0,0,0,0,0,0,0,0,0,0],"shots":4994174,"repeatedShots":0,"errors":0,"latency":{"unit":"milliseconds","p50":0.014,"p99":0.039,"max":6.40323699999999,"over50":0},"elapsedSeconds":115.973609633,"sampledShots":0,"exactShots":0,"policyComparisons":4994174,"densityComparisons":0,"maxAuditDifference":0,"slowCases":[],"hardUnder45":null,"allShotsUnder50ms":true}
verify	Run npm test	2026-10-07T15:45:20.6980352Z {"progress":true,"seed":3,"difficulty":"medium","games":80000,"mean":49.9184875,"seconds":120.74701668}
verify	Run npm test	2026-10-07T15:45:23.9516245Z {"progress":true,"seed":1,"difficulty":"medium","games":70000,"mean":49.89635714285714,"seconds":124.003435428}
verify	Run npm test	2026-10-07T15:45:30.6506485Z {"progress":true,"seed":3,"difficulty":"medium","games":90000,"mean":49.93066666666667,"seconds":130.69955319599998}
verify	Run npm test	2026-10-07T15:45:33.9151613Z {"progress":true,"seed":1,"difficulty":"medium","games":80000,"mean":49.8795,"seconds":133.967018975}
verify	Run npm test	2026-10-07T15:45:40.5824854Z {"progress":true,"seed":3,"difficulty":"medium","games":100000,"mean":49.92109,"seconds":140.631427823}
verify	Run npm test	2026-10-07T15:45:40.5838269Z {"seed":3,"games":100000,"difficulty":"medium","feedback":"named hits; named exact sunk hulls","samples":8,"cpuSeconds":141.154679,"mean":49.92109,"meanExact":"4992109/100000","median":50,"standardDeviation":8.683721395926565,"min":18,"max":78,"histogram":[0,0,0,0,0,0,0,0,0,0,0,0,0,0,0,0,0,0,2,5,4,9,19,40,45,88,154,182,291,318,433,532,706,836,1028,1157,1370,1597,1765,2080,2234,2502,2838,3145,3234,3530,3869,3927,4044,4214,4370,4359,4218,4234,4150,3914,3812,3654,3613,3507,3300,2894,2295,1635,1062,677,496,414,311,258,223,132,95,81,46,27,15,9,1,0,0,0,0,0,0,0,0,0,0,0,0,0,0,0,0,0,0,0,0,0,0],"shots":4992109,"repeatedShots":0,"errors":0,"latency":{"unit":"milliseconds","p50":0.018,"p99":0.046,"max":6.707108000000005,"over50":0},"elapsedSeconds":140.632004067,"sampledShots":0,"exactShots":0,"policyComparisons":4992109,"densityComparisons":0,"maxAuditDifference":0,"slowCases":[],"hardUnder45":null,"allShotsUnder50ms":true}
verify	Run npm test	2026-10-07T15:45:43.8675160Z {"progress":true,"seed":1,"difficulty":"medium","games":90000,"mean":49.88545555555555,"seconds":143.919263325}
verify	Run npm test	2026-10-07T15:45:53.7448325Z {"progress":true,"seed":1,"difficulty":"medium","games":100000,"mean":49.88569,"seconds":153.796621264}
verify	Run npm test	2026-10-07T15:45:53.7459091Z {"seed":1,"games":100000,"difficulty":"medium","feedback":"named hits; named exact sunk hulls","samples":8,"cpuSeconds":154.166254,"mean":49.88569,"meanExact":"4988569/100000","median":50,"standardDeviation":8.686100258877799,"min":18,"max":78,"histogram":[0,0,0,0,0,0,0,0,0,0,0,0,0,0,0,0,0,0,1,2,5,13,25,40,52,90,140,194,281,354,449,564,688,847,982,1217,1412,1570,1774,1941,2287,2527,2874,3032,3438,3460,3681,4060,4182,4308,4275,4280,4182,4155,4040,4083,3863,3799,3612,3497,3172,2907,2219,1590,1046,698,504,434,314,240,181,139,111,87,43,20,11,5,3,0,0,0,0,0,0,0,0,0,0,0,0,0,0,0,0,0,0,0,0,0,0],"shots":4988569,"repeatedShots":0,"errors":0,"latency":{"unit":"milliseconds","p50":0.021,"p99":0.048,"max":9.110264999999998,"over50":0},"elapsedSeconds":153.79715820500002,"sampledShots":0,"exactShots":0,"policyComparisons":4988569,"densityComparisons":0,"maxAuditDifference":0,"slowCases":[],"hardUnder45":null,"allShotsUnder50ms":true}
verify	Run npm test	2026-10-07T15:48:05.1543776Z {"progress":true,"seed":3,"difficulty":"hard","games":10000,"mean":44.9195,"seconds":131.32961559499998}
verify	Run npm test	2026-10-07T15:48:17.0978306Z {"progress":true,"seed":2,"difficulty":"hard","games":10000,"mean":44.849,"seconds":143.295675556}
verify	Run npm test	2026-10-07T15:48:28.5166244Z {"progress":true,"seed":1,"difficulty":"hard","games":10000,"mean":44.7905,"seconds":154.701160326}
verify	Run npm test	2026-10-07T15:50:20.4982650Z {"progress":true,"seed":3,"difficulty":"hard","games":20000,"mean":44.9124,"seconds":266.681010814}
verify	Run npm test	2026-10-07T15:50:39.4443754Z {"progress":true,"seed":2,"difficulty":"hard","games":20000,"mean":44.80545,"seconds":285.641972065}
verify	Run npm test	2026-10-07T15:50:54.2923830Z {"progress":true,"seed":1,"difficulty":"hard","games":20000,"mean":44.78715,"seconds":300.47782620000004}
verify	Run npm test	2026-10-07T15:52:47.5203681Z {"progress":true,"seed":3,"difficulty":"hard","games":30000,"mean":44.9076,"seconds":413.703122783}
verify	Run npm test	2026-10-07T15:53:09.9172783Z {"progress":true,"seed":2,"difficulty":"hard","games":30000,"mean":44.7892,"seconds":436.116365341}
verify	Run npm test	2026-10-07T15:53:11.2584615Z {"progress":true,"seed":1,"difficulty":"hard","games":30000,"mean":44.805933333333336,"seconds":437.44394785000003}
verify	Run npm test	2026-10-07T15:55:14.8302437Z {"progress":true,"seed":3,"difficulty":"hard","games":40000,"mean":44.912175,"seconds":561.012710662}
verify	Run npm test	2026-10-07T15:55:25.9935205Z {"progress":true,"seed":1,"difficulty":"hard","games":40000,"mean":44.835575,"seconds":572.1789885219999}
verify	Run npm test	2026-10-07T15:55:28.7509824Z {"progress":true,"seed":2,"difficulty":"hard","games":40000,"mean":44.7931,"seconds":574.949990137}
verify	Run npm test	2026-10-07T15:57:33.2592257Z {"progress":true,"seed":2,"difficulty":"hard","games":50000,"mean":44.8124,"seconds":699.4587001030001}
verify	Run npm test	2026-10-07T15:57:49.0282901Z {"progress":true,"seed":3,"difficulty":"hard","games":50000,"mean":44.93274,"seconds":715.2106942360001}
verify	Run npm test	2026-10-07T15:57:56.7098938Z {"progress":true,"seed":1,"difficulty":"hard","games":50000,"mean":44.82664,"seconds":722.895222354}
verify	Run npm test	2026-10-07T15:59:39.6293630Z {"progress":true,"seed":2,"difficulty":"hard","games":60000,"mean":44.80671666666667,"seconds":825.8284668010001}
verify	Run npm test	2026-10-07T16:00:18.2543974Z {"progress":true,"seed":1,"difficulty":"hard","games":60000,"mean":44.82286666666667,"seconds":864.439860119}
verify	Run npm test	2026-10-07T16:00:34.1242276Z {"progress":true,"seed":3,"difficulty":"hard","games":60000,"mean":44.92735,"seconds":880.306941004}
verify	Run npm test	2026-10-07T16:01:42.5960000Z {"progress":true,"seed":2,"difficulty":"hard","games":70000,"mean":44.81381428571429,"seconds":948.795128884}
verify	Run npm test	2026-10-07T16:02:43.9839703Z {"progress":true,"seed":1,"difficulty":"hard","games":70000,"mean":44.818957142857144,"seconds":1010.168973899}
verify	Run npm test	2026-10-07T16:03:02.5261238Z {"progress":true,"seed":3,"difficulty":"hard","games":70000,"mean":44.9173,"seconds":1028.708849808}
verify	Run npm test	2026-10-07T16:04:03.8807000Z {"progress":true,"seed":2,"difficulty":"hard","games":80000,"mean":44.8368375,"seconds":1090.080162995}
verify	Run npm test	2026-10-07T16:05:06.2383690Z {"progress":true,"seed":1,"difficulty":"hard","games":80000,"mean":44.8315125,"seconds":1152.423479805}
verify	Run npm test	2026-10-07T16:05:33.1714401Z {"progress":true,"seed":3,"difficulty":"hard","games":80000,"mean":44.9139375,"seconds":1179.353014005}
verify	Run npm test	2026-10-07T16:06:10.7620694Z {"progress":true,"seed":2,"difficulty":"hard","games":90000,"mean":44.83625555555555,"seconds":1216.9611644210001}
verify	Run npm test	2026-10-07T16:07:23.2484128Z {"progress":true,"seed":1,"difficulty":"hard","games":90000,"mean":44.83817777777778,"seconds":1289.433845468}
verify	Run npm test	2026-10-07T16:08:03.2169874Z {"progress":true,"seed":3,"difficulty":"hard","games":90000,"mean":44.91806666666667,"seconds":1329.3994523229999}
verify	Run npm test	2026-10-07T16:08:38.6769777Z {"progress":true,"seed":2,"difficulty":"hard","games":100000,"mean":44.84903,"seconds":1364.876168203}
verify	Run npm test	2026-10-07T16:08:38.6792222Z {"seed":2,"games":100000,"difficulty":"hard","feedback":"named hits; named exact sunk hulls","samples":8,"cpuSeconds":1376.947406,"mean":44.84903,"meanExact":"4484903/100000","median":45,"standardDeviation":8.390880891057934,"min":18,"max":66,"histogram":[0,0,0,0,0,0,0,0,0,0,0,0,0,0,0,0,0,0,1,2,10,16,51,109,138,226,329,519,665,904,1105,1421,1699,2032,2419,2654,3043,3425,3783,3909,4128,4247,4138,4161,3901,3948,3909,4012,3992,3872,3589,3498,3228,3141,2946,2823,2615,2336,1947,1680,1455,1101,601,217,48,6,1,0,0,0,0,0,0,0,0,0,0,0,0,0,0,0,0,0,0,0,0,0,0,0,0,0,0,0,0,0,0,0,0,0,0],"shots":4484903,"repeatedShots":0,"errors":0,"latency":{"unit":"milliseconds","p50":0.116,"p99":0.527,"max":11.057329999981448,"over50":0},"elapsedSeconds":1364.8783358189999,"sampledShots":2784185,"exactShots":1700718,"policyComparisons":4484903,"densityComparisons":4484903,"maxAuditDifference":2.220446049250313e-15,"slowCases":[],"hardUnder45":true,"allShotsUnder50ms":true}
verify	Run npm test	2026-10-07T16:09:27.1528370Z {"progress":true,"seed":1,"difficulty":"hard","games":100000,"mean":44.83574,"seconds":1413.338228112}
verify	Run npm test	2026-10-07T16:09:27.1544530Z {"seed":1,"games":100000,"difficulty":"hard","feedback":"named hits; named exact sunk hulls","samples":8,"cpuSeconds":1425.535477,"mean":44.83574,"meanExact":"4483574/100000","median":45,"standardDeviation":8.397647519230528,"min":19,"max":65,"histogram":[0,0,0,0,0,0,0,0,0,0,0,0,0,0,0,0,0,0,0,1,11,30,42,89,137,216,340,468,696,906,1109,1459,1750,2001,2390,2773,3038,3469,3709,3929,3986,4276,4241,4138,4107,3903,3933,3977,3891,3881,3611,3379,3205,3017,3013,2815,2566,2275,1954,1786,1530,1119,561,226,40,7,0,0,0,0,0,0,0,0,0,0,0,0,0,0,0,0,0,0,0,0,0,0,0,0,0,0,0,0,0,0,0,0,0,0,0],"shots":4483574,"repeatedShots":0,"errors":0,"latency":{"unit":"milliseconds","p50":0.122,"p99":0.546,"max":17.69939899999997,"over50":0},"elapsedSeconds":1413.3395853949999,"sampledShots":2785130,"exactShots":1698444,"policyComparisons":4483574,"densityComparisons":4483574,"maxAuditDifference":2.3314683517128287e-15,"slowCases":[],"hardUnder45":true,"allShotsUnder50ms":true}
verify	Run npm test	2026-10-07T16:09:54.2363064Z {"progress":true,"seed":3,"difficulty":"hard","games":100000,"mean":44.91006,"seconds":1440.4191786420001}
verify	Run npm test	2026-10-07T16:09:54.2377103Z {"seed":3,"games":100000,"difficulty":"hard","feedback":"named hits; named exact sunk hulls","samples":8,"cpuSeconds":1452.219196,"mean":44.91006,"meanExact":"4491006/100000","median":45,"standardDeviation":8.370384186506275,"min":17,"max":66,"histogram":[0,0,0,0,0,0,0,0,0,0,0,0,0,0,0,0,0,1,1,1,7,14,36,70,126,221,315,467,647,884,1097,1461,1722,2071,2364,2747,2923,3421,3619,4034,4106,4168,4201,4060,3965,3994,4003,3988,3996,3929,3609,3451,3161,3096,2978,2907,2642,2300,1975,1727,1545,1074,606,223,43,3,1,0,0,0,0,0,0,0,0,0,0,0,0,0,0,0,0,0,0,0,0,0,0,0,0,0,0,0,0,0,0,0,0,0,0],"shots":4491006,"repeatedShots":0,"errors":0,"latency":{"unit":"milliseconds","p50":0.123,"p99":0.561,"max":12.571969999999993,"over50":0},"elapsedSeconds":1440.4206202740002,"sampledShots":2790722,"exactShots":1700284,"policyComparisons":4491006,"densityComparisons":4491006,"maxAuditDifference":2.7755575615628914e-15,"slowCases":[],"hardUnder45":true,"allShotsUnder50ms":true}
verify	Run npm test	2026-10-07T16:09:54.3258985Z {"complete":true,"passed":true,"failures":[],"seconds":1775.920018461,"report":"reports/latest.json"}
verify	Run actions/upload-artifact@v4	﻿2026-10-07T16:09:54.3444417Z ##[group]Run actions/upload-artifact@v4
verify	Run actions/upload-artifact@v4	2026-10-07T16:09:54.3444729Z with:
verify	Run actions/upload-artifact@v4	2026-10-07T16:09:54.3444924Z   name: B10-verification
verify	Run actions/upload-artifact@v4	2026-10-07T16:09:54.3445164Z   path: jobs/B10-battleship-ai/reports/
verify	Run actions/upload-artifact@v4	2026-10-07T16:09:54.3445434Z   if-no-files-found: warn
verify	Run actions/upload-artifact@v4	2026-10-07T16:09:54.3445656Z   compression-level: 6
verify	Run actions/upload-artifact@v4	2026-10-07T16:09:54.3445860Z   overwrite: false
verify	Run actions/upload-artifact@v4	2026-10-07T16:09:54.3446066Z   include-hidden-files: false
verify	Run actions/upload-artifact@v4	2026-10-07T16:09:54.3446293Z ##[endgroup]
verify	Run actions/upload-artifact@v4	2026-10-07T16:09:54.5116577Z (node:2780) [DEP0040] DeprecationWarning: The `punycode` module is deprecated. Please use a userland alternative instead.
verify	Run actions/upload-artifact@v4	2026-10-07T16:09:54.5117418Z (Use `node --trace-deprecation ...` to show where the warning was created)
verify	Run actions/upload-artifact@v4	2026-10-07T16:09:54.5228830Z With the provided path, there will be 10 files uploaded
verify	Run actions/upload-artifact@v4	2026-10-07T16:09:54.5235773Z Artifact name is valid!
verify	Run actions/upload-artifact@v4	2026-10-07T16:09:54.5236758Z Root directory input is valid!
verify	Run actions/upload-artifact@v4	2026-10-07T16:09:54.7353080Z Beginning upload of artifact content to blob storage
verify	Run actions/upload-artifact@v4	2026-10-07T16:09:54.7716076Z (node:2780) [DEP0169] DeprecationWarning: `url.parse()` behavior is not standardized and prone to errors that have security implications. Use the WHATWG URL API instead. CVEs are not issued for `url.parse()` vulnerabilities.
verify	Run actions/upload-artifact@v4	2026-10-07T16:09:54.8187646Z Uploaded bytes 13950
verify	Run actions/upload-artifact@v4	2026-10-07T16:09:54.8371635Z Finished uploading artifact content to blob storage!
verify	Run actions/upload-artifact@v4	2026-10-07T16:09:54.8372859Z SHA256 digest of uploaded artifact zip is a4fccdbc7ade0a0d7f8a02d4b0766799a72d9ec77c6555ffe4ed9549c9a9dab0
verify	Run actions/upload-artifact@v4	2026-10-07T16:09:54.8374679Z Finalizing artifact upload
verify	Run actions/upload-artifact@v4	2026-10-07T16:09:55.0665699Z Artifact B10-verification.zip successfully finalized. Artifact ID 11495483419
verify	Run actions/upload-artifact@v4	2026-10-07T16:09:55.0667581Z Artifact B10-verification has been successfully uploaded! Final size is 13950 bytes. Artifact ID is 11495483419
verify	Run actions/upload-artifact@v4	2026-10-07T16:09:55.0674727Z Artifact download URL: https://github.com/luisitin/partybox-gpt-drops/actions/runs/37645770091/artifacts/11495483419
verify	Post Run actions/setup-node@v4	﻿2026-10-07T16:09:55.0868981Z Post job cleanup.
verify	Post Run actions/setup-node@v4	2026-10-07T16:09:55.2160383Z (node:2792) [DEP0040] DeprecationWarning: The `punycode` module is deprecated. Please use a userland alternative instead.
verify	Post Run actions/setup-node@v4	2026-10-07T16:09:55.2161379Z (Use `node --trace-deprecation ...` to show where the warning was created)
verify	Post Run actions/checkout@v4	﻿2026-10-07T16:09:55.2376369Z Post job cleanup.
verify	Post Run actions/checkout@v4	2026-10-07T16:09:55.3266707Z [command]/usr/bin/git version
verify	Post Run actions/checkout@v4	2026-10-07T16:09:55.3314664Z git version 2.55.0
verify	Post Run actions/checkout@v4	2026-10-07T16:09:55.3360112Z Temporarily overriding HOME='/home/runner/work/_temp/8e5c4413-d50c-4dd7-a205-fe3f5d5301a9' before making global git config changes
verify	Post Run actions/checkout@v4	2026-10-07T16:09:55.3361650Z Adding repository directory to the temporary git global config as a safe directory
verify	Post Run actions/checkout@v4	2026-10-07T16:09:55.3366628Z [command]/usr/bin/git config --global --add safe.directory /home/runner/work/partybox-gpt-drops/partybox-gpt-drops
verify	Post Run actions/checkout@v4	2026-10-07T16:09:55.3410808Z [command]/usr/bin/git config --local --name-only --get-regexp core\.sshCommand
verify	Post Run actions/checkout@v4	2026-10-07T16:09:55.3448976Z [command]/usr/bin/git submodule foreach --recursive sh -c "git config --local --name-only --get-regexp 'core\.sshCommand' && git config --local --unset-all 'core.sshCommand' || :"
verify	Post Run actions/checkout@v4	2026-10-07T16:09:55.3717747Z [command]/usr/bin/git config --local --name-only --get-regexp http\.https\:\/\/github\.com\/\.extraheader
verify	Post Run actions/checkout@v4	2026-10-07T16:09:55.3739056Z http.https://github.com/.extraheader
verify	Post Run actions/checkout@v4	2026-10-07T16:09:55.3752589Z [command]/usr/bin/git config --local --unset-all http.https://github.com/.extraheader
verify	Post Run actions/checkout@v4	2026-10-07T16:09:55.3794210Z [command]/usr/bin/git submodule foreach --recursive sh -c "git config --local --name-only --get-regexp 'http\.https\:\/\/github\.com\/\.extraheader' && git config --local --unset-all 'http.https://github.com/.extraheader' || :"
verify	Post Run actions/checkout@v4	2026-10-07T16:09:55.4060652Z [command]/usr/bin/git config --local --name-only --get-regexp ^includeIf\.gitdir:
verify	Post Run actions/checkout@v4	2026-10-07T16:09:55.4103245Z [command]/usr/bin/git submodule foreach --recursive git config --local --show-origin --name-only --get-regexp remote.origin.url
verify	Complete job	﻿2026-10-07T16:09:55.4493270Z Cleaning up orphan processes
verify	Complete job	2026-10-07T16:09:55.4816184Z ##[warning]Node.js 20 is deprecated. The following actions target Node.js 20 but are being forced to run on Node.js 24: actions/checkout@v4, actions/setup-node@v4, actions/upload-artifact@v4. For more information see: https://github.blog/changelog/2025-09-19-deprecation-of-node-20-on-github-actions-runners/
