
> b01-jamboree-dice@1.0.0 test
> node tests/run.mjs

PASS seed=1 artifact-integrity cases=73
PASS seed=1 typescript-strict cases=4
PASS seed=1 native-sampler-compile cases=1
dice.json: VALID
odds.json: VALID
Draft 2020-12: schema valid; documents=2; errors=0; seed=1
PASS seed=1 json-schema cases=2
PASS seed=1 semantic-references cases=114
PASS seed=1 research-source-recheck cases=149
PASS seed=1 exhaustive-A-B cases=85777
PASS seed=1 blind-independent-odds cases=85777
PASS seed=1 blind-author-selfcheck cases=41
PASS seed=1 exact-invariants cases=612
PASS seed=1 lookup-boundaries cases=2194
PASS seed=1 literal-goldens cases=19
PASS seed=1 seeded-rng cases=1009
PASS seed=1 mutation-testing cases=25
PASS seed=1 native-sampler-equivalence cases=1053
MC seed=1 normal trials=10000000 PASS
MC seed=1 double trials=10000000 PASS
MC seed=1 triple trials=10000000 PASS
MC seed=1 payday-double trials=10000000 PASS
MC seed=1 payday-triple trials=10000000 PASS
MC seed=1 turbo trials=10000000 PASS
MC seed=1 together trials=10000000 PASS
MC seed=1 creepy trials=10000000 PASS
MC seed=1 mushroom trials=10000000 PASS
MC seed=1 mario-extra trials=10000000 PASS
MC seed=1 custom-1 trials=10000000 PASS
MC seed=1 custom-2 trials=10000000 PASS
MC seed=1 custom-3 trials=10000000 PASS
MC seed=1 custom-4 trials=10000000 PASS
MC seed=1 custom-5 trials=10000000 PASS
MC seed=1 custom-6 trials=10000000 PASS
MC seed=1 custom-7 trials=10000000 PASS
MC seed=1 custom-8 trials=10000000 PASS
MC seed=1 custom-9 trials=10000000 PASS
MC seed=1 custom-10 trials=10000000 PASS
MC seed=1 mario-normal trials=10000000 PASS
MC seed=1 mario-double trials=10000000 PASS
MC seed=1 mario-triple trials=10000000 PASS
MC seed=1 mario-payday-double trials=10000000 PASS
MC seed=1 mario-payday-triple trials=10000000 PASS
MC seed=1 mario-turbo trials=10000000 PASS
MC seed=1 mario-creepy trials=10000000 PASS
MC seed=1 mario-mushroom trials=10000000 PASS
MC seed=1 together-reported-bonus trials=10000000 PASS
PASS seed=1 monte-carlo cases=1196
PASS seed=2 artifact-integrity cases=73
PASS seed=2 typescript-strict cases=4
PASS seed=2 native-sampler-compile cases=1
dice.json: VALID
odds.json: VALID
Draft 2020-12: schema valid; documents=2; errors=0; seed=2
PASS seed=2 json-schema cases=2
PASS seed=2 semantic-references cases=114
PASS seed=2 research-source-recheck cases=149
PASS seed=2 exhaustive-A-B cases=85777
PASS seed=2 blind-independent-odds cases=85777
PASS seed=2 blind-author-selfcheck cases=41
PASS seed=2 exact-invariants cases=612
PASS seed=2 lookup-boundaries cases=2194
PASS seed=2 literal-goldens cases=19
PASS seed=2 seeded-rng cases=1009
PASS seed=2 mutation-testing cases=25
PASS seed=2 native-sampler-equivalence cases=1053
MC seed=2 normal trials=10000000 PASS
MC seed=2 double trials=10000000 PASS
MC seed=2 triple trials=10000000 PASS
MC seed=2 payday-double trials=10000000 PASS
MC seed=2 payday-triple trials=10000000 PASS
MC seed=2 turbo trials=10000000 PASS
MC seed=2 together trials=10000000 PASS
MC seed=2 creepy trials=10000000 PASS
MC seed=2 mushroom trials=10000000 PASS
MC seed=2 mario-extra trials=10000000 PASS
MC seed=2 custom-1 trials=10000000 PASS
MC seed=2 custom-2 trials=10000000 PASS
MC seed=2 custom-3 trials=10000000 PASS
MC seed=2 custom-4 trials=10000000 PASS
MC seed=2 custom-5 trials=10000000 PASS
MC seed=2 custom-6 trials=10000000 PASS
MC seed=2 custom-7 trials=10000000 PASS
MC seed=2 custom-8 trials=10000000 PASS
MC seed=2 custom-9 trials=10000000 PASS
MC seed=2 custom-10 trials=10000000 PASS
MC seed=2 mario-normal trials=10000000 PASS
MC seed=2 mario-double trials=10000000 PASS
MC seed=2 mario-triple trials=10000000 PASS
MC seed=2 mario-payday-double trials=10000000 PASS
MC seed=2 mario-payday-triple trials=10000000 PASS
MC seed=2 mario-turbo trials=10000000 PASS
MC seed=2 mario-creepy trials=10000000 PASS
MC seed=2 mario-mushroom trials=10000000 PASS
MC seed=2 together-reported-bonus trials=10000000 PASS
PASS seed=2 monte-carlo cases=1196
PASS seed=3 artifact-integrity cases=73
PASS seed=3 typescript-strict cases=4
PASS seed=3 native-sampler-compile cases=1
dice.json: VALID
odds.json: VALID
Draft 2020-12: schema valid; documents=2; errors=0; seed=3
PASS seed=3 json-schema cases=2
PASS seed=3 semantic-references cases=114
PASS seed=3 research-source-recheck cases=149
PASS seed=3 exhaustive-A-B cases=85777
PASS seed=3 blind-independent-odds cases=85777
PASS seed=3 blind-author-selfcheck cases=41
PASS seed=3 exact-invariants cases=612
PASS seed=3 lookup-boundaries cases=2194
PASS seed=3 literal-goldens cases=19
PASS seed=3 seeded-rng cases=1009
PASS seed=3 mutation-testing cases=25
PASS seed=3 native-sampler-equivalence cases=1053
MC seed=3 normal trials=10000000 PASS
MC seed=3 double trials=10000000 PASS
MC seed=3 triple trials=10000000 PASS
MC seed=3 payday-double trials=10000000 PASS
MC seed=3 payday-triple trials=10000000 PASS
MC seed=3 turbo trials=10000000 PASS
MC seed=3 together trials=10000000 PASS
MC seed=3 creepy trials=10000000 PASS
MC seed=3 mushroom trials=10000000 PASS
MC seed=3 mario-extra trials=10000000 PASS
MC seed=3 custom-1 trials=10000000 PASS
MC seed=3 custom-2 trials=10000000 PASS
MC seed=3 custom-3 trials=10000000 PASS
MC seed=3 custom-4 trials=10000000 PASS
MC seed=3 custom-5 trials=10000000 PASS
MC seed=3 custom-6 trials=10000000 PASS
MC seed=3 custom-7 trials=10000000 PASS
MC seed=3 custom-8 trials=10000000 PASS
MC seed=3 custom-9 trials=10000000 PASS
MC seed=3 custom-10 trials=10000000 PASS
MC seed=3 mario-normal trials=10000000 PASS
MC seed=3 mario-double trials=10000000 PASS
MC seed=3 mario-triple trials=10000000 PASS
MC seed=3 mario-payday-double trials=10000000 PASS
MC seed=3 mario-payday-triple trials=10000000 PASS
MC seed=3 mario-turbo trials=10000000 PASS
MC seed=3 mario-creepy trials=10000000 PASS
MC seed=3 mario-mushroom trials=10000000 PASS
MC seed=3 together-reported-bonus trials=10000000 PASS
PASS seed=3 monte-carlo cases=1196
SUITES 48/48 PASS; failures=0
