2026-10-08T21:53:13.3512473Z Current runner version: '2.337.0'
2026-10-08T21:53:13.3528517Z ##[group]Runner Image Provisioner
2026-10-08T21:53:13.3529137Z Hosted Compute Agent
2026-10-08T21:53:13.3529497Z Version: 20261002.596
2026-10-08T21:53:13.3529866Z Commit: c3d12f3313a95f25162a1503be624f3b0617f8c0
2026-10-08T21:53:13.3530360Z Build Date: 2026-10-02T22:28:27Z
2026-10-08T21:53:13.3531096Z Worker ID: {4b3bd5dc-c4da-4cfc-bac7-f8b68f0ac9b2}
2026-10-08T21:53:13.3531595Z Region: southcentralus
2026-10-08T21:53:13.3531962Z Cloud: Azure
2026-10-08T21:53:13.3532303Z ##[endgroup]
2026-10-08T21:53:13.3533170Z ##[group]Operating System
2026-10-08T21:53:13.3533541Z Ubuntu
2026-10-08T21:53:13.3533929Z 24.04.5
2026-10-08T21:53:13.3534257Z LTS
2026-10-08T21:53:13.3534576Z ##[endgroup]
2026-10-08T21:53:13.3534952Z ##[group]Runner Image
2026-10-08T21:53:13.3535320Z Image: ubuntu-24.04
2026-10-08T21:53:13.3535716Z Version: 20261004.327.1
2026-10-08T21:53:13.3536524Z Included Software: https://github.com/actions/runner-images/blob/ubuntu24/20261004.327/images/ubuntu/Ubuntu2404-Readme.md
2026-10-08T21:53:13.3537453Z Image Release: https://github.com/actions/runner-images/releases/tag/ubuntu24%2F20261004.327
2026-10-08T21:53:13.3538030Z ##[endgroup]
2026-10-08T21:53:13.3538774Z ##[group]GITHUB_TOKEN Permissions
2026-10-08T21:53:13.3539930Z Contents: read
2026-10-08T21:53:13.3540277Z Metadata: read
2026-10-08T21:53:13.3540863Z ##[endgroup]
2026-10-08T21:53:13.3542381Z Secret source: Actions
2026-10-08T21:53:13.3542991Z Cache mode: write
2026-10-08T21:53:13.3543408Z Prepare workflow directory
2026-10-08T21:53:13.3784353Z Prepare all required actions
2026-10-08T21:53:13.3814961Z Getting action download info
2026-10-08T21:53:13.6268789Z Download action repository 'actions/checkout@v4' (SHA:11d5960a326750d5838078e36cf38b85af677262)
2026-10-08T21:53:13.7320878Z Download action repository 'actions/setup-node@v4' (SHA:49933ea5288caeca8642d1e84afbd3f7d6820020)
2026-10-08T21:53:13.8822949Z Download action repository 'actions/upload-artifact@v4' (SHA:ea165f8d65b6e75b540449e92b4886f43607fa02)
2026-10-08T21:53:14.0661647Z Complete job name: verify
2026-10-08T21:53:14.1108342Z ##[group]Run actions/checkout@v4
2026-10-08T21:53:14.1108783Z with:
2026-10-08T21:53:14.1109044Z   ref: 12554906b884a4c4afd8443edf470f0cc5ec371e
2026-10-08T21:53:14.1109389Z   repository: luisitin/partybox-gpt-drops
2026-10-08T21:53:14.1111499Z   token: ***
2026-10-08T21:53:14.1111731Z   ssh-strict: true
2026-10-08T21:53:14.1111969Z   ssh-user: git
2026-10-08T21:53:14.1112216Z   persist-credentials: true
2026-10-08T21:53:14.1112487Z   clean: true
2026-10-08T21:53:14.1112730Z   sparse-checkout-cone-mode: true
2026-10-08T21:53:14.1113015Z   fetch-depth: 1
2026-10-08T21:53:14.1113253Z   fetch-tags: false
2026-10-08T21:53:14.1113495Z   show-progress: true
2026-10-08T21:53:14.1113740Z   lfs: false
2026-10-08T21:53:14.1113968Z   submodules: false
2026-10-08T21:53:14.1114212Z   set-safe-directory: true
2026-10-08T21:53:14.1114491Z   allow-unsafe-pr-checkout: false
2026-10-08T21:53:14.1114848Z ##[endgroup]
2026-10-08T21:53:14.1762049Z Syncing repository: luisitin/partybox-gpt-drops
2026-10-08T21:53:14.1763729Z ##[group]Getting Git version info
2026-10-08T21:53:14.1764411Z Working directory is '/home/runner/work/partybox-gpt-drops/partybox-gpt-drops'
2026-10-08T21:53:14.1765342Z [command]/usr/bin/git version
2026-10-08T21:53:14.1868097Z git version 2.55.0
2026-10-08T21:53:14.1878034Z ##[endgroup]
2026-10-08T21:53:14.1889835Z Temporarily overriding HOME='/home/runner/work/_temp/c49383c1-66ee-469c-8f9f-de8e636b8898' before making global git config changes
2026-10-08T21:53:14.1891009Z Adding repository directory to the temporary git global config as a safe directory
2026-10-08T21:53:14.1893982Z [command]/usr/bin/git config --global --add safe.directory /home/runner/work/partybox-gpt-drops/partybox-gpt-drops
2026-10-08T21:53:14.1942485Z Deleting the contents of '/home/runner/work/partybox-gpt-drops/partybox-gpt-drops'
2026-10-08T21:53:14.1945597Z ##[group]Initializing the repository
2026-10-08T21:53:14.1949001Z [command]/usr/bin/git init /home/runner/work/partybox-gpt-drops/partybox-gpt-drops
2026-10-08T21:53:14.2058216Z hint: Using 'master' as the name for the initial branch. This default branch name
2026-10-08T21:53:14.2059077Z hint: will change to "main" in Git 3.0. To configure the initial branch name
2026-10-08T21:53:14.2059860Z hint: to use in all of your new repositories, which will suppress this warning,
2026-10-08T21:53:14.2060967Z hint: call:
2026-10-08T21:53:14.2061290Z hint:
2026-10-08T21:53:14.2061673Z hint: 	git config --global init.defaultBranch <name>
2026-10-08T21:53:14.2062211Z hint:
2026-10-08T21:53:14.2062595Z hint: Names commonly chosen instead of 'master' are 'main', 'trunk' and
2026-10-08T21:53:14.2063412Z hint: 'development'. The just-created branch can be renamed via this command:
2026-10-08T21:53:14.2063899Z hint:
2026-10-08T21:53:14.2064130Z hint: 	git branch -m <name>
2026-10-08T21:53:14.2064384Z hint:
2026-10-08T21:53:14.2064721Z hint: Disable this message with "git config set advice.defaultBranchName false"
2026-10-08T21:53:14.2065651Z Initialized empty Git repository in /home/runner/work/partybox-gpt-drops/partybox-gpt-drops/.git/
2026-10-08T21:53:14.2068692Z [command]/usr/bin/git remote add origin https://github.com/luisitin/partybox-gpt-drops
2026-10-08T21:53:14.2114172Z ##[endgroup]
2026-10-08T21:53:14.2114598Z ##[group]Disabling automatic garbage collection
2026-10-08T21:53:14.2117823Z [command]/usr/bin/git config --local gc.auto 0
2026-10-08T21:53:14.2145787Z ##[endgroup]
2026-10-08T21:53:14.2146260Z ##[group]Setting up auth
2026-10-08T21:53:14.2151661Z [command]/usr/bin/git config --local --name-only --get-regexp core\.sshCommand
2026-10-08T21:53:14.2180698Z [command]/usr/bin/git submodule foreach --recursive sh -c "git config --local --name-only --get-regexp 'core\.sshCommand' && git config --local --unset-all 'core.sshCommand' || :"
2026-10-08T21:53:14.2488710Z [command]/usr/bin/git config --local --name-only --get-regexp http\.https\:\/\/github\.com\/\.extraheader
2026-10-08T21:53:14.2518498Z [command]/usr/bin/git submodule foreach --recursive sh -c "git config --local --name-only --get-regexp 'http\.https\:\/\/github\.com\/\.extraheader' && git config --local --unset-all 'http.https://github.com/.extraheader' || :"
2026-10-08T21:53:14.2687118Z [command]/usr/bin/git config --local --name-only --get-regexp ^includeIf\.gitdir:
2026-10-08T21:53:14.2714631Z [command]/usr/bin/git submodule foreach --recursive git config --local --show-origin --name-only --get-regexp remote.origin.url
2026-10-08T21:53:14.2883079Z [command]/usr/bin/git config --local http.https://github.com/.extraheader AUTHORIZATION: basic ***
2026-10-08T21:53:14.2915076Z ##[endgroup]
2026-10-08T21:53:14.2915749Z ##[group]Fetching the repository
2026-10-08T21:53:14.2921437Z [command]/usr/bin/git -c protocol.version=2 fetch --no-tags --prune --no-recurse-submodules --depth=1 origin 12554906b884a4c4afd8443edf470f0cc5ec371e
2026-10-08T21:53:15.1615725Z From https://github.com/luisitin/partybox-gpt-drops
2026-10-08T21:53:15.1617301Z  * branch            12554906b884a4c4afd8443edf470f0cc5ec371e -> FETCH_HEAD
2026-10-08T21:53:15.1619909Z ##[endgroup]
2026-10-08T21:53:15.1621038Z ##[group]Determining the checkout info
2026-10-08T21:53:15.1622146Z ##[endgroup]
2026-10-08T21:53:15.1622752Z [command]/usr/bin/git sparse-checkout disable
2026-10-08T21:53:15.1658172Z [command]/usr/bin/git config --local --unset-all extensions.worktreeConfig
2026-10-08T21:53:15.1691277Z ##[group]Checking out the ref
2026-10-08T21:53:15.1693314Z [command]/usr/bin/git checkout --progress --force 12554906b884a4c4afd8443edf470f0cc5ec371e
2026-10-08T21:53:15.2225959Z Note: switching to '12554906b884a4c4afd8443edf470f0cc5ec371e'.
2026-10-08T21:53:15.2226834Z 
2026-10-08T21:53:15.2227309Z You are in 'detached HEAD' state. You can look around, make experimental
2026-10-08T21:53:15.2228499Z changes and commit them, and you can discard any commits you make in this
2026-10-08T21:53:15.2229725Z state without impacting any branches by switching back to a branch.
2026-10-08T21:53:15.2230872Z 
2026-10-08T21:53:15.2231377Z If you want to create a new branch to retain commits you create, you may
2026-10-08T21:53:15.2232443Z do so (now or later) by using -c with the switch command. Example:
2026-10-08T21:53:15.2233085Z 
2026-10-08T21:53:15.2233348Z   git switch -c <new-branch-name>
2026-10-08T21:53:15.2233770Z 
2026-10-08T21:53:15.2234055Z Or undo this operation with:
2026-10-08T21:53:15.2234538Z 
2026-10-08T21:53:15.2234850Z   git switch -
2026-10-08T21:53:15.2235286Z 
2026-10-08T21:53:15.2235926Z Turn off this advice by setting config variable advice.detachedHead to false
2026-10-08T21:53:15.2236779Z 
2026-10-08T21:53:15.2237389Z HEAD is now at 1255490 B19 retain both complete original trie acceptance failures
2026-10-08T21:53:15.2241852Z ##[endgroup]
2026-10-08T21:53:15.2280028Z [command]/usr/bin/git log -1 --format=%H
2026-10-08T21:53:15.2302492Z 12554906b884a4c4afd8443edf470f0cc5ec371e
2026-10-08T21:53:15.2627879Z ##[group]Run actions/setup-node@v4
2026-10-08T21:53:15.2628578Z with:
2026-10-08T21:53:15.2629095Z   node-version: 22
2026-10-08T21:53:15.2629655Z   always-auth: false
2026-10-08T21:53:15.2630238Z   check-latest: false
2026-10-08T21:53:15.2635759Z   token: ***
2026-10-08T21:53:15.2636283Z ##[endgroup]
2026-10-08T21:53:15.3550433Z Found in cache @ /opt/hostedtoolcache/node/22.23.3/x64
2026-10-08T21:53:15.3553156Z (node:2071) [DEP0040] DeprecationWarning: The `punycode` module is deprecated. Please use a userland alternative instead.
2026-10-08T21:53:15.3555561Z (Use `node --trace-deprecation ...` to show where the warning was created)
2026-10-08T21:53:15.3557317Z ##[group]Environment details
2026-10-08T21:53:15.6493730Z node: v22.23.3
2026-10-08T21:53:15.6494133Z npm: 10.9.9
2026-10-08T21:53:15.6494345Z yarn: 1.22.22
2026-10-08T21:53:15.6495308Z ##[endgroup]
2026-10-08T21:53:15.6619081Z ##[group]Run npm ci --ignore-scripts --no-audit --no-fund
2026-10-08T21:53:15.6619417Z [36;1mnpm ci --ignore-scripts --no-audit --no-fund[0m
2026-10-08T21:53:15.6876269Z shell: /usr/bin/bash -e {0}
2026-10-08T21:53:15.6876486Z ##[endgroup]
2026-10-08T21:53:16.4391210Z 
2026-10-08T21:53:16.4396327Z added 1 package in 711ms
2026-10-08T21:53:16.4742496Z ##[group]Run npm test
2026-10-08T21:53:16.4742672Z [36;1mnpm test[0m
2026-10-08T21:53:16.4796542Z shell: /usr/bin/bash -e {0}
2026-10-08T21:53:16.4796693Z ##[endgroup]
2026-10-08T21:53:16.5512632Z 
2026-10-08T21:53:16.5513193Z > b19-name-filter@1.0.0 test
2026-10-08T21:53:16.5513497Z > npm run build && node tests/run.mjs
2026-10-08T21:53:16.5513609Z 
2026-10-08T21:53:16.6155470Z 
2026-10-08T21:53:16.6155808Z > b19-name-filter@1.0.0 build
2026-10-08T21:53:16.6156187Z > tsc -p tsconfig.json
2026-10-08T21:53:16.6156333Z 
2026-10-08T21:53:17.1456435Z CORPORA_RETAINED_SNAPSHOT_RESTORED
2026-10-08T21:53:17.1463968Z CORPORA_CACHE_VERIFIED {"sources": [{"id": "male", "url": "https://www2.census.gov/topics/genealogy/1990surnames/dist.male.first", "bytes": 42665, "sha256": "0a5078ef6effe3b483d15b0f7f95047662126c9bfb624ecd5e5b978fc0f2470b"}, {"id": "female", "url": "https://www2.census.gov/topics/genealogy/1990surnames/dist.female.first", "bytes": 149625, "sha256": "bd2f310fc4e5d5e5ea122c9d4342c9821145823118eb20db1647f305ec77b358"}, {"id": "last", "url": "https://www2.census.gov/topics/genealogy/1990surnames/dist.all.last", "bytes": 3107965, "sha256": "b0e2b3743ccbad641ca48b344c24cdebcd1d9a1f76dc6dbf05986f2919f0b4e1"}, {"id": "words", "url": "https://raw.githubusercontent.com/first20hours/google-10000-english/master/google-10000-english.txt", "bytes": 75888, "sha256": "9c965d384526facc59260e94f8ccff1582633fa385004abe1455ed457062acbc"}, {"id": "places", "url": "https://download.geonames.org/export/dump/cities15000.zip", "bytes": 3360467, "sha256": "865724f89e3274c5172df2f6068596dfb25bb604737ac2711b5ca6d31aebbf32"}], "outputs": [{"file": "names.json", "count": 20000, "bytes": 1178061, "sha256": "98ea30b5406ed5abdf5587dc3d4117ad0c4f60208657eb3317fe0b6007eeedab"}, {"file": "words.json", "count": 10000, "bytes": 534784, "sha256": "458a956fc9c3c415eb44b23394d88ddf18e26fb9fd3ca116e26f6c7dae6449a3"}, {"file": "places.json", "count": 2000, "bytes": 187002, "sha256": "3e865402f14e284327d6c69b807008faef092dfcb7841322d40eaf0da9324cac"}], "selection": "5000 unique 1990 given names by max sex-specific frequency; append highest-ranked distinct surnames to 20000; all 10000 English entries unfiltered; 2000 unique GeoNames city names by descending population. No moderation-based exclusions."}
2026-10-08T21:53:17.1469417Z 
2026-10-08T21:53:17.1580326Z {"name":"public-corpus-acquisition","cases":1,"passed":1,"seed":null,"command":"node tests/run.mjs"}
2026-10-08T21:53:17.2963671Z {"name":"retained-original-snapshot-offline-and-corruption","cases":8,"passed":8,"seed":1,"command":"python3 tests/retained-snapshot.py","output":{"cases":8,"passed":8,"checks":["clean offline restoration: all32000 original rows and exact byte hashes","verified cache reuse without live network","changed byte rejected before cache writes","missing corpus rejected","missing manifest rejected","unsupported snapshot manifest rejected","truncated valid JSON corpus rejected","corrupt existing cache rejected without replacement"],"networkCalls":0}}
2026-10-08T21:53:17.3665357Z {"name":"delivery-file-size-and-checksums","cases":2,"passed":2,"seed":1,"command":"node tests/run.mjs","files":352,"checked":352,"failures":[],"rootManifestPresent":true,"maxFileBytes":3071339}
2026-10-08T21:53:17.3671873Z {"name":"immutable-return-values","cases":3,"passed":3,"seed":1,"command":"node tests/run.mjs"}
2026-10-08T21:53:17.3672954Z {"name":"failure-suggestions-map-and-frozen","cases":5,"passed":5,"seed":1,"command":"node tests/run.mjs"}
2026-10-08T21:53:17.3723342Z {"name":"additional-given-names-and-exception-bypass","cases":30,"passed":30,"seed":1,"command":"node tests/run.mjs","productionErrors":[],"blindErrors":[]}
2026-10-08T21:53:17.3724562Z {"name":"policy-copy-consistency-and-no-duplicate-terms","cases":3,"passed":3,"seed":1,"command":"node tests/run.mjs"}
2026-10-08T21:53:17.7170774Z {"name":"strict-TypeScript","cases":1,"passed":1,"seed":1,"command":"tsc -p tsconfig.json --noEmit","output":""}
2026-10-08T21:53:17.7282791Z {"name":"length-pruned-matcher-blind-boundaries","cases":24873,"passed":24873,"seed":1,"command":"node tests/run.mjs","errors":[]}
2026-10-08T21:53:17.7590001Z {"name":"generator-byte-identical-replay-and-coverage","cases":2,"passed":2,"seed":1,"command":"node tests/run.mjs"}
2026-10-08T21:53:17.7625473Z {"name":"handwritten-format-and-Scunthorpe","cases":459,"passed":459,"seed":1,"command":"node tests/run.mjs","errors":[]}
2026-10-08T21:53:17.7649681Z {"name":"exhaustive-declared-single-glyph-substitution","cases":1371,"passed":1371,"seed":1,"command":"node tests/run.mjs","errors":[]}
2026-10-08T21:53:17.7669203Z {"name":"precompiled-Unicode-policy-context-differential","cases":1296,"passed":1296,"seed":1,"command":"node tests/run.mjs","errors":[]}
2026-10-08T21:53:17.7681474Z {"name":"precompiled-printable-width-and-latin1-context-differential","cases":1422,"passed":1422,"seed":1,"command":"node tests/run.mjs","errors":[]}
2026-10-08T21:53:17.7794988Z {"name":"generated-obfuscations","cases":5000,"passed":5000,"seed":1,"command":"node tests/run.mjs","misses":0,"errors":[],"coverage":{"anal":88,"anus":88,"arsehole":72,"bastard":80,"bitch":88,"blowjob":80,"boner":88,"boob":88,"boobs":88,"bukkake":80,"chink":88,"clit":88,"cock":88,"coon":87,"cunt":87,"cum":86,"cumshot":79,"dick":87,"dildo":87,"douche":85,"dyke":87,"fag":87,"faggot":83,"fuck":87,"gook":87,"handjob":83,"hentai":82,"jizz":85,"kike":87,"nigga":87,"nigger":84,"orgasm":86,"paedophile":49,"pedophile":51,"penis":87,"porn":87,"pussy":86,"rape":87,"retard":86,"rimjob":84,"semen":87,"sex":84,"shemale":80,"slut":87,"spic":87,"spunk":87,"testicle":67,"tits":87,"titties":77,"titty":87,"tranny":83,"twat":87,"vagina":86,"wank":87,"wetback":79,"whore":87,"asshole":80,"bollocks":71,"fellatio":70,"masturbate":39,"ejaculation":23,"motherfucker":18,"masturbation":16},"attempts":5496}
2026-10-08T21:53:17.7815507Z {"name":"names-count-and-uniqueness","cases":2,"passed":2,"seed":1,"command":"node tests/run.mjs","rows":20000,"unique":20000}
2026-10-08T21:53:17.8044843Z {"name":"names-reviewed-corpus-policy","cases":20000,"passed":20000,"seed":1,"command":"node tests/run.mjs","accepted":19989,"rejected":11,"reviewed":11,"unexpected":0,"stale":0,"zeroRejections":false}
2026-10-08T21:53:17.8045805Z {"name":"names-reviewed-baseline-no-stale-entries","cases":1,"passed":1,"seed":1,"command":"node tests/run.mjs"}
2026-10-08T21:53:17.8053200Z CORPUS_REJECTIONS names [{"name":"lana","source":"female","sourceRank":470,"sourceFrequency":0.029,"reason":"blocked","review":"Full-word reversal of anal. Allowing the same case-insensitive string would admit a supported blocked-term reversal."},{"name":"dick","source":"male","sourceRank":721,"sourceFrequency":0.009,"reason":"blocked","review":"The Census name is identical to a blocked sexual term. Intent cannot be recovered from these characters."},{"name":"bonner","source":"last","sourceRank":855,"reason":"blocked","review":"Full-word repeated-letter spelling of boner (extra n). Allowing it conflicts with the declared repetition rule."},{"name":"coon","source":"last","sourceRank":1779,"reason":"blocked","review":"The Census surname is identical to a blocked racial slur. The filter has no name-intent context."},{"name":"dykes","source":"last","sourceRank":2116,"reason":"blocked","review":"The Census surname also spells a plural of the blocked slur dyke; kept under the explicit plural policy."},{"name":"coons","source":"last","sourceRank":4271,"reason":"blocked","review":"The Census surname also spells a plural of the blocked slur coon; kept under the explicit plural policy."},{"name":"stitt","source":"last","sourceRank":4377,"reason":"blocked","review":"The whole reversed string is ttits: a repeated-letter obfuscation of tits."},{"name":"raper","source":"last","sourceRank":5858,"reason":"blocked","review":"The Census surname overlaps an agent-noun form of rape; kept under the explicit sexual-violence policy."},{"name":"dicks","source":"last","sourceRank":6404,"reason":"blocked","review":"The Census surname also spells a plural of the blocked sexual term dick; kept under the explicit plural policy."},{"name":"dyke","source":"last","sourceRank":6707,"reason":"blocked","review":"The Census surname is identical to a blocked slur. Non-abusive meanings do not change its characters."},{"name":"boner","source":"last","sourceRank":10257,"reason":"blocked","review":"The Census surname is identical to a blocked sexual term."}]
2026-10-08T21:53:17.8059518Z {"name":"words-count-and-uniqueness","cases":2,"passed":2,"seed":1,"command":"node tests/run.mjs","rows":10000,"unique":10000}
2026-10-08T21:53:17.8178513Z {"name":"words-reviewed-corpus-policy","cases":10000,"passed":10000,"seed":1,"command":"node tests/run.mjs","accepted":9951,"rejected":49,"reviewed":49,"unexpected":0,"stale":0,"zeroRejections":false}
2026-10-08T21:53:17.8179485Z {"name":"words-reviewed-baseline-no-stale-entries","cases":1,"passed":1,"seed":1,"command":"node tests/run.mjs"}
2026-10-08T21:53:17.8211481Z CORPUS_REJECTIONS words [{"name":"sex","source":"words","sourceRank":182,"reason":"blocked","review":"Sexual/profanity token or inflected adult-content form; deliberate lexical-policy rejection."},{"name":"porn","source":"words","sourceRank":659,"reason":"blocked","review":"Sexual/profanity token or inflected adult-content form; deliberate lexical-policy rejection."},{"name":"anal","source":"words","sourceRank":1366,"reason":"blocked","review":"Sexual/profanity token or inflected adult-content form; deliberate lexical-policy rejection."},{"name":"pussy","source":"words","sourceRank":1381,"reason":"blocked","review":"Sexual/profanity token or inflected adult-content form; deliberate lexical-policy rejection."},{"name":"sexy","source":"words","sourceRank":1447,"reason":"blocked","review":"Sexual/profanity token or inflected adult-content form; deliberate lexical-policy rejection."},{"name":"rape","source":"words","sourceRank":1605,"reason":"blocked","review":"Sexual/profanity token or inflected adult-content form; deliberate lexical-policy rejection."},{"name":"fucking","source":"words","sourceRank":1718,"reason":"blocked","review":"Sexual/profanity token or inflected adult-content form; deliberate lexical-policy rejection."},{"name":"cum","source":"words","sourceRank":1945,"reason":"blocked","review":"Sexual/profanity token or inflected adult-content form; deliberate lexical-policy rejection."},{"name":"fuck","source":"words","sourceRank":2066,"reason":"blocked","review":"Sexual/profanity token or inflected adult-content form; deliberate lexical-policy rejection."},{"name":"cock","source":"words","sourceRank":2152,"reason":"blocked","review":"Sexual/profanity token or inflected adult-content form; deliberate lexical-policy rejection."},{"name":"porno","source":"words","sourceRank":2184,"reason":"blocked","review":"Sexual/profanity token or inflected adult-content form; deliberate lexical-policy rejection."},{"name":"tits","source":"words","sourceRank":2214,"reason":"blocked","review":"Sexual/profanity token or inflected adult-content form; deliberate lexical-policy rejection."},{"name":"hentai","source":"words","sourceRank":2359,"reason":"blocked","review":"Sexual/profanity token or inflected adult-content form; deliberate lexical-policy rejection."},{"name":"sexual","source":"words","sourceRank":2387,"reason":"blocked","review":"Sexual/profanity token or inflected adult-content form; deliberate lexical-policy rejection."},{"name":"shemale","source":"words","sourceRank":2648,"reason":"blocked","review":"Sexual/profanity token or inflected adult-content form; deliberate lexical-policy rejection."},{"name":"sexo","source":"words","sourceRank":2996,"reason":"blocked","review":"Sexual/profanity token or inflected adult-content form; deliberate lexical-policy rejection."},{"name":"dick","source":"words","sourceRank":3045,"reason":"blocked","review":"Sexual/profanity token or inflected adult-content form; deliberate lexical-policy rejection."},{"name":"blowjob","source":"words","sourceRank":3379,"reason":"blocked","review":"Sexual/profanity token or inflected adult-content form; deliberate lexical-policy rejection."},{"name":"boobs","source":"words","sourceRank":3506,"reason":"blocked","review":"Sexual/profanity token or inflected adult-content form; deliberate lexical-policy rejection."},{"name":"dildo","source":"words","sourceRank":3585,"reason":"blocked","review":"Sexual/profanity token or inflected adult-content form; deliberate lexical-policy rejection."},{"name":"sexcam","source":"words","sourceRank":3822,"reason":"blocked","review":"Sexual/profanity token or inflected adult-content form; deliberate lexical-policy rejection."},{"name":"penis","source":"words","sourceRank":3899,"reason":"blocked","review":"Sexual/profanity token or inflected adult-content form; deliberate lexical-policy rejection."},{"name":"blowjobs","source":"words","sourceRank":3959,"reason":"blocked","review":"Sexual/profanity token or inflected adult-content form; deliberate lexical-policy rejection."},{"name":"telecommunications","source":"words","sourceRank":4138,"reason":"length","review":"18 code points exceed 16; format rejection, not a lexical false positive."},{"name":"cumshot","source":"words","sourceRank":4231,"reason":"blocked","review":"Sexual/profanity token or inflected adult-content form; deliberate lexical-policy rejection."},{"name":"cocks","source":"words","sourceRank":4550,"reason":"blocked","review":"Sexual/profanity token or inflected adult-content form; deliberate lexical-policy rejection."},{"name":"tranny","source":"words","sourceRank":4903,"reason":"blocked","review":"Sexual/profanity token or inflected adult-content form; deliberate lexical-policy rejection."},{"name":"cumshots","source":"words","sourceRank":4934,"reason":"blocked","review":"Sexual/profanity token or inflected adult-content form; deliberate lexical-policy rejection."},{"name":"bukkake","source":"words","sourceRank":4941,"reason":"blocked","review":"Sexual/profanity token or inflected adult-content form; deliberate lexical-policy rejection."},{"name":"fucked","source":"words","sourceRank":5645,"reason":"blocked","review":"Sexual/profanity token or inflected adult-content form; deliberate lexical-policy rejection."},{"name":"dildos","source":"words","sourceRank":5913,"reason":"blocked","review":"Sexual/profanity token or inflected adult-content form; deliberate lexical-policy rejection."},{"name":"boob","source":"words","sourceRank":6376,"reason":"blocked","review":"Sexual/profanity token or inflected adult-content form; deliberate lexical-policy rejection."},{"name":"slut","source":"words","sourceRank":6438,"reason":"blocked","review":"Sexual/profanity token or inflected adult-content form; deliberate lexical-policy rejection."},{"name":"ejaculation","source":"words","sourceRank":6439,"reason":"blocked","review":"Sexual/profanity token or inflected adult-content form; deliberate lexical-policy rejection."},{"name":"dicks","source":"words","sourceRank":6537,"reason":"blocked","review":"Sexual/profanity token or inflected adult-content form; deliberate lexical-policy rejection."},{"name":"sluts","source":"words","sourceRank":7030,"reason":"blocked","review":"Sexual/profanity token or inflected adult-content form; deliberate lexical-policy rejection."},{"name":"bitch","source":"words","sourceRank":7110,"reason":"blocked","review":"Sexual/profanity token or inflected adult-content form; deliberate lexical-policy rejection."},{"name":"handjob","source":"words","sourceRank":7149,"reason":"blocked","review":"Sexual/profanity token or inflected adult-content form; deliberate lexical-policy rejection."},{"name":"livesex","source":"words","sourceRank":7307,"reason":"blocked","review":"Sexual/profanity token or inflected adult-content form; deliberate lexical-policy rejection."},{"name":"worldsex","source":"words","sourceRank":7333,"reason":"blocked","review":"Sexual/profanity token or inflected adult-content form; deliberate lexical-policy rejection."},{"name":"shemales","source":"words","sourceRank":8129,"reason":"blocked","review":"Sexual/profanity token or inflected adult-content form; deliberate lexical-policy rejection."},{"name":"handjobs","source":"words","sourceRank":8782,"reason":"blocked","review":"Sexual/profanity token or inflected adult-content form; deliberate lexical-policy rejection."},{"name":"vagina","source":"words","sourceRank":9083,"reason":"blocked","review":"Sexual/profanity token or inflected adult-content form; deliberate lexical-policy rejection."},{"name":"sexuality","source":"words","sourceRank":9164,"reason":"blocked","review":"Sexual/profanity token or inflected adult-content form; deliberate lexical-policy rejection."},{"name":"cunt","source":"words","sourceRank":9201,"reason":"blocked","review":"Sexual/profanity token or inflected adult-content form; deliberate lexical-policy rejection."},{"name":"masturbation","source":"words","sourceRank":9485,"reason":"blocked","review":"Sexual/profanity token or inflected adult-content form; deliberate lexical-policy rejection."},{"name":"orgasm","source":"words","sourceRank":9506,"reason":"blocked","review":"Sexual/profanity token or inflected adult-content form; deliberate lexical-policy rejection."},{"name":"sexually","source":"words","sourceRank":9675,"reason":"blocked","review":"Sexual/profanity token or inflected adult-content form; deliberate lexical-policy rejection."},{"name":"whore","source":"words","sourceRank":9802,"reason":"blocked","review":"Sexual/profanity token or inflected adult-content form; deliberate lexical-policy rejection."}]
2026-10-08T21:53:17.8227321Z {"name":"places-count-and-uniqueness","cases":2,"passed":2,"seed":1,"command":"node tests/run.mjs","rows":2000,"unique":2000}
2026-10-08T21:53:17.8228359Z {"name":"places-reviewed-corpus-policy","cases":2000,"passed":2000,"seed":1,"command":"node tests/run.mjs","accepted":1943,"rejected":57,"reviewed":57,"unexpected":0,"stale":0,"zeroRejections":false}
2026-10-08T21:53:17.8228936Z {"name":"places-reviewed-baseline-no-stale-entries","cases":1,"passed":1,"seed":1,"command":"node tests/run.mjs"}
2026-10-08T21:53:17.8263554Z CORPUS_REJECTIONS places [{"name":"Al Mawşil al Jadīdah","population":2065597,"geonameid":99071,"country":"IQ","source":"places","reason":"length","review":"20 code points exceed 16; format rejection, not a lexical false positive."},{"name":"Santa Cruz de la Sierra","population":1831434,"geonameid":3904906,"country":"BO","source":"places","reason":"length","review":"23 code points exceed 16; format rejection, not a lexical false positive."},{"name":"Ecatepec de Morelos","population":1645352,"geonameid":3529612,"country":"MX","source":"places","reason":"length","review":"19 code points exceed 16; format rejection, not a lexical false positive."},{"name":"Santiago de Querétaro","population":1594212,"geonameid":3991164,"country":"MX","source":"places","reason":"length","review":"21 code points exceed 16; format rejection, not a lexical false positive."},{"name":"León de los Aldama","population":1579803,"geonameid":3998655,"country":"MX","source":"places","reason":"length","review":"18 code points exceed 16; format rejection, not a lexical false positive."},{"name":"Shubrā al Khaymah","population":1240289,"geonameid":349076,"country":"EG","source":"places","reason":"length","review":"17 code points exceed 16; format rejection, not a lexical false positive."},{"name":"Santiago de los Caballeros","population":1200000,"geonameid":3492914,"country":"DO","source":"places","reason":"length","review":"26 code points exceed 16; format rejection, not a lexical false positive."},{"name":"Gustavo Adolfo Madero","population":1185772,"geonameid":3514674,"country":"MX","source":"places","reason":"length","review":"21 code points exceed 16; format rejection, not a lexical false positive."},{"name":"Ciudad Nezahualcoyotl","population":1077208,"geonameid":3530589,"country":"MX","source":"places","reason":"length","review":"21 code points exceed 16; format rejection, not a lexical false positive."},{"name":"São Bernardo do Campo","population":840499,"geonameid":3449344,"country":"BR","source":"places","reason":"length","review":"21 code points exceed 16; format rejection, not a lexical false positive."},{"name":"Naucalpan de Juárez","population":834434,"geonameid":3522790,"country":"MX","source":"places","reason":"length","review":"19 code points exceed 16; format rejection, not a lexical false positive."},{"name":"Kampung Baru Subang","population":833571,"geonameid":1771023,"country":"MY","source":"places","reason":"length","review":"19 code points exceed 16; format rejection, not a lexical false positive."},{"name":"Thiruvananthapuram","population":788271,"geonameid":1254163,"country":"IN","source":"places","reason":"length","review":"18 code points exceed 16; format rejection, not a lexical false positive."},{"name":"São José dos Campos","population":727078,"geonameid":3448636,"country":"BR","source":"places","reason":"length","review":"19 code points exceed 16; format rejection, not a lexical false positive."},{"name":"Santo Domingo Oeste","population":701269,"geonameid":7874116,"country":"DO","source":"places","reason":"length","review":"19 code points exceed 16; format rejection, not a lexical false positive."},{"name":"Santo Domingo Este","population":700000,"geonameid":8601412,"country":"DO","source":"places","reason":"length","review":"18 code points exceed 16; format rejection, not a lexical false positive."},{"name":"Acapulco de Juárez","population":658609,"geonameid":3533462,"country":"MX","source":"places","reason":"length","review":"18 code points exceed 16; format rejection, not a lexical false positive."},{"name":"Frankfurt am Main","population":650000,"geonameid":2925533,"country":"DE","source":"places","reason":"length","review":"17 code points exceed 16; format rejection, not a lexical false positive."},{"name":"Jaboatão dos Guararapes","population":644037,"geonameid":6317344,"country":"BR","source":"places","reason":"length","review":"23 code points exceed 16; format rejection, not a lexical false positive."},{"name":"New South Memphis","population":641608,"geonameid":4645421,"country":"US","source":"places","reason":"length","review":"17 code points exceed 16; format rejection, not a lexical false positive."},{"name":"Bukit Rahman Putra","population":607000,"geonameid":13118225,"country":"MY","source":"places","reason":"length","review":"18 code points exceed 16; format rejection, not a lexical false positive."},{"name":"Al Maḩallah al Kubrá","population":592573,"geonameid":360829,"country":"EG","source":"places","reason":"length","review":"20 code points exceed 16; format rejection, not a lexical false positive."},{"name":"Cuautitlán Izcalli","population":555163,"geonameid":3515807,"country":"MX","source":"places","reason":"length","review":"18 code points exceed 16; format rejection, not a lexical false positive."},{"name":"San Miguel de Tucumán","population":548866,"geonameid":3836873,"country":"AR","source":"places","reason":"length","review":"21 code points exceed 16; format rejection, not a lexical false positive."},{"name":"Mirpur Model Thana","population":546503,"geonameid":11395976,"country":"BD","source":"places","reason":"length","review":"18 code points exceed 16; format rejection, not a lexical false positive."},{"name":"Selayang Baru Utara","population":542409,"geonameid":7795834,"country":"MY","source":"places","reason":"length","review":"19 code points exceed 16; format rejection, not a lexical false positive."},{"name":"Aparecida de Goiânia","population":527796,"geonameid":6316406,"country":"BR","source":"places","reason":"length","review":"20 code points exceed 16; format rejection, not a lexical false positive."},{"name":"Victoria de Durango","population":518709,"geonameid":4011743,"country":"MX","source":"places","reason":"length","review":"19 code points exceed 16; format rejection, not a lexical false positive."},{"name":"Heroica Matamoros","population":510739,"geonameid":3523466,"country":"MX","source":"places","reason":"length","review":"17 code points exceed 16; format rejection, not a lexical false positive."},{"name":"Mianzhu, Deyang, Sichuan","population":510000,"geonameid":12492662,"country":"CN","source":"places","reason":"length","review":"24 code points exceed 16; format rejection, not a lexical false positive."},{"name":"Naberezhnyye Chelny","population":509870,"geonameid":523750,"country":"RU","source":"places","reason":"length","review":"19 code points exceed 16; format rejection, not a lexical false positive."},{"name":"Kampung Larkin Lama","population":500000,"geonameid":1732724,"country":"MY","source":"places","reason":"length","review":"19 code points exceed 16; format rejection, not a lexical false positive."},{"name":"Ciudad López Mateos","population":489160,"geonameid":3532624,"country":"MX","source":"places","reason":"length","review":"19 code points exceed 16; format rejection, not a lexical false positive."},{"name":"Campos dos Goytacazes","population":483540,"geonameid":3467693,"country":"BR","source":"places","reason":"length","review":"21 code points exceed 16; format rejection, not a lexical false positive."},{"name":"São José do Rio Preto","population":480393,"geonameid":3448639,"country":"BR","source":"places","reason":"length","review":"21 code points exceed 16; format rejection, not a lexical false positive."},{"name":"São João de Meriti","population":466536,"geonameid":3448877,"country":"BR","source":"places","reason":"length","review":"18 code points exceed 16; format rejection, not a lexical false positive."},{"name":"Santo Domingo de los Colorados","population":458580,"geonameid":3651297,"country":"EC","source":"places","reason":"length","review":"30 code points exceed 16; format rejection, not a lexical false positive."},{"name":"Ciudad General Escobedo","population":454967,"geonameid":4005867,"country":"MX","source":"places","reason":"length","review":"23 code points exceed 16; format rejection, not a lexical false positive."},{"name":"Venustiano Carranza","population":430978,"geonameid":3827407,"country":"MX","source":"places","reason":"length","review":"19 code points exceed 16; format rejection, not a lexical false positive."},{"name":"Xalapa de Enríquez","population":424755,"geonameid":3526617,"country":"MX","source":"places","reason":"length","review":"18 code points exceed 16; format rejection, not a lexical false positive."},{"name":"Kampung Kangkar Teberau","population":412373,"geonameid":1762110,"country":"MY","source":"places","reason":"length","review":"23 code points exceed 16; format rejection, not a lexical false positive."},{"name":"San Nicolás de los Garza","population":412199,"geonameid":3985241,"country":"MX","source":"places","reason":"length","review":"24 code points exceed 16; format rejection, not a lexical false positive."},{"name":"Vitória da Conquista","population":396613,"geonameid":3444914,"country":"BR","source":"places","reason":"length","review":"20 code points exceed 16; format rejection, not a lexical false positive."},{"name":"Las Palmas de Gran Canaria","population":383516,"geonameid":2515270,"country":"ES","source":"places","reason":"length","review":"26 code points exceed 16; format rejection, not a lexical false positive."},{"name":"Rajamahendravaram","population":376333,"geonameid":1258932,"country":"IN","source":"places","reason":"length","review":"17 code points exceed 16; format rejection, not a lexical false positive."},{"name":"6th of October City","population":368650,"geonameid":353219,"country":"EG","source":"places","reason":"length","review":"19 code points exceed 16; format rejection, not a lexical false positive."},{"name":"San Jose del Monte","population":357828,"geonameid":1689395,"country":"PH","source":"places","reason":"length","review":"18 code points exceed 16; format rejection, not a lexical false positive."},{"name":"São José dos Pinhais","population":349880,"geonameid":3448632,"country":"BR","source":"places","reason":"length","review":"20 code points exceed 16; format rejection, not a lexical false positive."},{"name":"Ribeirão das Neves","population":346971,"geonameid":3451353,"country":"BR","source":"places","reason":"length","review":"18 code points exceed 16; format rejection, not a lexical false positive."},{"name":"Ḩadā’iq al Qubbah","population":339612,"geonameid":356436,"country":"EG","source":"places","reason":"length","review":"17 code points exceed 16; format rejection, not a lexical false positive."},{"name":"Soledad de Graciano Sánchez","population":332072,"geonameid":3982912,"country":"MX","source":"places","reason":"length","review":"27 code points exceed 16; format rejection, not a lexical false positive."},{"name":"Lexington-Fayette","population":314488,"geonameid":4297999,"country":"US","source":"places","reason":"length","review":"17 code points exceed 16; format rejection, not a lexical false positive."},{"name":"Kingston upon Hull","population":314018,"geonameid":2645425,"country":"GB","source":"places","reason":"length","review":"18 code points exceed 16; format rejection, not a lexical false positive."},{"name":"Al Qāhirah al Jadīdah","population":313139,"geonameid":8134081,"country":"EG","source":"places","reason":"length","review":"21 code points exceed 16; format rejection, not a lexical false positive."},{"name":"Ciudad Benito Juárez","population":308285,"geonameid":4003757,"country":"MX","source":"places","reason":"length","review":"20 code points exceed 16; format rejection, not a lexical false positive."},{"name":"Juazeiro do Norte","population":305531,"geonameid":3397147,"country":"BR","source":"places","reason":"length","review":"17 code points exceed 16; format rejection, not a lexical false positive."},{"name":"Newcastle upon Tyne","population":300125,"geonameid":2641673,"country":"GB","source":"places","reason":"length","review":"19 code points exceed 16; format rejection, not a lexical false positive."}]
2026-10-08T21:53:17.8943382Z {"name":"original-workload-policy-and-counts","cases":6,"passed":6,"seed":1,"command":"node tests/run.mjs","originalPolicySha256":"ac400db6c9733f6becc82df93f91cdde13563767d2b9b3883684779b28c48dc9","fixedCases":459,"fullCases":43830,"benchmarkPositiveInputs":48}
2026-10-08T21:53:18.6230447Z {"name":"regex-vs-bitset-NFA-differential","cases":43830,"passed":43830,"seed":1,"command":"node tests/run.mjs"}
2026-10-08T21:53:18.6231863Z {"name":"sealed-blind-reference-differential","cases":43830,"passed":43830,"seed":1,"command":"node tests/run.mjs"}
2026-10-08T21:53:18.6232517Z {"name":"repeat-call-purity","cases":43830,"passed":43830,"seed":1,"command":"node tests/run.mjs"}
2026-10-08T21:53:18.6233095Z {"name":"boolean-wrapper","cases":43830,"passed":43830,"seed":1,"command":"node tests/run.mjs"}
2026-10-08T21:53:18.6412574Z {"name":"mutation-baseline-truth","cases":43830,"passed":43830,"seed":1,"command":"node tests/run.mjs"}
2026-10-08T21:53:19.3515072Z {"name":"25-real-executed-mutations","cases":25,"passed":25,"seed":1,"command":"node tests/run.mjs","survivors":[]}
2026-10-08T21:53:19.3523982Z {"name":"runtime-gzip-size","cases":2,"passed":2,"seed":1,"command":"node tests/run.mjs","sourceBytes":11853,"sourceGzipBytes":5010,"compiledBytes":9519,"compiledGzipBytes":3681,"limitBytes":6000}
2026-10-08T21:53:19.3525110Z {"name":"zero-runtime-dependencies-and-forbidden-APIs","cases":5,"passed":5,"seed":1,"command":"node tests/run.mjs"}
2026-10-08T21:53:19.3972396Z {"name":"latency-every-observed-check-under-005ms","cases":10000,"passed":10000,"seed":1,"command":"node tests/run.mjs","calls":10000,"meanMs":0.0005559737999999924,"p50Ms":0.00027000000000043656,"p99Ms":0.0027239999999437714,"maxMs":0.04044099999964601,"over005Ms":0,"outliers":[],"measurementStartMs":2352.113557,"measurementEndMs":2357.673295,"sink":94721}
2026-10-08T21:53:19.5319992Z {"name":"retained-original-snapshot-offline-and-corruption","cases":8,"passed":8,"seed":2,"command":"python3 tests/retained-snapshot.py","output":{"cases":8,"passed":8,"checks":["clean offline restoration: all32000 original rows and exact byte hashes","verified cache reuse without live network","changed byte rejected before cache writes","missing corpus rejected","missing manifest rejected","unsupported snapshot manifest rejected","truncated valid JSON corpus rejected","corrupt existing cache rejected without replacement"],"networkCalls":0}}
2026-10-08T21:53:19.5882036Z {"name":"delivery-file-size-and-checksums","cases":2,"passed":2,"seed":2,"command":"node tests/run.mjs","files":352,"checked":352,"failures":[],"rootManifestPresent":true,"maxFileBytes":3071339}
2026-10-08T21:53:19.5882911Z {"name":"immutable-return-values","cases":3,"passed":3,"seed":2,"command":"node tests/run.mjs"}
2026-10-08T21:53:19.5883516Z {"name":"failure-suggestions-map-and-frozen","cases":5,"passed":5,"seed":2,"command":"node tests/run.mjs"}
2026-10-08T21:53:19.5884352Z {"name":"additional-given-names-and-exception-bypass","cases":30,"passed":30,"seed":2,"command":"node tests/run.mjs","productionErrors":[],"blindErrors":[]}
2026-10-08T21:53:19.5886136Z {"name":"policy-copy-consistency-and-no-duplicate-terms","cases":3,"passed":3,"seed":2,"command":"node tests/run.mjs"}
2026-10-08T21:53:19.9166522Z {"name":"strict-TypeScript","cases":1,"passed":1,"seed":2,"command":"tsc -p tsconfig.json --noEmit","output":""}
2026-10-08T21:53:19.9188002Z {"name":"length-pruned-matcher-blind-boundaries","cases":24873,"passed":24873,"seed":2,"command":"node tests/run.mjs","errors":[]}
2026-10-08T21:53:19.9449740Z {"name":"generator-byte-identical-replay-and-coverage","cases":2,"passed":2,"seed":2,"command":"node tests/run.mjs"}
2026-10-08T21:53:19.9483073Z {"name":"handwritten-format-and-Scunthorpe","cases":459,"passed":459,"seed":2,"command":"node tests/run.mjs","errors":[]}
2026-10-08T21:53:19.9491559Z {"name":"exhaustive-declared-single-glyph-substitution","cases":1371,"passed":1371,"seed":2,"command":"node tests/run.mjs","errors":[]}
2026-10-08T21:53:19.9498380Z {"name":"precompiled-Unicode-policy-context-differential","cases":1296,"passed":1296,"seed":2,"command":"node tests/run.mjs","errors":[]}
2026-10-08T21:53:19.9504107Z {"name":"precompiled-printable-width-and-latin1-context-differential","cases":1422,"passed":1422,"seed":2,"command":"node tests/run.mjs","errors":[]}
2026-10-08T21:53:19.9566717Z {"name":"generated-obfuscations","cases":5000,"passed":5000,"seed":2,"command":"node tests/run.mjs","misses":0,"errors":[],"coverage":{"anal":87,"anus":86,"arsehole":74,"asshole":78,"bastard":84,"bitch":87,"blowjob":76,"bollocks":68,"boner":87,"boob":87,"boobs":86,"bukkake":81,"chink":86,"clit":87,"cock":87,"coon":86,"cunt":87,"cum":84,"cumshot":79,"dick":86,"dildo":87,"douche":87,"dyke":87,"fag":86,"faggot":86,"fellatio":68,"fuck":87,"gook":87,"handjob":79,"hentai":87,"jizz":87,"kike":87,"masturbate":42,"motherfucker":18,"nigga":87,"nigger":86,"orgasm":86,"paedophile":45,"pedophile":49,"penis":87,"porn":86,"pussy":87,"rape":87,"retard":85,"rimjob":85,"semen":87,"sex":86,"shemale":83,"slut":86,"spic":86,"spunk":87,"tits":87,"titties":82,"titty":87,"tranny":85,"twat":86,"vagina":84,"wank":85,"wetback":77,"whore":86,"testicle":67,"ejaculation":29,"masturbation":22},"attempts":5475}
2026-10-08T21:53:19.9580977Z {"name":"names-count-and-uniqueness","cases":2,"passed":2,"seed":2,"command":"node tests/run.mjs","rows":20000,"unique":20000}
2026-10-08T21:53:19.9814779Z {"name":"names-reviewed-corpus-policy","cases":20000,"passed":20000,"seed":2,"command":"node tests/run.mjs","accepted":19989,"rejected":11,"reviewed":11,"unexpected":0,"stale":0,"zeroRejections":false}
2026-10-08T21:53:19.9815370Z {"name":"names-reviewed-baseline-no-stale-entries","cases":1,"passed":1,"seed":2,"command":"node tests/run.mjs"}
2026-10-08T21:53:19.9821825Z {"name":"words-count-and-uniqueness","cases":2,"passed":2,"seed":2,"command":"node tests/run.mjs","rows":10000,"unique":10000}
2026-10-08T21:53:19.9941874Z {"name":"words-reviewed-corpus-policy","cases":10000,"passed":10000,"seed":2,"command":"node tests/run.mjs","accepted":9951,"rejected":49,"reviewed":49,"unexpected":0,"stale":0,"zeroRejections":false}
2026-10-08T21:53:19.9942984Z {"name":"words-reviewed-baseline-no-stale-entries","cases":1,"passed":1,"seed":2,"command":"node tests/run.mjs"}
2026-10-08T21:53:19.9944001Z {"name":"places-count-and-uniqueness","cases":2,"passed":2,"seed":2,"command":"node tests/run.mjs","rows":2000,"unique":2000}
2026-10-08T21:53:19.9974722Z {"name":"places-reviewed-corpus-policy","cases":2000,"passed":2000,"seed":2,"command":"node tests/run.mjs","accepted":1943,"rejected":57,"reviewed":57,"unexpected":0,"stale":0,"zeroRejections":false}
2026-10-08T21:53:19.9975753Z {"name":"places-reviewed-baseline-no-stale-entries","cases":1,"passed":1,"seed":2,"command":"node tests/run.mjs"}
2026-10-08T21:53:20.0553016Z {"name":"original-workload-policy-and-counts","cases":6,"passed":6,"seed":2,"command":"node tests/run.mjs","originalPolicySha256":"ac400db6c9733f6becc82df93f91cdde13563767d2b9b3883684779b28c48dc9","fixedCases":459,"fullCases":43830,"benchmarkPositiveInputs":48}
2026-10-08T21:53:20.7690794Z {"name":"regex-vs-bitset-NFA-differential","cases":43830,"passed":43830,"seed":2,"command":"node tests/run.mjs"}
2026-10-08T21:53:20.7691715Z {"name":"sealed-blind-reference-differential","cases":43830,"passed":43830,"seed":2,"command":"node tests/run.mjs"}
2026-10-08T21:53:20.7692461Z {"name":"repeat-call-purity","cases":43830,"passed":43830,"seed":2,"command":"node tests/run.mjs"}
2026-10-08T21:53:20.7693164Z {"name":"boolean-wrapper","cases":43830,"passed":43830,"seed":2,"command":"node tests/run.mjs"}
2026-10-08T21:53:20.7866240Z {"name":"mutation-baseline-truth","cases":43830,"passed":43830,"seed":2,"command":"node tests/run.mjs"}
2026-10-08T21:53:21.2740121Z {"name":"25-real-executed-mutations","cases":25,"passed":25,"seed":2,"command":"node tests/run.mjs","survivors":[]}
2026-10-08T21:53:21.2745905Z {"name":"runtime-gzip-size","cases":2,"passed":2,"seed":2,"command":"node tests/run.mjs","sourceBytes":11853,"sourceGzipBytes":5010,"compiledBytes":9519,"compiledGzipBytes":3681,"limitBytes":6000}
2026-10-08T21:53:21.2747176Z {"name":"zero-runtime-dependencies-and-forbidden-APIs","cases":5,"passed":5,"seed":2,"command":"node tests/run.mjs"}
2026-10-08T21:53:21.3180769Z {"name":"latency-every-observed-check-under-005ms","cases":10000,"passed":10000,"seed":2,"command":"node tests/run.mjs","calls":10000,"meanMs":0.00040173130000002857,"p50Ms":0.000210000000151922,"p99Ms":0.0020329999997557024,"maxMs":0.012087999999494059,"over005Ms":0,"outliers":[],"measurementStartMs":4274.787326,"measurementEndMs":4278.804639,"sink":93467}
2026-10-08T21:53:21.4519877Z {"name":"retained-original-snapshot-offline-and-corruption","cases":8,"passed":8,"seed":3,"command":"python3 tests/retained-snapshot.py","output":{"cases":8,"passed":8,"checks":["clean offline restoration: all32000 original rows and exact byte hashes","verified cache reuse without live network","changed byte rejected before cache writes","missing corpus rejected","missing manifest rejected","unsupported snapshot manifest rejected","truncated valid JSON corpus rejected","corrupt existing cache rejected without replacement"],"networkCalls":0}}
2026-10-08T21:53:21.5133429Z {"name":"delivery-file-size-and-checksums","cases":2,"passed":2,"seed":3,"command":"node tests/run.mjs","files":352,"checked":352,"failures":[],"rootManifestPresent":true,"maxFileBytes":3071339}
2026-10-08T21:53:21.5134053Z {"name":"immutable-return-values","cases":3,"passed":3,"seed":3,"command":"node tests/run.mjs"}
2026-10-08T21:53:21.5134539Z {"name":"failure-suggestions-map-and-frozen","cases":5,"passed":5,"seed":3,"command":"node tests/run.mjs"}
2026-10-08T21:53:21.5135098Z {"name":"additional-given-names-and-exception-bypass","cases":30,"passed":30,"seed":3,"command":"node tests/run.mjs","productionErrors":[],"blindErrors":[]}
2026-10-08T21:53:21.5135670Z {"name":"policy-copy-consistency-and-no-duplicate-terms","cases":3,"passed":3,"seed":3,"command":"node tests/run.mjs"}
2026-10-08T21:53:21.8604947Z {"name":"strict-TypeScript","cases":1,"passed":1,"seed":3,"command":"tsc -p tsconfig.json --noEmit","output":""}
2026-10-08T21:53:21.8677164Z {"name":"length-pruned-matcher-blind-boundaries","cases":24873,"passed":24873,"seed":3,"command":"node tests/run.mjs","errors":[]}
2026-10-08T21:53:21.8908098Z {"name":"generator-byte-identical-replay-and-coverage","cases":2,"passed":2,"seed":3,"command":"node tests/run.mjs"}
2026-10-08T21:53:21.8941668Z {"name":"handwritten-format-and-Scunthorpe","cases":459,"passed":459,"seed":3,"command":"node tests/run.mjs","errors":[]}
2026-10-08T21:53:21.8950321Z {"name":"exhaustive-declared-single-glyph-substitution","cases":1371,"passed":1371,"seed":3,"command":"node tests/run.mjs","errors":[]}
2026-10-08T21:53:21.8956817Z {"name":"precompiled-Unicode-policy-context-differential","cases":1296,"passed":1296,"seed":3,"command":"node tests/run.mjs","errors":[]}
2026-10-08T21:53:21.8962098Z {"name":"precompiled-printable-width-and-latin1-context-differential","cases":1422,"passed":1422,"seed":3,"command":"node tests/run.mjs","errors":[]}
2026-10-08T21:53:21.9023785Z {"name":"generated-obfuscations","cases":5000,"passed":5000,"seed":3,"command":"node tests/run.mjs","misses":0,"errors":[],"coverage":{"anal":87,"anus":87,"arsehole":65,"asshole":78,"bastard":76,"bitch":87,"blowjob":77,"bollocks":76,"boner":87,"boob":87,"boobs":87,"bukkake":79,"chink":87,"clit":87,"cock":87,"coon":87,"cunt":87,"cum":87,"cumshot":79,"dick":87,"dildo":87,"douche":85,"dyke":87,"fag":86,"faggot":87,"fellatio":66,"fuck":86,"gook":87,"handjob":83,"hentai":86,"jizz":87,"kike":86,"masturbate":37,"nigga":87,"nigger":85,"orgasm":86,"pedophile":55,"penis":87,"porn":87,"pussy":87,"rape":86,"retard":85,"rimjob":86,"semen":87,"sex":87,"shemale":78,"slut":87,"spic":87,"spunk":87,"testicle":69,"tits":87,"titties":84,"titty":85,"tranny":85,"twat":86,"vagina":85,"wank":86,"wetback":77,"whore":86,"masturbation":22,"motherfucker":22,"paedophile":37,"ejaculation":34},"attempts":5474}
2026-10-08T21:53:21.9038328Z {"name":"names-count-and-uniqueness","cases":2,"passed":2,"seed":3,"command":"node tests/run.mjs","rows":20000,"unique":20000}
2026-10-08T21:53:21.9258712Z {"name":"names-reviewed-corpus-policy","cases":20000,"passed":20000,"seed":3,"command":"node tests/run.mjs","accepted":19989,"rejected":11,"reviewed":11,"unexpected":0,"stale":0,"zeroRejections":false}
2026-10-08T21:53:21.9259367Z {"name":"names-reviewed-baseline-no-stale-entries","cases":1,"passed":1,"seed":3,"command":"node tests/run.mjs"}
2026-10-08T21:53:21.9267013Z {"name":"words-count-and-uniqueness","cases":2,"passed":2,"seed":3,"command":"node tests/run.mjs","rows":10000,"unique":10000}
2026-10-08T21:53:21.9407476Z {"name":"words-reviewed-corpus-policy","cases":10000,"passed":10000,"seed":3,"command":"node tests/run.mjs","accepted":9951,"rejected":49,"reviewed":49,"unexpected":0,"stale":0,"zeroRejections":false}
2026-10-08T21:53:21.9408080Z {"name":"words-reviewed-baseline-no-stale-entries","cases":1,"passed":1,"seed":3,"command":"node tests/run.mjs"}
2026-10-08T21:53:21.9408782Z {"name":"places-count-and-uniqueness","cases":2,"passed":2,"seed":3,"command":"node tests/run.mjs","rows":2000,"unique":2000}
2026-10-08T21:53:21.9438542Z {"name":"places-reviewed-corpus-policy","cases":2000,"passed":2000,"seed":3,"command":"node tests/run.mjs","accepted":1943,"rejected":57,"reviewed":57,"unexpected":0,"stale":0,"zeroRejections":false}
2026-10-08T21:53:21.9439614Z {"name":"places-reviewed-baseline-no-stale-entries","cases":1,"passed":1,"seed":3,"command":"node tests/run.mjs"}
2026-10-08T21:53:22.0054397Z {"name":"original-workload-policy-and-counts","cases":6,"passed":6,"seed":3,"command":"node tests/run.mjs","originalPolicySha256":"ac400db6c9733f6becc82df93f91cdde13563767d2b9b3883684779b28c48dc9","fixedCases":459,"fullCases":43830,"benchmarkPositiveInputs":48}
2026-10-08T21:53:22.7450173Z {"name":"regex-vs-bitset-NFA-differential","cases":43830,"passed":43830,"seed":3,"command":"node tests/run.mjs"}
2026-10-08T21:53:22.7452461Z {"name":"sealed-blind-reference-differential","cases":43830,"passed":43830,"seed":3,"command":"node tests/run.mjs"}
2026-10-08T21:53:22.7453154Z {"name":"repeat-call-purity","cases":43830,"passed":43830,"seed":3,"command":"node tests/run.mjs"}
2026-10-08T21:53:22.7453593Z {"name":"boolean-wrapper","cases":43830,"passed":43830,"seed":3,"command":"node tests/run.mjs"}
2026-10-08T21:53:22.7628302Z {"name":"mutation-baseline-truth","cases":43830,"passed":43830,"seed":3,"command":"node tests/run.mjs"}
2026-10-08T21:53:23.3026781Z {"name":"25-real-executed-mutations","cases":25,"passed":25,"seed":3,"command":"node tests/run.mjs","survivors":[]}
2026-10-08T21:53:23.3033013Z {"name":"runtime-gzip-size","cases":2,"passed":2,"seed":3,"command":"node tests/run.mjs","sourceBytes":11853,"sourceGzipBytes":5010,"compiledBytes":9519,"compiledGzipBytes":3681,"limitBytes":6000}
2026-10-08T21:53:23.3034111Z {"name":"zero-runtime-dependencies-and-forbidden-APIs","cases":5,"passed":5,"seed":3,"command":"node tests/run.mjs"}
2026-10-08T21:53:23.3484919Z {"name":"latency-every-observed-check-under-005ms","cases":10000,"passed":10000,"seed":3,"command":"node tests/run.mjs","calls":10000,"meanMs":0.0004157943000000159,"p50Ms":0.00021999999989930075,"p99Ms":0.002133999999387015,"maxMs":0.013950999999906344,"over005Ms":0,"outliers":[],"measurementStartMs":6304.881331,"measurementEndMs":6309.039274,"sink":94479}
2026-10-08T21:53:23.3486827Z FINAL_SUMMARY {"mode":"full","suites":100,"failures":[],"sourceSha256":"41442670786856c1dfa98a5755bd21273287047750035f419249ab7402e8505d","referenceSha256":"962bab309ddf9cc2d8ccc7237f782d69db6aa2b603417f1a8935c3d5b167b5f6"}
2026-10-08T21:53:23.3726096Z ##[group]Run actions/upload-artifact@v4
2026-10-08T21:53:23.3726254Z with:
2026-10-08T21:53:23.3726370Z   name: B19-verification
2026-10-08T21:53:23.3726639Z   path: jobs/B19-name-filter/
.github/workflows/B19.yml
!jobs/B19-name-filter/node_modules/**
!jobs/B19-name-filter/dist/**

2026-10-08T21:53:23.3726933Z   include-hidden-files: true
2026-10-08T21:53:23.3727066Z   retention-days: 30
2026-10-08T21:53:23.3727187Z   if-no-files-found: warn
2026-10-08T21:53:23.3727313Z   compression-level: 6
2026-10-08T21:53:23.3727430Z   overwrite: false
2026-10-08T21:53:23.3727542Z ##[endgroup]
2026-10-08T21:53:23.4790806Z (node:2180) [DEP0040] DeprecationWarning: The `punycode` module is deprecated. Please use a userland alternative instead.
2026-10-08T21:53:23.4791800Z (Use `node --trace-deprecation ...` to show where the warning was created)
2026-10-08T21:53:23.5449189Z Multiple search paths detected. Calculating the least common ancestor of all paths
2026-10-08T21:53:23.5481079Z The least common ancestor is /home/runner/work/partybox-gpt-drops/partybox-gpt-drops. This will be the root directory of the artifact
2026-10-08T21:53:23.5481744Z With the provided path, there will be 378 files uploaded
2026-10-08T21:53:23.5482195Z Artifact name is valid!
2026-10-08T21:53:23.5482446Z Root directory input is valid!
2026-10-08T21:53:23.9041327Z Beginning upload of artifact content to blob storage
2026-10-08T21:53:24.4202578Z (node:2180) [DEP0169] DeprecationWarning: `url.parse()` behavior is not standardized and prone to errors that have security implications. Use the WHATWG URL API instead. CVEs are not issued for `url.parse()` vulnerabilities.
2026-10-08T21:53:24.8418858Z Uploaded bytes 6923580
2026-10-08T21:53:24.8803780Z Finished uploading artifact content to blob storage!
2026-10-08T21:53:24.8806436Z SHA256 digest of uploaded artifact zip is 123f931cb51a27faf94c7cc87d4a76d1fa4c5ecde161492321510571b243bcfc
2026-10-08T21:53:24.8807759Z Finalizing artifact upload
2026-10-08T21:53:25.1241178Z Artifact B19-verification.zip successfully finalized. Artifact ID 11580638498
2026-10-08T21:53:25.1241898Z Artifact B19-verification has been successfully uploaded! Final size is 6923580 bytes. Artifact ID is 11580638498
2026-10-08T21:53:25.1246929Z Artifact download URL: https://github.com/luisitin/partybox-gpt-drops/actions/runs/37849845219/artifacts/11580638498
2026-10-08T21:53:25.1422645Z Post job cleanup.
2026-10-08T21:53:25.2188108Z (node:2201) [DEP0040] DeprecationWarning: The `punycode` module is deprecated. Please use a userland alternative instead.
2026-10-08T21:53:25.2188827Z (Use `node --trace-deprecation ...` to show where the warning was created)
2026-10-08T21:53:25.2321559Z Post job cleanup.
2026-10-08T21:53:25.2882125Z [command]/usr/bin/git version
2026-10-08T21:53:25.2914182Z git version 2.55.0
2026-10-08T21:53:25.2936241Z Temporarily overriding HOME='/home/runner/work/_temp/0ec9ad35-f90a-482c-826f-828d505f53d1' before making global git config changes
2026-10-08T21:53:25.2937079Z Adding repository directory to the temporary git global config as a safe directory
2026-10-08T21:53:25.2939102Z [command]/usr/bin/git config --global --add safe.directory /home/runner/work/partybox-gpt-drops/partybox-gpt-drops
2026-10-08T21:53:25.2970078Z [command]/usr/bin/git config --local --name-only --get-regexp core\.sshCommand
2026-10-08T21:53:25.2996183Z [command]/usr/bin/git submodule foreach --recursive sh -c "git config --local --name-only --get-regexp 'core\.sshCommand' && git config --local --unset-all 'core.sshCommand' || :"
2026-10-08T21:53:25.3253651Z [command]/usr/bin/git config --local --name-only --get-regexp http\.https\:\/\/github\.com\/\.extraheader
2026-10-08T21:53:25.3291560Z http.https://github.com/.extraheader
2026-10-08T21:53:25.3299804Z [command]/usr/bin/git config --local --unset-all http.https://github.com/.extraheader
2026-10-08T21:53:25.3340739Z [command]/usr/bin/git submodule foreach --recursive sh -c "git config --local --name-only --get-regexp 'http\.https\:\/\/github\.com\/\.extraheader' && git config --local --unset-all 'http.https://github.com/.extraheader' || :"
2026-10-08T21:53:25.3580678Z [command]/usr/bin/git config --local --name-only --get-regexp ^includeIf\.gitdir:
2026-10-08T21:53:25.3610137Z [command]/usr/bin/git submodule foreach --recursive git config --local --show-origin --name-only --get-regexp remote.origin.url
2026-10-08T21:53:25.3942258Z Cleaning up orphan processes
2026-10-08T21:53:25.4146912Z ##[warning]Node.js 20 is deprecated. The following actions target Node.js 20 but are being forced to run on Node.js 24: actions/checkout@v4, actions/setup-node@v4, actions/upload-artifact@v4. For more information see: https://github.blog/changelog/2025-09-19-deprecation-of-node-20-on-github-actions-runners/
