{
  "acceptedUTC": "2026-10-09T14:49:35.533778+00:00",
  "head": "110970585cf30eff202561b4343709055090d9f3",
  "run": 37944830825,
  "job": 113868296578,
  "artifact": 11624646440,
  "archiveBytes": 118319,
  "archiveSha256": "ac9ec9fd540b098101d9fe1b1d274f83ffeb7bc41ef22931bc2c68d6006fbb45",
  "nativeLogBytes": 1091711,
  "nativeLogSha256": "a946ae59fc1ed55c61a1ff0c777188c5aa8abadcb7efd4723ca57c6f94e19a77",
  "nativeSourceBlobHashesChecked": 303,
  "manifestPayloadsChecked": 301,
  "deliveredFileSizesIndependentlyObserved": 302,
  "allSafeZIPEntriesFullyReadCRC": 3,
  "completeArtifactLinesBoundToNativeCounts": 1030,
  "actualHostedScanPairs": 4498500,
  "actualHostedFinalScanPairs": 719400,
  "actualHostedSegmentsChecked": 12,
  "actualFlagRatiosIndependentlyRecomputed": 57,
  "originalSingleDirectionFlagsRetained": 55,
  "selectedFlagsAllResolved": 4,
  "allFirstPassSealsChecked": 30,
  "independentGradeCasesChecked": 3000,
  "bothGradeQualified": 1978,
  "agreementExactCount": 1343,
  "agreementThresholdCount": 2217,
  "combinedCanonicalBuckets": 644,
  "combinedMax": 3,
  "independentExhaustiveSelectorCasesObserved": 600,
  "actualReadOnlyDeliveryControls": 14,
  "actualSemanticControlsScopeSameSizeGenreOnly": 0,
  "actualSemanticFullSchemaGradeConfidenceCapControls": 28,
  "actualResearchCLIControls": 12,
  "limitedResearchFactsWithOriginalFullCapturesChecked": 9,
  "fullCaptureHashAndQuoteChecks": 36,
  "fullyQualifiedResearchRows": 13,
  "unverifiedResearchRows": 1187,
  "allNativeSourceInputsUnchanged": true,
  "wholePackReady": false,
  "formalKEEP": 0,
  "scope": "Complete genuine checkpoint archive, native CI lines, source hashes, unchanged sealed grades and original exhaustive scan gates independently accepted. Research qualification is restricted to the listed exact rows; remaining rows are UNVERIFIED. Hosted structural success does not satisfy the unfinished binding research requirement. Current strengthened semantic fixture schema, original grades, confidence and named-reference cap are independently checked when explicitly requested; historical helper scope remains recorded separately."
}
