2026-10-09T12:21:41.9289333Z Current runner version: '2.337.0'
2026-10-09T12:21:41.9307195Z ##[group]Runner Image Provisioner
2026-10-09T12:21:41.9307797Z Hosted Compute Agent
2026-10-09T12:21:41.9308166Z Version: 20261002.596
2026-10-09T12:21:41.9308550Z Commit: c3d12f3313a95f25162a1503be624f3b0617f8c0
2026-10-09T12:21:41.9308968Z Build Date: 2026-10-02T22:28:27Z
2026-10-09T12:21:41.9309353Z Worker ID: {57d9df8c-69ea-492b-981a-707014bbbb2e}
2026-10-09T12:21:41.9309787Z Region: westus3
2026-10-09T12:21:41.9310139Z Cloud: Azure
2026-10-09T12:21:41.9310442Z ##[endgroup]
2026-10-09T12:21:41.9311475Z ##[group]Operating System
2026-10-09T12:21:41.9311819Z Ubuntu
2026-10-09T12:21:41.9312188Z 24.04.5
2026-10-09T12:21:41.9312483Z LTS
2026-10-09T12:21:41.9312770Z ##[endgroup]
2026-10-09T12:21:41.9313131Z ##[group]Runner Image
2026-10-09T12:21:41.9313482Z Image: ubuntu-24.04
2026-10-09T12:21:41.9313839Z Version: 20261004.327.1
2026-10-09T12:21:41.9314643Z Included Software: https://github.com/actions/runner-images/blob/ubuntu24/20261004.327/images/ubuntu/Ubuntu2404-Readme.md
2026-10-09T12:21:41.9315704Z Image Release: https://github.com/actions/runner-images/releases/tag/ubuntu24%2F20261004.327
2026-10-09T12:21:41.9316249Z ##[endgroup]
2026-10-09T12:21:41.9316969Z ##[group]GITHUB_TOKEN Permissions
2026-10-09T12:21:41.9318352Z Contents: read
2026-10-09T12:21:41.9318725Z Metadata: read
2026-10-09T12:21:41.9319099Z ##[endgroup]
2026-10-09T12:21:41.9320421Z Secret source: Actions
2026-10-09T12:21:41.9321025Z Cache mode: write
2026-10-09T12:21:41.9321435Z Prepare workflow directory
2026-10-09T12:21:41.9544004Z Prepare all required actions
2026-10-09T12:21:41.9576234Z Getting action download info
2026-10-09T12:21:42.2820710Z Download action repository 'actions/checkout@v4' (SHA:11d5960a326750d5838078e36cf38b85af677262)
2026-10-09T12:21:42.3530978Z Download action repository 'actions/setup-python@v5' (SHA:a26af69be951a213d495a4c3e4e4022e16d87065)
2026-10-09T12:21:42.4414965Z Download action repository 'actions/upload-artifact@v4' (SHA:ea165f8d65b6e75b540449e92b4886f43607fa02)
2026-10-09T12:21:42.6249071Z Complete job name: verify
2026-10-09T12:21:42.6714212Z ##[group]Run actions/checkout@v4
2026-10-09T12:21:42.6714622Z with:
2026-10-09T12:21:42.6714869Z   repository: luisitin/partybox-gpt-drops
2026-10-09T12:21:42.6717137Z   token: ***
2026-10-09T12:21:42.6717366Z   ssh-strict: true
2026-10-09T12:21:42.6717598Z   ssh-user: git
2026-10-09T12:21:42.6717832Z   persist-credentials: true
2026-10-09T12:21:42.6718089Z   clean: true
2026-10-09T12:21:42.6718331Z   sparse-checkout-cone-mode: true
2026-10-09T12:21:42.6718604Z   fetch-depth: 1
2026-10-09T12:21:42.6718832Z   fetch-tags: false
2026-10-09T12:21:42.6719065Z   show-progress: true
2026-10-09T12:21:42.6719300Z   lfs: false
2026-10-09T12:21:42.6719515Z   submodules: false
2026-10-09T12:21:42.6719753Z   set-safe-directory: true
2026-10-09T12:21:42.6720018Z   allow-unsafe-pr-checkout: false
2026-10-09T12:21:42.6720364Z ##[endgroup]
2026-10-09T12:21:42.7365681Z Syncing repository: luisitin/partybox-gpt-drops
2026-10-09T12:21:42.7366814Z ##[group]Getting Git version info
2026-10-09T12:21:42.7367283Z Working directory is '/home/runner/work/partybox-gpt-drops/partybox-gpt-drops'
2026-10-09T12:21:42.7369947Z [command]/usr/bin/git version
2026-10-09T12:21:42.7480313Z git version 2.55.0
2026-10-09T12:21:42.7496590Z ##[endgroup]
2026-10-09T12:21:42.7508345Z Temporarily overriding HOME='/home/runner/work/_temp/4119b694-5822-49f3-84ee-97a48ea328f4' before making global git config changes
2026-10-09T12:21:42.7509491Z Adding repository directory to the temporary git global config as a safe directory
2026-10-09T12:21:42.7512736Z [command]/usr/bin/git config --global --add safe.directory /home/runner/work/partybox-gpt-drops/partybox-gpt-drops
2026-10-09T12:21:42.7558997Z Deleting the contents of '/home/runner/work/partybox-gpt-drops/partybox-gpt-drops'
2026-10-09T12:21:42.7562095Z ##[group]Initializing the repository
2026-10-09T12:21:42.7565806Z [command]/usr/bin/git init /home/runner/work/partybox-gpt-drops/partybox-gpt-drops
2026-10-09T12:21:42.7682456Z hint: Using 'master' as the name for the initial branch. This default branch name
2026-10-09T12:21:42.7683778Z hint: will change to "main" in Git 3.0. To configure the initial branch name
2026-10-09T12:21:42.7685198Z hint: to use in all of your new repositories, which will suppress this warning,
2026-10-09T12:21:42.7685943Z hint: call:
2026-10-09T12:21:42.7686295Z hint:
2026-10-09T12:21:42.7686760Z hint: 	git config --global init.defaultBranch <name>
2026-10-09T12:21:42.7687303Z hint:
2026-10-09T12:21:42.7687779Z hint: Names commonly chosen instead of 'master' are 'main', 'trunk' and
2026-10-09T12:21:42.7688617Z hint: 'development'. The just-created branch can be renamed via this command:
2026-10-09T12:21:42.7689288Z hint:
2026-10-09T12:21:42.7689637Z hint: 	git branch -m <name>
2026-10-09T12:21:42.7689972Z hint:
2026-10-09T12:21:42.7690320Z hint: Disable this message with "git config set advice.defaultBranchName false"
2026-10-09T12:21:42.7690908Z Initialized empty Git repository in /home/runner/work/partybox-gpt-drops/partybox-gpt-drops/.git/
2026-10-09T12:21:42.7692112Z [command]/usr/bin/git remote add origin https://github.com/luisitin/partybox-gpt-drops
2026-10-09T12:21:42.7741669Z ##[endgroup]
2026-10-09T12:21:42.7745892Z ##[group]Disabling automatic garbage collection
2026-10-09T12:21:42.7746495Z [command]/usr/bin/git config --local gc.auto 0
2026-10-09T12:21:42.7775359Z ##[endgroup]
2026-10-09T12:21:42.7775966Z ##[group]Setting up auth
2026-10-09T12:21:42.7781476Z [command]/usr/bin/git config --local --name-only --get-regexp core\.sshCommand
2026-10-09T12:21:42.7821464Z [command]/usr/bin/git submodule foreach --recursive sh -c "git config --local --name-only --get-regexp 'core\.sshCommand' && git config --local --unset-all 'core.sshCommand' || :"
2026-10-09T12:21:42.8112410Z [command]/usr/bin/git config --local --name-only --get-regexp http\.https\:\/\/github\.com\/\.extraheader
2026-10-09T12:21:42.8143522Z [command]/usr/bin/git submodule foreach --recursive sh -c "git config --local --name-only --get-regexp 'http\.https\:\/\/github\.com\/\.extraheader' && git config --local --unset-all 'http.https://github.com/.extraheader' || :"
2026-10-09T12:21:42.8313071Z [command]/usr/bin/git config --local --name-only --get-regexp ^includeIf\.gitdir:
2026-10-09T12:21:42.8340556Z [command]/usr/bin/git submodule foreach --recursive git config --local --show-origin --name-only --get-regexp remote.origin.url
2026-10-09T12:21:42.8508027Z [command]/usr/bin/git config --local http.https://github.com/.extraheader AUTHORIZATION: basic ***
2026-10-09T12:21:42.8540405Z ##[endgroup]
2026-10-09T12:21:42.8540977Z ##[group]Fetching the repository
2026-10-09T12:21:42.8546965Z [command]/usr/bin/git -c protocol.version=2 fetch --no-tags --prune --no-recurse-submodules --depth=1 origin +7f53c71426aa8d556e747bc04c5c7d0ad40049f5:refs/remotes/pull/29/merge
2026-10-09T12:21:43.8033041Z From https://github.com/luisitin/partybox-gpt-drops
2026-10-09T12:21:43.8034598Z  * [new ref]         7f53c71426aa8d556e747bc04c5c7d0ad40049f5 -> pull/29/merge
2026-10-09T12:21:43.8038147Z ##[endgroup]
2026-10-09T12:21:43.8039468Z ##[group]Determining the checkout info
2026-10-09T12:21:43.8040850Z ##[endgroup]
2026-10-09T12:21:43.8041652Z [command]/usr/bin/git sparse-checkout disable
2026-10-09T12:21:43.8087604Z [command]/usr/bin/git config --local --unset-all extensions.worktreeConfig
2026-10-09T12:21:43.8119196Z ##[group]Checking out the ref
2026-10-09T12:21:43.8120646Z [command]/usr/bin/git checkout --progress --force refs/remotes/pull/29/merge
2026-10-09T12:21:43.8363068Z Note: switching to 'refs/remotes/pull/29/merge'.
2026-10-09T12:21:43.8363976Z 
2026-10-09T12:21:43.8364609Z You are in 'detached HEAD' state. You can look around, make experimental
2026-10-09T12:21:43.8366274Z changes and commit them, and you can discard any commits you make in this
2026-10-09T12:21:43.8367771Z state without impacting any branches by switching back to a branch.
2026-10-09T12:21:43.8368649Z 
2026-10-09T12:21:43.8369261Z If you want to create a new branch to retain commits you create, you may
2026-10-09T12:21:43.8370709Z do so (now or later) by using -c with the switch command. Example:
2026-10-09T12:21:43.8371309Z 
2026-10-09T12:21:43.8371559Z   git switch -c <new-branch-name>
2026-10-09T12:21:43.8372020Z 
2026-10-09T12:21:43.8372388Z Or undo this operation with:
2026-10-09T12:21:43.8372989Z 
2026-10-09T12:21:43.8373295Z   git switch -
2026-10-09T12:21:43.8373720Z 
2026-10-09T12:21:43.8374369Z Turn off this advice by setting config variable advice.detachedHead to false
2026-10-09T12:21:43.8375328Z 
2026-10-09T12:21:43.8376246Z HEAD is now at 7f53c71 Merge d92757774bbd01bb9d4861fd915ea9cce71ac494 into 1488cca3957f78dfb070183490a310de3a3f4f5d
2026-10-09T12:21:43.8379533Z ##[endgroup]
2026-10-09T12:21:43.8412061Z [command]/usr/bin/git log -1 --format=%H
2026-10-09T12:21:43.8433585Z 7f53c71426aa8d556e747bc04c5c7d0ad40049f5
2026-10-09T12:21:43.8745155Z ##[group]Run actions/setup-python@v5
2026-10-09T12:21:43.8745860Z with:
2026-10-09T12:21:43.8746371Z   python-version: 3.12
2026-10-09T12:21:43.8746966Z   check-latest: false
2026-10-09T12:21:43.8752690Z   token: ***
2026-10-09T12:21:43.8753224Z   update-environment: true
2026-10-09T12:21:43.8753844Z   allow-prereleases: false
2026-10-09T12:21:43.8754475Z   freethreaded: false
2026-10-09T12:21:43.8755025Z ##[endgroup]
2026-10-09T12:21:43.9603018Z ##[group]Installed versions
2026-10-09T12:21:43.9665194Z (node:2089) [DEP0040] DeprecationWarning: The `punycode` module is deprecated. Please use a userland alternative instead.
2026-10-09T12:21:43.9667619Z (Use `node --trace-deprecation ...` to show where the warning was created)
2026-10-09T12:21:43.9669105Z Successfully set up CPython (3.12.15)
2026-10-09T12:21:43.9670683Z ##[endgroup]
2026-10-09T12:21:43.9837294Z ##[group]Run python3 -m pip install -r requirements.txt
2026-10-09T12:21:43.9838428Z [36;1mpython3 -m pip install -r requirements.txt[0m
2026-10-09T12:21:44.0078770Z shell: /usr/bin/bash -e {0}
2026-10-09T12:21:44.0079439Z env:
2026-10-09T12:21:44.0080105Z   pythonLocation: /opt/hostedtoolcache/Python/3.12.15/x64
2026-10-09T12:21:44.0081193Z   PKG_CONFIG_PATH: /opt/hostedtoolcache/Python/3.12.15/x64/lib/pkgconfig
2026-10-09T12:21:44.0082250Z   Python_ROOT_DIR: /opt/hostedtoolcache/Python/3.12.15/x64
2026-10-09T12:21:44.0083199Z   Python2_ROOT_DIR: /opt/hostedtoolcache/Python/3.12.15/x64
2026-10-09T12:21:44.0084165Z   Python3_ROOT_DIR: /opt/hostedtoolcache/Python/3.12.15/x64
2026-10-09T12:21:44.0085271Z   LD_LIBRARY_PATH: /opt/hostedtoolcache/Python/3.12.15/x64/lib
2026-10-09T12:21:44.0086088Z ##[endgroup]
2026-10-09T12:21:44.7244105Z Collecting jsonschema==4.26.0 (from -r requirements.txt (line 1))
2026-10-09T12:21:44.7723702Z   Downloading jsonschema-4.26.0-py3-none-any.whl.metadata (7.6 kB)
2026-10-09T12:21:44.7910476Z Collecting attrs>=22.2.0 (from jsonschema==4.26.0->-r requirements.txt (line 1))
2026-10-09T12:21:44.7943725Z   Downloading attrs-26.1.0-py3-none-any.whl.metadata (8.8 kB)
2026-10-09T12:21:44.8102034Z Collecting jsonschema-specifications>=2023.03.6 (from jsonschema==4.26.0->-r requirements.txt (line 1))
2026-10-09T12:21:44.8134764Z   Downloading jsonschema_specifications-2025.9.1-py3-none-any.whl.metadata (2.9 kB)
2026-10-09T12:21:44.8340021Z Collecting referencing>=0.28.4 (from jsonschema==4.26.0->-r requirements.txt (line 1))
2026-10-09T12:21:44.8377049Z   Downloading referencing-0.37.0-py3-none-any.whl.metadata (2.8 kB)
2026-10-09T12:21:45.0316019Z Collecting rpds-py>=0.25.0 (from jsonschema==4.26.0->-r requirements.txt (line 1))
2026-10-09T12:21:45.0351030Z   Downloading rpds_py-2026.9.1-cp312-cp312-manylinux_2_17_x86_64.manylinux2014_x86_64.whl.metadata (4.1 kB)
2026-10-09T12:21:45.0553597Z Collecting typing-extensions>=4.4.0 (from referencing>=0.28.4->jsonschema==4.26.0->-r requirements.txt (line 1))
2026-10-09T12:21:45.0589918Z   Downloading typing_extensions-4.16.0-py3-none-any.whl.metadata (3.3 kB)
2026-10-09T12:21:45.0652625Z Downloading jsonschema-4.26.0-py3-none-any.whl (90 kB)
2026-10-09T12:21:45.0741967Z Downloading attrs-26.1.0-py3-none-any.whl (67 kB)
2026-10-09T12:21:45.0790016Z Downloading jsonschema_specifications-2025.9.1-py3-none-any.whl (18 kB)
2026-10-09T12:21:45.0834337Z Downloading referencing-0.37.0-py3-none-any.whl (26 kB)
2026-10-09T12:21:45.0878824Z Downloading rpds_py-2026.9.1-cp312-cp312-manylinux_2_17_x86_64.manylinux2014_x86_64.whl (371 kB)
2026-10-09T12:21:45.0964706Z Downloading typing_extensions-4.16.0-py3-none-any.whl (45 kB)
2026-10-09T12:21:45.1355741Z Installing collected packages: typing-extensions, rpds-py, attrs, referencing, jsonschema-specifications, jsonschema
2026-10-09T12:21:45.2527417Z 
2026-10-09T12:21:45.2546551Z Successfully installed attrs-26.1.0 jsonschema-4.26.0 jsonschema-specifications-2025.9.1 referencing-0.37.0 rpds-py-2026.9.1 typing-extensions-4.16.0
2026-10-09T12:21:45.3129373Z ##[group]Run set -o pipefail
2026-10-09T12:21:45.3129572Z [36;1mset -o pipefail[0m
2026-10-09T12:21:45.3129709Z [36;1mmkdir -p .work[0m
2026-10-09T12:21:45.3129840Z [36;1mnpm test | tee .work/ci.log[0m
2026-10-09T12:21:45.3183714Z shell: /usr/bin/bash --noprofile --norc -e -o pipefail {0}
2026-10-09T12:21:45.3183911Z env:
2026-10-09T12:21:45.3184066Z   pythonLocation: /opt/hostedtoolcache/Python/3.12.15/x64
2026-10-09T12:21:45.3184295Z   PKG_CONFIG_PATH: /opt/hostedtoolcache/Python/3.12.15/x64/lib/pkgconfig
2026-10-09T12:21:45.3184539Z   Python_ROOT_DIR: /opt/hostedtoolcache/Python/3.12.15/x64
2026-10-09T12:21:45.3184752Z   Python2_ROOT_DIR: /opt/hostedtoolcache/Python/3.12.15/x64
2026-10-09T12:21:45.3184979Z   Python3_ROOT_DIR: /opt/hostedtoolcache/Python/3.12.15/x64
2026-10-09T12:21:45.3185362Z   LD_LIBRARY_PATH: /opt/hostedtoolcache/Python/3.12.15/x64/lib
2026-10-09T12:21:45.3185535Z ##[endgroup]
2026-10-09T12:21:45.6083837Z 
2026-10-09T12:21:45.6084864Z > b14-comedy-prompts@1.0.0 test
2026-10-09T12:21:45.6086068Z > python3 scripts/test_delivery.py && python3 scripts/scan_pool.py --check && python3 scripts/verify.py && python3 scripts/checksums.py --check && sha256sum -c SHA256SUMS.txt
2026-10-09T12:21:45.6086554Z 
2026-10-09T12:21:46.0754105Z {"utc": "2026-10-09T12:21:46.074872+00:00", "negativeControls": 10, "positiveControls": 2, "allOwnedChildrenClosedNaturally": true, "allOwnedTemporaryFixturesRemoved": true, "noDeliveryBytesChanged": true}
2026-10-09T12:23:06.2059973Z {"completedLeftStart": 0, "completedLeftEndExclusive": 250, "pairComparisons": 718625, "flaggedPairs": 10, "elapsedSeconds": 80.03}
2026-10-09T12:23:35.6424263Z {"completedLeftStart": 250, "completedLeftEndExclusive": 500, "pairComparisons": 656125, "flaggedPairs": 12, "elapsedSeconds": 109.467}
2026-10-09T12:24:58.3143690Z {"completedLeftStart": 500, "completedLeftEndExclusive": 750, "pairComparisons": 593625, "flaggedPairs": 8, "elapsedSeconds": 192.139}
2026-10-09T12:25:21.8817518Z {"completedLeftStart": 750, "completedLeftEndExclusive": 1000, "pairComparisons": 531125, "flaggedPairs": 6, "elapsedSeconds": 215.706}
2026-10-09T12:26:05.0361463Z {"completedLeftStart": 1000, "completedLeftEndExclusive": 1250, "pairComparisons": 468625, "flaggedPairs": 4, "elapsedSeconds": 258.86}
2026-10-09T12:26:28.5108809Z {"completedLeftStart": 1250, "completedLeftEndExclusive": 1500, "pairComparisons": 406125, "flaggedPairs": 6, "elapsedSeconds": 282.335}
2026-10-09T12:26:58.0297905Z {"completedLeftStart": 1500, "completedLeftEndExclusive": 1750, "pairComparisons": 343625, "flaggedPairs": 6, "elapsedSeconds": 311.854}
2026-10-09T12:27:24.5399419Z {"completedLeftStart": 1750, "completedLeftEndExclusive": 2000, "pairComparisons": 281125, "flaggedPairs": 2, "elapsedSeconds": 338.364}
2026-10-09T12:27:39.0756882Z {"completedLeftStart": 2000, "completedLeftEndExclusive": 2250, "pairComparisons": 218625, "flaggedPairs": 1, "elapsedSeconds": 352.9}
2026-10-09T12:27:56.5733958Z {"completedLeftStart": 2250, "completedLeftEndExclusive": 2500, "pairComparisons": 156125, "flaggedPairs": 2, "elapsedSeconds": 370.398}
2026-10-09T12:27:56.5737237Z {"completedLeftStart": 2500, "completedLeftEndExclusive": 2750, "pairComparisons": 93625, "flaggedPairs": 0, "elapsedSeconds": 370.398}
2026-10-09T12:27:59.5786976Z {"completedLeftStart": 2750, "completedLeftEndExclusive": 3000, "pairComparisons": 31125, "flaggedPairs": 0, "elapsedSeconds": 373.403}
2026-10-09T12:27:59.5847000Z {
2026-10-09T12:27:59.5847448Z   "candidateSha256": "ff0900a35c93a45f7cde3cadfeb5988ed5098a825e03513676204fa963e3d201",
2026-10-09T12:27:59.5848000Z   "selectedSha256": "a8b6473f2b9b821a17fe618ba303027fc203e3cd0ba02354f6d13ebff53b84a2",
2026-10-09T12:27:59.5848396Z   "candidateCases": 3000,
2026-10-09T12:27:59.5848613Z   "pairComparisons": 4498500,
2026-10-09T12:27:59.5848844Z   "textForms": 2,
2026-10-09T12:27:59.5849043Z   "wordingDirectionsPerPair": 2,
2026-10-09T12:27:59.5849265Z   "workerCount": 2,
2026-10-09T12:27:59.5849692Z   "threshold": 0.75,
2026-10-09T12:27:59.5850294Z   "strictlyGreater": true,
2026-10-09T12:27:59.5850905Z   "normalization": "lowercase ASCII alphanumeric tokens; full wording and wording without most-likely prefix; maximum SequenceMatcher ratio over both argument orders",
2026-10-09T12:27:59.5851546Z   "coverageSegments": [
2026-10-09T12:27:59.5851731Z     {
2026-10-09T12:27:59.5851891Z       "leftStart": 0,
2026-10-09T12:27:59.5852089Z       "leftEndExclusive": 250,
2026-10-09T12:27:59.5852355Z       "pairComparisons": 718625
2026-10-09T12:27:59.5852561Z     },
2026-10-09T12:27:59.5852710Z     {
2026-10-09T12:27:59.5852867Z       "leftStart": 250,
2026-10-09T12:27:59.5853061Z       "leftEndExclusive": 500,
2026-10-09T12:27:59.5853276Z       "pairComparisons": 656125
2026-10-09T12:27:59.5853473Z     },
2026-10-09T12:27:59.5853624Z     {
2026-10-09T12:27:59.5853779Z       "leftStart": 500,
2026-10-09T12:27:59.5853968Z       "leftEndExclusive": 750,
2026-10-09T12:27:59.5854173Z       "pairComparisons": 593625
2026-10-09T12:27:59.5854359Z     },
2026-10-09T12:27:59.5854510Z     {
2026-10-09T12:27:59.5854657Z       "leftStart": 750,
2026-10-09T12:27:59.5854844Z       "leftEndExclusive": 1000,
2026-10-09T12:27:59.5855293Z       "pairComparisons": 531125
2026-10-09T12:27:59.5855512Z     },
2026-10-09T12:27:59.5855656Z     {
2026-10-09T12:27:59.5855807Z       "leftStart": 1000,
2026-10-09T12:27:59.5855994Z       "leftEndExclusive": 1250,
2026-10-09T12:27:59.5856195Z       "pairComparisons": 468625
2026-10-09T12:27:59.5856377Z     },
2026-10-09T12:27:59.5856516Z     {
2026-10-09T12:27:59.5856663Z       "leftStart": 1250,
2026-10-09T12:27:59.5856849Z       "leftEndExclusive": 1500,
2026-10-09T12:27:59.5857050Z       "pairComparisons": 406125
2026-10-09T12:27:59.5857233Z     },
2026-10-09T12:27:59.5857371Z     {
2026-10-09T12:27:59.5857517Z       "leftStart": 1500,
2026-10-09T12:27:59.5857705Z       "leftEndExclusive": 1750,
2026-10-09T12:27:59.5857902Z       "pairComparisons": 343625
2026-10-09T12:27:59.5858088Z     },
2026-10-09T12:27:59.5858227Z     {
2026-10-09T12:27:59.5858376Z       "leftStart": 1750,
2026-10-09T12:27:59.5858563Z       "leftEndExclusive": 2000,
2026-10-09T12:27:59.5858758Z       "pairComparisons": 281125
2026-10-09T12:27:59.5858943Z     },
2026-10-09T12:27:59.5859081Z     {
2026-10-09T12:27:59.5859235Z       "leftStart": 2000,
2026-10-09T12:27:59.5859414Z       "leftEndExclusive": 2250,
2026-10-09T12:27:59.5859618Z       "pairComparisons": 218625
2026-10-09T12:27:59.5859802Z     },
2026-10-09T12:27:59.5859939Z     {
2026-10-09T12:27:59.5860087Z       "leftStart": 2250,
2026-10-09T12:27:59.5860271Z       "leftEndExclusive": 2500,
2026-10-09T12:27:59.5860469Z       "pairComparisons": 156125
2026-10-09T12:27:59.5860649Z     },
2026-10-09T12:27:59.5860786Z     {
2026-10-09T12:27:59.5860933Z       "leftStart": 2500,
2026-10-09T12:27:59.5861142Z       "leftEndExclusive": 2750,
2026-10-09T12:27:59.5861468Z       "pairComparisons": 93625
2026-10-09T12:27:59.5861657Z     },
2026-10-09T12:27:59.5861798Z     {
2026-10-09T12:27:59.5861952Z       "leftStart": 2750,
2026-10-09T12:27:59.5862138Z       "leftEndExclusive": 3000,
2026-10-09T12:27:59.5862340Z       "pairComparisons": 31125
2026-10-09T12:27:59.5862523Z     }
2026-10-09T12:27:59.5862659Z   ],
2026-10-09T12:27:59.5862812Z   "flaggedPairs": 57,
2026-10-09T12:27:59.5863262Z   "selectedFlaggedPairs": 4,
2026-10-09T12:27:59.5863498Z   "originalSingleDirectionFlagsRetained": 55,
2026-10-09T12:27:59.5863756Z   "elapsedSeconds": 373.40717054600003
2026-10-09T12:27:59.5863959Z }
2026-10-09T12:30:11.5237880Z {
2026-10-09T12:30:11.5238246Z   "mode": "release",
2026-10-09T12:30:11.5238515Z   "schemaCases": 3000,
2026-10-09T12:30:11.5238741Z   "schemaPassed": 3000,
2026-10-09T12:30:11.5238970Z   "candidateCounts": {
2026-10-09T12:30:11.5239182Z     "fill": 1500,
2026-10-09T12:30:11.5239388Z     "most-likely": 1500
2026-10-09T12:30:11.5239593Z   },
2026-10-09T12:30:11.5239797Z   "requiredCandidateCounts": {
2026-10-09T12:30:11.5240042Z     "fill": 1500,
2026-10-09T12:30:11.5240247Z     "most-likely": 1500
2026-10-09T12:30:11.5240897Z   },
2026-10-09T12:30:11.5241094Z   "maximumCharacters": 90,
2026-10-09T12:30:11.5241522Z   "reviewInputSha256": "66243a6e5dba1d1a8c010f45630d45c56c25ab819f1645918f5f55c96c697241",
2026-10-09T12:30:11.5241983Z   "independentReviewedCases": 3000,
2026-10-09T12:30:11.5242272Z   "independentGrade4Plus": 2155,
2026-10-09T12:30:11.5242529Z   "bothPassesGrade4Plus": 1978,
2026-10-09T12:30:11.5242823Z   "reviewedExactGradeAgreement": 0.44766666666666666,
2026-10-09T12:30:11.5243155Z   "reviewedThresholdAgreement": 0.739,
2026-10-09T12:30:11.5243426Z   "secondPassCases": 3000,
2026-10-09T12:30:11.5243699Z   "candidatePoolSimilarityComparisons": 4498500,
2026-10-09T12:30:11.5244006Z   "similarityTextForms": 2,
2026-10-09T12:30:11.5244248Z   "similarityDirections": 2,
2026-10-09T12:30:11.5244518Z   "candidatePoolSimilarityFlags": 57,
2026-10-09T12:30:11.5244797Z   "finalSchemaCases": 1200,
2026-10-09T12:30:11.5245037Z   "namedReferenceBuckets": 630,
2026-10-09T12:30:11.5245540Z   "maximumCombinedReferenceCount": 3,
2026-10-09T12:30:11.5245815Z   "firstPassSealsChecked": 30,
2026-10-09T12:30:11.5246071Z   "candidateConfidenceCases": 3000,
2026-10-09T12:30:11.5246326Z   "selectedCounts": {
2026-10-09T12:30:11.5246542Z     "most-likely": 600,
2026-10-09T12:30:11.5246754Z     "fill": 600
2026-10-09T12:30:11.5246934Z   },
2026-10-09T12:30:11.5247142Z   "similarityPairComparisons": 719400,
2026-10-09T12:30:11.5247443Z   "similarityFlaggedAndResolved": 4,
2026-10-09T12:30:11.5247721Z   "editorialCases": 1200,
2026-10-09T12:30:11.5247965Z   "agreementExact": 0.44766666666666666,
2026-10-09T12:30:11.5248246Z   "agreementKeepThreshold": 0.739
2026-10-09T12:30:11.5248493Z }
2026-10-09T12:30:11.6010080Z {"mode": "check", "hashedFiles": 183, "sizeCheckedFiles": 184, "maxDeliveredFileBytes": 1199288, "manifestChanged": false}
2026-10-09T12:30:11.6071693Z .gitignore: OK
2026-10-09T12:30:11.6071937Z ASSUMPTIONS.md: OK
2026-10-09T12:30:11.6072165Z AUTHORING.md: OK
2026-10-09T12:30:11.6072379Z CONFLICTS.md: OK
2026-10-09T12:30:11.6078729Z LOOP.md: OK
2026-10-09T12:30:11.6079097Z NEXT.md: OK
2026-10-09T12:30:11.6079271Z README.md: OK
2026-10-09T12:30:11.6079844Z REVIEWER-INSTRUCTIONS.md: OK
2026-10-09T12:30:11.6080011Z REVISIONS.md: OK
2026-10-09T12:30:11.6080142Z SOURCES.md: OK
2026-10-09T12:30:11.6080279Z VERIFY.md: OK
2026-10-09T12:30:11.6080470Z batches/001-household-names.tsv: OK
2026-10-09T12:30:11.6080729Z batches/002-shopping-and-status.tsv: OK
2026-10-09T12:30:11.6081025Z batches/003-money-and-bad-decisions.tsv: OK
2026-10-09T12:30:11.6081331Z batches/004-travel-and-bureaucracy.tsv: OK
2026-10-09T12:30:11.6081703Z batches/005-impossible-casting.tsv: OK
2026-10-09T12:30:11.6082057Z batches/006-ceremonies-gone-wrong.tsv: OK
2026-10-09T12:30:11.6082397Z batches/007-unbookable-musicians.tsv: OK
2026-10-09T12:30:11.6082720Z batches/008-episodes-never-aired.tsv: OK
2026-10-09T12:30:11.6083077Z batches/009-terrible-service-requests.tsv: OK
2026-10-09T12:30:11.6083440Z batches/010-drinks-at-wrong-moments.tsv: OK
2026-10-09T12:30:11.6083785Z batches/011-snacks-under-oath.tsv: OK
2026-10-09T12:30:11.6084127Z batches/012-candy-with-consequences.tsv: OK
2026-10-09T12:30:11.6084483Z batches/013-restaurants-after-hours.tsv: OK
2026-10-09T12:30:11.6084810Z batches/014-domestic-evidence.tsv: OK
2026-10-09T12:30:11.6085668Z batches/015-technology-needs-a-lawyer.tsv: OK
2026-10-09T12:30:11.6085912Z batches/016-fictional-adults-real-paperwork.tsv: OK
2026-10-09T12:30:11.6086137Z batches/017-athletes-off-the-clock.tsv: OK
2026-10-09T12:30:11.6086385Z batches/018-adult-characters-bad-service.tsv: OK
2026-10-09T12:30:11.6086618Z batches/019-geniuses-with-terrible-clients.tsv: OK
2026-10-09T12:30:11.6086867Z batches/020-pantry-emergencies.tsv: OK
2026-10-09T12:30:11.6087069Z batches/021-return-policy-from-hell.tsv: OK
2026-10-09T12:30:11.6087301Z batches/022-status-with-a-cleaning-fee.tsv: OK
2026-10-09T12:30:11.6087517Z batches/023-finance-for-the-deceased.tsv: OK
2026-10-09T12:30:11.6087749Z batches/024-checkout-for-the-afterlife.tsv: OK
2026-10-09T12:30:11.6088496Z batches/025-actors-on-the-wrong-payroll.tsv: OK
2026-10-09T12:30:11.6106889Z batches/026-leading-ladies-last-wishes.tsv: OK
2026-10-09T12:30:11.6107408Z batches/027-encores-and-estates.tsv: OK
2026-10-09T12:30:11.6107784Z batches/028-television-after-hours.tsv: OK
2026-10-09T12:30:11.6108170Z batches/029-platforms-and-probate.tsv: OK
2026-10-09T12:30:11.6108608Z batches/030-the-last-test-drive.tsv: OK
2026-10-09T12:30:11.6108970Z candidate-confidence.json: OK
2026-10-09T12:30:11.6109283Z candidates.json: OK
2026-10-09T12:30:11.6109710Z candidates.schema.json: OK
2026-10-09T12:30:11.6109966Z curation-decisions.json: OK
2026-10-09T12:30:11.6110345Z curation-iterations/01/full-pool-single-direction-scan.json: OK
2026-10-09T12:30:11.6110798Z curation-iterations/01/provisional-selection.json: OK
2026-10-09T12:30:11.6111244Z curation-iterations/01/similarity-flags-and-decisions.json: OK
2026-10-09T12:30:11.6111733Z curation-iterations/02/bidirectional-flags-before-removal.json: OK
2026-10-09T12:30:11.6112166Z curation-iterations/02/decisions.json: OK
2026-10-09T12:30:11.6112476Z editorial-review.json: OK
2026-10-09T12:30:11.6112746Z grading/pass2-001.json: OK
2026-10-09T12:30:11.6112996Z grading/pass2-002.json: OK
2026-10-09T12:30:11.6113243Z grading/pass2-003.json: OK
2026-10-09T12:30:11.6113482Z grading/pass2-004.json: OK
2026-10-09T12:30:11.6113725Z grading/pass2-005.json: OK
2026-10-09T12:30:11.6113961Z grading/pass2-006.json: OK
2026-10-09T12:30:11.6114208Z grading/pass2-007.json: OK
2026-10-09T12:30:11.6114443Z grading/pass2-008.json: OK
2026-10-09T12:30:11.6114678Z grading/pass2-009.json: OK
2026-10-09T12:30:11.6114914Z grading/pass2-010.json: OK
2026-10-09T12:30:11.6115319Z grading/pass2-011.json: OK
2026-10-09T12:30:11.6115548Z grading/pass2-012.json: OK
2026-10-09T12:30:11.6115768Z grading/pass2-013.json: OK
2026-10-09T12:30:11.6115988Z grading/pass2-014.json: OK
2026-10-09T12:30:11.6116216Z grading/pass2-015.json: OK
2026-10-09T12:30:11.6116444Z grading/pass2-016.json: OK
2026-10-09T12:30:11.6116675Z grading/pass2-017.json: OK
2026-10-09T12:30:11.6116911Z grading/pass2-018.json: OK
2026-10-09T12:30:11.6117136Z grading/pass2-019.json: OK
2026-10-09T12:30:11.6117369Z grading/pass2-020.json: OK
2026-10-09T12:30:11.6117599Z grading/pass2-021.json: OK
2026-10-09T12:30:11.6117833Z grading/pass2-022.json: OK
2026-10-09T12:30:11.6118084Z grading/pass2-023.json: OK
2026-10-09T12:30:11.6118322Z grading/pass2-024.json: OK
2026-10-09T12:30:11.6118556Z grading/pass2-025.json: OK
2026-10-09T12:30:11.6118792Z grading/pass2-026.json: OK
2026-10-09T12:30:11.6119030Z grading/pass2-027.json: OK
2026-10-09T12:30:11.6119201Z grading/pass2-028.json: OK
2026-10-09T12:30:11.6119354Z grading/pass2-029.json: OK
2026-10-09T12:30:11.6119506Z grading/pass2-030.json: OK
2026-10-09T12:30:11.6119675Z grading/pass2.json: OK
2026-10-09T12:30:11.6119845Z named-reference-aliases.json: OK
2026-10-09T12:30:11.6120033Z named-reference-audit.json: OK
2026-10-09T12:30:11.6120201Z package.json: OK
2026-10-09T12:30:11.6120341Z prompts.json: OK
2026-10-09T12:30:11.6120483Z prompts.schema.json: OK
2026-10-09T12:30:11.6120732Z reports/audit-20261009/CUE-INITIAL-TWO-PASS-TRANSPORT.json: OK
2026-10-09T12:30:11.6120992Z reports/audit-20261009/CURRENT-SCOPE.md: OK
2026-10-09T12:30:11.6121503Z reports/audit-20261009/P2-REPRO-AND-SIZE-CONTROLS.json: OK
2026-10-09T12:30:11.6121945Z reports/audit-20261009/original-7985/ORIGINAL-7985-FULL-ACCEPTANCE.json: OK
2026-10-09T12:30:11.6122335Z reports/audit-20261009/original-7985/accept-original-7985.py: OK
2026-10-09T12:30:11.6122638Z reports/audit-20261009/original-7985/original-full-native-log.log: OK
2026-10-09T12:30:11.6123114Z reports/audit-20261009/original-7985/original-native-source.zip: OK
2026-10-09T12:30:11.6123627Z reports/audit-20261009/original-7985/original-native-tree.json: OK
2026-10-09T12:30:11.6124084Z reports/audit-20261009/original-7985/original-official.zip: OK
2026-10-09T12:30:11.6124578Z reports/audit-20261009/original-7985/original-reader-first-failure.log: OK
2026-10-09T12:30:11.6125334Z reports/audit-20261009/original-7985/original-reader.stderr: OK
2026-10-09T12:30:11.6125738Z reports/audit-20261009/original-7985/original-reader.stdout: OK
2026-10-09T12:30:11.6126187Z reports/audit-20261009/p2-controls.first-failure.stderr: OK
2026-10-09T12:30:11.6126624Z reports/audit-20261009/p2-controls.first-failure.stdout: OK
2026-10-09T12:30:11.6127017Z reports/audit-20261009/p2-controls.stderr: OK
2026-10-09T12:30:11.6127392Z reports/audit-20261009/p2-controls.stdout: OK
2026-10-09T12:30:11.6129331Z reports/audit-20261009/potential-cultural-cues.json: OK
2026-10-09T12:30:11.6129688Z reports/audit-20261009/reopen-initial-cues.py: OK
2026-10-09T12:30:11.6130025Z reports/audit-20261009/reproduce-p2-and-size.py: OK
2026-10-09T12:30:11.6130387Z requirements.txt: OK
2026-10-09T12:30:11.6130623Z results/draft.json: OK
2026-10-09T12:30:11.6130931Z results/pool-similarity.json: OK
2026-10-09T12:30:11.6131264Z results/release.json: OK
2026-10-09T12:30:11.6133808Z review-input.json: OK
2026-10-09T12:30:11.6134143Z review-inputs/001-household-names.json: OK
2026-10-09T12:30:11.6134475Z review-inputs/002-shopping-and-status.json: OK
2026-10-09T12:30:11.6134755Z review-inputs/003-money-and-bad-decisions.json: OK
2026-10-09T12:30:11.6135471Z review-inputs/004-travel-and-bureaucracy.json: OK
2026-10-09T12:30:11.6135757Z review-inputs/005-impossible-casting.json: OK
2026-10-09T12:30:11.6136083Z review-inputs/006-ceremonies-gone-wrong.json: OK
2026-10-09T12:30:11.6136494Z review-inputs/007-unbookable-musicians.json: OK
2026-10-09T12:30:11.6136884Z review-inputs/008-episodes-never-aired.json: OK
2026-10-09T12:30:11.6137294Z review-inputs/009-terrible-service-requests.json: OK
2026-10-09T12:30:11.6137704Z review-inputs/010-drinks-at-wrong-moments.json: OK
2026-10-09T12:30:11.6138094Z review-inputs/011-snacks-under-oath.json: OK
2026-10-09T12:30:11.6138484Z review-inputs/012-candy-with-consequences.json: OK
2026-10-09T12:30:11.6138891Z review-inputs/013-restaurants-after-hours.json: OK
2026-10-09T12:30:11.6139276Z review-inputs/014-domestic-evidence.json: OK
2026-10-09T12:30:11.6139671Z review-inputs/015-technology-needs-a-lawyer.json: OK
2026-10-09T12:30:11.6140103Z review-inputs/016-fictional-adults-real-paperwork.json: OK
2026-10-09T12:30:11.6140526Z review-inputs/017-athletes-off-the-clock.json: OK
2026-10-09T12:30:11.6140947Z review-inputs/018-adult-characters-bad-service.json: OK
2026-10-09T12:30:11.6141388Z review-inputs/019-geniuses-with-terrible-clients.json: OK
2026-10-09T12:30:11.6141782Z review-inputs/020-pantry-emergencies.json: OK
2026-10-09T12:30:11.6142178Z review-inputs/021-return-policy-from-hell.json: OK
2026-10-09T12:30:11.6142588Z review-inputs/022-status-with-a-cleaning-fee.json: OK
2026-10-09T12:30:11.6143000Z review-inputs/023-finance-for-the-deceased.json: OK
2026-10-09T12:30:11.6143417Z review-inputs/024-checkout-for-the-afterlife.json: OK
2026-10-09T12:30:11.6143836Z review-inputs/025-actors-on-the-wrong-payroll.json: OK
2026-10-09T12:30:11.6144258Z review-inputs/026-leading-ladies-last-wishes.json: OK
2026-10-09T12:30:11.6144649Z review-inputs/027-encores-and-estates.json: OK
2026-10-09T12:30:11.6145037Z review-inputs/028-television-after-hours.json: OK
2026-10-09T12:30:11.6145541Z review-inputs/029-platforms-and-probate.json: OK
2026-10-09T12:30:11.6146024Z review-inputs/030-the-last-test-drive.json: OK
2026-10-09T12:30:11.6146381Z scripts/build.py: OK
2026-10-09T12:30:11.6146636Z scripts/checksums.py: OK
2026-10-09T12:30:11.6146940Z scripts/scan_pool.py: OK
2026-10-09T12:30:11.6147221Z scripts/test_delivery.py: OK
2026-10-09T12:30:11.6147545Z scripts/verify.py: OK
2026-10-09T12:30:11.6147832Z seals/001-household-names.json: OK
2026-10-09T12:30:11.6148177Z seals/002-shopping-and-status.json: OK
2026-10-09T12:30:11.6148542Z seals/003-money-and-bad-decisions.json: OK
2026-10-09T12:30:11.6148914Z seals/004-travel-and-bureaucracy.json: OK
2026-10-09T12:30:11.6149279Z seals/005-impossible-casting.json: OK
2026-10-09T12:30:11.6149631Z seals/006-ceremonies-gone-wrong.json: OK
2026-10-09T12:30:11.6150107Z seals/007-unbookable-musicians.json: OK
2026-10-09T12:30:11.6150460Z seals/008-episodes-never-aired.json: OK
2026-10-09T12:30:11.6150829Z seals/009-terrible-service-requests.json: OK
2026-10-09T12:30:11.6151200Z seals/010-drinks-at-wrong-moments.json: OK
2026-10-09T12:30:11.6151568Z seals/011-snacks-under-oath.json: OK
2026-10-09T12:30:11.6151923Z seals/012-candy-with-consequences.json: OK
2026-10-09T12:30:11.6152287Z seals/013-restaurants-after-hours.json: OK
2026-10-09T12:30:11.6152638Z seals/014-domestic-evidence.json: OK
2026-10-09T12:30:11.6153004Z seals/015-technology-needs-a-lawyer.json: OK
2026-10-09T12:30:11.6153415Z seals/016-fictional-adults-real-paperwork.json: OK
2026-10-09T12:30:11.6153791Z seals/017-athletes-off-the-clock.json: OK
2026-10-09T12:30:11.6154180Z seals/018-adult-characters-bad-service.json: OK
2026-10-09T12:30:11.6154574Z seals/019-geniuses-with-terrible-clients.json: OK
2026-10-09T12:30:11.6154950Z seals/020-pantry-emergencies.json: OK
2026-10-09T12:30:11.6155479Z seals/021-return-policy-from-hell.json: OK
2026-10-09T12:30:11.6155856Z seals/022-status-with-a-cleaning-fee.json: OK
2026-10-09T12:30:11.6156228Z seals/023-finance-for-the-deceased.json: OK
2026-10-09T12:30:11.6156611Z seals/024-checkout-for-the-afterlife.json: OK
2026-10-09T12:30:11.6156993Z seals/025-actors-on-the-wrong-payroll.json: OK
2026-10-09T12:30:11.6157392Z seals/026-leading-ladies-last-wishes.json: OK
2026-10-09T12:30:11.6157757Z seals/027-encores-and-estates.json: OK
2026-10-09T12:30:11.6158110Z seals/028-television-after-hours.json: OK
2026-10-09T12:30:11.6158470Z seals/029-platforms-and-probate.json: OK
2026-10-09T12:30:11.6158829Z seals/030-the-last-test-drive.json: OK
2026-10-09T12:30:11.6159169Z seals/full-pool.json: OK
2026-10-09T12:30:11.6159458Z similarity-resolutions.json: OK
2026-10-09T12:30:11.6159789Z superseded/013-v1/batches.tsv: OK
2026-10-09T12:30:11.6160159Z superseded/013-v1/review-inputs.json: OK
2026-10-09T12:30:11.6160501Z superseded/013-v1/seals.json: OK
2026-10-09T12:30:11.6160878Z superseded/030-unsealed-length-draft/original.tsv: OK
2026-10-09T12:30:11.6161274Z verification-history/draft-milestones.md: OK
2026-10-09T12:30:11.6307099Z ##[group]Run actions/upload-artifact@v4
2026-10-09T12:30:11.6307294Z with:
2026-10-09T12:30:11.6307457Z   name: B14-complete-content-verification
2026-10-09T12:30:11.6307920Z   path: jobs/B14-comedy-prompts/.work/ci.log
jobs/B14-comedy-prompts/.work/pool-similarity-rerun.json
jobs/B14-comedy-prompts/.work/delivery-controls/report.json

2026-10-09T12:30:11.6308364Z   if-no-files-found: warn
2026-10-09T12:30:11.6308519Z   compression-level: 6
2026-10-09T12:30:11.6308663Z   overwrite: false
2026-10-09T12:30:11.6308808Z   include-hidden-files: false
2026-10-09T12:30:11.6308962Z env:
2026-10-09T12:30:11.6309128Z   pythonLocation: /opt/hostedtoolcache/Python/3.12.15/x64
2026-10-09T12:30:11.6309413Z   PKG_CONFIG_PATH: /opt/hostedtoolcache/Python/3.12.15/x64/lib/pkgconfig
2026-10-09T12:30:11.6309688Z   Python_ROOT_DIR: /opt/hostedtoolcache/Python/3.12.15/x64
2026-10-09T12:30:11.6309938Z   Python2_ROOT_DIR: /opt/hostedtoolcache/Python/3.12.15/x64
2026-10-09T12:30:11.6310209Z   Python3_ROOT_DIR: /opt/hostedtoolcache/Python/3.12.15/x64
2026-10-09T12:30:11.6310462Z   LD_LIBRARY_PATH: /opt/hostedtoolcache/Python/3.12.15/x64/lib
2026-10-09T12:30:11.6310804Z ##[endgroup]
2026-10-09T12:30:11.7650781Z (node:2293) [DEP0040] DeprecationWarning: The `punycode` module is deprecated. Please use a userland alternative instead.
2026-10-09T12:30:11.7651340Z (Use `node --trace-deprecation ...` to show where the warning was created)
2026-10-09T12:30:11.7732277Z Multiple search paths detected. Calculating the least common ancestor of all paths
2026-10-09T12:30:11.7733693Z The least common ancestor is /home/runner/work/partybox-gpt-drops/partybox-gpt-drops/jobs/B14-comedy-prompts/.work. This will be the root directory of the artifact
2026-10-09T12:30:11.7734511Z With the provided path, there will be 3 files uploaded
2026-10-09T12:30:11.7735196Z Artifact name is valid!
2026-10-09T12:30:11.7735461Z Root directory input is valid!
2026-10-09T12:30:12.1620994Z Beginning upload of artifact content to blob storage
2026-10-09T12:30:12.1796719Z (node:2293) [DEP0169] DeprecationWarning: `url.parse()` behavior is not standardized and prone to errors that have security implications. Use the WHATWG URL API instead. CVEs are not issued for `url.parse()` vulnerabilities.
2026-10-09T12:30:12.4078730Z Uploaded bytes 7263
2026-10-09T12:30:12.4725402Z Finished uploading artifact content to blob storage!
2026-10-09T12:30:12.4726066Z SHA256 digest of uploaded artifact zip is f3781b1eb31d11d88111a1128db0a5146253d030f32ce686f715f585f16e859f
2026-10-09T12:30:12.4727056Z Finalizing artifact upload
2026-10-09T12:30:12.7409757Z Artifact B14-complete-content-verification.zip successfully finalized. Artifact ID 11615439676
2026-10-09T12:30:12.7410620Z Artifact B14-complete-content-verification has been successfully uploaded! Final size is 7263 bytes. Artifact ID is 11615439676
2026-10-09T12:30:12.7415651Z Artifact download URL: https://github.com/luisitin/partybox-gpt-drops/actions/runs/37929505590/artifacts/11615439676
2026-10-09T12:30:12.7581678Z Post job cleanup.
2026-10-09T12:30:12.8476578Z (node:2305) [DEP0040] DeprecationWarning: The `punycode` module is deprecated. Please use a userland alternative instead.
2026-10-09T12:30:12.8477119Z (Use `node --trace-deprecation ...` to show where the warning was created)
2026-10-09T12:30:12.8651718Z Post job cleanup.
2026-10-09T12:30:12.9370217Z [command]/usr/bin/git version
2026-10-09T12:30:12.9405217Z git version 2.55.0
2026-10-09T12:30:12.9429907Z Temporarily overriding HOME='/home/runner/work/_temp/8ad1cd5c-7948-4e40-a9c3-cfa9e320485f' before making global git config changes
2026-10-09T12:30:12.9430831Z Adding repository directory to the temporary git global config as a safe directory
2026-10-09T12:30:12.9433782Z [command]/usr/bin/git config --global --add safe.directory /home/runner/work/partybox-gpt-drops/partybox-gpt-drops
2026-10-09T12:30:12.9468455Z [command]/usr/bin/git config --local --name-only --get-regexp core\.sshCommand
2026-10-09T12:30:12.9499570Z [command]/usr/bin/git submodule foreach --recursive sh -c "git config --local --name-only --get-regexp 'core\.sshCommand' && git config --local --unset-all 'core.sshCommand' || :"
2026-10-09T12:30:12.9723381Z [command]/usr/bin/git config --local --name-only --get-regexp http\.https\:\/\/github\.com\/\.extraheader
2026-10-09T12:30:12.9762729Z http.https://github.com/.extraheader
2026-10-09T12:30:12.9773290Z [command]/usr/bin/git config --local --unset-all http.https://github.com/.extraheader
2026-10-09T12:30:12.9810400Z [command]/usr/bin/git submodule foreach --recursive sh -c "git config --local --name-only --get-regexp 'http\.https\:\/\/github\.com\/\.extraheader' && git config --local --unset-all 'http.https://github.com/.extraheader' || :"
2026-10-09T12:30:13.0056126Z [command]/usr/bin/git config --local --name-only --get-regexp ^includeIf\.gitdir:
2026-10-09T12:30:13.0091179Z [command]/usr/bin/git submodule foreach --recursive git config --local --show-origin --name-only --get-regexp remote.origin.url
2026-10-09T12:30:13.0471522Z Cleaning up orphan processes
2026-10-09T12:30:13.0634333Z ##[warning]Node.js 20 is deprecated. The following actions target Node.js 20 but are being forced to run on Node.js 24: actions/checkout@v4, actions/setup-python@v5, actions/upload-artifact@v4. For more information see: https://github.blog/changelog/2025-09-19-deprecation-of-node-20-on-github-actions-runners/
