{"completedLeftStart": 0, "completedLeftEndExclusive": 250, "pairComparisons": 718625, "flaggedPairs": 10, "elapsedSeconds": 157.931}
{"completedLeftStart": 250, "completedLeftEndExclusive": 500, "pairComparisons": 656125, "flaggedPairs": 12, "elapsedSeconds": 238.443}
{"completedLeftStart": 500, "completedLeftEndExclusive": 750, "pairComparisons": 593625, "flaggedPairs": 8, "elapsedSeconds": 364.324}
{"completedLeftStart": 750, "completedLeftEndExclusive": 1000, "pairComparisons": 531125, "flaggedPairs": 6, "elapsedSeconds": 443.997}
{"completedLeftStart": 1000, "completedLeftEndExclusive": 1250, "pairComparisons": 468625, "flaggedPairs": 4, "elapsedSeconds": 513.788}
{"completedLeftStart": 1250, "completedLeftEndExclusive": 1500, "pairComparisons": 406125, "flaggedPairs": 6, "elapsedSeconds": 575.132}
{"completedLeftStart": 1500, "completedLeftEndExclusive": 1750, "pairComparisons": 343625, "flaggedPairs": 6, "elapsedSeconds": 603.189}
{"completedLeftStart": 1750, "completedLeftEndExclusive": 2000, "pairComparisons": 281125, "flaggedPairs": 2, "elapsedSeconds": 675.044}
{"completedLeftStart": 2000, "completedLeftEndExclusive": 2250, "pairComparisons": 218625, "flaggedPairs": 1, "elapsedSeconds": 675.044}
{"completedLeftStart": 2250, "completedLeftEndExclusive": 2500, "pairComparisons": 156125, "flaggedPairs": 2, "elapsedSeconds": 723.802}
{"completedLeftStart": 2500, "completedLeftEndExclusive": 2750, "pairComparisons": 93625, "flaggedPairs": 0, "elapsedSeconds": 723.802}
{"completedLeftStart": 2750, "completedLeftEndExclusive": 3000, "pairComparisons": 31125, "flaggedPairs": 0, "elapsedSeconds": 723.802}
{
  "candidateSha256": "ff0900a35c93a45f7cde3cadfeb5988ed5098a825e03513676204fa963e3d201",
  "selectedSha256": "34d65b2a8e5c941ed2a07749805e09c1c8f3d251238655880a77306ec7527026",
  "candidateCases": 3000,
  "pairComparisons": 4498500,
  "textForms": 2,
  "wordingDirectionsPerPair": 2,
  "workerCount": 2,
  "threshold": 0.75,
  "strictlyGreater": true,
  "normalization": "lowercase ASCII alphanumeric tokens; full wording and wording without most-likely prefix; maximum SequenceMatcher ratio over both argument orders",
  "coverageSegments": [
    {
      "leftStart": 0,
      "leftEndExclusive": 250,
      "pairComparisons": 718625
    },
    {
      "leftStart": 250,
      "leftEndExclusive": 500,
      "pairComparisons": 656125
    },
    {
      "leftStart": 500,
      "leftEndExclusive": 750,
      "pairComparisons": 593625
    },
    {
      "leftStart": 750,
      "leftEndExclusive": 1000,
      "pairComparisons": 531125
    },
    {
      "leftStart": 1000,
      "leftEndExclusive": 1250,
      "pairComparisons": 468625
    },
    {
      "leftStart": 1250,
      "leftEndExclusive": 1500,
      "pairComparisons": 406125
    },
    {
      "leftStart": 1500,
      "leftEndExclusive": 1750,
      "pairComparisons": 343625
    },
    {
      "leftStart": 1750,
      "leftEndExclusive": 2000,
      "pairComparisons": 281125
    },
    {
      "leftStart": 2000,
      "leftEndExclusive": 2250,
      "pairComparisons": 218625
    },
    {
      "leftStart": 2250,
      "leftEndExclusive": 2500,
      "pairComparisons": 156125
    },
    {
      "leftStart": 2500,
      "leftEndExclusive": 2750,
      "pairComparisons": 93625
    },
    {
      "leftStart": 2750,
      "leftEndExclusive": 3000,
      "pairComparisons": 31125
    }
  ],
  "flaggedPairs": 57,
  "selectedFlaggedPairs": 4,
  "originalSingleDirectionFlagsRetained": 55,
  "elapsedSeconds": 723.8564666890015
}
